Component: ARM Compiler 5.06 update 7 (build 960) Tool: armlink [4d3601]

==============================================================================

Section Cross References

    api_utc.o(.text) refers to strlen.o(.text) for strlen
    api_utc.o(.text) refers to strtok.o(.text) for strtok
    api_utc.o(.text) refers to memcpya.o(.text) for __aeabi_memcpy4
    api_utc.o(.text) refers to strcmp.o(.text) for strcmp
    api_utc.o(.text) refers to printfa.o(i.__0printf) for __2printf
    api_utc.o(.text) refers to atoi.o(.text) for atoi
    api_utc.o(.text) refers to api_utc.o(.constdata) for .constdata
    api_utc.o(.text) refers to main.o(.data) for g_debugLevel
    api_utc.o(.constdata) refers to api_utc.o(.conststring) for .conststring
    fifo.o(.text) refers to port.o(.text) for vPortEnterCritical
    print_monitor.o(.text) refers to queue.o(.text) for xQueueGenericCreate
    print_monitor.o(.text) refers to tasks.o(.text) for vTaskDelay
    print_monitor.o(.text) refers to bsp_uartcomm.o(.text) for UART_sendContinueDMA
    print_monitor.o(.text) refers to port.o(.emb_text) for vPortGetIPSR
    print_monitor.o(.text) refers to print_monitor.o(.data) for g_Queue_uartResend
    i2cforward.o(.text) refers to tasks.o(.text) for vTaskDelay
    eeprom.o(.text) refers to bsp_i2ccomm.o(.text) for I2C_Rx
    eeprom.o(.text) refers to tasks.o(.text) for vTaskDelay
    eeprom.o(.text) refers to strtol.o(.text) for strtol
    eeprom.o(.text) refers to printfa.o(i.__0printf) for __2printf
    eeprom.o(.text) refers to eeprom.o(.data) for I2C1_EEPROM_ADDR
    eeprom.o(.text) refers to eeprom.o(.conststring) for .conststring
    eeprom.o(.text) refers to eeprom.o(.bss) for EEPROM_Buf
    eeprom.o(shellCommand) refers to eeprom.o(.constdata) for shellCmdee
    eeprom.o(shellCommand) refers to eeprom.o(.text) for cmd_EEPROM
    temperatureinside.o(.text) refers to stm32f1xx_hal_adc.o(.text) for HAL_ADC_Init
    temperatureinside.o(.text) refers to main.o(i.Error_Handler) for Error_Handler
    temperatureinside.o(.text) refers to stm32f1xx_hal_adc_ex.o(.text) for HAL_ADCEx_Calibration_Start
    temperatureinside.o(.text) refers to stm32f1xx_hal_dma.o(.text) for HAL_DMA_Init
    temperatureinside.o(.text) refers to dflti.o(.text) for __aeabi_i2d
    temperatureinside.o(.text) refers to ddiv.o(.text) for __aeabi_ddiv
    temperatureinside.o(.text) refers to dadd.o(.text) for __aeabi_dadd
    temperatureinside.o(.text) refers to dfixi.o(.text) for __aeabi_d2iz
    temperatureinside.o(.text) refers to fflti.o(.text) for __aeabi_i2f
    temperatureinside.o(.text) refers to ffixi.o(.text) for __aeabi_f2iz
    temperatureinside.o(.text) refers to f2d.o(.text) for __aeabi_f2d
    temperatureinside.o(.text) refers to d2f.o(.text) for __aeabi_d2f
    temperatureinside.o(.text) refers to printfa.o(i.__0printf) for __2printf
    temperatureinside.o(.text) refers to temperatureinside.o(.bss) for AdcHandle
    temperatureinside.o(.text) refers to temperatureinside.o(.data) for g_adcConvertFinished
    temperatureinside.o(.initcall.1.core.init) refers to temperatureinside.o(.text) for TemperatureInside_Init
    temperatureinside.o(shellCommand) refers to temperatureinside.o(.constdata) for shellCmdtemp
    temperatureinside.o(shellCommand) refers to temperatureinside.o(.text) for GetMcuTemperature
    alarm.o(.text) refers to printfa.o(i.__0printf) for __2printf
    alarm.o(.text) refers to strcmp.o(.text) for strcmp
    alarm.o(.text) refers to strtol.o(.text) for strtol
    alarm.o(.text) refers to stm32f1xx_hal_rtc.o(.text) for HAL_RTC_SetAlarm_IT
    alarm.o(.text) refers to stm32f1xx_hal_cortex.o(.text) for HAL_NVIC_SetPriority
    alarm.o(.text) refers to main.o(i.Error_Handler) for Error_Handler
    alarm.o(.text) refers to queue.o(.text) for xQueueGenericCreate
    alarm.o(.text) refers to bsp_rtc.o(.text) for RTC_GetDate
    alarm.o(.text) refers to pwm.o(.text) for PWMStartHandler
    alarm.o(.text) refers to alarm.o(.constdata) for arglist
    alarm.o(.text) refers to main.o(.data) for g_debugLevel
    alarm.o(.text) refers to alarm.o(.data) for g_alarmTime
    alarm.o(.text) refers to alarm.o(.conststring) for .conststring
    alarm.o(.text) refers to tasks.o(.text) for xTaskCreate
    alarm.o(.text) refers to bsp_key.o(.text) for key_handlerRegister
    alarm.o(.constdata) refers to alarm.o(.text) for AlarmSetHandler
    alarm.o(.constdata) refers to alarm.o(.conststring) for .conststring
    alarm.o(.initcall.1.core.init) refers to alarm.o(.text) for Alarm_init
    alarm.o(shellCommand) refers to alarm.o(.constdata) for shellCmdalarm
    alarm.o(shellCommand) refers to alarm.o(.text) for Alarm_shell
    bsp_uartcomm.o(.text) refers to fifo.o(i.FIFO_Empty) for FIFO_Empty
    bsp_uartcomm.o(.text) refers to fifo.o(.text) for FIFO_Read
    bsp_uartcomm.o(.text) refers to stm32f1xx_hal_uart.o(.text) for HAL_UART_Transmit_IT
    bsp_uartcomm.o(.text) refers to tasks.o(.text) for xTaskGetSchedulerState
[...]
    vPortGetHeapStats                        0x0800a095   Thumb Code   104  heap_4.o(.text)
    pxPortInitialiseStack                    0x0800a159   Thumb Code    30  port.o(.text)
    xPortStartScheduler                      0x0800a177   Thumb Code   228  port.o(.text)
    vPortEndScheduler                        0x0800a25b   Thumb Code    42  port.o(.text)
    vPortEnterCritical                       0x0800a285   Thumb Code    78  port.o(.text)
    vPortExitCritical                        0x0800a2d3   Thumb Code    56  port.o(.text)
    xPortSysTickHandler                      0x0800a30b   Thumb Code    48  port.o(.text)
    vPortValidateInterruptPriority           0x0800a33b   Thumb Code   108  port.o(.text)
    HAL_GPIO_Init                            0x0800a3c1   Thumb Code   792  stm32f1xx_hal_gpio.o(.text)
    HAL_GPIO_DeInit                          0x0800a6d9   Thumb Code   312  stm32f1xx_hal_gpio.o(.text)
    HAL_GPIO_ReadPin                         0x0800a811   Thumb Code    16  stm32f1xx_hal_gpio.o(.text)
    HAL_GPIO_WritePin                        0x0800a821   Thumb Code    12  stm32f1xx_hal_gpio.o(.text)
    HAL_GPIO_TogglePin                       0x0800a82d   Thumb Code    20  stm32f1xx_hal_gpio.o(.text)
    HAL_GPIO_LockPin                         0x0800a841   Thumb Code    46  stm32f1xx_hal_gpio.o(.text)
    HAL_GPIO_EXTI_Callback                   0x0800a86f   Thumb Code     2  stm32f1xx_hal_gpio.o(.text)
    HAL_GPIO_EXTI_IRQHandler                 0x0800a871   Thumb Code    28  stm32f1xx_hal_gpio.o(.text)
    HAL_DMA_Init                             0x0800a8b5   Thumb Code   132  stm32f1xx_hal_dma.o(.text)
    HAL_DMA_DeInit                           0x0800a939   Thumb Code   132  stm32f1xx_hal_dma.o(.text)
    HAL_DMA_Start                            0x0800a9e9   Thumb Code   114  stm32f1xx_hal_dma.o(.text)
    HAL_DMA_Start_IT                         0x0800aa5b   Thumb Code   156  stm32f1xx_hal_dma.o(.text)
    HAL_DMA_Abort                            0x0800aaf7   Thumb Code    86  stm32f1xx_hal_dma.o(.text)
    HAL_DMA_Abort_IT                         0x0800ab4d   Thumb Code   422  stm32f1xx_hal_dma.o(.text)
    HAL_DMA_PollForTransfer                  0x0800acf3   Thumb Code  1616  stm32f1xx_hal_dma.o(.text)
    HAL_DMA_IRQHandler                       0x0800b343   Thumb Code   920  stm32f1xx_hal_dma.o(.text)
    HAL_DMA_RegisterCallback                 0x0800b6db   Thumb Code    90  stm32f1xx_hal_dma.o(.text)
    HAL_DMA_UnRegisterCallback               0x0800b735   Thumb Code   106  stm32f1xx_hal_dma.o(.text)
    HAL_DMA_GetState                         0x0800b79f   Thumb Code     8  stm32f1xx_hal_dma.o(.text)
    HAL_DMA_GetError                         0x0800b7a7   Thumb Code     6  stm32f1xx_hal_dma.o(.text)
    HAL_PWR_DeInit                           0x0800b7bb   Thumb Code    24  stm32f1xx_hal_pwr.o(.text)
    HAL_PWR_EnableBkUpAccess                 0x0800b7d3   Thumb Code     8  stm32f1xx_hal_pwr.o(.text)
    HAL_PWR_DisableBkUpAccess                0x0800b7db   Thumb Code     8  stm32f1xx_hal_pwr.o(.text)
    HAL_PWR_ConfigPVD                        0x0800b7e3   Thumb Code   172  stm32f1xx_hal_pwr.o(.text)
    HAL_PWR_EnablePVD                        0x0800b88f   Thumb Code     8  stm32f1xx_hal_pwr.o(.text)
    HAL_PWR_DisablePVD                       0x0800b897   Thumb Code     8  stm32f1xx_hal_pwr.o(.text)
    HAL_PWR_EnableWakeUpPin                  0x0800b89f   Thumb Code    22  stm32f1xx_hal_pwr.o(.text)
    HAL_PWR_DisableWakeUpPin                 0x0800b8b5   Thumb Code    22  stm32f1xx_hal_pwr.o(.text)
    HAL_PWR_EnterSLEEPMode                   0x0800b8cb   Thumb Code    28  stm32f1xx_hal_pwr.o(.text)
    HAL_PWR_EnterSTOPMode                    0x0800b8e7   Thumb Code    74  stm32f1xx_hal_pwr.o(.text)
    HAL_PWR_EnterSTANDBYMode                 0x0800b931   Thumb Code    32  stm32f1xx_hal_pwr.o(.text)
    HAL_PWR_EnableSleepOnExit                0x0800b951   Thumb Code    14  stm32f1xx_hal_pwr.o(.text)
    HAL_PWR_DisableSleepOnExit               0x0800b95f   Thumb Code    14  stm32f1xx_hal_pwr.o(.text)
    HAL_PWR_EnableSEVOnPend                  0x0800b96d   Thumb Code    14  stm32f1xx_hal_pwr.o(.text)
    HAL_PWR_DisableSEVOnPend                 0x0800b97b   Thumb Code    14  stm32f1xx_hal_pwr.o(.text)
    HAL_PWR_PVDCallback                      0x0800b989   Thumb Code     2  stm32f1xx_hal_pwr.o(.text)
    HAL_PWR_PVD_IRQHandler                   0x0800b98b   Thumb Code    30  stm32f1xx_hal_pwr.o(.text)
    TIM_Base_SetConfig                       0x0800b9bd   Thumb Code   134  stm32f1xx_hal_tim.o(.text)
    HAL_TIM_Base_MspInit                     0x0800ba43   Thumb Code     2  stm32f1xx_hal_tim.o(.text)
    HAL_TIM_Base_Init                        0x0800ba45   Thumb Code   102  stm32f1xx_hal_tim.o(.text)
    HAL_TIM_Base_MspDeInit                   0x0800baab   Thumb Code     2  stm32f1xx_hal_tim.o(.text)
    HAL_TIM_Base_DeInit                      0x0800baad   Thumb Code   120  stm32f1xx_hal_tim.o(.text)
    HAL_TIM_Base_Start                       0x0800bb25   Thumb Code   110  stm32f1xx_hal_tim.o(.text)
    HAL_TIM_Base_Stop                        0x0800bb93   Thumb Code    50  stm32f1xx_hal_tim.o(.text)
    HAL_TIM_Base_Start_IT                    0x0800bbc5   Thumb Code   122  stm32f1xx_hal_tim.o(.text)
    HAL_TIM_Base_Stop_IT                     0x0800bc3f   Thumb Code    62  stm32f1xx_hal_tim.o(.text)
    HAL_TIM_ErrorCallback                    0x0800bc7d   Thumb Code     2  stm32f1xx_hal_tim.o(.text)
    TIM_DMAError                             0x0800bc7f   Thumb Code    94  stm32f1xx_hal_tim.o(.text)
    HAL_TIM_PeriodElapsedHalfCpltCallback    0x0800bcdd   Thumb Code     2  stm32f1xx_hal_tim.o(.text)
    HAL_TIM_PeriodElapsedCallback            0x0800bced   Thumb Code     2  stm32f1xx_hal_tim.o(.text)
    HAL_TIM_Base_Start_DMA                   0x0800bd09   Thumb Code   224  stm32f1xx_hal_tim.o(.text)
    HAL_TIM_Base_Stop_DMA                    0x0800bde9   Thumb Code    70  stm32f1xx_hal_tim.o(.text)
    HAL_TIM_OC_MspInit                       0x0800be2f   Thumb Code     2  stm32f1xx_hal_tim.o(.text)
    HAL_TIM_OC_Init                          0x0800be31   Thumb Code   102  stm32f1xx_hal_tim.o(.text)
    HAL_TIM_OC_MspDeInit                     0x0800be97   Thumb Code     2  stm32f1xx_hal_tim.o(.text)
    HAL_TIM_OC_DeInit                        0x0800be99   Thumb Code   120  stm32f1xx_hal_tim.o(.text)
    TIM_CCxChannelCmd                        0x0800bf11   Thumb Code    34  stm32f1xx_hal_tim.o(.text)
    HAL_TIM_OC_Start                         0x0800bf33   Thumb Code   222  stm32f1xx_hal_tim.o(.text)
    HAL_TIM_OC_Stop                          0x0800c011   Thumb Code   160  stm32f1xx_hal_tim.o(.text)
    HAL_TIM_OC_Start_IT                      0x0800c0b1   Thumb Code   304  stm32f1xx_hal_tim.o(.text)
    HAL_TIM_OC_Stop_IT                       0x0800c1e1   Thumb Code   244  stm32f1xx_hal_tim.o(.text)
    HAL_TIM_PWM_PulseFinishedHalfCpltCallback 0x0800c2d5   Thumb Code     2  stm32f1xx_hal_tim.o(.text)
    TIM_DMADelayPulseHalfCplt                0x0800c2d7   Thumb Code    64  stm32f1xx_hal_tim.o(.text)
    HAL_TIM_PWM_PulseFinishedCallback        0x0800c317   Thumb Code     2  stm32f1xx_hal_tim.o(.text)
    HAL_TIM_OC_Start_DMA                     0x0800c395   Thumb Code   548  stm32f1xx_hal_tim.o(.text)
    HAL_TIM_OC_Stop_DMA                      0x0800c5b9   Thumb Code   268  stm32f1xx_hal_tim.o(.text)
    HAL_TIM_PWM_MspInit                      0x0800c6c5   Thumb Code     2  stm32f1xx_hal_tim.o(.text)
    HAL_TIM_PWM_Init                         0x0800c6c7   Thumb Code   102  stm32f1xx_hal_tim.o(.text)
    HAL_TIM_PWM_MspDeInit                    0x0800c72d   Thumb Code     2  stm32f1xx_hal_tim.o(.text)
    HAL_TIM_PWM_DeInit                       0x0800c72f   Thumb Code   120  stm32f1xx_hal_tim.o(.text)
    HAL_TIM_PWM_Start                        0x0800c7a7   Thumb Code   248  stm32f1xx_hal_tim.o(.text)
    HAL_TIM_PWM_Stop                         0x0800c89f   Thumb Code   160  stm32f1xx_hal_tim.o(.text)
    HAL_TIM_PWM_Start_IT                     0x0800c93f   Thumb Code   304  stm32f1xx_hal_tim.o(.text)
    HAL_TIM_PWM_Stop_IT                      0x0800ca6f   Thumb Code   244  stm32f1xx_hal_tim.o(.text)
    HAL_TIM_PWM_Start_DMA                    0x0800cb63   Thumb Code   568  stm32f1xx_hal_tim.o(.text)
    HAL_TIM_PWM_Stop_DMA                     0x0800cd9b   Thumb Code   268  stm32f1xx_hal_tim.o(.text)
    HAL_TIM_IC_MspInit                       0x0800cea7   Thumb Code     2  stm32f1xx_hal_tim.o(.text)
    HAL_TIM_IC_Init                          0x0800cea9   Thumb Code   102  stm32f1xx_hal_tim.o(.text)
    HAL_TIM_IC_MspDeInit                     0x0800cf0f   Thumb Code     2  stm32f1xx_hal_tim.o(.text)
    HAL_TIM_IC_DeInit                        0x0800cf11   Thumb Code   120  stm32f1xx_hal_tim.o(.text)
    HAL_TIM_IC_Start                         0x0800cf89   Thumb Code   302  stm32f1xx_hal_tim.o(.text)
    HAL_TIM_IC_Stop                          0x0800d0b7   Thumb Code   138  stm32f1xx_hal_tim.o(.text)
    HAL_TIM_IC_Start_IT                      0x0800d141   Thumb Code   356  stm32f1xx_hal_tim.o(.text)
    HAL_TIM_IC_Stop_IT                       0x0800d2a5   Thumb Code   222  stm32f1xx_hal_tim.o(.text)
    HAL_TIM_IC_CaptureHalfCpltCallback       0x0800d383   Thumb Code     2  stm32f1xx_hal_tim.o(.text)
    TIM_DMACaptureHalfCplt                   0x0800d385   Thumb Code    64  stm32f1xx_hal_tim.o(.text)
    HAL_TIM_IC_CaptureCallback               0x0800d3c5   Thumb Code     2  stm32f1xx_hal_tim.o(.text)
    TIM_DMACaptureCplt                       0x0800d3c7   Thumb Code   122  stm32f1xx_hal_tim.o(.text)
    HAL_TIM_IC_Start_DMA                     0x0800d441   Thumb Code   588  stm32f1xx_hal_tim.o(.text)
    HAL_TIM_IC_Stop_DMA                      0x0800d68d   Thumb Code   244  stm32f1xx_hal_tim.o(.text)
    HAL_TIM_OnePulse_MspInit                 0x0800d781   Thumb Code     2  stm32f1xx_hal_tim.o(.text)
    HAL_TIM_OnePulse_Init                    0x0800d783   Thumb Code   102  stm32f1xx_hal_tim.o(.text)
    HAL_TIM_OnePulse_MspDeInit               0x0800d7e9   Thumb Code     2  stm32f1xx_hal_tim.o(.text)
    HAL_TIM_OnePulse_DeInit                  0x0800d7eb   Thumb Code    96  stm32f1xx_hal_tim.o(.text)
    HAL_TIM_OnePulse_Start                   0x0800d84b   Thumb Code   132  stm32f1xx_hal_tim.o(.text)
    HAL_TIM_OnePulse_Stop                    0x0800d8cf   Thumb Code   178  stm32f1xx_hal_tim.o(.text)
    HAL_TIM_OnePulse_Start_IT                0x0800d981   Thumb Code   156  stm32f1xx_hal_tim.o(.text)
    HAL_TIM_OnePulse_Stop_IT                 0x0800da1d   Thumb Code   176  stm32f1xx_hal_tim.o(.text)
    HAL_TIM_Encoder_MspInit                  0x0800dacd   Thumb Code     2  stm32f1xx_hal_tim.o(.text)
    HAL_TIM_Encoder_Init                     0x0800dacf   Thumb Code   196  stm32f1xx_hal_tim.o(.text)
    HAL_TIM_Encoder_MspDeInit                0x0800db93   Thumb Code     2  stm32f1xx_hal_tim.o(.text)
    HAL_TIM_Encoder_DeInit                   0x0800db95   Thumb Code    96  stm32f1xx_hal_tim.o(.text)
    HAL_TIM_Encoder_Start                    0x0800dbf5   Thumb Code   204  stm32f1xx_hal_tim.o(.text)
    HAL_TIM_Encoder_Stop                     0x0800dcc1   Thumb Code   214  stm32f1xx_hal_tim.o(.text)
    HAL_TIM_Encoder_Start_IT                 0x0800dd97   Thumb Code   260  stm32f1xx_hal_tim.o(.text)
    HAL_TIM_Encoder_Stop_IT                  0x0800de9b   Thumb Code   256  stm32f1xx_hal_tim.o(.text)
    HAL_TIM_Encoder_Start_DMA                0x0800df9b   Thumb Code   560  stm32f1xx_hal_tim.o(.text)
    HAL_TIM_Encoder_Stop_DMA                 0x0800e1cb   Thumb Code   280  stm32f1xx_hal_tim.o(.text)
    HAL_TIM_TriggerCallback                  0x0800e2e3   Thumb Code     2  stm32f1xx_hal_tim.o(.text)
    HAL_TIM_OC_DelayElapsedCallback          0x0800e2e5   Thumb Code     2  stm32f1xx_hal_tim.o(.text)
    HAL_TIM_IRQHandler                       0x0800e2e7   Thumb Code   410  stm32f1xx_hal_tim.o(.text)
    TIM_OC2_SetConfig                        0x0800e53b   Thumb Code   114  stm32f1xx_hal_tim.o(.text)
    HAL_TIM_OC_ConfigChannel                 0x0800e615   Thumb Code   112  stm32f1xx_hal_tim.o(.text)
    TIM_TI1_SetConfig                        0x0800e733   Thumb Code   102  stm32f1xx_hal_tim.o(.text)
    HAL_TIM_IC_ConfigChannel                 0x0800e799   Thumb Code   222  stm32f1xx_hal_tim.o(.text)
    HAL_TIM_PWM_ConfigChannel                0x0800e877   Thumb Code   282  stm32f1xx_hal_tim.o(.text)
    HAL_TIM_OnePulse_ConfigChannel           0x0800e991   Thumb Code   310  stm32f1xx_hal_tim.o(.text)
    HAL_TIM_TriggerHalfCpltCallback          0x0800eac7   Thumb Code     2  stm32f1xx_hal_tim.o(.text)
    HAL_TIM_DMABurst_MultiWriteStart         0x0800eaf1   Thumb Code   438  stm32f1xx_hal_tim.o(.text)
    HAL_TIM_DMABurst_WriteStart              0x0800eca7   Thumb Code    42  stm32f1xx_hal_tim.o(.text)
    HAL_TIM_DMABurst_WriteStop               0x0800ecd1   Thumb Code   140  stm32f1xx_hal_tim.o(.text)
    HAL_TIM_DMABurst_MultiReadStart          0x0800ed5d   Thumb Code   438  stm32f1xx_hal_tim.o(.text)
    HAL_TIM_DMABurst_ReadStart               0x0800ef13   Thumb Code    86  stm32f1xx_hal_tim.o(.text)
    HAL_TIM_DMABurst_ReadStop                0x0800ef69   Thumb Code   140  stm32f1xx_hal_tim.o(.text)
    HAL_TIM_GenerateEvent                    0x0800eff5   Thumb Code    54  stm32f1xx_hal_tim.o(.text)
    TIM_ETR_SetConfig                        0x0800f02b   Thumb Code    22  stm32f1xx_hal_tim.o(.text)
    HAL_TIM_ConfigOCrefClear                 0x0800f041   Thumb Code   278  stm32f1xx_hal_tim.o(.text)
    HAL_TIM_ConfigClockSource                0x0800f1b7   Thumb Code   268  stm32f1xx_hal_tim.o(.text)
    HAL_TIM_ConfigTI1Input                   0x0800f2c3   Thumb Code    22  stm32f1xx_hal_tim.o(.text)
    HAL_TIM_SlaveConfigSynchro               0x0800f38b   Thumb Code   108  stm32f1xx_hal_tim.o(.text)
    HAL_TIM_SlaveConfigSynchro_IT            0x0800f3f7   Thumb Code   108  stm32f1xx_hal_tim.o(.text)
    HAL_TIM_ReadCapturedValue                0x0800f463   Thumb Code    50  stm32f1xx_hal_tim.o(.text)
    HAL_TIM_Base_GetState                    0x0800f495   Thumb Code     8  stm32f1xx_hal_tim.o(.text)
    HAL_TIM_OC_GetState                      0x0800f49d   Thumb Code     8  stm32f1xx_hal_tim.o(.text)
    HAL_TIM_PWM_GetState                     0x0800f4a5   Thumb Code     8  stm32f1xx_hal_tim.o(.text)
    HAL_TIM_IC_GetState                      0x0800f4ad   Thumb Code     8  stm32f1xx_hal_tim.o(.text)
    HAL_TIM_OnePulse_GetState                0x0800f4b5   Thumb Code     8  stm32f1xx_hal_tim.o(.text)
    HAL_TIM_Encoder_GetState                 0x0800f4bd   Thumb Code     8  stm32f1xx_hal_tim.o(.text)
    HAL_TIM_GetActiveChannel                 0x0800f4c5   Thumb Code     6  stm32f1xx_hal_tim.o(.text)
    HAL_TIM_GetChannelState                  0x0800f4cb   Thumb Code    38  stm32f1xx_hal_tim.o(.text)
    HAL_TIM_DMABurstState                    0x0800f4f1   Thumb Code     8  stm32f1xx_hal_tim.o(.text)
    HAL_TIMEx_HallSensor_MspInit             0x0800f4f9   Thumb Code     2  stm32f1xx_hal_tim_ex.o(.text)
    HAL_TIMEx_HallSensor_Init                0x0800f4fb   Thumb Code   234  stm32f1xx_hal_tim_ex.o(.text)
    HAL_TIMEx_HallSensor_MspDeInit           0x0800f5e5   Thumb Code     2  stm32f1xx_hal_tim_ex.o(.text)
    HAL_TIMEx_HallSensor_DeInit              0x0800f5e7   Thumb Code    96  stm32f1xx_hal_tim_ex.o(.text)
    HAL_TIMEx_HallSensor_Start               0x0800f647   Thumb Code   172  stm32f1xx_hal_tim_ex.o(.text)
    HAL_TIMEx_HallSensor_Stop                0x0800f6f3   Thumb Code    78  stm32f1xx_hal_tim_ex.o(.text)
    HAL_TIMEx_HallSensor_Start_IT            0x0800f741   Thumb Code   184  stm32f1xx_hal_tim_ex.o(.text)
    HAL_TIMEx_HallSensor_Stop_IT             0x0800f7f9   Thumb Code    90  stm32f1xx_hal_tim_ex.o(.text)
    HAL_TIMEx_HallSensor_Start_DMA           0x0800f853   Thumb Code   224  stm32f1xx_hal_tim_ex.o(.text)
    HAL_TIMEx_HallSensor_Stop_DMA            0x0800f933   Thumb Code    84  stm32f1xx_hal_tim_ex.o(.text)
    HAL_TIMEx_OCN_Start                      0x0800f9a9   Thumb Code   198  stm32f1xx_hal_tim_ex.o(.text)
    HAL_TIMEx_OCN_Stop                       0x0800fa6f   Thumb Code   170  stm32f1xx_hal_tim_ex.o(.text)
    HAL_TIMEx_OCN_Start_IT                   0x0800fb19   Thumb Code   278  stm32f1xx_hal_tim_ex.o(.text)
    HAL_TIMEx_OCN_Stop_IT                    0x0800fc2f   Thumb Code   230  stm32f1xx_hal_tim_ex.o(.text)
    HAL_TIMEx_OCN_Start_DMA                  0x0800fdc1   Thumb Code   448  stm32f1xx_hal_tim_ex.o(.text)
    HAL_TIMEx_OCN_Stop_DMA                   0x0800ff81   Thumb Code   252  stm32f1xx_hal_tim_ex.o(.text)
    HAL_TIMEx_PWMN_Start                     0x0801007d   Thumb Code   198  stm32f1xx_hal_tim_ex.o(.text)
    HAL_TIMEx_PWMN_Stop                      0x08010143   Thumb Code   136  stm32f1xx_hal_tim_ex.o(.text)
    HAL_TIMEx_PWMN_Start_IT                  0x080101cb   Thumb Code   278  stm32f1xx_hal_tim_ex.o(.text)
    HAL_TIMEx_PWMN_Stop_IT                   0x080102e1   Thumb Code   230  stm32f1xx_hal_tim_ex.o(.text)
    HAL_TIMEx_PWMN_Start_DMA                 0x080103c7   Thumb Code   480  stm32f1xx_hal_tim_ex.o(.text)
    HAL_TIMEx_PWMN_Stop_DMA                  0x080105a7   Thumb Code   220  stm32f1xx_hal_tim_ex.o(.text)
    HAL_TIMEx_OnePulseN_Start                0x08010683   Thumb Code   118  stm32f1xx_hal_tim_ex.o(.text)
    HAL_TIMEx_OnePulseN_Stop                 0x080106f9   Thumb Code   138  stm32f1xx_hal_tim_ex.o(.text)
    HAL_TIMEx_OnePulseN_Start_IT             0x08010783   Thumb Code   142  stm32f1xx_hal_tim_ex.o(.text)
    HAL_TIMEx_OnePulseN_Stop_IT              0x08010811   Thumb Code   162  stm32f1xx_hal_tim_ex.o(.text)
    HAL_TIMEx_ConfigCommutEvent              0x080108b3   Thumb Code   168  stm32f1xx_hal_tim_ex.o(.text)
    HAL_TIMEx_ConfigCommutEvent_IT           0x0801095b   Thumb Code   134  stm32f1xx_hal_tim_ex.o(.text)
    HAL_TIMEx_CommutHalfCpltCallback         0x080109e1   Thumb Code     2  stm32f1xx_hal_tim_ex.o(.text)
    TIMEx_DMACommutationHalfCplt             0x080109e3   Thumb Code    20  stm32f1xx_hal_tim_ex.o(.text)
    HAL_TIMEx_CommutCallback                 0x080109f7   Thumb Code     2  stm32f1xx_hal_tim_ex.o(.text)
    TIMEx_DMACommutationCplt                 0x080109f9   Thumb Code    20  stm32f1xx_hal_tim_ex.o(.text)
    HAL_TIMEx_ConfigCommutEvent_DMA          0x08010a0d   Thumb Code   156  stm32f1xx_hal_tim_ex.o(.text)
    HAL_TIMEx_MasterConfigSynchronization    0x08010aa9   Thumb Code   134  stm32f1xx_hal_tim_ex.o(.text)
    HAL_TIMEx_ConfigBreakDeadTime            0x08010b2f   Thumb Code   116  stm32f1xx_hal_tim_ex.o(.text)
    HAL_TIMEx_RemapConfig                    0x08010ba3   Thumb Code     6  stm32f1xx_hal_tim_ex.o(.text)
    HAL_TIMEx_BreakCallback                  0x08010ba9   Thumb Code     2  stm32f1xx_hal_tim_ex.o(.text)
    HAL_TIMEx_HallSensor_GetState            0x08010bab   Thumb Code     8  stm32f1xx_hal_tim_ex.o(.text)
    HAL_TIMEx_GetChannelNState               0x08010bb3   Thumb Code    38  stm32f1xx_hal_tim_ex.o(.text)
    HAL_UART_Init                            0x08010ceb   Thumb Code   118  stm32f1xx_hal_uart.o(.text)
    HAL_HalfDuplex_Init                      0x08010d61   Thumb Code   122  stm32f1xx_hal_uart.o(.text)
    HAL_LIN_Init                             0x08010ddb   Thumb Code   146  stm32f1xx_hal_uart.o(.text)
    HAL_MultiProcessor_Init                  0x08010e6d   Thumb Code   158  stm32f1xx_hal_uart.o(.text)
    HAL_UART_DeInit                          0x08010f0d   Thumb Code    62  stm32f1xx_hal_uart.o(.text)
    HAL_UART_Transmit                        0x08010fdd   Thumb Code   182  stm32f1xx_hal_uart.o(.text)
    HAL_UART_Receive                         0x08011093   Thumb Code   188  stm32f1xx_hal_uart.o(.text)
    HAL_UART_Transmit_IT                     0x0801114f   Thumb Code    56  stm32f1xx_hal_uart.o(.text)
    UART_Start_Receive_IT                    0x08011187   Thumb Code    64  stm32f1xx_hal_uart.o(.text)
    HAL_UART_Receive_IT                      0x080111c7   Thumb Code    44  stm32f1xx_hal_uart.o(.text)
    HAL_UART_ErrorCallback                   0x080111f3   Thumb Code     2  stm32f1xx_hal_uart.o(.text)
    HAL_UART_TxHalfCpltCallback              0x080112d7   Thumb Code     2  stm32f1xx_hal_uart.o(.text)
    HAL_UART_Transmit_DMA                    0x08011341   Thumb Code   128  stm32f1xx_hal_uart.o(.text)
    HAL_UART_RxHalfCpltCallback              0x080113c1   Thumb Code     2  stm32f1xx_hal_uart.o(.text)
    HAL_UARTEx_RxEventCallback               0x080113c3   Thumb Code     2  stm32f1xx_hal_uart.o(.text)
    HAL_UART_RxCpltCallback                  0x080113e9   Thumb Code     2  stm32f1xx_hal_uart.o(.text)
    UART_Start_Receive_DMA                   0x0801149f   Thumb Code   186  stm32f1xx_hal_uart.o(.text)
    HAL_UART_Receive_DMA                     0x08011559   Thumb Code    44  stm32f1xx_hal_uart.o(.text)
    HAL_UART_DMAPause                        0x08011585   Thumb Code   166  stm32f1xx_hal_uart.o(.text)
    HAL_UART_DMAResume                       0x0801162b   Thumb Code   170  stm32f1xx_hal_uart.o(.text)
    HAL_UART_DMAStop                         0x080116d5   Thumb Code   160  stm32f1xx_hal_uart.o(.text)
    HAL_UARTEx_ReceiveToIdle                 0x08011775   Thumb Code   296  stm32f1xx_hal_uart.o(.text)
    HAL_UARTEx_ReceiveToIdle_IT              0x0801189d   Thumb Code   114  stm32f1xx_hal_uart.o(.text)
    HAL_UARTEx_ReceiveToIdle_DMA             0x0801190f   Thumb Code   114  stm32f1xx_hal_uart.o(.text)
    HAL_UARTEx_GetRxEventType                0x08011981   Thumb Code     6  stm32f1xx_hal_uart.o(.text)
    HAL_UART_Abort                           0x08011987   Thumb Code   278  stm32f1xx_hal_uart.o(.text)
    HAL_UART_AbortTransmit                   0x08011a9d   Thumb Code   124  stm32f1xx_hal_uart.o(.text)
    HAL_UART_AbortReceive                    0x08011b19   Thumb Code   194  stm32f1xx_hal_uart.o(.text)
    HAL_UART_AbortCpltCallback               0x08011bdb   Thumb Code     2  stm32f1xx_hal_uart.o(.text)
    HAL_UART_Abort_IT                        0x08011c4d   Thumb Code   320  stm32f1xx_hal_uart.o(.text)
    HAL_UART_AbortTransmitCpltCallback       0x08011d8d   Thumb Code     2  stm32f1xx_hal_uart.o(.text)
    HAL_UART_AbortTransmit_IT                0x08011da7   Thumb Code   138  stm32f1xx_hal_uart.o(.text)
    HAL_UART_AbortReceiveCpltCallback        0x08011e31   Thumb Code     2  stm32f1xx_hal_uart.o(.text)
    HAL_UART_AbortReceive_IT                 0x08011e4f   Thumb Code   212  stm32f1xx_hal_uart.o(.text)
    HAL_UART_IRQHandler                      0x080120c3   Thumb Code   740  stm32f1xx_hal_uart.o(.text)
    HAL_LIN_SendBreak                        0x080123a7   Thumb Code    80  stm32f1xx_hal_uart.o(.text)
    HAL_MultiProcessor_EnterMuteMode         0x080123f7   Thumb Code    82  stm32f1xx_hal_uart.o(.text)
    HAL_MultiProcessor_ExitMuteMode          0x08012449   Thumb Code    82  stm32f1xx_hal_uart.o(.text)
    HAL_HalfDuplex_EnableTransmitter         0x0801249b   Thumb Code    68  stm32f1xx_hal_uart.o(.text)
    HAL_HalfDuplex_EnableReceiver            0x080124df   Thumb Code    68  stm32f1xx_hal_uart.o(.text)
    HAL_UART_GetState                        0x08012523   Thumb Code    20  stm32f1xx_hal_uart.o(.text)
    HAL_UART_GetError                        0x08012537   Thumb Code     6  stm32f1xx_hal_uart.o(.text)
    HAL_InitTick                             0x08012543   Thumb Code    64  stm32f1xx_hal.o(.text)
    HAL_Init                                 0x08012583   Thumb Code    34  stm32f1xx_hal.o(.text)
    HAL_MspDeInit                            0x080125a5   Thumb Code     2  stm32f1xx_hal.o(.text)
    HAL_DeInit                               0x080125a7   Thumb Code    30  stm32f1xx_hal.o(.text)
    HAL_IncTick                              0x080125c5   Thumb Code    16  stm32f1xx_hal.o(.text)
    HAL_GetTick                              0x080125d5   Thumb Code     6  stm32f1xx_hal.o(.text)
    HAL_GetTickPrio                          0x080125db   Thumb Code     6  stm32f1xx_hal.o(.text)
    HAL_SetTickFreq                          0x080125e1   Thumb Code    40  stm32f1xx_hal.o(.text)
    HAL_GetTickFreq                          0x08012609   Thumb Code     6  stm32f1xx_hal.o(.text)
    HAL_Delay                                0x0801260f   Thumb Code    36  stm32f1xx_hal.o(.text)
    HAL_SuspendTick                          0x08012633   Thumb Code    18  stm32f1xx_hal.o(.text)
    HAL_ResumeTick                           0x08012645   Thumb Code    18  stm32f1xx_hal.o(.text)
    HAL_GetHalVersion                        0x08012657   Thumb Code     4  stm32f1xx_hal.o(.text)
    HAL_GetREVID                             0x0801265b   Thumb Code     8  stm32f1xx_hal.o(.text)
    HAL_GetDEVID                             0x08012663   Thumb Code    10  stm32f1xx_hal.o(.text)
    HAL_GetUIDw0                             0x0801266d   Thumb Code     6  stm32f1xx_hal.o(.text)
    HAL_GetUIDw1                             0x08012673   Thumb Code     8  stm32f1xx_hal.o(.text)
    HAL_GetUIDw2                             0x0801267b   Thumb Code     8  stm32f1xx_hal.o(.text)
    HAL_DBGMCU_EnableDBGSleepMode            0x08012683   Thumb Code    14  stm32f1xx_hal.o(.text)
    HAL_DBGMCU_DisableDBGSleepMode           0x08012691   Thumb Code    14  stm32f1xx_hal.o(.text)
    HAL_DBGMCU_EnableDBGStopMode             0x0801269f   Thumb Code    14  stm32f1xx_hal.o(.text)
    HAL_DBGMCU_DisableDBGStopMode            0x080126ad   Thumb Code    14  stm32f1xx_hal.o(.text)
    HAL_DBGMCU_EnableDBGStandbyMode          0x080126bb   Thumb Code    14  stm32f1xx_hal.o(.text)
    HAL_DBGMCU_DisableDBGStandbyMode         0x080126c9   Thumb Code    14  stm32f1xx_hal.o(.text)
    HAL_NVIC_SetPriorityGrouping             0x0801271d   Thumb Code    36  stm32f1xx_hal_cortex.o(.text)
    HAL_NVIC_SetPriority                     0x08012741   Thumb Code   124  stm32f1xx_hal_cortex.o(.text)
    HAL_NVIC_EnableIRQ                       0x080127bd   Thumb Code    40  stm32f1xx_hal_cortex.o(.text)
    HAL_NVIC_DisableIRQ                      0x080127e5   Thumb Code    38  stm32f1xx_hal_cortex.o(.text)
    HAL_NVIC_SystemReset                     0x0801280b   Thumb Code    40  stm32f1xx_hal_cortex.o(.text)
    HAL_SYSTICK_Config                       0x08012833   Thumb Code    52  stm32f1xx_hal_cortex.o(.text)
    HAL_NVIC_GetPriorityGrouping             0x08012867   Thumb Code     8  stm32f1xx_hal_cortex.o(.text)
    HAL_NVIC_GetPriority                     0x0801286f   Thumb Code   138  stm32f1xx_hal_cortex.o(.text)
    HAL_NVIC_SetPendingIRQ                   0x080128f9   Thumb Code    32  stm32f1xx_hal_cortex.o(.text)
    HAL_NVIC_GetPendingIRQ                   0x08012919   Thumb Code    46  stm32f1xx_hal_cortex.o(.text)
    HAL_NVIC_ClearPendingIRQ                 0x08012947   Thumb Code    30  stm32f1xx_hal_cortex.o(.text)
    HAL_NVIC_GetActive                       0x08012965   Thumb Code    46  stm32f1xx_hal_cortex.o(.text)
    HAL_SYSTICK_CLKSourceConfig              0x08012993   Thumb Code    40  stm32f1xx_hal_cortex.o(.text)
    HAL_SYSTICK_Callback                     0x080129bb   Thumb Code     2  stm32f1xx_hal_cortex.o(.text)
    HAL_SYSTICK_IRQHandler                   0x080129bd   Thumb Code     8  stm32f1xx_hal_cortex.o(.text)
    HAL_RTC_WaitForSynchro                   0x08012a59   Thumb Code    64  stm32f1xx_hal_rtc.o(.text)
    HAL_RTC_MspDeInit                        0x08012a99   Thumb Code     2  stm32f1xx_hal_rtc.o(.text)
    HAL_RTC_Init                             0x08012a9f   Thumb Code   212  stm32f1xx_hal_rtc.o(.text)
    HAL_RTC_DeInit                           0x08012b73   Thumb Code   140  stm32f1xx_hal_rtc.o(.text)
    HAL_RTC_RegisterCallback                 0x08012bff   Thumb Code   116  stm32f1xx_hal_rtc.o(.text)
    HAL_RTC_UnRegisterCallback               0x08012c73   Thumb Code   120  stm32f1xx_hal_rtc.o(.text)
    HAL_RTC_SetTime                          0x08012d75   Thumb Code   214  stm32f1xx_hal_rtc.o(.text)
    HAL_RTC_GetTime                          0x08013021   Thumb Code   260  stm32f1xx_hal_rtc.o(.text)
    HAL_RTC_SetDate                          0x08013125   Thumb Code   242  stm32f1xx_hal_rtc.o(.text)
    HAL_RTC_GetDate                          0x08013217   Thumb Code    82  stm32f1xx_hal_rtc.o(.text)
    HAL_RTC_SetAlarm                         0x08013269   Thumb Code   208  stm32f1xx_hal_rtc.o(.text)
    HAL_RTC_SetAlarm_IT                      0x08013339   Thumb Code   260  stm32f1xx_hal_rtc.o(.text)
    HAL_RTC_GetAlarm                         0x0801343d   Thumb Code   126  stm32f1xx_hal_rtc.o(.text)
    HAL_RTC_DeactivateAlarm                  0x080134bb   Thumb Code   146  stm32f1xx_hal_rtc.o(.text)
    HAL_RTC_AlarmIRQHandler                  0x0801354d   Thumb Code    58  stm32f1xx_hal_rtc.o(.text)
    HAL_RTC_PollForAlarmAEvent               0x08013587   Thumb Code    82  stm32f1xx_hal_rtc.o(.text)
    HAL_RTC_GetState                         0x080135d9   Thumb Code     6  stm32f1xx_hal_rtc.o(.text)
    HAL_RCC_DeInit                           0x080135e1   Thumb Code   254  stm32f1xx_hal_rcc.o(.text)
    HAL_RCC_OscConfig                        0x08013703   Thumb Code  1126  stm32f1xx_hal_rcc.o(.text)
    HAL_RCC_GetSysClockFreq                  0x08013b69   Thumb Code    92  stm32f1xx_hal_rcc.o(.text)
    HAL_RCC_ClockConfig                      0x08013bc5   Thumb Code   376  stm32f1xx_hal_rcc.o(.text)
    HAL_RCC_MCOConfig                        0x08013d3d   Thumb Code    90  stm32f1xx_hal_rcc.o(.text)
    HAL_RCC_EnableCSS                        0x08013d97   Thumb Code     8  stm32f1xx_hal_rcc.o(.text)
    HAL_RCC_DisableCSS                       0x08013d9f   Thumb Code     8  stm32f1xx_hal_rcc.o(.text)
    HAL_RCC_GetHCLKFreq                      0x08013da7   Thumb Code     6  stm32f1xx_hal_rcc.o(.text)
    HAL_RCC_GetPCLK1Freq                     0x08013dad   Thumb Code    22  stm32f1xx_hal_rcc.o(.text)
    HAL_RCC_GetPCLK2Freq                     0x08013dc3   Thumb Code    70  stm32f1xx_hal_rcc.o(.text)
    HAL_RCC_GetOscConfig                     0x08013e09   Thumb Code   196  stm32f1xx_hal_rcc.o(.text)
    HAL_RCC_GetClockConfig                   0x08013ecd   Thumb Code    58  stm32f1xx_hal_rcc.o(.text)
    HAL_RCC_CSSCallback                      0x08013f07   Thumb Code     2  stm32f1xx_hal_rcc.o(.text)
    HAL_RCC_NMI_IRQHandler                   0x08013f09   Thumb Code    26  stm32f1xx_hal_rcc.o(.text)
    HAL_RCCEx_PeriphCLKConfig                0x08013f2d   Thumb Code   290  stm32f1xx_hal_rcc_ex.o(.text)
    HAL_RCCEx_GetPeriphCLKConfig             0x0801404f   Thumb Code    78  stm32f1xx_hal_rcc_ex.o(.text)
    HAL_RCCEx_GetPeriphCLKFreq               0x0801409d   Thumb Code   260  stm32f1xx_hal_rcc_ex.o(.text)
    HAL_I2C_AddrCallback                     0x080141bf   Thumb Code     2  stm32f1xx_hal_i2c.o(.text)
    HAL_I2C_AbortCpltCallback                0x080141c1   Thumb Code     2  stm32f1xx_hal_i2c.o(.text)
    HAL_I2C_ErrorCallback                    0x080141c3   Thumb Code     2  stm32f1xx_hal_i2c.o(.text)
    HAL_I2C_MemRxCpltCallback                0x080141c5   Thumb Code     2  stm32f1xx_hal_i2c.o(.text)
    HAL_I2C_MemTxCpltCallback                0x080141c7   Thumb Code     2  stm32f1xx_hal_i2c.o(.text)
    HAL_I2C_ListenCpltCallback               0x080141c9   Thumb Code     2  stm32f1xx_hal_i2c.o(.text)
    HAL_I2C_SlaveRxCpltCallback              0x080141cb   Thumb Code     2  stm32f1xx_hal_i2c.o(.text)
    HAL_I2C_SlaveTxCpltCallback              0x080141cd   Thumb Code     2  stm32f1xx_hal_i2c.o(.text)
    HAL_I2C_MasterRxCpltCallback             0x080141cf   Thumb Code     2  stm32f1xx_hal_i2c.o(.text)
    HAL_I2C_MasterTxCpltCallback             0x080141d1   Thumb Code     2  stm32f1xx_hal_i2c.o(.text)
    HAL_I2C_Init                             0x080141d3   Thumb Code   494  stm32f1xx_hal_i2c.o(.text)
    HAL_I2C_DeInit                           0x080143c3   Thumb Code    74  stm32f1xx_hal_i2c.o(.text)
    HAL_I2C_RegisterCallback                 0x0801440d   Thumb Code   194  stm32f1xx_hal_i2c.o(.text)
    HAL_I2C_UnRegisterCallback               0x080144cf   Thumb Code   204  stm32f1xx_hal_i2c.o(.text)
    HAL_I2C_RegisterAddrCallback             0x0801459b   Thumb Code   142  stm32f1xx_hal_i2c.o(.text)
    HAL_I2C_UnRegisterAddrCallback           0x08014629   Thumb Code    64  stm32f1xx_hal_i2c.o(.text)
    HAL_I2C_Master_Transmit                  0x08014a07   Thumb Code   374  stm32f1xx_hal_i2c.o(.text)
    HAL_I2C_Master_Receive                   0x08014d3b   Thumb Code   872  stm32f1xx_hal_i2c.o(.text)
    HAL_I2C_Slave_Transmit                   0x080150a3   Thumb Code   400  stm32f1xx_hal_i2c.o(.text)
    HAL_I2C_Slave_Receive                    0x08015295   Thumb Code   390  stm32f1xx_hal_i2c.o(.text)
    HAL_I2C_Master_Transmit_IT               0x0801541b   Thumb Code   224  stm32f1xx_hal_i2c.o(.text)
    HAL_I2C_Master_Receive_IT                0x080154fb   Thumb Code   236  stm32f1xx_hal_i2c.o(.text)
    HAL_I2C_Slave_Transmit_IT                0x080155e7   Thumb Code   146  stm32f1xx_hal_i2c.o(.text)
    HAL_I2C_Slave_Receive_IT                 0x08015679   Thumb Code   160  stm32f1xx_hal_i2c.o(.text)
    HAL_I2C_Master_Transmit_DMA              0x0801588f   Thumb Code   434  stm32f1xx_hal_i2c.o(.text)
    HAL_I2C_Master_Receive_DMA               0x08015a41   Thumb Code   434  stm32f1xx_hal_i2c.o(.text)
    HAL_I2C_Slave_Transmit_DMA               0x08015bf3   Thumb Code   304  stm32f1xx_hal_i2c.o(.text)
    HAL_I2C_Slave_Receive_DMA                0x08015d23   Thumb Code   286  stm32f1xx_hal_i2c.o(.text)
    HAL_I2C_Mem_Write                        0x08015f1d   Thumb Code   348  stm32f1xx_hal_i2c.o(.text)
    HAL_I2C_Mem_Read                         0x080161eb   Thumb Code   854  stm32f1xx_hal_i2c.o(.text)
    HAL_I2C_Mem_Write_IT                     0x08016541   Thumb Code   256  stm32f1xx_hal_i2c.o(.text)
    HAL_I2C_Mem_Read_IT                      0x08016641   Thumb Code   254  stm32f1xx_hal_i2c.o(.text)
    HAL_I2C_Mem_Write_DMA                    0x0801673f   Thumb Code   514  stm32f1xx_hal_i2c.o(.text)
    HAL_I2C_Mem_Read_DMA                     0x08016941   Thumb Code   608  stm32f1xx_hal_i2c.o(.text)
    HAL_I2C_IsDeviceReady                    0x08016ba1   Thumb Code   430  stm32f1xx_hal_i2c.o(.text)
    HAL_I2C_Master_Seq_Transmit_IT           0x08016d4f   Thumb Code   304  stm32f1xx_hal_i2c.o(.text)
    HAL_I2C_Master_Seq_Transmit_DMA          0x08016e7f   Thumb Code   536  stm32f1xx_hal_i2c.o(.text)
    HAL_I2C_Master_Seq_Receive_IT            0x08017097   Thumb Code   360  stm32f1xx_hal_i2c.o(.text)
    HAL_I2C_Master_Seq_Receive_DMA           0x080171ff   Thumb Code   674  stm32f1xx_hal_i2c.o(.text)
    HAL_I2C_Slave_Seq_Transmit_IT            0x080174a1   Thumb Code   158  stm32f1xx_hal_i2c.o(.text)
    HAL_I2C_Slave_Seq_Transmit_DMA           0x08017631   Thumb Code   462  stm32f1xx_hal_i2c.o(.text)
    HAL_I2C_Slave_Seq_Receive_IT             0x080177ff   Thumb Code   158  stm32f1xx_hal_i2c.o(.text)
    HAL_I2C_Slave_Seq_Receive_DMA            0x0801789d   Thumb Code   446  stm32f1xx_hal_i2c.o(.text)
    HAL_I2C_EnableListen_IT                  0x08017a5b   Thumb Code    70  stm32f1xx_hal_i2c.o(.text)
    HAL_I2C_DisableListen_IT                 0x08017aa1   Thumb Code    70  stm32f1xx_hal_i2c.o(.text)
    HAL_I2C_Master_Abort_IT                  0x08017c8b   Thumb Code   138  stm32f1xx_hal_i2c.o(.text)
    HAL_I2C_ER_IRQHandler                    0x08018a51   Thumb Code   224  stm32f1xx_hal_i2c.o(.text)
    HAL_I2C_GetState                         0x08018b31   Thumb Code     8  stm32f1xx_hal_i2c.o(.text)
    HAL_I2C_GetMode                          0x08018b39   Thumb Code     8  stm32f1xx_hal_i2c.o(.text)
    HAL_I2C_GetError                         0x08018b41   Thumb Code     6  stm32f1xx_hal_i2c.o(.text)
    HAL_RTCEx_SetTamper                      0x08018b4d   Thumb Code    98  stm32f1xx_hal_rtc_ex.o(.text)
    HAL_RTCEx_SetTamper_IT                   0x08018baf   Thumb Code   110  stm32f1xx_hal_rtc_ex.o(.text)
    HAL_RTCEx_DeactivateTamper               0x08018c1d   Thumb Code    94  stm32f1xx_hal_rtc_ex.o(.text)
    HAL_RTCEx_TamperIRQHandler               0x08018c7b   Thumb Code    56  stm32f1xx_hal_rtc_ex.o(.text)
    HAL_RTCEx_Tamper1EventCallback           0x08018cb3   Thumb Code     2  stm32f1xx_hal_rtc_ex.o(.text)
    HAL_RTCEx_PollForTamper1Event            0x08018cb5   Thumb Code    80  stm32f1xx_hal_rtc_ex.o(.text)
    HAL_RTCEx_SetSecond_IT                   0x08018d05   Thumb Code    58  stm32f1xx_hal_rtc_ex.o(.text)
    HAL_RTCEx_DeactivateSecond               0x08018d3f   Thumb Code    58  stm32f1xx_hal_rtc_ex.o(.text)
    HAL_RTCEx_RTCEventCallback               0x08018d79   Thumb Code     2  stm32f1xx_hal_rtc_ex.o(.text)
    HAL_RTCEx_RTCEventErrorCallback          0x08018d7b   Thumb Code     2  stm32f1xx_hal_rtc_ex.o(.text)
    HAL_RTCEx_RTCIRQHandler                  0x08018d7d   Thumb Code    78  stm32f1xx_hal_rtc_ex.o(.text)
    HAL_RTCEx_BKUPWrite                      0x08018dcb   Thumb Code    20  stm32f1xx_hal_rtc_ex.o(.text)
    HAL_RTCEx_BKUPRead                       0x08018ddf   Thumb Code    22  stm32f1xx_hal_rtc_ex.o(.text)
    HAL_RTCEx_SetSmoothCalib                 0x08018df5   Thumb Code    62  stm32f1xx_hal_rtc_ex.o(.text)
    ADC_ConversionStop_Disable               0x08018e39   Thumb Code    92  stm32f1xx_hal_adc.o(.text)
    HAL_ADC_Init                             0x08018e97   Thumb Code   340  stm32f1xx_hal_adc.o(.text)
    HAL_ADC_MspDeInit                        0x08018feb   Thumb Code     2  stm32f1xx_hal_adc.o(.text)
    HAL_ADC_DeInit                           0x08018fed   Thumb Code   258  stm32f1xx_hal_adc.o(.text)
    ADC_Enable                               0x080190ef   Thumb Code   134  stm32f1xx_hal_adc.o(.text)
    HAL_ADC_Start                            0x08019175   Thumb Code   294  stm32f1xx_hal_adc.o(.text)
    HAL_ADC_Stop                             0x0801929b   Thumb Code   102  stm32f1xx_hal_adc.o(.text)
    HAL_ADC_PollForConversion                0x08019301   Thumb Code   366  stm32f1xx_hal_adc.o(.text)
    HAL_ADC_PollForEvent                     0x0801946f   Thumb Code   118  stm32f1xx_hal_adc.o(.text)
    HAL_ADC_Start_IT                         0x080194e5   Thumb Code   306  stm32f1xx_hal_adc.o(.text)
    HAL_ADC_Stop_IT                          0x08019617   Thumb Code    76  stm32f1xx_hal_adc.o(.text)
    HAL_ADC_ErrorCallback                    0x08019663   Thumb Code     2  stm32f1xx_hal_adc.o(.text)
    ADC_DMAError                             0x08019665   Thumb Code    30  stm32f1xx_hal_adc.o(.text)
    HAL_ADC_ConvHalfCpltCallback             0x08019683   Thumb Code     2  stm32f1xx_hal_adc.o(.text)
    ADC_DMAHalfConvCplt                      0x08019685   Thumb Code    14  stm32f1xx_hal_adc.o(.text)
    ADC_DMAConvCplt                          0x08019695   Thumb Code    82  stm32f1xx_hal_adc.o(.text)
    HAL_ADC_Start_DMA                        0x080196e7   Thumb Code   390  stm32f1xx_hal_adc.o(.text)
    HAL_ADC_Stop_DMA                         0x0801986d   Thumb Code   106  stm32f1xx_hal_adc.o(.text)
    HAL_ADC_GetValue                         0x080198d7   Thumb Code     8  stm32f1xx_hal_adc.o(.text)
    HAL_ADC_LevelOutOfWindowCallback         0x080198df   Thumb Code     2  stm32f1xx_hal_adc.o(.text)
    HAL_ADC_IRQHandler                       0x080198e1   Thumb Code   274  stm32f1xx_hal_adc.o(.text)
    HAL_ADC_ConfigChannel                    0x080199f3   Thumb Code   338  stm32f1xx_hal_adc.o(.text)
    HAL_ADC_AnalogWDGConfig                  0x08019b45   Thumb Code   158  stm32f1xx_hal_adc.o(.text)
    HAL_ADC_GetState                         0x08019be3   Thumb Code     6  stm32f1xx_hal_adc.o(.text)
    HAL_ADC_GetError                         0x08019be9   Thumb Code     6  stm32f1xx_hal_adc.o(.text)
    HAL_ADCEx_Calibration_Start              0x08019bf5   Thumb Code   278  stm32f1xx_hal_adc_ex.o(.text)
    HAL_ADCEx_InjectedStart                  0x08019d0b   Thumb Code   226  stm32f1xx_hal_adc_ex.o(.text)
    HAL_ADCEx_InjectedStop                   0x08019ded   Thumb Code    94  stm32f1xx_hal_adc_ex.o(.text)
    HAL_ADCEx_InjectedPollForConversion      0x08019e4b   Thumb Code   346  stm32f1xx_hal_adc_ex.o(.text)
    HAL_ADCEx_InjectedStart_IT               0x08019fa5   Thumb Code   264  stm32f1xx_hal_adc_ex.o(.text)
    HAL_ADCEx_InjectedStop_IT                0x0801a0ad   Thumb Code   106  stm32f1xx_hal_adc_ex.o(.text)
    HAL_ADCEx_MultiModeStart_DMA             0x0801a117   Thumb Code   262  stm32f1xx_hal_adc_ex.o(.text)
    HAL_ADCEx_MultiModeStop_DMA              0x0801a21d   Thumb Code   144  stm32f1xx_hal_adc_ex.o(.text)
    HAL_ADCEx_InjectedGetValue               0x0801a2ad   Thumb Code    50  stm32f1xx_hal_adc_ex.o(.text)
    HAL_ADCEx_MultiModeGetValue              0x0801a2df   Thumb Code    32  stm32f1xx_hal_adc_ex.o(.text)
    HAL_ADCEx_InjectedConvCpltCallback       0x0801a2ff   Thumb Code     2  stm32f1xx_hal_adc_ex.o(.text)
    HAL_ADCEx_InjectedConfigChannel          0x0801a301   Thumb Code   638  stm32f1xx_hal_adc_ex.o(.text)
    HAL_ADCEx_MultiModeConfigChannel         0x0801a57f   Thumb Code   116  stm32f1xx_hal_adc_ex.o(.text)
    HAL_IWDG_Init                            0x0801a605   Thumb Code    94  stm32f1xx_hal_iwdg.o(.text)
    HAL_IWDG_Refresh                         0x0801a663   Thumb Code    14  stm32f1xx_hal_iwdg.o(.text)
    __aeabi_llsr                             0x0801a671   Thumb Code    32  llushr.o(.text)
    _ll_ushift_r                             0x0801a671   Thumb Code     0  llushr.o(.text)
    __aeabi_memcpy                           0x0801a691   Thumb Code    36  memcpya.o(.text)
    __aeabi_memcpy4                          0x0801a691   Thumb Code     0  memcpya.o(.text)
    __aeabi_memcpy8                          0x0801a691   Thumb Code     0  memcpya.o(.text)
    __aeabi_memset                           0x0801a6b5   Thumb Code    14  memseta.o(.text)
    __aeabi_memset4                          0x0801a6b5   Thumb Code     0  memseta.o(.text)
    __aeabi_memset8                          0x0801a6b5   Thumb Code     0  memseta.o(.text)
    __aeabi_memclr                           0x0801a6c3   Thumb Code     4  memseta.o(.text)
    __aeabi_memclr4                          0x0801a6c3   Thumb Code     0  memseta.o(.text)
    __aeabi_memclr8                          0x0801a6c3   Thumb Code     0  memseta.o(.text)
    memset                                   0x0801a6c7   Thumb Code    18  memseta.o(.text)
    strncpy                                  0x0801a6d9   Thumb Code    24  strncpy.o(.text)
    strlen                                   0x0801a6f1   Thumb Code    14  strlen.o(.text)
    strcmp                                   0x0801a6ff   Thumb Code    28  strcmp.o(.text)
    strncmp                                  0x0801a71b   Thumb Code    30  strncmp.o(.text)
    strtok                                   0x0801a739   Thumb Code    62  strtok.o(.text)
    __0sscanf                                0x0801a77d   Thumb Code    48  __0sscanf.o(.text)
    _scanf_int                               0x0801a7b5   Thumb Code   332  _scanf_int.o(.text)
    strtol                                   0x0801a901   Thumb Code   112  strtol.o(.text)
    atoi                                     0x0801a971   Thumb Code    26  atoi.o(.text)
    __aeabi_fmul                             0x0801a98b   Thumb Code   100  fmul.o(.text)
    __aeabi_fdiv                             0x0801a9ef   Thumb Code   124  fdiv.o(.text)
    __aeabi_dadd                             0x0801aa6b   Thumb Code   322  dadd.o(.text)
    __aeabi_dsub                             0x0801abad   Thumb Code     6  dadd.o(.text)
    __aeabi_drsub                            0x0801abb3   Thumb Code     6  dadd.o(.text)
    __aeabi_ddiv                             0x0801abb9   Thumb Code   222  ddiv.o(.text)
    __aeabi_i2f                              0x0801ac97   Thumb Code    18  fflti.o(.text)
    __aeabi_ui2f                             0x0801aca9   Thumb Code    10  ffltui.o(.text)
    __aeabi_i2d                              0x0801acb3   Thumb Code    34  dflti.o(.text)
    __aeabi_f2iz                             0x0801acd5   Thumb Code    50  ffixi.o(.text)
    __aeabi_d2iz                             0x0801ad07   Thumb Code    62  dfixi.o(.text)
    __aeabi_f2d                              0x0801ad45   Thumb Code    38  f2d.o(.text)
    __aeabi_d2f                              0x0801ad6b   Thumb Code    56  d2f.o(.text)
    __aeabi_uidiv                            0x0801ada3   Thumb Code     0  uidiv.o(.text)
    __aeabi_uidivmod                         0x0801ada3   Thumb Code    44  uidiv.o(.text)
    __aeabi_uldivmod                         0x0801adcf   Thumb Code    98  uldiv.o(.text)
    __aeabi_llsl                             0x0801ae31   Thumb Code    30  llshl.o(.text)
    _ll_shift_l                              0x0801ae31   Thumb Code     0  llshl.o(.text)
    __aeabi_lasr                             0x0801ae4f   Thumb Code    36  llsshr.o(.text)
    _ll_sshift_r                             0x0801ae4f   Thumb Code     0  llsshr.o(.text)
    __rt_ctype_table                         0x0801ae75   Thumb Code     4  ctype_o.o(.text)
    isspace                                  0x0801ae7d   Thumb Code    18  isspace_o.o(.text)
    _chval                                   0x0801ae8f   Thumb Code    28  _chval.o(.text)
    __vfscanf_char                           0x0801aeb9   Thumb Code    20  scanf_char.o(.text)
    _sgetc                                   0x0801aed5   Thumb Code    30  _sgetc.o(.text)
    _sbackspace                              0x0801aef3   Thumb Code    34  _sgetc.o(.text)
    _strtoul                                 0x0801af15   Thumb Code   158  _strtoul.o(.text)
    __I$use$fp                               0x0801afb3   Thumb Code     0  iusefp.o(.text)
    _float_round                             0x0801afb3   Thumb Code    18  fepilogue.o(.text)
    _float_epilogue                          0x0801afc5   Thumb Code    92  fepilogue.o(.text)
    _double_round                            0x0801b021   Thumb Code    30  depilogue.o(.text)
    _double_epilogue                         0x0801b03f   Thumb Code   156  depilogue.o(.text)
    __aeabi_dmul                             0x0801b0db   Thumb Code   228  dmul.o(.text)
    __aeabi_d2ulz                            0x0801b1bf   Thumb Code    48  dfixul.o(.text)
    __aeabi_cdrcmple                         0x0801b1f1   Thumb Code    48  cdrcmple.o(.text)
    __scatterload                            0x0801b221   Thumb Code    28  init.o(.text)
    __scatterload_rt2                        0x0801b221   Thumb Code     0  init.o(.text)
    __vfscanf                                0x0801b245   Thumb Code   810  _scanf.o(.text)
    __decompress                             0x0801b575   Thumb Code     0  __dczerorl2.o(.text)
    __decompress1                            0x0801b575   Thumb Code    86  __dczerorl2.o(.text)
    Error_Handler                            0x0801b5cb   Thumb Code     6  main.o(i.Error_Handler)
    FIFO_Empty                               0x0801b5d1   Thumb Code    14  fifo.o(i.FIFO_Empty)
    UART_sendByte                            0x0801b5df   Thumb Code    16  bsp_uartcomm.o(i.UART_sendByte)
    __0printf                                0x0801b5f1   Thumb Code    22  printfa.o(i.__0printf)
    __1printf                                0x0801b5f1   Thumb Code     0  printfa.o(i.__0printf)
    __2printf                                0x0801b5f1   Thumb Code     0  printfa.o(i.__0printf)
    __c89printf                              0x0801b5f1   Thumb Code     0  printfa.o(i.__0printf)
    printf                                   0x0801b5f1   Thumb Code     0  printfa.o(i.__0printf)
    __0sprintf                               0x0801b611   Thumb Code    34  printfa.o(i.__0sprintf)
    __1sprintf                               0x0801b611   Thumb Code     0  printfa.o(i.__0sprintf)
    __2sprintf                               0x0801b611   Thumb Code     0  printfa.o(i.__0sprintf)
    __c89sprintf                             0x0801b611   Thumb Code     0  printfa.o(i.__0sprintf)
    sprintf                                  0x0801b611   Thumb Code     0  printfa.o(i.__0sprintf)
    __0vsnprintf                             0x0801b639   Thumb Code    46  printfa.o(i.__0vsnprintf)
    __1vsnprintf                             0x0801b639   Thumb Code     0  printfa.o(i.__0vsnprintf)
    __2vsnprintf                             0x0801b639   Thumb Code     0  printfa.o(i.__0vsnprintf)
    __c89vsnprintf                           0x0801b639   Thumb Code     0  printfa.o(i.__0vsnprintf)
    vsnprintf                                0x0801b639   Thumb Code     0  printfa.o(i.__0vsnprintf)
    __aeabi_errno_addr                       0x0801b66d   Thumb Code     4  errno.o(i.__aeabi_errno_addr)
    __rt_errno_addr                          0x0801b66d   Thumb Code     0  errno.o(i.__aeabi_errno_addr)
    __scatterload_copy                       0x0801b675   Thumb Code    14  handlers.o(i.__scatterload_copy)
    __scatterload_null                       0x0801b683   Thumb Code     2  handlers.o(i.__scatterload_null)
    __scatterload_zeroinit                   0x0801b685   Thumb Code    14  handlers.o(i.__scatterload_zeroinit)
    shellCmdee                               0x0801bf70   Data           3  eeprom.o(.constdata)
    shellDescee                              0x0801bf73   Data          18  eeprom.o(.constdata)
    shellCmdtemp                             0x0801bf85   Data           5  temperatureinside.o(.constdata)
    shellDesctemp                            0x0801bf8a   Data          23  temperatureinside.o(.constdata)
    shellCmdalarm                            0x0801bfbc   Data           6  alarm.o(.constdata)
    shellDescalarm                           0x0801bfc2   Data          19  alarm.o(.constdata)
    shellCmdpwm                              0x0801c0c0   Data           4  pwm.o(.constdata)
    shellDescpwm                             0x0801c0c4   Data          13  pwm.o(.constdata)
    shellCmddate                             0x0801c120   Data           5  bsp_rtc.o(.constdata)
    shellDescdate                            0x0801c125   Data          22  bsp_rtc.o(.constdata)
    shellCmdDefaultUser                      0x0801c13b   Data           6  shell.o(.constdata)
    shellPasswordDefaultUser                 0x0801c141   Data           5  shell.o(.constdata)
    shellDesDefaultUser                      0x0801c146   Data          13  shell.o(.constdata)
    shellDesc0x1B5B4100                      0x0801c153   Data           3  shell.o(.constdata)
    shellDesc0x03000000                      0x0801c156   Data           6  shell.o(.constdata)
    shellDesc0x1B5B4200                      0x0801c15c   Data           5  shell.o(.constdata)
    shellDesc0x1B5B4300                      0x0801c161   Data           6  shell.o(.constdata)
    shellDesc0x1B5B4400                      0x0801c167   Data           5  shell.o(.constdata)
    shellDesc0x09000000                      0x0801c16c   Data           4  shell.o(.constdata)
    shellDesc0x08000000                      0x0801c170   Data          10  shell.o(.constdata)
    shellDesc0x7F000000                      0x0801c17a   Data          10  shell.o(.constdata)
    shellDesc0x1B5B337E                      0x0801c184   Data           7  shell.o(.constdata)
    shellDesc0x0D000000                      0x0801c18b   Data           6  shell.o(.constdata)
    shellDesc0x0D0A0000                      0x0801c191   Data           6  shell.o(.constdata)
    shellCmdhelp                             0x0801c197   Data           5  shell.o(.constdata)
    shellDeschelp                            0x0801c19c   Data          30  shell.o(.constdata)
    shellCmdcmds                             0x0801c1ba   Data           5  shell.o(.constdata)
    shellDesccmds                            0x0801c1bf   Data          13  shell.o(.constdata)
    shellCmdclear                            0x0801c1cc   Data           6  shell.o(.constdata)
    shellDescclear                           0x0801c1d2   Data          14  shell.o(.constdata)
    shellCmdgpio                             0x0801c1f8   Data           5  gpio_shell.o(.constdata)
    shellDescgpio                            0x0801c1fd   Data          13  gpio_shell.o(.constdata)
    shellCmdreboot                           0x0801c20a   Data           7  main.o(.constdata)
    shellDescreboot                          0x0801c211   Data          11  main.o(.constdata)
    shellCmdhf                               0x0801c2b4   Data           3  cm_backtrace.o(.constdata)
    shellDeschf                              0x0801c2b7   Data          22  cm_backtrace.o(.constdata)
    AHBPrescTable                            0x0801c330   Data          16  system_stm32f1xx.o(.constdata)
    APBPrescTable                            0x0801c340   Data           8  system_stm32f1xx.o(.constdata)
    __ctype_table                            0x0801c36c   Data         129  ctype_o.o(.constdata)
    Region$$Table$$Base                      0x0801d144   Number         0  anon$$obj.o(Region$$Table)
    Region$$Table$$Limit                     0x0801d164   Number         0  anon$$obj.o(Region$$Table)
    shellCommand$$Base                       0x0801d164   Number         0  eeprom.o(shellCommand)
    shellCommandee                           0x0801d164   Data          16  eeprom.o(shellCommand)
    shellCommandtemp                         0x0801d174   Data          16  temperatureinside.o(shellCommand)
    shellCommandalarm                        0x0801d184   Data          16  alarm.o(shellCommand)
    shellCommandpwm                          0x0801d194   Data          16  pwm.o(shellCommand)
    shellCommanddate                         0x0801d1a4   Data          16  bsp_rtc.o(shellCommand)
    shellUserDefault                         0x0801d1b4   Data          16  shell.o(shellCommand)
    shellKey0x1B5B4100                       0x0801d1c4   Data          16  shell.o(shellCommand)
    shellKey0x03000000                       0x0801d1d4   Data          16  shell.o(shellCommand)
    shellKey0x1B5B4200                       0x0801d1e4   Data          16  shell.o(shellCommand)
    shellKey0x1B5B4300                       0x0801d1f4   Data          16  shell.o(shellCommand)
    shellKey0x1B5B4400                       0x0801d204   Data          16  shell.o(shellCommand)
    shellKey0x09000000                       0x0801d214   Data          16  shell.o(shellCommand)
    shellKey0x08000000                       0x0801d224   Data          16  shell.o(shellCommand)
    shellKey0x7F000000                       0x0801d234   Data          16  shell.o(shellCommand)
    shellKey0x1B5B337E                       0x0801d244   Data          16  shell.o(shellCommand)
    shellKey0x0D000000                       0x0801d254   Data          16  shell.o(shellCommand)
    shellKey0x0D0A0000                       0x0801d264   Data          16  shell.o(shellCommand)
    shellCommandhelp                         0x0801d274   Data          16  shell.o(shellCommand)
    shellCommandcmds                         0x0801d284   Data          16  shell.o(shellCommand)
    shellCommandclear                        0x0801d294   Data          16  shell.o(shellCommand)
    shellCommandgpio                         0x0801d2a4   Data          16  gpio_shell.o(shellCommand)
    shellCommandreboot                       0x0801d2b4   Data          16  main.o(shellCommand)
    shellCommandhf                           0x0801d2c4   Data          16  cm_backtrace.o(shellCommand)
    Image$$ER_IROM1$$Limit                   0x0801d2d4   Number         0  anon$$obj.o ABSOLUTE
    Image$$MY_REGION$$Base                   0x0801d2d4   Number         0  anon$$obj.o ABSOLUTE
    shellCommand$$Limit                      0x0801d2d4   Number         0  cm_backtrace.o(shellCommand)
    Image$$MY_REGION$$Limit                  0x0801d300   Number         0  anon$$obj.o ABSOLUTE
    I2C1_EEPROM_ADDR                         0x20000008   Data           1  eeprom.o(.data)
    semaphoreStopAlarm                       0x2000001c   Data           4  alarm.o(.data)
    g_isPrintUseFifo                         0x20000024   Data           1  bsp_uartcomm.o(.data)
    g_uart1Handle                            0x20000028   Data          72  bsp_usart1.o(.data)
    g_UARTPara                               0x20000070   Data          56  bsp_usart1.o(.data)
    g_TM1637PluseWidth                       0x200000d8   Data           1  tm1637.o(.data)
    g_resetCause                             0x200000dc   Data           4  bsp_wdg.o(.data)
    xHigherPriorityTaskWoken_YES             0x20000138   Data           4  main.o(.data)
    xHigherPriorityTaskWoken_NO              0x2000013c   Data           4  main.o(.data)
    g_debugLevel                             0x20000140   Data           4  main.o(.data)
    gp_xHandle_Task_uartMonitor              0x20000144   Data           4  main.o(.data)
    gp_xHandle_Task_shell                    0x20000148   Data           4  main.o(.data)
    SystemCoreClock                          0x2000019c   Data           4  system_stm32f1xx.o(.data)
    pxCurrentTCB                             0x200001a0   Data           4  tasks.o(.data)
    uxTopUsedPriority                        0x200001d8   Data           4  tasks.o(.data)
    uwTick                                   0x20000220   Data           4  stm32f1xx_hal.o(.data)
    uwTickPrio                               0x20000224   Data           4  stm32f1xx_hal.o(.data)
    uwTickFreq                               0x20000228   Data           1  stm32f1xx_hal.o(.data)
    __stdout                                 0x20000230   Data           4  stdout.o(.data)
    hdma_adc1                                0x20000648   Data          68  temperatureinside.o(.bss)
    g_hdma_usart1_tx                         0x200006bc   Data          68  bsp_usart1.o(.bss)
    PwmCfg                                   0x20000928   Data          20  pwm.o(.bss)
    TimHandle                                0x2000093c   Data          72  pwm.o(.bss)
    sConfig                                  0x20000984   Data          28  pwm.o(.bss)
    IwdgHandle                               0x20000a1c   Data          12  bsp_wdg.o(.bss)
    shell                                    0x20000a6c   Data         108  shell_port.o(.bss)
    hi2c1                                    0x20000ba0   Data         132  main.o(.bss)
    hdma_i2c1_tx                             0x20000c24   Data          68  main.o(.bss)
    xQueueRegistry                           0x20000d9c   Data          64  queue.o(.bss)
    STACK$$Base                              0x20008ac8   Number         0  startup_stm32f103xe.o(STACK)
    STACK$$Limit                             0x20008ec8   Number         0  startup_stm32f103xe.o(STACK)
    __initial_sp                             0x20008ec8   Data           0  startup_stm32f103xe.o(STACK)



==============================================================================

Memory Map of the image

  Image Entry point : 0x08000131

  Load Region LR_IROM1 (Base: 0x08000000, Size: 0x0001d538, Max: 0x00040000, ABSOLUTE, COMPRESSED[0x0001d384])

    Execution Region ER_IROM1 (Exec base: 0x08000000, Load base: 0x08000000, Size: 0x0001d2d4, Max: 0x00040000, ABSOLUTE)

    Exec Addr    Load Addr    Size         Type   Attr      Idx    E Section Name        Object

    0x08000000   0x08000000   0x00000130   Data   RO         1275    RESET               startup_stm32f103xe.o
    0x08000130   0x08000130   0x00000000   Code   RO         2009  * .ARM.Collect$$$$00000000  mc_w.l(entry.o)
    0x08000130   0x08000130   0x00000004   Code   RO         2327    .ARM.Collect$$$$00000001  mc_w.l(entry2.o)
    0x08000134   0x08000134   0x00000004   Code   RO         2330    .ARM.Collect$$$$00000004  mc_w.l(entry5.o)
    0x08000138   0x08000138   0x00000000   Code   RO         2332    .ARM.Collect$$$$00000008  mc_w.l(entry7b.o)
    0x08000138   0x08000138   0x00000000   Code   RO         2334    .ARM.Collect$$$$0000000A  mc_w.l(entry8b.o)
    0x08000138   0x08000138   0x00000008   Code   RO         2335    .ARM.Collect$$$$0000000B  mc_w.l(entry9a.o)
    0x08000140   0x08000140   0x00000004   Code   RO         2342    .ARM.Collect$$$$0000000E  mc_w.l(entry12b.o)
    0x08000144   0x08000144   0x00000000   Code   RO         2337    .ARM.Collect$$$$0000000F  mc_w.l(entry10a.o)
    0x08000144   0x08000144   0x00000000   Code   RO         2339    .ARM.Collect$$$$00000011  mc_w.l(entry11a.o)
    0x08000144   0x08000144   0x00000004   Code   RO         2328    .ARM.Collect$$$$00002712  mc_w.l(entry2.o)
    0x08000148   0x08000148   0x00000010   Code   RO         1233    .emb_text           cm_backtrace.o
    0x08000158   0x08000158   0x00000096   Code   RO         1465    .emb_text           port.o
    0x080001ee   0x080001ee   0x00000002   PAD
    0x080001f0   0x080001f0   0x000003b8   Code   RO            4    .text               api_utc.o
    0x080005a8   0x080005a8   0x0000022e   Code   RO          179    .text               fifo.o
    0x080007d6   0x080007d6   0x00000002   PAD
    0x080007d8   0x080007d8   0x000000c0   Code   RO          242    .text               print_monitor.o
    0x08000898   0x08000898   0x000003c4   Code   RO          342    .text               eeprom.o
    0x08000c5c   0x08000c5c   0x000001d8   Code   RO          411    .text               temperatureinside.o
    0x08000e34   0x08000e34   0x000006b0   Code   RO          448    .text               alarm.o
    0x080014e4   0x080014e4   0x000002d4   Code   RO          517    .text               bsp_uartcomm.o
    0x080017b8   0x080017b8   0x0000022c   Code   RO          559    .text               bsp_gpio.o
    0x080019e4   0x080019e4   0x00000100   Code   RO          586    .text               bsp_usart1.o
    0x08001ae4   0x08001ae4   0x00000140   Code   RO          637    .text               bsp_i2c.o
    0x08001c24   0x08001c24   0x00000024   Code   RO          659    .text               initcall.o
    0x08001c48   0x08001c48   0x000007dc   Code   RO          680    .text               pwm.o
    0x08002424   0x08002424   0x000003a8   Code   RO          712    .text               bsp_i2cs0.o
    0x080027cc   0x080027cc   0x0000009c   Code   RO          743    .text               bsp_i2ccomm.o
    0x08002868   0x08002868   0x000003a8   Code   RO          780    .text               bsp_i2cs1.o
    0x08002c10   0x08002c10   0x00000238   Code   RO          808    .text               bsp_key.o
    0x08002e48   0x08002e48   0x000004e0   Code   RO          845    .text               tm1637.o
    0x08003328   0x08003328   0x000001b8   Code   RO          878    .text               bsp_wdg.o
    0x080034e0   0x080034e0   0x000002a4   Code   RO          908    .text               bsp_rtc.o
    0x08003784   0x08003784   0x00001380   Code   RO          968    .text               shell.o
    0x08004b04   0x08004b04   0x0000034a   Code   RO         1010    .text               shell_ext.o
    0x08004e4e   0x08004e4e   0x00000002   PAD
    0x08004e50   0x08004e50   0x0000004c   Code   RO         1034    .text               shell_port.o
    0x08004e9c   0x08004e9c   0x000003d0   Code   RO         1079    .text               gpio_shell.o
    0x0800526c   0x0800526c   0x000004a4   Code   RO         1108    .text               main.o
    0x08005710   0x08005710   0x00000208   Code   RO         1183    .text               stm32f1xx_hal_msp.o
    0x08005918   0x08005918   0x00000080   Code   RO         1208    .text               stm32f1xx_it.o
    0x08005998   0x08005998   0x00000bb4   Code   RO         1237    .text               cm_backtrace.o
    0x0800654c   0x0800654c   0x0000000c   Code   RO         1269    .text               cmb_fault.o
    0x08006558   0x08006558   0x00000024   Code   RO         1276    .text               startup_stm32f103xe.o
    0x0800657c   0x0800657c   0x000000a4   Code   RO         1283    .text               system_stm32f1xx.o
    0x08006620   0x08006620   0x00000094   Code   RO         1350    .text               list.o
    0x080066b4   0x080066b4   0x00001078   Code   RO         1362    .text               queue.o
    0x0800772c   0x0800772c   0x00001fb8   Code   RO         1398    .text               tasks.o
    0x080096e4   0x080096e4   0x000006f8   Code   RO         1420    .text               timers.o
    0x08009ddc   0x08009ddc   0x00000340   Code   RO         1450    .text               heap_4.o
    0x0800a11c   0x0800a11c   0x000002a4   Code   RO         1466    .text               port.o
    0x0800a3c0   0x0800a3c0   0x000004f4   Code   RO         1522    .text               stm32f1xx_hal_gpio.o
    0x0800a8b4   0x0800a8b4   0x00000f00   Code   RO         1546    .text               stm32f1xx_hal_dma.o
    0x0800b7b4   0x0800b7b4   0x00000208   Code   RO         1588    .text               stm32f1xx_hal_pwr.o
    0x0800b9bc   0x0800b9bc   0x00003b3c   Code   RO         1664    .text               stm32f1xx_hal_tim.o
    0x0800f4f8   0x0800f4f8   0x000016f8   Code   RO         1688    .text               stm32f1xx_hal_tim_ex.o
    0x08010bf0   0x08010bf0   0x00001950   Code   RO         1712    .text               stm32f1xx_hal_uart.o
    0x08012540   0x08012540   0x000001bc   Code   RO         1760    .text               stm32f1xx_hal.o
    0x080126fc   0x080126fc   0x000002e8   Code   RO         1790    .text               stm32f1xx_hal_cortex.o
    0x080129e4   0x080129e4   0x00000bfa   Code   RO         1818    .text               stm32f1xx_hal_rtc.o
    0x080135de   0x080135de   0x00000002   PAD
    0x080135e0   0x080135e0   0x0000094c   Code   RO         1842    .text               stm32f1xx_hal_rcc.o
    0x08013f2c   0x08013f2c   0x00000290   Code   RO         1867    .text               stm32f1xx_hal_rcc_ex.o
    0x080141bc   0x080141bc   0x00004990   Code   RO         1892    .text               stm32f1xx_hal_i2c.o
    0x08018b4c   0x08018b4c   0x000002ec   Code   RO         1916    .text               stm32f1xx_hal_rtc_ex.o
    0x08018e38   0x08018e38   0x00000dbc   Code   RO         1940    .text               stm32f1xx_hal_adc.o
    0x08019bf4   0x08019bf4   0x00000a10   Code   RO         1964    .text               stm32f1xx_hal_adc_ex.o
    0x0801a604   0x0801a604   0x0000006c   Code   RO         1988    .text               stm32f1xx_hal_iwdg.o
    0x0801a670   0x0801a670   0x00000020   Code   RO         2012    .text               mc_w.l(llushr.o)
    0x0801a690   0x0801a690   0x00000024   Code   RO         2014    .text               mc_w.l(memcpya.o)
    0x0801a6b4   0x0801a6b4   0x00000024   Code   RO         2018    .text               mc_w.l(memseta.o)
    0x0801a6d8   0x0801a6d8   0x00000018   Code   RO         2020    .text               mc_w.l(strncpy.o)
    0x0801a6f0   0x0801a6f0   0x0000000e   Code   RO         2022    .text               mc_w.l(strlen.o)
    0x0801a6fe   0x0801a6fe   0x0000001c   Code   RO         2024    .text               mc_w.l(strcmp.o)
    0x0801a71a   0x0801a71a   0x0000001e   Code   RO         2026    .text               mc_w.l(strncmp.o)
    0x0801a738   0x0801a738   0x00000044   Code   RO         2028    .text               mc_w.l(strtok.o)
    0x0801a77c   0x0801a77c   0x00000038   Code   RO         2297    .text               mc_w.l(__0sscanf.o)
    0x0801a7b4   0x0801a7b4   0x0000014c   Code   RO         2299    .text               mc_w.l(_scanf_int.o)
    0x0801a900   0x0801a900   0x00000070   Code   RO         2301    .text               mc_w.l(strtol.o)
    0x0801a970   0x0801a970   0x0000001a   Code   RO         2303    .text               mc_w.l(atoi.o)
    0x0801a98a   0x0801a98a   0x00000064   Code   RO         2305    .text               mf_w.l(fmul.o)
    0x0801a9ee   0x0801a9ee   0x0000007c   Code   RO         2307    .text               mf_w.l(fdiv.o)
    0x0801aa6a   0x0801aa6a   0x0000014e   Code   RO         2309    .text               mf_w.l(dadd.o)
    0x0801abb8   0x0801abb8   0x000000de   Code   RO         2311    .text               mf_w.l(ddiv.o)
    0x0801ac96   0x0801ac96   0x00000012   Code   RO         2313    .text               mf_w.l(fflti.o)
    0x0801aca8   0x0801aca8   0x0000000a   Code   RO         2315    .text               mf_w.l(ffltui.o)
    0x0801acb2   0x0801acb2   0x00000022   Code   RO         2317    .text               mf_w.l(dflti.o)
    0x0801acd4   0x0801acd4   0x00000032   Code   RO         2319    .text               mf_w.l(ffixi.o)
    0x0801ad06   0x0801ad06   0x0000003e   Code   RO         2321    .text               mf_w.l(dfixi.o)
    0x0801ad44   0x0801ad44   0x00000026   Code   RO         2323    .text               mf_w.l(f2d.o)
    0x0801ad6a   0x0801ad6a   0x00000038   Code   RO         2325    .text               mf_w.l(d2f.o)
    0x0801ada2   0x0801ada2   0x0000002c   Code   RO         2344    .text               mc_w.l(uidiv.o)
    0x0801adce   0x0801adce   0x00000062   Code   RO         2346    .text               mc_w.l(uldiv.o)
    0x0801ae30   0x0801ae30   0x0000001e   Code   RO         2348    .text               mc_w.l(llshl.o)
    0x0801ae4e   0x0801ae4e   0x00000024   Code   RO         2350    .text               mc_w.l(llsshr.o)
    0x0801ae72   0x0801ae72   0x00000002   PAD
    0x0801ae74   0x0801ae74   0x00000008   Code   RO         2352    .text               mc_w.l(ctype_o.o)
    0x0801ae7c   0x0801ae7c   0x00000012   Code   RO         2374    .text               mc_w.l(isspace_o.o)
    0x0801ae8e   0x0801ae8e   0x0000001c   Code   RO         2387    .text               mc_w.l(_chval.o)
    0x0801aeaa   0x0801aeaa   0x00000002   PAD
    0x0801aeac   0x0801aeac   0x00000028   Code   RO         2389    .text               mc_w.l(scanf_char.o)
    0x0801aed4   0x0801aed4   0x00000040   Code   RO         2391    .text               mc_w.l(_sgetc.o)
    0x0801af14   0x0801af14   0x0000009e   Code   RO         2393    .text               mc_w.l(_strtoul.o)
    0x0801afb2   0x0801afb2   0x00000000   Code   RO         2395    .text               mc_w.l(iusefp.o)
    0x0801afb2   0x0801afb2   0x0000006e   Code   RO         2396    .text               mf_w.l(fepilogue.o)
    0x0801b020   0x0801b020   0x000000ba   Code   RO         2398    .text               mf_w.l(depilogue.o)
    0x0801b0da   0x0801b0da   0x000000e4   Code   RO         2400    .text               mf_w.l(dmul.o)
    0x0801b1be   0x0801b1be   0x00000030   Code   RO         2402    .text               mf_w.l(dfixul.o)
    0x0801b1ee   0x0801b1ee   0x00000002   PAD
    0x0801b1f0   0x0801b1f0   0x00000030   Code   RO         2404    .text               mf_w.l(cdrcmple.o)
    0x0801b220   0x0801b220   0x00000024   Code   RO         2406    .text               mc_w.l(init.o)
    0x0801b244   0x0801b244   0x00000330   Code   RO         2410    .text               mc_w.l(_scanf.o)
    0x0801b574   0x0801b574   0x00000056   Code   RO         2423    .text               mc_w.l(__dczerorl2.o)
    0x0801b5ca   0x0801b5ca   0x00000006   Code   RO         1136    i.Error_Handler     main.o
    0x0801b5d0   0x0801b5d0   0x0000000e   Code   RO          197    i.FIFO_Empty        fifo.o
    0x0801b5de   0x0801b5de   0x00000010   Code   RO          538    i.UART_sendByte     bsp_uartcomm.o
    0x0801b5ee   0x0801b5ee   0x00000002   PAD
    0x0801b5f0   0x0801b5f0   0x00000020   Code   RO         2269    i.__0printf         mc_w.l(printfa.o)
    0x0801b610   0x0801b610   0x00000028   Code   RO         2271    i.__0sprintf        mc_w.l(printfa.o)
    0x0801b638   0x0801b638   0x00000034   Code   RO         2274    i.__0vsnprintf      mc_w.l(printfa.o)
    0x0801b66c   0x0801b66c   0x00000008   Code   RO         2380    i.__aeabi_errno_addr  mc_w.l(errno.o)
    0x0801b674   0x0801b674   0x0000000e   Code   RO         2417    i.__scatterload_copy  mc_w.l(handlers.o)
    0x0801b682   0x0801b682   0x00000002   Code   RO         2418    i.__scatterload_null  mc_w.l(handlers.o)
    0x0801b684   0x0801b684   0x0000000e   Code   RO         2419    i.__scatterload_zeroinit  mc_w.l(handlers.o)
    0x0801b692   0x0801b692   0x00000002   PAD
    0x0801b694   0x0801b694   0x00000184   Code   RO         2276    i._fp_digits        mc_w.l(printfa.o)
    0x0801b818   0x0801b818   0x000006b4   Code   RO         2277    i._printf_core      mc_w.l(printfa.o)
    0x0801becc   0x0801becc   0x00000024   Code   RO         2278    i._printf_post_padding  mc_w.l(printfa.o)
    0x0801bef0   0x0801bef0   0x0000002e   Code   RO         2279    i._printf_pre_padding  mc_w.l(printfa.o)
    0x0801bf1e   0x0801bf1e   0x00000016   Code   RO         2280    i._snputc           mc_w.l(printfa.o)
    0x0801bf34   0x0801bf34   0x0000000a   Code   RO         2281    i._sputc            mc_w.l(printfa.o)
    0x0801bf3e   0x0801bf3e   0x00000002   PAD
    0x0801bf40   0x0801bf40   0x00000030   Data   RO            5    .constdata          api_utc.o
    0x0801bf70   0x0801bf70   0x00000015   Data   RO          344    .constdata          eeprom.o
    0x0801bf85   0x0801bf85   0x0000001c   Data   RO          413    .constdata          temperatureinside.o
    0x0801bfa1   0x0801bfa1   0x00000003   PAD
    0x0801bfa4   0x0801bfa4   0x00000031   Data   RO          449    .constdata          alarm.o
    0x0801bfd5   0x0801bfd5   0x00000003   PAD
    0x0801bfd8   0x0801bfd8   0x000000a8   Data   RO          560    .constdata          bsp_gpio.o
    0x0801c080   0x0801c080   0x00000051   Data   RO          682    .constdata          pwm.o
    0x0801c0d1   0x0801c0d1   0x00000016   Data   RO          847    .constdata          tm1637.o
    0x0801c0e7   0x0801c0e7   0x00000001   PAD
    0x0801c0e8   0x0801c0e8   0x00000038   Data   RO          880    .constdata          bsp_wdg.o
    0x0801c120   0x0801c120   0x0000001b   Data   RO          910    .constdata          bsp_rtc.o
    0x0801c13b   0x0801c13b   0x000000a5   Data   RO          970    .constdata          shell.o
    0x0801c1e0   0x0801c1e0   0x0000002a   Data   RO         1080    .constdata          gpio_shell.o
    0x0801c20a   0x0801c20a   0x00000012   Data   RO         1110    .constdata          main.o
    0x0801c21c   0x0801c21c   0x00000114   Data   RO         1239    .constdata          cm_backtrace.o
    0x0801c330   0x0801c330   0x00000018   Data   RO         1284    .constdata          system_stm32f1xx.o
    0x0801c348   0x0801c348   0x00000012   Data   RO         1843    .constdata          stm32f1xx_hal_rcc.o
    0x0801c35a   0x0801c35a   0x00000012   Data   RO         1868    .constdata          stm32f1xx_hal_rcc_ex.o
    0x0801c36c   0x0801c36c   0x00000081   Data   RO         2353    .constdata          mc_w.l(ctype_o.o)
    0x0801c3ed   0x0801c3ed   0x00000003   PAD
    0x0801c3f0   0x0801c3f0   0x00000004   Data   RO         2354    .constdata          mc_w.l(ctype_o.o)
    0x0801c3f4   0x0801c3f4   0x00000030   Data   RO            6    .conststring        api_utc.o
    0x0801c424   0x0801c424   0x0000004b   Data   RO          345    .conststring        eeprom.o
    0x0801c46f   0x0801c46f   0x00000001   PAD
    0x0801c470   0x0801c470   0x00000053   Data   RO          450    .conststring        alarm.o
    0x0801c4c3   0x0801c4c3   0x00000001   PAD
    0x0801c4c4   0x0801c4c4   0x0000002e   Data   RO          561    .conststring        bsp_gpio.o
    0x0801c4f2   0x0801c4f2   0x00000002   PAD
    0x0801c4f4   0x0801c4f4   0x0000001f   Data   RO          683    .conststring        pwm.o
    0x0801c513   0x0801c513   0x00000001   PAD
    0x0801c514   0x0801c514   0x00000102   Data   RO          881    .conststring        bsp_wdg.o
    0x0801c616   0x0801c616   0x00000002   PAD
    0x0801c618   0x0801c618   0x00000159   Data   RO          971    .conststring        shell.o
    0x0801c771   0x0801c771   0x00000003   PAD
    0x0801c774   0x0801c774   0x00000046   Data   RO         1081    .conststring        gpio_shell.o
    0x0801c7ba   0x0801c7ba   0x00000002   PAD
    0x0801c7bc   0x0801c7bc   0x00000109   Data   RO         1111    .conststring        main.o
    0x0801c8c5   0x0801c8c5   0x00000003   PAD
    0x0801c8c8   0x0801c8c8   0x00000879   Data   RO         1240    .conststring        cm_backtrace.o
    0x0801d141   0x0801d141   0x00000003   PAD
    0x0801d144   0x0801d144   0x00000020   Data   RO         2415    Region$$Table       anon$$obj.o
    0x0801d164   0x0801d164   0x00000010   Data   RO          347    shellCommand        eeprom.o
    0x0801d174   0x0801d174   0x00000010   Data   RO          416    shellCommand        temperatureinside.o
    0x0801d184   0x0801d184   0x00000010   Data   RO          453    shellCommand        alarm.o
    0x0801d194   0x0801d194   0x00000010   Data   RO          686    shellCommand        pwm.o
    0x0801d1a4   0x0801d1a4   0x00000010   Data   RO          912    shellCommand        bsp_rtc.o
    0x0801d1b4   0x0801d1b4   0x000000f0   Data   RO          973    shellCommand        shell.o
    0x0801d2a4   0x0801d2a4   0x00000010   Data   RO         1082    shellCommand        gpio_shell.o
    0x0801d2b4   0x0801d2b4   0x00000010   Data   RO         1113    shellCommand        main.o
    0x0801d2c4   0x0801d2c4   0x00000010   Data   RO         1242    shellCommand        cm_backtrace.o


    Execution Region MY_REGION (Exec base: 0x0801d2d4, Load base: 0x0801d2d4, Size: 0x0000002c, Max: 0xffffffff, ABSOLUTE)

    Exec Addr    Load Addr    Size         Type   Attr      Idx    E Section Name        Object

    0x0801d2d4   0x0801d2d4   0x00000004   Data   RO          415    .initcall.1.core.init  temperatureinside.o
    0x0801d2d8   0x0801d2d8   0x00000004   Data   RO          452    .initcall.1.core.init  alarm.o
    0x0801d2dc   0x0801d2dc   0x00000004   Data   RO          685    .initcall.1.core.init  pwm.o
    0x0801d2e0   0x0801d2e0   0x00000004   Data   RO          810    .initcall.1.core.init  bsp_key.o
    0x0801d2e4   0x0801d2e4   0x00000004   Data   RO          911    .initcall.1.core.init  bsp_rtc.o
    0x0801d2e8   0x0801d2e8   0x0000000c   Data   RO          660    .initcall.2.app.init  initcall.o
    0x0801d2f4   0x0801d2f4   0x00000004   Data   RO          715    .initcall.2.app.init  bsp_i2cs0.o
    0x0801d2f8   0x0801d2f8   0x00000004   Data   RO          783    .initcall.2.app.init  bsp_i2cs1.o
    0x0801d2fc   0x0801d2fc   0x00000004   Data   RO          849    .initcall.2.app.init  tm1637.o


    Execution Region RW_IRAM1 (Exec base: 0x20000000, Load base: 0x0801d300, Size: 0x00008ec8, Max: 0x0000c000, ABSOLUTE, COMPRESSED[0x00000084])

    Exec Addr    Load Addr    Size         Type   Attr      Idx    E Section Name        Object

    0x20000000   COMPRESSED   0x00000008   Data   RW          243    .data               print_monitor.o
    0x20000008   COMPRESSED   0x00000001   Data   RW          346    .data               eeprom.o
    0x20000009   COMPRESSED   0x00000001   Data   RW          414    .data               temperatureinside.o
    0x2000000a   COMPRESSED   0x00000002   PAD
    0x2000000c   COMPRESSED   0x00000014   Data   RW          451    .data               alarm.o
    0x20000020   COMPRESSED   0x00000005   Data   RW          518    .data               bsp_uartcomm.o
    0x20000025   COMPRESSED   0x00000003   PAD
    0x20000028   COMPRESSED   0x00000080   Data   RW          588    .data               bsp_usart1.o
    0x200000a8   COMPRESSED   0x00000008   Data   RW          684    .data               pwm.o
    0x200000b0   COMPRESSED   0x00000004   Data   RW          714    .data               bsp_i2cs0.o
    0x200000b4   COMPRESSED   0x00000004   Data   RW          782    .data               bsp_i2cs1.o
    0x200000b8   COMPRESSED   0x00000020   Data   RW          809    .data               bsp_key.o
    0x200000d8   COMPRESSED   0x00000003   Data   RW          848    .data               tm1637.o
    0x200000db   COMPRESSED   0x00000001   PAD
    0x200000dc   COMPRESSED   0x00000004   Data   RW          882    .data               bsp_wdg.o
    0x200000e0   COMPRESSED   0x00000054   Data   RW          972    .data               shell.o
    0x20000134   COMPRESSED   0x00000004   PAD
    0x20000138   COMPRESSED   0x00000028   Data   RW         1112    .data               main.o
    0x20000160   COMPRESSED   0x0000003c   Data   RW         1241    .data               cm_backtrace.o
    0x2000019c   COMPRESSED   0x00000004   Data   RW         1285    .data               system_stm32f1xx.o
    0x200001a0   COMPRESSED   0x00000040   Data   RW         1400    .data               tasks.o
    0x200001e0   COMPRESSED   0x00000014   Data   RW         1422    .data               timers.o
    0x200001f4   COMPRESSED   0x00000020   Data   RW         1452    .data               heap_4.o
    0x20000214   COMPRESSED   0x0000000c   Data   RW         1467    .data               port.o
    0x20000220   COMPRESSED   0x00000009   Data   RW         1761    .data               stm32f1xx_hal.o
    0x20000229   COMPRESSED   0x00000003   PAD
    0x2000022c   COMPRESSED   0x00000004   Data   RW         2029    .data               mc_w.l(strtok.o)
    0x20000230   COMPRESSED   0x00000004   Data   RW         2343    .data               mc_w.l(stdout.o)
    0x20000234   COMPRESSED   0x00000004   Data   RW         2383    .data               mc_w.l(errno.o)
    0x20000238        -       0x00000400   Zero   RW          343    .bss                eeprom.o
    0x20000638        -       0x00000084   Zero   RW          412    .bss                temperatureinside.o
    0x200006bc        -       0x0000026a   Zero   RW          587    .bss                bsp_usart1.o
    0x20000926   COMPRESSED   0x00000002   PAD
    0x20000928        -       0x00000078   Zero   RW          681    .bss                pwm.o
    0x200009a0        -       0x00000038   Zero   RW          713    .bss                bsp_i2cs0.o
    0x200009d8        -       0x00000038   Zero   RW          781    .bss                bsp_i2cs1.o
    0x20000a10        -       0x0000000c   Zero   RW          846    .bss                tm1637.o
    0x20000a1c        -       0x0000000c   Zero   RW          879    .bss                bsp_wdg.o
    0x20000a28        -       0x00000024   Zero   RW          909    .bss                bsp_rtc.o
    0x20000a4c        -       0x0000001d   Zero   RW          969    .bss                shell.o
    0x20000a69   COMPRESSED   0x00000003   PAD
    0x20000a6c        -       0x00000134   Zero   RW         1035    .bss                shell_port.o
    0x20000ba0        -       0x000000c8   Zero   RW         1109    .bss                main.o
    0x20000c68        -       0x00000134   Zero   RW         1238    .bss                cm_backtrace.o
    0x20000d9c        -       0x00000040   Zero   RW         1363    .bss                queue.o
    0x20000ddc        -       0x000004c4   Zero   RW         1399    .bss                tasks.o
    0x200012a0        -       0x00000028   Zero   RW         1421    .bss                timers.o
    0x200012c8        -       0x00007800   Zero   RW         1451    .bss                heap_4.o
    0x20008ac8        -       0x00000400   Zero   RW         1273    STACK               startup_stm32f103xe.o


==============================================================================

Image component sizes


      Code (inc. data)   RO Data    RW Data    ZI Data      Debug   Object Name

      1712        542        152         20          0       9609   alarm.o
       952        122         96          0          0     541370   api_utc.o
       556         60        214          0          0       3743   bsp_gpio.o
       320         14          0          0          0       2240   bsp_i2c.o
       156          0          0          0          0       1904   bsp_i2ccomm.o
       936         20          4          4         56       4929   bsp_i2cs0.o
       936         20          4          4         56       4929   bsp_i2cs1.o
       568        108          4         32          0       2681   bsp_key.o
       676        188         47          0         36       2574   bsp_rtc.o
       740         12          0          5          0       5572   bsp_uartcomm.o
       256         16          0        128        618      13937   bsp_usart1.o
       440        110        314          4         12       1909   bsp_wdg.o
      3012        576       2461         60        308       9241   cm_backtrace.o
        12          0          0          0          0        356   cmb_fault.o
       964        184        112          1       1024      10862   eeprom.o
         0          0          0          0          0      11824   event_groups.o
       572          0          0          0          0      12713   fifo.o
       976        550        128          0          0       2962   gpio_shell.o
       832         32          0         32      30720       4258   heap_4.o
        36          8         12          0          0       2175   initcall.o
       148          0          0          0          0       2014   list.o
      1194        348        299         40        200       7201   main.o
       826         38          0         12          0       7838   port.o
       192          8          0          8          0      18734   print_monitor.o
      2012        568        132          8        120       6642   pwm.o
      4216         20          0          0         64      22657   queue.o
      4992        142        750         84         29      21750   shell.o
       842          8          0          0          0       3728   shell_ext.o
        76         12          0          0        308       1565   shell_port.o
        36          8        304          0       1024        748   startup_stm32f103xe.o
       444         38          0          9          0       7577   stm32f1xx_hal.o
      3516         96          0          0          0       9590   stm32f1xx_hal_adc.o
      2576         70          0          0          0       6634   stm32f1xx_hal_adc_ex.o
       744         20          0          0          0      30634   stm32f1xx_hal_cortex.o
      3840         42          0          0          0       6673   stm32f1xx_hal_dma.o
      1268         40          0          0          0       3923   stm32f1xx_hal_gpio.o
     18832        302          0          0          0      41286   stm32f1xx_hal_i2c.o
       108          0          0          0          0       1437   stm32f1xx_hal_iwdg.o
       520         30          0          0          0       2108   stm32f1xx_hal_msp.o
       520         20          0          0          0       4163   stm32f1xx_hal_pwr.o
      2380         88         18          0          0       5535   stm32f1xx_hal_rcc.o
       656         28         18          0          0       2228   stm32f1xx_hal_rcc_ex.o
      3066         34          0          0          0      11225   stm32f1xx_hal_rtc.o
       748          6          0          0          0       4561   stm32f1xx_hal_rtc_ex.o
     15164        258          0          0          0      42090   stm32f1xx_hal_tim.o
      5880        152          0          0          0      16883   stm32f1xx_hal_tim_ex.o
      6480         46          0          0          0      22504   stm32f1xx_hal_uart.o
       128         20          0          0          0       1926   stm32f1xx_it.o
       164         20         24          4          0       1401   system_stm32f1xx.o
      8120        390          0         64       1220      37541   tasks.o
       472         64         48          1        132       3726   temperatureinside.o
      1784         70          0         20         40      25608   timers.o
      1248         64         26          3         12       7223   tm1637.o

    ----------------------------------------------------------------------
    107854       5612       5224        556      35984    1039141   Object Totals
         0          0         32          0          0          0   (incl. Generated)
        10          0         25         13          5          0   (incl. Padding)

    ----------------------------------------------------------------------

      Code (inc. data)   RO Data    RW Data    ZI Data      Debug   Library Member Name

        56          8          0          0          0         84   __0sscanf.o
        86          0          0          0          0          0   __dczerorl2.o
        28          0          0          0          0         68   _chval.o
       816          6          0          0          0        112   _scanf.o
       332          0          0          0          0         96   _scanf_int.o
        64          0          0          0          0         84   _sgetc.o
       158          0          0          0          0         92   _strtoul.o
        26          0          0          0          0         80   atoi.o
         8          4        133          0          0         68   ctype_o.o
         0          0          0          0          0          0   entry.o
         0          0          0          0          0          0   entry10a.o
         0          0          0          0          0          0   entry11a.o
         4          0          0          0          0          0   entry12b.o
         8          4          0          0          0          0   entry2.o
         4          0          0          0          0          0   entry5.o
         0          0          0          0          0          0   entry7b.o
         0          0          0          0          0          0   entry8b.o
         8          4          0          0          0          0   entry9a.o
         8          4          0          4          0         68   errno.o
        30          0          0          0          0          0   handlers.o
        36          8          0          0          0         68   init.o
        18          0          0          0          0         76   isspace_o.o
         0          0          0          0          0          0   iusefp.o
        30          0          0          0          0         68   llshl.o
        36          0          0          0          0         68   llsshr.o
        32          0          0          0          0         68   llushr.o
        36          0          0          0          0         68   memcpya.o
        36          0          0          0          0        108   memseta.o
      2342        102          0          0          0        764   printfa.o
        40          8          0          0          0         84   scanf_char.o
         0          0          0          4          0          0   stdout.o
        28          0          0          0          0         76   strcmp.o
        14          0          0          0          0         68   strlen.o
        30          0          0          0          0         80   strncmp.o
        24          0          0          0          0         76   strncpy.o
        68          6          0          4          0         80   strtok.o
       112          0          0          0          0         88   strtol.o
        44          0          0          0          0         80   uidiv.o
        98          0          0          0          0         92   uldiv.o
        48          0          0          0          0         68   cdrcmple.o
        56          0          0          0          0         88   d2f.o
       334          0          0          0          0        148   dadd.o
       222          0          0          0          0        100   ddiv.o
       186          0          0          0          0        176   depilogue.o
        62          0          0          0          0         80   dfixi.o
        48          0          0          0          0         68   dfixul.o
        34          0          0          0          0         76   dflti.o
       228          0          0          0          0         96   dmul.o
        38          0          0          0          0         68   f2d.o
       124          0          0          0          0         88   fdiv.o
       110          0          0          0          0        168   fepilogue.o
        50          0          0          0          0         68   ffixi.o
        18          0          0          0          0         68   fflti.o
        10          0          0          0          0         68   ffltui.o
       100          0          0          0          0         76   fmul.o

    ----------------------------------------------------------------------
      6338        154        136         12          0       4268   Library Totals
        10          0          3          0          0          0   (incl. Padding)

    ----------------------------------------------------------------------

      Code (inc. data)   RO Data    RW Data    ZI Data      Debug   Library Name

      4660        154        133         12          0       2764   mc_w.l
      1668          0          0          0          0       1504   mf_w.l

    ----------------------------------------------------------------------
      6338        154        136         12          0       4268   Library Totals

    ----------------------------------------------------------------------

==============================================================================


      Code (inc. data)   RO Data    RW Data    ZI Data      Debug   

    114192       5766       5360        568      35984    1036101   Grand Totals
    114192       5766       5360        132      35984    1036101   ELF Image Totals (compressed)
    114192       5766       5360        132          0          0   ROM Totals

==============================================================================

    Total RO  Size (Code + RO Data)               119552 ( 116.75kB)
    Total RW  Size (RW Data + ZI Data)             36552 (  35.70kB)
    Total ROM Size (Code + RO Data + RW Data)     119684 ( 116.88kB)

==============================================================================

