Component: ARM Compiler 5.06 update 7 (build 960) Tool: armlink [4d3601]

==============================================================================

Section Cross References

    api_utc.o(.text) refers to strlen.o(.text) for strlen
    api_utc.o(.text) refers to strtok.o(.text) for strtok
    api_utc.o(.text) refers to memcpya.o(.text) for __aeabi_memcpy4
    api_utc.o(.text) refers to strcmp.o(.text) for strcmp
    api_utc.o(.text) refers to printfa.o(i.__0printf) for __2printf
    api_utc.o(.text) refers to atoi.o(.text) for atoi
    api_utc.o(.text) refers to api_utc.o(.constdata) for .constdata
    api_utc.o(.text) refers to main.o(.data) for g_debugLevel
    api_utc.o(.constdata) refers to api_utc.o(.conststring) for .conststring
    fifo.o(.text) refers to port.o(.text) for vPortEnterCritical
    print_monitor.o(.text) refers to queue.o(.text) for xQueueGenericCreate
    print_monitor.o(.text) refers to tasks.o(.text) for vTaskDelay
    print_monitor.o(.text) refers to bsp_uartcomm.o(.text) for UART_sendContinueDMA
    print_monitor.o(.text) refers to port.o(.emb_text) for vPortGetIPSR
    print_monitor.o(.text) refers to print_monitor.o(.data) for g_Queue_uartResend
    i2cforward.o(.text) refers to tasks.o(.text) for vTaskDelay
    eeprom.o(.text) refers to bsp_i2ccomm.o(.text) for I2C_Rx
    eeprom.o(.text) refers to tasks.o(.text) for vTaskDelay
    eeprom.o(.text) refers to strtol.o(.text) for strtol
    eeprom.o(.text) refers to printfa.o(i.__0printf) for __2printf
    eeprom.o(.text) refers to eeprom.o(.data) for I2C1_EEPROM_ADDR
    eeprom.o(.text) refers to eeprom.o(.conststring) for .conststring
    eeprom.o(.text) refers to eeprom.o(.bss) for EEPROM_Buf
    eeprom.o(shellCommand) refers to eeprom.o(.constdata) for shellCmdee
    eeprom.o(shellCommand) refers to eeprom.o(.text) for cmd_EEPROM
    temperatureinside.o(.text) refers to stm32f1xx_hal_adc.o(.text) for HAL_ADC_Init
    temperatureinside.o(.text) refers to main.o(i.Error_Handler) for Error_Handler
    temperatureinside.o(.text) refers to stm32f1xx_hal_adc_ex.o(.text) for HAL_ADCEx_Calibration_Start
    temperatureinside.o(.text) refers to stm32f1xx_hal_dma.o(.text) for HAL_DMA_Init
    temperatureinside.o(.text) refers to dflti.o(.text) for __aeabi_i2d
    temperatureinside.o(.text) refers to ddiv.o(.text) for __aeabi_ddiv
    temperatureinside.o(.text) refers to dadd.o(.text) for __aeabi_dadd
    temperatureinside.o(.text) refers to dfixi.o(.text) for __aeabi_d2iz
    temperatureinside.o(.text) refers to fflti.o(.text) for __aeabi_i2f
    temperatureinside.o(.text) refers to ffixi.o(.text) for __aeabi_f2iz
    temperatureinside.o(.text) refers to f2d.o(.text) for __aeabi_f2d
    temperatureinside.o(.text) refers to d2f.o(.text) for __aeabi_d2f
    temperatureinside.o(.text) refers to printfa.o(i.__0printf) for __2printf
    temperatureinside.o(.text) refers to temperatureinside.o(.bss) for AdcHandle
    temperatureinside.o(.text) refers to temperatureinside.o(.data) for g_adcConvertFinished
    temperatureinside.o(.initcall.1.core.init) refers to temperatureinside.o(.text) for TemperatureInside_Init
    temperatureinside.o(shellCommand) refers to temperatureinside.o(.constdata) for shellCmdtemp
    temperatureinside.o(shellCommand) refers to temperatureinside.o(.text) for GetMcuTemperature
    bsp_uartcomm.o(.text) refers to fifo.o(i.FIFO_Empty) for FIFO_Empty
    bsp_uartcomm.o(.text) refers to fifo.o(.text) for FIFO_Read
    bsp_uartcomm.o(.text) refers to stm32f1xx_hal_uart.o(.text) for HAL_UART_Transmit_IT
    bsp_uartcomm.o(.text) refers to tasks.o(.text) for xTaskGetSchedulerState
    bsp_uartcomm.o(.text) refers to print_monitor.o(.text) for PrintMonitor_PostdMsg
    bsp_uartcomm.o(.text) refers to bsp_uartcomm.o(i.UART_sendByte) for UART_sendByte
    bsp_uartcomm.o(.text) refers to port.o(.text) for vPortEnterCritical
    bsp_uartcomm.o(.text) refers to bsp_usart1.o(.text) for UART1_init
    bsp_uartcomm.o(.text) refers to bsp_uartcomm.o(.data) for g_pUARTSHandler
    bsp_gpio.o(.text) refers to stm32f1xx_hal_gpio.o(.text) for HAL_GPIO_Init
    bsp_gpio.o(.text) refers to printfa.o(i.__0printf) for __2printf
    bsp_gpio.o(.text) refers to bsp_gpio.o(.constdata) for g_gpioConfigComm
    bsp_gpio.o(.constdata) refers to bsp_gpio.o(.conststring) for .conststring
    bsp_usart1.o(.text) refers to fifo.o(.text) for FIFO_Init
    bsp_usart1.o(.text) refers to bsp_uartcomm.o(.text) for com_registHandler
    bsp_usart1.o(.text) refers to stm32f1xx_hal_uart.o(.text) for HAL_UART_Init
    bsp_usart1.o(.text) refers to print_monitor.o(.text) for PrintMonitorInit
    bsp_usart1.o(.text) refers to fifo.o(i.FIFO_Empty) for FIFO_Empty
    bsp_usart1.o(.text) refers to bsp_usart1.o(.bss) for g_buffSend
    bsp_usart1.o(.text) refers to bsp_usart1.o(.data) for g_UARTPara
    bsp_i2c.o(.text) refers to stm32f1xx_hal_i2c.o(.text) for HAL_I2C_Init
    bsp_i2c.o(.text) refers to main.o(i.Error_Handler) for Error_Handler
[...]
    vListInitialiseItem                      0x080052df   Thumb Code     6  list.o(.text)
    vListInsertEnd                           0x080052e5   Thumb Code    24  list.o(.text)
    vListInsert                              0x080052fd   Thumb Code    52  list.o(.text)
    uxListRemove                             0x08005331   Thumb Code    40  list.o(.text)
    xQueueGenericReset                       0x08005359   Thumb Code   214  queue.o(.text)
    xQueueGenericCreate                      0x08005459   Thumb Code   102  queue.o(.text)
    xQueueGenericSend                        0x080055d9   Thumb Code   420  queue.o(.text)
    xQueueCreateMutex                        0x0800579b   Thumb Code    38  queue.o(.text)
    xQueueGetMutexHolder                     0x080057c1   Thumb Code    52  queue.o(.text)
    xQueueGetMutexHolderFromISR              0x080057f5   Thumb Code    38  queue.o(.text)
    xQueueGiveMutexRecursive                 0x0800581b   Thumb Code    72  queue.o(.text)
    xQueueSemaphoreTake                      0x08005891   Thumb Code   434  queue.o(.text)
    xQueueTakeMutexRecursive                 0x08005a43   Thumb Code    78  queue.o(.text)
    xQueueCreateCountingSemaphore            0x08005a91   Thumb Code    60  queue.o(.text)
    xQueueGenericSendFromISR                 0x08005acd   Thumb Code   288  queue.o(.text)
    xQueueGiveFromISR                        0x08005bed   Thumb Code   260  queue.o(.text)
    xQueueReceive                            0x08005d21   Thumb Code   356  queue.o(.text)
    xQueuePeek                               0x08005e85   Thumb Code   362  queue.o(.text)
    xQueueReceiveFromISR                     0x08005fef   Thumb Code   238  queue.o(.text)
    xQueuePeekFromISR                        0x080060dd   Thumb Code   176  queue.o(.text)
    uxQueueMessagesWaiting                   0x0800618d   Thumb Code    46  queue.o(.text)
    uxQueueSpacesAvailable                   0x080061bb   Thumb Code    48  queue.o(.text)
    uxQueueMessagesWaitingFromISR            0x080061eb   Thumb Code    34  queue.o(.text)
    vQueueUnregisterQueue                    0x0800620d   Thumb Code    68  queue.o(.text)
    vQueueDelete                             0x08006251   Thumb Code    44  queue.o(.text)
    uxQueueGetQueueNumber                    0x0800627d   Thumb Code     6  queue.o(.text)
    vQueueSetQueueNumber                     0x08006283   Thumb Code     4  queue.o(.text)
    ucQueueGetQueueType                      0x08006287   Thumb Code     8  queue.o(.text)
    xQueueIsQueueEmptyFromISR                0x0800628f   Thumb Code    42  queue.o(.text)
    xQueueIsQueueFullFromISR                 0x080062b9   Thumb Code    46  queue.o(.text)
    vQueueAddToRegistry                      0x080062e7   Thumb Code    90  queue.o(.text)
    pcQueueGetName                           0x08006341   Thumb Code    64  queue.o(.text)
    vQueueWaitForMessageRestricted           0x08006381   Thumb Code    74  queue.o(.text)
    xTaskCreate                              0x080065c7   Thumb Code    96  tasks.o(.text)
    vTaskDelete                              0x08006661   Thumb Code   168  tasks.o(.text)
    xTaskIncrementTick                       0x08006709   Thumb Code   478  tasks.o(.text)
    xTaskResumeAll                           0x080068e7   Thumb Code   336  tasks.o(.text)
    vTaskSuspendAll                          0x08006ac3   Thumb Code    12  tasks.o(.text)
    xTaskDelayUntil                          0x08006acf   Thumb Code   202  tasks.o(.text)
    vTaskDelay                               0x08006b99   Thumb Code    82  tasks.o(.text)
    eTaskGetState                            0x08006beb   Thumb Code   198  tasks.o(.text)
    uxTaskPriorityGet                        0x08006cb1   Thumb Code    30  tasks.o(.text)
    uxTaskPriorityGetFromISR                 0x08006ccf   Thumb Code    62  tasks.o(.text)
    vTaskPrioritySet                         0x08006d0d   Thumb Code   292  tasks.o(.text)
    vTaskSwitchContext                       0x08006e31   Thumb Code   122  tasks.o(.text)
    vTaskSuspend                             0x08006eab   Thumb Code   190  tasks.o(.text)
    vTaskResume                              0x08006fb9   Thumb Code   224  tasks.o(.text)
    xTaskResumeFromISR                       0x08007099   Thumb Code   216  tasks.o(.text)
    vTaskStartScheduler                      0x080071d1   Thumb Code   124  tasks.o(.text)
    vTaskEndScheduler                        0x0800724d   Thumb Code    32  tasks.o(.text)
    xTaskGetTickCount                        0x0800726d   Thumb Code     6  tasks.o(.text)
    xTaskGetTickCountFromISR                 0x08007273   Thumb Code    16  tasks.o(.text)
    uxTaskGetNumberOfTasks                   0x08007283   Thumb Code     6  tasks.o(.text)
    pcTaskGetName                            0x08007289   Thumb Code    44  tasks.o(.text)
    vTaskGetInfo                             0x080072cb   Thumb Code   126  tasks.o(.text)
    uxTaskGetSystemState                     0x080073b3   Thumb Code   152  tasks.o(.text)
    xTaskCatchUpTicks                        0x0800744b   Thumb Code    64  tasks.o(.text)
    vTaskPlaceOnEventList                    0x0800748b   Thumb Code   142  tasks.o(.text)
    vTaskPlaceOnUnorderedEventList           0x08007519   Thumb Code   134  tasks.o(.text)
    vTaskPlaceOnEventListRestricted          0x0800759f   Thumb Code    94  tasks.o(.text)
    xTaskRemoveFromEventList                 0x080075fd   Thumb Code   262  tasks.o(.text)
    vTaskRemoveFromUnorderedEventList        0x08007703   Thumb Code   248  tasks.o(.text)
    vTaskSetTimeOutState                     0x080077fb   Thumb Code    50  tasks.o(.text)
    vTaskInternalSetTimeOutState             0x0800782d   Thumb Code    14  tasks.o(.text)
    xTaskCheckForTimeOut                     0x0800783b   Thumb Code   136  tasks.o(.text)
    vTaskMissedYield                         0x080078c3   Thumb Code     8  tasks.o(.text)
    uxTaskGetTaskNumber                      0x080078cb   Thumb Code    14  tasks.o(.text)
    vTaskSetTaskNumber                       0x080078d9   Thumb Code     8  tasks.o(.text)
    uxTaskGetStackHighWaterMark              0x080078e1   Thumb Code    34  tasks.o(.text)
    xTaskGetCurrentTaskHandle                0x08007903   Thumb Code     6  tasks.o(.text)
    xTaskGetSchedulerState                   0x08007909   Thumb Code    60  tasks.o(.text)
    xTaskPriorityInherit                     0x08007945   Thumb Code   202  tasks.o(.text)
    xTaskPriorityDisinherit                  0x08007a0f   Thumb Code   202  tasks.o(.text)
    vTaskPriorityDisinheritAfterTimeout      0x08007ad9   Thumb Code   246  tasks.o(.text)
    uxTaskResetEventItemValue                0x08007bcf   Thumb Code    24  tasks.o(.text)
    pvTaskIncrementMutexHeldCount            0x08007be7   Thumb Code    26  tasks.o(.text)
    ulTaskGenericNotifyTake                  0x08007c01   Thumb Code   160  tasks.o(.text)
    xTaskGenericNotifyWait                   0x08007ca1   Thumb Code   212  tasks.o(.text)
    xTaskGenericNotify                       0x08007d75   Thumb Code   440  tasks.o(.text)
    xTaskGenericNotifyFromISR                0x08007f2d   Thumb Code   548  tasks.o(.text)
    vTaskGenericNotifyGiveFromISR            0x08008151   Thumb Code   370  tasks.o(.text)
    xTaskGenericNotifyStateClear             0x080082c3   Thumb Code    90  tasks.o(.text)
    ulTaskGenericNotifyValueClear            0x0800831d   Thumb Code    58  tasks.o(.text)
    vTaskStackAddr                           0x08008357   Thumb Code     8  tasks.o(.text)
    vTaskStackSize                           0x0800835f   Thumb Code     8  tasks.o(.text)
    vTaskName                                0x08008367   Thumb Code     8  tasks.o(.text)
    xTimerCreateTimerTask                    0x080086d3   Thumb Code    64  timers.o(.text)
    xTimerCreate                             0x0800876b   Thumb Code   106  timers.o(.text)
    xTimerGenericCommand                     0x080087d5   Thumb Code   128  timers.o(.text)
    xTimerGetTimerDaemonTaskHandle           0x08008855   Thumb Code    42  timers.o(.text)
    xTimerGetPeriod                          0x0800887f   Thumb Code    32  timers.o(.text)
    vTimerSetReloadMode                      0x0800889f   Thumb Code    70  timers.o(.text)
    uxTimerGetReloadMode                     0x080088e5   Thumb Code    58  timers.o(.text)
    xTimerGetExpiryTime                      0x0800891f   Thumb Code    34  timers.o(.text)
    pcTimerGetName                           0x08008941   Thumb Code    32  timers.o(.text)
    xTimerIsTimerActive                      0x08008961   Thumb Code    58  timers.o(.text)
    pvTimerGetTimerID                        0x0800899b   Thumb Code    44  timers.o(.text)
    vTimerSetTimerID                         0x080089c7   Thumb Code    44  timers.o(.text)
    xTimerPendFunctionCallFromISR            0x080089f3   Thumb Code    48  timers.o(.text)
    xTimerPendFunctionCall                   0x08008a23   Thumb Code    76  timers.o(.text)
    uxTimerGetTimerNumber                    0x08008a6f   Thumb Code     6  timers.o(.text)
    vTimerSetTimerNumber                     0x08008a75   Thumb Code     4  timers.o(.text)
    pvPortMalloc                             0x08008b43   Thumb Code   338  heap_4.o(.text)
    vPortFree                                0x08008c95   Thumb Code   150  heap_4.o(.text)
    xPortGetFreeHeapSize                     0x08008d2b   Thumb Code     6  heap_4.o(.text)
    xPortGetMinimumEverFreeHeapSize          0x08008d31   Thumb Code     6  heap_4.o(.text)
    vPortInitialiseBlocks                    0x08008d37   Thumb Code     2  heap_4.o(.text)
    vPortGetHeapStats                        0x08008d39   Thumb Code   104  heap_4.o(.text)
    pxPortInitialiseStack                    0x08008dfd   Thumb Code    30  port.o(.text)
    xPortStartScheduler                      0x08008e1b   Thumb Code   228  port.o(.text)
    vPortEndScheduler                        0x08008eff   Thumb Code    42  port.o(.text)
    vPortEnterCritical                       0x08008f29   Thumb Code    78  port.o(.text)
    vPortExitCritical                        0x08008f77   Thumb Code    56  port.o(.text)
    xPortSysTickHandler                      0x08008faf   Thumb Code    48  port.o(.text)
    vPortValidateInterruptPriority           0x08008fdf   Thumb Code   108  port.o(.text)
    HAL_GPIO_Init                            0x08009065   Thumb Code   792  stm32f1xx_hal_gpio.o(.text)
    HAL_GPIO_DeInit                          0x0800937d   Thumb Code   312  stm32f1xx_hal_gpio.o(.text)
    HAL_GPIO_ReadPin                         0x080094b5   Thumb Code    16  stm32f1xx_hal_gpio.o(.text)
    HAL_GPIO_WritePin                        0x080094c5   Thumb Code    12  stm32f1xx_hal_gpio.o(.text)
    HAL_GPIO_TogglePin                       0x080094d1   Thumb Code    20  stm32f1xx_hal_gpio.o(.text)
    HAL_GPIO_LockPin                         0x080094e5   Thumb Code    46  stm32f1xx_hal_gpio.o(.text)
    HAL_GPIO_EXTI_Callback                   0x08009513   Thumb Code     2  stm32f1xx_hal_gpio.o(.text)
    HAL_GPIO_EXTI_IRQHandler                 0x08009515   Thumb Code    28  stm32f1xx_hal_gpio.o(.text)
    HAL_DMA_Init                             0x08009559   Thumb Code   132  stm32f1xx_hal_dma.o(.text)
    HAL_DMA_DeInit                           0x080095dd   Thumb Code   132  stm32f1xx_hal_dma.o(.text)
    HAL_DMA_Start                            0x0800968d   Thumb Code   114  stm32f1xx_hal_dma.o(.text)
    HAL_DMA_Start_IT                         0x080096ff   Thumb Code   156  stm32f1xx_hal_dma.o(.text)
    HAL_DMA_Abort                            0x0800979b   Thumb Code    86  stm32f1xx_hal_dma.o(.text)
    HAL_DMA_Abort_IT                         0x080097f1   Thumb Code   422  stm32f1xx_hal_dma.o(.text)
    HAL_DMA_PollForTransfer                  0x08009997   Thumb Code  1616  stm32f1xx_hal_dma.o(.text)
    HAL_DMA_IRQHandler                       0x08009fe7   Thumb Code   920  stm32f1xx_hal_dma.o(.text)
    HAL_DMA_RegisterCallback                 0x0800a37f   Thumb Code    90  stm32f1xx_hal_dma.o(.text)
    HAL_DMA_UnRegisterCallback               0x0800a3d9   Thumb Code   106  stm32f1xx_hal_dma.o(.text)
    HAL_DMA_GetState                         0x0800a443   Thumb Code     8  stm32f1xx_hal_dma.o(.text)
    HAL_DMA_GetError                         0x0800a44b   Thumb Code     6  stm32f1xx_hal_dma.o(.text)
    TIM_Base_SetConfig                       0x0800a459   Thumb Code   134  stm32f1xx_hal_tim.o(.text)
    HAL_TIM_Base_MspInit                     0x0800a4df   Thumb Code     2  stm32f1xx_hal_tim.o(.text)
    HAL_TIM_Base_Init                        0x0800a4e1   Thumb Code   102  stm32f1xx_hal_tim.o(.text)
    HAL_TIM_Base_MspDeInit                   0x0800a547   Thumb Code     2  stm32f1xx_hal_tim.o(.text)
    HAL_TIM_Base_DeInit                      0x0800a549   Thumb Code   120  stm32f1xx_hal_tim.o(.text)
    HAL_TIM_Base_Start                       0x0800a5c1   Thumb Code   110  stm32f1xx_hal_tim.o(.text)
    HAL_TIM_Base_Stop                        0x0800a62f   Thumb Code    50  stm32f1xx_hal_tim.o(.text)
    HAL_TIM_Base_Start_IT                    0x0800a661   Thumb Code   122  stm32f1xx_hal_tim.o(.text)
    HAL_TIM_Base_Stop_IT                     0x0800a6db   Thumb Code    62  stm32f1xx_hal_tim.o(.text)
    HAL_TIM_ErrorCallback                    0x0800a719   Thumb Code     2  stm32f1xx_hal_tim.o(.text)
    TIM_DMAError                             0x0800a71b   Thumb Code    94  stm32f1xx_hal_tim.o(.text)
    HAL_TIM_PeriodElapsedHalfCpltCallback    0x0800a779   Thumb Code     2  stm32f1xx_hal_tim.o(.text)
    HAL_TIM_PeriodElapsedCallback            0x0800a789   Thumb Code     2  stm32f1xx_hal_tim.o(.text)
    HAL_TIM_Base_Start_DMA                   0x0800a7a5   Thumb Code   224  stm32f1xx_hal_tim.o(.text)
    HAL_TIM_Base_Stop_DMA                    0x0800a885   Thumb Code    70  stm32f1xx_hal_tim.o(.text)
    HAL_TIM_OC_MspInit                       0x0800a8cb   Thumb Code     2  stm32f1xx_hal_tim.o(.text)
    HAL_TIM_OC_Init                          0x0800a8cd   Thumb Code   102  stm32f1xx_hal_tim.o(.text)
    HAL_TIM_OC_MspDeInit                     0x0800a933   Thumb Code     2  stm32f1xx_hal_tim.o(.text)
    HAL_TIM_OC_DeInit                        0x0800a935   Thumb Code   120  stm32f1xx_hal_tim.o(.text)
    TIM_CCxChannelCmd                        0x0800a9ad   Thumb Code    34  stm32f1xx_hal_tim.o(.text)
    HAL_TIM_OC_Start                         0x0800a9cf   Thumb Code   222  stm32f1xx_hal_tim.o(.text)
    HAL_TIM_OC_Stop                          0x0800aaad   Thumb Code   160  stm32f1xx_hal_tim.o(.text)
    HAL_TIM_OC_Start_IT                      0x0800ab4d   Thumb Code   304  stm32f1xx_hal_tim.o(.text)
    HAL_TIM_OC_Stop_IT                       0x0800ac7d   Thumb Code   244  stm32f1xx_hal_tim.o(.text)
    HAL_TIM_PWM_PulseFinishedHalfCpltCallback 0x0800ad71   Thumb Code     2  stm32f1xx_hal_tim.o(.text)
    TIM_DMADelayPulseHalfCplt                0x0800ad73   Thumb Code    64  stm32f1xx_hal_tim.o(.text)
    HAL_TIM_PWM_PulseFinishedCallback        0x0800adb3   Thumb Code     2  stm32f1xx_hal_tim.o(.text)
    HAL_TIM_OC_Start_DMA                     0x0800ae31   Thumb Code   548  stm32f1xx_hal_tim.o(.text)
    HAL_TIM_OC_Stop_DMA                      0x0800b055   Thumb Code   268  stm32f1xx_hal_tim.o(.text)
    HAL_TIM_PWM_MspInit                      0x0800b161   Thumb Code     2  stm32f1xx_hal_tim.o(.text)
    HAL_TIM_PWM_Init                         0x0800b163   Thumb Code   102  stm32f1xx_hal_tim.o(.text)
    HAL_TIM_PWM_MspDeInit                    0x0800b1c9   Thumb Code     2  stm32f1xx_hal_tim.o(.text)
    HAL_TIM_PWM_DeInit                       0x0800b1cb   Thumb Code   120  stm32f1xx_hal_tim.o(.text)
    HAL_TIM_PWM_Start                        0x0800b243   Thumb Code   248  stm32f1xx_hal_tim.o(.text)
    HAL_TIM_PWM_Stop                         0x0800b33b   Thumb Code   160  stm32f1xx_hal_tim.o(.text)
    HAL_TIM_PWM_Start_IT                     0x0800b3db   Thumb Code   304  stm32f1xx_hal_tim.o(.text)
    HAL_TIM_PWM_Stop_IT                      0x0800b50b   Thumb Code   244  stm32f1xx_hal_tim.o(.text)
    HAL_TIM_PWM_Start_DMA                    0x0800b5ff   Thumb Code   568  stm32f1xx_hal_tim.o(.text)
    HAL_TIM_PWM_Stop_DMA                     0x0800b837   Thumb Code   268  stm32f1xx_hal_tim.o(.text)
    HAL_TIM_IC_MspInit                       0x0800b943   Thumb Code     2  stm32f1xx_hal_tim.o(.text)
    HAL_TIM_IC_Init                          0x0800b945   Thumb Code   102  stm32f1xx_hal_tim.o(.text)
    HAL_TIM_IC_MspDeInit                     0x0800b9ab   Thumb Code     2  stm32f1xx_hal_tim.o(.text)
    HAL_TIM_IC_DeInit                        0x0800b9ad   Thumb Code   120  stm32f1xx_hal_tim.o(.text)
    HAL_TIM_IC_Start                         0x0800ba25   Thumb Code   302  stm32f1xx_hal_tim.o(.text)
    HAL_TIM_IC_Stop                          0x0800bb53   Thumb Code   138  stm32f1xx_hal_tim.o(.text)
    HAL_TIM_IC_Start_IT                      0x0800bbdd   Thumb Code   356  stm32f1xx_hal_tim.o(.text)
    HAL_TIM_IC_Stop_IT                       0x0800bd41   Thumb Code   222  stm32f1xx_hal_tim.o(.text)
    HAL_TIM_IC_CaptureHalfCpltCallback       0x0800be1f   Thumb Code     2  stm32f1xx_hal_tim.o(.text)
    TIM_DMACaptureHalfCplt                   0x0800be21   Thumb Code    64  stm32f1xx_hal_tim.o(.text)
    HAL_TIM_IC_CaptureCallback               0x0800be61   Thumb Code     2  stm32f1xx_hal_tim.o(.text)
    TIM_DMACaptureCplt                       0x0800be63   Thumb Code   122  stm32f1xx_hal_tim.o(.text)
    HAL_TIM_IC_Start_DMA                     0x0800bedd   Thumb Code   588  stm32f1xx_hal_tim.o(.text)
    HAL_TIM_IC_Stop_DMA                      0x0800c129   Thumb Code   244  stm32f1xx_hal_tim.o(.text)
    HAL_TIM_OnePulse_MspInit                 0x0800c21d   Thumb Code     2  stm32f1xx_hal_tim.o(.text)
    HAL_TIM_OnePulse_Init                    0x0800c21f   Thumb Code   102  stm32f1xx_hal_tim.o(.text)
    HAL_TIM_OnePulse_MspDeInit               0x0800c285   Thumb Code     2  stm32f1xx_hal_tim.o(.text)
    HAL_TIM_OnePulse_DeInit                  0x0800c287   Thumb Code    96  stm32f1xx_hal_tim.o(.text)
    HAL_TIM_OnePulse_Start                   0x0800c2e7   Thumb Code   132  stm32f1xx_hal_tim.o(.text)
    HAL_TIM_OnePulse_Stop                    0x0800c36b   Thumb Code   178  stm32f1xx_hal_tim.o(.text)
    HAL_TIM_OnePulse_Start_IT                0x0800c41d   Thumb Code   156  stm32f1xx_hal_tim.o(.text)
    HAL_TIM_OnePulse_Stop_IT                 0x0800c4b9   Thumb Code   176  stm32f1xx_hal_tim.o(.text)
    HAL_TIM_Encoder_MspInit                  0x0800c569   Thumb Code     2  stm32f1xx_hal_tim.o(.text)
    HAL_TIM_Encoder_Init                     0x0800c56b   Thumb Code   196  stm32f1xx_hal_tim.o(.text)
    HAL_TIM_Encoder_MspDeInit                0x0800c62f   Thumb Code     2  stm32f1xx_hal_tim.o(.text)
    HAL_TIM_Encoder_DeInit                   0x0800c631   Thumb Code    96  stm32f1xx_hal_tim.o(.text)
    HAL_TIM_Encoder_Start                    0x0800c691   Thumb Code   204  stm32f1xx_hal_tim.o(.text)
    HAL_TIM_Encoder_Stop                     0x0800c75d   Thumb Code   214  stm32f1xx_hal_tim.o(.text)
    HAL_TIM_Encoder_Start_IT                 0x0800c833   Thumb Code   260  stm32f1xx_hal_tim.o(.text)
    HAL_TIM_Encoder_Stop_IT                  0x0800c937   Thumb Code   256  stm32f1xx_hal_tim.o(.text)
    HAL_TIM_Encoder_Start_DMA                0x0800ca37   Thumb Code   560  stm32f1xx_hal_tim.o(.text)
    HAL_TIM_Encoder_Stop_DMA                 0x0800cc67   Thumb Code   280  stm32f1xx_hal_tim.o(.text)
    HAL_TIM_TriggerCallback                  0x0800cd7f   Thumb Code     2  stm32f1xx_hal_tim.o(.text)
    HAL_TIM_OC_DelayElapsedCallback          0x0800cd81   Thumb Code     2  stm32f1xx_hal_tim.o(.text)
    HAL_TIM_IRQHandler                       0x0800cd83   Thumb Code   410  stm32f1xx_hal_tim.o(.text)
    TIM_OC2_SetConfig                        0x0800cfd7   Thumb Code   114  stm32f1xx_hal_tim.o(.text)
    HAL_TIM_OC_ConfigChannel                 0x0800d0b1   Thumb Code   112  stm32f1xx_hal_tim.o(.text)
    TIM_TI1_SetConfig                        0x0800d1cf   Thumb Code   102  stm32f1xx_hal_tim.o(.text)
    HAL_TIM_IC_ConfigChannel                 0x0800d235   Thumb Code   222  stm32f1xx_hal_tim.o(.text)
    HAL_TIM_PWM_ConfigChannel                0x0800d313   Thumb Code   282  stm32f1xx_hal_tim.o(.text)
    HAL_TIM_OnePulse_ConfigChannel           0x0800d42d   Thumb Code   310  stm32f1xx_hal_tim.o(.text)
    HAL_TIM_TriggerHalfCpltCallback          0x0800d563   Thumb Code     2  stm32f1xx_hal_tim.o(.text)
    HAL_TIM_DMABurst_MultiWriteStart         0x0800d58d   Thumb Code   438  stm32f1xx_hal_tim.o(.text)
    HAL_TIM_DMABurst_WriteStart              0x0800d743   Thumb Code    42  stm32f1xx_hal_tim.o(.text)
    HAL_TIM_DMABurst_WriteStop               0x0800d76d   Thumb Code   140  stm32f1xx_hal_tim.o(.text)
    HAL_TIM_DMABurst_MultiReadStart          0x0800d7f9   Thumb Code   438  stm32f1xx_hal_tim.o(.text)
    HAL_TIM_DMABurst_ReadStart               0x0800d9af   Thumb Code    86  stm32f1xx_hal_tim.o(.text)
    HAL_TIM_DMABurst_ReadStop                0x0800da05   Thumb Code   140  stm32f1xx_hal_tim.o(.text)
    HAL_TIM_GenerateEvent                    0x0800da91   Thumb Code    54  stm32f1xx_hal_tim.o(.text)
    TIM_ETR_SetConfig                        0x0800dac7   Thumb Code    22  stm32f1xx_hal_tim.o(.text)
    HAL_TIM_ConfigOCrefClear                 0x0800dadd   Thumb Code   278  stm32f1xx_hal_tim.o(.text)
    HAL_TIM_ConfigClockSource                0x0800dc53   Thumb Code   268  stm32f1xx_hal_tim.o(.text)
    HAL_TIM_ConfigTI1Input                   0x0800dd5f   Thumb Code    22  stm32f1xx_hal_tim.o(.text)
    HAL_TIM_SlaveConfigSynchro               0x0800de27   Thumb Code   108  stm32f1xx_hal_tim.o(.text)
    HAL_TIM_SlaveConfigSynchro_IT            0x0800de93   Thumb Code   108  stm32f1xx_hal_tim.o(.text)
    HAL_TIM_ReadCapturedValue                0x0800deff   Thumb Code    50  stm32f1xx_hal_tim.o(.text)
    HAL_TIM_Base_GetState                    0x0800df31   Thumb Code     8  stm32f1xx_hal_tim.o(.text)
    HAL_TIM_OC_GetState                      0x0800df39   Thumb Code     8  stm32f1xx_hal_tim.o(.text)
    HAL_TIM_PWM_GetState                     0x0800df41   Thumb Code     8  stm32f1xx_hal_tim.o(.text)
    HAL_TIM_IC_GetState                      0x0800df49   Thumb Code     8  stm32f1xx_hal_tim.o(.text)
    HAL_TIM_OnePulse_GetState                0x0800df51   Thumb Code     8  stm32f1xx_hal_tim.o(.text)
    HAL_TIM_Encoder_GetState                 0x0800df59   Thumb Code     8  stm32f1xx_hal_tim.o(.text)
    HAL_TIM_GetActiveChannel                 0x0800df61   Thumb Code     6  stm32f1xx_hal_tim.o(.text)
    HAL_TIM_GetChannelState                  0x0800df67   Thumb Code    38  stm32f1xx_hal_tim.o(.text)
    HAL_TIM_DMABurstState                    0x0800df8d   Thumb Code     8  stm32f1xx_hal_tim.o(.text)
    HAL_TIMEx_HallSensor_MspInit             0x0800df95   Thumb Code     2  stm32f1xx_hal_tim_ex.o(.text)
    HAL_TIMEx_HallSensor_Init                0x0800df97   Thumb Code   234  stm32f1xx_hal_tim_ex.o(.text)
    HAL_TIMEx_HallSensor_MspDeInit           0x0800e081   Thumb Code     2  stm32f1xx_hal_tim_ex.o(.text)
    HAL_TIMEx_HallSensor_DeInit              0x0800e083   Thumb Code    96  stm32f1xx_hal_tim_ex.o(.text)
    HAL_TIMEx_HallSensor_Start               0x0800e0e3   Thumb Code   172  stm32f1xx_hal_tim_ex.o(.text)
    HAL_TIMEx_HallSensor_Stop                0x0800e18f   Thumb Code    78  stm32f1xx_hal_tim_ex.o(.text)
    HAL_TIMEx_HallSensor_Start_IT            0x0800e1dd   Thumb Code   184  stm32f1xx_hal_tim_ex.o(.text)
    HAL_TIMEx_HallSensor_Stop_IT             0x0800e295   Thumb Code    90  stm32f1xx_hal_tim_ex.o(.text)
    HAL_TIMEx_HallSensor_Start_DMA           0x0800e2ef   Thumb Code   224  stm32f1xx_hal_tim_ex.o(.text)
    HAL_TIMEx_HallSensor_Stop_DMA            0x0800e3cf   Thumb Code    84  stm32f1xx_hal_tim_ex.o(.text)
    HAL_TIMEx_OCN_Start                      0x0800e445   Thumb Code   198  stm32f1xx_hal_tim_ex.o(.text)
    HAL_TIMEx_OCN_Stop                       0x0800e50b   Thumb Code   170  stm32f1xx_hal_tim_ex.o(.text)
    HAL_TIMEx_OCN_Start_IT                   0x0800e5b5   Thumb Code   278  stm32f1xx_hal_tim_ex.o(.text)
    HAL_TIMEx_OCN_Stop_IT                    0x0800e6cb   Thumb Code   230  stm32f1xx_hal_tim_ex.o(.text)
    HAL_TIMEx_OCN_Start_DMA                  0x0800e85d   Thumb Code   448  stm32f1xx_hal_tim_ex.o(.text)
    HAL_TIMEx_OCN_Stop_DMA                   0x0800ea1d   Thumb Code   252  stm32f1xx_hal_tim_ex.o(.text)
    HAL_TIMEx_PWMN_Start                     0x0800eb19   Thumb Code   198  stm32f1xx_hal_tim_ex.o(.text)
    HAL_TIMEx_PWMN_Stop                      0x0800ebdf   Thumb Code   136  stm32f1xx_hal_tim_ex.o(.text)
    HAL_TIMEx_PWMN_Start_IT                  0x0800ec67   Thumb Code   278  stm32f1xx_hal_tim_ex.o(.text)
    HAL_TIMEx_PWMN_Stop_IT                   0x0800ed7d   Thumb Code   230  stm32f1xx_hal_tim_ex.o(.text)
    HAL_TIMEx_PWMN_Start_DMA                 0x0800ee63   Thumb Code   480  stm32f1xx_hal_tim_ex.o(.text)
    HAL_TIMEx_PWMN_Stop_DMA                  0x0800f043   Thumb Code   220  stm32f1xx_hal_tim_ex.o(.text)
    HAL_TIMEx_OnePulseN_Start                0x0800f11f   Thumb Code   118  stm32f1xx_hal_tim_ex.o(.text)
    HAL_TIMEx_OnePulseN_Stop                 0x0800f195   Thumb Code   138  stm32f1xx_hal_tim_ex.o(.text)
    HAL_TIMEx_OnePulseN_Start_IT             0x0800f21f   Thumb Code   142  stm32f1xx_hal_tim_ex.o(.text)
    HAL_TIMEx_OnePulseN_Stop_IT              0x0800f2ad   Thumb Code   162  stm32f1xx_hal_tim_ex.o(.text)
    HAL_TIMEx_ConfigCommutEvent              0x0800f34f   Thumb Code   168  stm32f1xx_hal_tim_ex.o(.text)
    HAL_TIMEx_ConfigCommutEvent_IT           0x0800f3f7   Thumb Code   134  stm32f1xx_hal_tim_ex.o(.text)
    HAL_TIMEx_CommutHalfCpltCallback         0x0800f47d   Thumb Code     2  stm32f1xx_hal_tim_ex.o(.text)
    TIMEx_DMACommutationHalfCplt             0x0800f47f   Thumb Code    20  stm32f1xx_hal_tim_ex.o(.text)
    HAL_TIMEx_CommutCallback                 0x0800f493   Thumb Code     2  stm32f1xx_hal_tim_ex.o(.text)
    TIMEx_DMACommutationCplt                 0x0800f495   Thumb Code    20  stm32f1xx_hal_tim_ex.o(.text)
    HAL_TIMEx_ConfigCommutEvent_DMA          0x0800f4a9   Thumb Code   156  stm32f1xx_hal_tim_ex.o(.text)
    HAL_TIMEx_MasterConfigSynchronization    0x0800f545   Thumb Code   134  stm32f1xx_hal_tim_ex.o(.text)
    HAL_TIMEx_ConfigBreakDeadTime            0x0800f5cb   Thumb Code   116  stm32f1xx_hal_tim_ex.o(.text)
    HAL_TIMEx_RemapConfig                    0x0800f63f   Thumb Code     6  stm32f1xx_hal_tim_ex.o(.text)
    HAL_TIMEx_BreakCallback                  0x0800f645   Thumb Code     2  stm32f1xx_hal_tim_ex.o(.text)
    HAL_TIMEx_HallSensor_GetState            0x0800f647   Thumb Code     8  stm32f1xx_hal_tim_ex.o(.text)
    HAL_TIMEx_GetChannelNState               0x0800f64f   Thumb Code    38  stm32f1xx_hal_tim_ex.o(.text)
    HAL_UART_Init                            0x0800f787   Thumb Code   118  stm32f1xx_hal_uart.o(.text)
    HAL_HalfDuplex_Init                      0x0800f7fd   Thumb Code   122  stm32f1xx_hal_uart.o(.text)
    HAL_LIN_Init                             0x0800f877   Thumb Code   146  stm32f1xx_hal_uart.o(.text)
    HAL_MultiProcessor_Init                  0x0800f909   Thumb Code   158  stm32f1xx_hal_uart.o(.text)
    HAL_UART_DeInit                          0x0800f9a9   Thumb Code    62  stm32f1xx_hal_uart.o(.text)
    HAL_UART_Transmit                        0x0800fa79   Thumb Code   182  stm32f1xx_hal_uart.o(.text)
    HAL_UART_Receive                         0x0800fb2f   Thumb Code   188  stm32f1xx_hal_uart.o(.text)
    HAL_UART_Transmit_IT                     0x0800fbeb   Thumb Code    56  stm32f1xx_hal_uart.o(.text)
    UART_Start_Receive_IT                    0x0800fc23   Thumb Code    64  stm32f1xx_hal_uart.o(.text)
    HAL_UART_Receive_IT                      0x0800fc63   Thumb Code    44  stm32f1xx_hal_uart.o(.text)
    HAL_UART_ErrorCallback                   0x0800fc8f   Thumb Code     2  stm32f1xx_hal_uart.o(.text)
    HAL_UART_TxHalfCpltCallback              0x0800fd73   Thumb Code     2  stm32f1xx_hal_uart.o(.text)
    HAL_UART_Transmit_DMA                    0x0800fddd   Thumb Code   128  stm32f1xx_hal_uart.o(.text)
    HAL_UART_RxHalfCpltCallback              0x0800fe5d   Thumb Code     2  stm32f1xx_hal_uart.o(.text)
    HAL_UARTEx_RxEventCallback               0x0800fe5f   Thumb Code     2  stm32f1xx_hal_uart.o(.text)
    HAL_UART_RxCpltCallback                  0x0800fe85   Thumb Code     2  stm32f1xx_hal_uart.o(.text)
    UART_Start_Receive_DMA                   0x0800ff3b   Thumb Code   186  stm32f1xx_hal_uart.o(.text)
    HAL_UART_Receive_DMA                     0x0800fff5   Thumb Code    44  stm32f1xx_hal_uart.o(.text)
    HAL_UART_DMAPause                        0x08010021   Thumb Code   166  stm32f1xx_hal_uart.o(.text)
    HAL_UART_DMAResume                       0x080100c7   Thumb Code   170  stm32f1xx_hal_uart.o(.text)
    HAL_UART_DMAStop                         0x08010171   Thumb Code   160  stm32f1xx_hal_uart.o(.text)
    HAL_UARTEx_ReceiveToIdle                 0x08010211   Thumb Code   296  stm32f1xx_hal_uart.o(.text)
    HAL_UARTEx_ReceiveToIdle_IT              0x08010339   Thumb Code   114  stm32f1xx_hal_uart.o(.text)
    HAL_UARTEx_ReceiveToIdle_DMA             0x080103ab   Thumb Code   114  stm32f1xx_hal_uart.o(.text)
    HAL_UARTEx_GetRxEventType                0x0801041d   Thumb Code     6  stm32f1xx_hal_uart.o(.text)
    HAL_UART_Abort                           0x08010423   Thumb Code   278  stm32f1xx_hal_uart.o(.text)
    HAL_UART_AbortTransmit                   0x08010539   Thumb Code   124  stm32f1xx_hal_uart.o(.text)
    HAL_UART_AbortReceive                    0x080105b5   Thumb Code   194  stm32f1xx_hal_uart.o(.text)
    HAL_UART_AbortCpltCallback               0x08010677   Thumb Code     2  stm32f1xx_hal_uart.o(.text)
    HAL_UART_Abort_IT                        0x080106e9   Thumb Code   320  stm32f1xx_hal_uart.o(.text)
    HAL_UART_AbortTransmitCpltCallback       0x08010829   Thumb Code     2  stm32f1xx_hal_uart.o(.text)
    HAL_UART_AbortTransmit_IT                0x08010843   Thumb Code   138  stm32f1xx_hal_uart.o(.text)
    HAL_UART_AbortReceiveCpltCallback        0x080108cd   Thumb Code     2  stm32f1xx_hal_uart.o(.text)
    HAL_UART_AbortReceive_IT                 0x080108eb   Thumb Code   212  stm32f1xx_hal_uart.o(.text)
    HAL_UART_IRQHandler                      0x08010b5f   Thumb Code   740  stm32f1xx_hal_uart.o(.text)
    HAL_LIN_SendBreak                        0x08010e43   Thumb Code    80  stm32f1xx_hal_uart.o(.text)
    HAL_MultiProcessor_EnterMuteMode         0x08010e93   Thumb Code    82  stm32f1xx_hal_uart.o(.text)
    HAL_MultiProcessor_ExitMuteMode          0x08010ee5   Thumb Code    82  stm32f1xx_hal_uart.o(.text)
    HAL_HalfDuplex_EnableTransmitter         0x08010f37   Thumb Code    68  stm32f1xx_hal_uart.o(.text)
    HAL_HalfDuplex_EnableReceiver            0x08010f7b   Thumb Code    68  stm32f1xx_hal_uart.o(.text)
    HAL_UART_GetState                        0x08010fbf   Thumb Code    20  stm32f1xx_hal_uart.o(.text)
    HAL_UART_GetError                        0x08010fd3   Thumb Code     6  stm32f1xx_hal_uart.o(.text)
    HAL_InitTick                             0x08010fdf   Thumb Code    64  stm32f1xx_hal.o(.text)
    HAL_Init                                 0x0801101f   Thumb Code    34  stm32f1xx_hal.o(.text)
    HAL_MspDeInit                            0x08011041   Thumb Code     2  stm32f1xx_hal.o(.text)
    HAL_DeInit                               0x08011043   Thumb Code    30  stm32f1xx_hal.o(.text)
    HAL_IncTick                              0x08011061   Thumb Code    16  stm32f1xx_hal.o(.text)
    HAL_GetTick                              0x08011071   Thumb Code     6  stm32f1xx_hal.o(.text)
    HAL_GetTickPrio                          0x08011077   Thumb Code     6  stm32f1xx_hal.o(.text)
    HAL_SetTickFreq                          0x0801107d   Thumb Code    40  stm32f1xx_hal.o(.text)
    HAL_GetTickFreq                          0x080110a5   Thumb Code     6  stm32f1xx_hal.o(.text)
    HAL_Delay                                0x080110ab   Thumb Code    36  stm32f1xx_hal.o(.text)
    HAL_SuspendTick                          0x080110cf   Thumb Code    18  stm32f1xx_hal.o(.text)
    HAL_ResumeTick                           0x080110e1   Thumb Code    18  stm32f1xx_hal.o(.text)
    HAL_GetHalVersion                        0x080110f3   Thumb Code     4  stm32f1xx_hal.o(.text)
    HAL_GetREVID                             0x080110f7   Thumb Code     8  stm32f1xx_hal.o(.text)
    HAL_GetDEVID                             0x080110ff   Thumb Code    10  stm32f1xx_hal.o(.text)
    HAL_GetUIDw0                             0x08011109   Thumb Code     6  stm32f1xx_hal.o(.text)
    HAL_GetUIDw1                             0x0801110f   Thumb Code     8  stm32f1xx_hal.o(.text)
    HAL_GetUIDw2                             0x08011117   Thumb Code     8  stm32f1xx_hal.o(.text)
    HAL_DBGMCU_EnableDBGSleepMode            0x0801111f   Thumb Code    14  stm32f1xx_hal.o(.text)
    HAL_DBGMCU_DisableDBGSleepMode           0x0801112d   Thumb Code    14  stm32f1xx_hal.o(.text)
    HAL_DBGMCU_EnableDBGStopMode             0x0801113b   Thumb Code    14  stm32f1xx_hal.o(.text)
    HAL_DBGMCU_DisableDBGStopMode            0x08011149   Thumb Code    14  stm32f1xx_hal.o(.text)
    HAL_DBGMCU_EnableDBGStandbyMode          0x08011157   Thumb Code    14  stm32f1xx_hal.o(.text)
    HAL_DBGMCU_DisableDBGStandbyMode         0x08011165   Thumb Code    14  stm32f1xx_hal.o(.text)
    HAL_NVIC_SetPriorityGrouping             0x080111b9   Thumb Code    36  stm32f1xx_hal_cortex.o(.text)
    HAL_NVIC_SetPriority                     0x080111dd   Thumb Code   124  stm32f1xx_hal_cortex.o(.text)
    HAL_NVIC_EnableIRQ                       0x08011259   Thumb Code    40  stm32f1xx_hal_cortex.o(.text)
    HAL_NVIC_DisableIRQ                      0x08011281   Thumb Code    38  stm32f1xx_hal_cortex.o(.text)
    HAL_NVIC_SystemReset                     0x080112a7   Thumb Code    40  stm32f1xx_hal_cortex.o(.text)
    HAL_SYSTICK_Config                       0x080112cf   Thumb Code    52  stm32f1xx_hal_cortex.o(.text)
    HAL_NVIC_GetPriorityGrouping             0x08011303   Thumb Code     8  stm32f1xx_hal_cortex.o(.text)
    HAL_NVIC_GetPriority                     0x0801130b   Thumb Code   138  stm32f1xx_hal_cortex.o(.text)
    HAL_NVIC_SetPendingIRQ                   0x08011395   Thumb Code    32  stm32f1xx_hal_cortex.o(.text)
    HAL_NVIC_GetPendingIRQ                   0x080113b5   Thumb Code    46  stm32f1xx_hal_cortex.o(.text)
    HAL_NVIC_ClearPendingIRQ                 0x080113e3   Thumb Code    30  stm32f1xx_hal_cortex.o(.text)
    HAL_NVIC_GetActive                       0x08011401   Thumb Code    46  stm32f1xx_hal_cortex.o(.text)
    HAL_SYSTICK_CLKSourceConfig              0x0801142f   Thumb Code    40  stm32f1xx_hal_cortex.o(.text)
    HAL_SYSTICK_Callback                     0x08011457   Thumb Code     2  stm32f1xx_hal_cortex.o(.text)
    HAL_SYSTICK_IRQHandler                   0x08011459   Thumb Code     8  stm32f1xx_hal_cortex.o(.text)
    HAL_RCC_DeInit                           0x08011481   Thumb Code   254  stm32f1xx_hal_rcc.o(.text)
    HAL_RCC_OscConfig                        0x080115a3   Thumb Code  1126  stm32f1xx_hal_rcc.o(.text)
    HAL_RCC_GetSysClockFreq                  0x08011a09   Thumb Code    92  stm32f1xx_hal_rcc.o(.text)
    HAL_RCC_ClockConfig                      0x08011a65   Thumb Code   376  stm32f1xx_hal_rcc.o(.text)
    HAL_RCC_MCOConfig                        0x08011bdd   Thumb Code    90  stm32f1xx_hal_rcc.o(.text)
    HAL_RCC_EnableCSS                        0x08011c37   Thumb Code     8  stm32f1xx_hal_rcc.o(.text)
    HAL_RCC_DisableCSS                       0x08011c3f   Thumb Code     8  stm32f1xx_hal_rcc.o(.text)
    HAL_RCC_GetHCLKFreq                      0x08011c47   Thumb Code     6  stm32f1xx_hal_rcc.o(.text)
    HAL_RCC_GetPCLK1Freq                     0x08011c4d   Thumb Code    22  stm32f1xx_hal_rcc.o(.text)
    HAL_RCC_GetPCLK2Freq                     0x08011c63   Thumb Code    70  stm32f1xx_hal_rcc.o(.text)
    HAL_RCC_GetOscConfig                     0x08011ca9   Thumb Code   196  stm32f1xx_hal_rcc.o(.text)
    HAL_RCC_GetClockConfig                   0x08011d6d   Thumb Code    58  stm32f1xx_hal_rcc.o(.text)
    HAL_RCC_CSSCallback                      0x08011da7   Thumb Code     2  stm32f1xx_hal_rcc.o(.text)
    HAL_RCC_NMI_IRQHandler                   0x08011da9   Thumb Code    26  stm32f1xx_hal_rcc.o(.text)
    HAL_RCCEx_PeriphCLKConfig                0x08011dcd   Thumb Code   290  stm32f1xx_hal_rcc_ex.o(.text)
    HAL_RCCEx_GetPeriphCLKConfig             0x08011eef   Thumb Code    78  stm32f1xx_hal_rcc_ex.o(.text)
    HAL_RCCEx_GetPeriphCLKFreq               0x08011f3d   Thumb Code   260  stm32f1xx_hal_rcc_ex.o(.text)
    HAL_I2C_AddrCallback                     0x0801205f   Thumb Code     2  stm32f1xx_hal_i2c.o(.text)
    HAL_I2C_AbortCpltCallback                0x08012061   Thumb Code     2  stm32f1xx_hal_i2c.o(.text)
    HAL_I2C_ErrorCallback                    0x08012063   Thumb Code     2  stm32f1xx_hal_i2c.o(.text)
    HAL_I2C_MemRxCpltCallback                0x08012065   Thumb Code     2  stm32f1xx_hal_i2c.o(.text)
    HAL_I2C_MemTxCpltCallback                0x08012067   Thumb Code     2  stm32f1xx_hal_i2c.o(.text)
    HAL_I2C_ListenCpltCallback               0x08012069   Thumb Code     2  stm32f1xx_hal_i2c.o(.text)
    HAL_I2C_SlaveRxCpltCallback              0x0801206b   Thumb Code     2  stm32f1xx_hal_i2c.o(.text)
    HAL_I2C_SlaveTxCpltCallback              0x0801206d   Thumb Code     2  stm32f1xx_hal_i2c.o(.text)
    HAL_I2C_MasterRxCpltCallback             0x0801206f   Thumb Code     2  stm32f1xx_hal_i2c.o(.text)
    HAL_I2C_MasterTxCpltCallback             0x08012071   Thumb Code     2  stm32f1xx_hal_i2c.o(.text)
    HAL_I2C_Init                             0x08012073   Thumb Code   494  stm32f1xx_hal_i2c.o(.text)
    HAL_I2C_DeInit                           0x08012263   Thumb Code    74  stm32f1xx_hal_i2c.o(.text)
    HAL_I2C_RegisterCallback                 0x080122ad   Thumb Code   194  stm32f1xx_hal_i2c.o(.text)
    HAL_I2C_UnRegisterCallback               0x0801236f   Thumb Code   204  stm32f1xx_hal_i2c.o(.text)
    HAL_I2C_RegisterAddrCallback             0x0801243b   Thumb Code   142  stm32f1xx_hal_i2c.o(.text)
    HAL_I2C_UnRegisterAddrCallback           0x080124c9   Thumb Code    64  stm32f1xx_hal_i2c.o(.text)
    HAL_I2C_Master_Transmit                  0x080128a7   Thumb Code   374  stm32f1xx_hal_i2c.o(.text)
    HAL_I2C_Master_Receive                   0x08012bdb   Thumb Code   872  stm32f1xx_hal_i2c.o(.text)
    HAL_I2C_Slave_Transmit                   0x08012f43   Thumb Code   400  stm32f1xx_hal_i2c.o(.text)
    HAL_I2C_Slave_Receive                    0x08013135   Thumb Code   390  stm32f1xx_hal_i2c.o(.text)
    HAL_I2C_Master_Transmit_IT               0x080132bb   Thumb Code   224  stm32f1xx_hal_i2c.o(.text)
    HAL_I2C_Master_Receive_IT                0x0801339b   Thumb Code   236  stm32f1xx_hal_i2c.o(.text)
    HAL_I2C_Slave_Transmit_IT                0x08013487   Thumb Code   146  stm32f1xx_hal_i2c.o(.text)
    HAL_I2C_Slave_Receive_IT                 0x08013519   Thumb Code   160  stm32f1xx_hal_i2c.o(.text)
    HAL_I2C_Master_Transmit_DMA              0x0801372f   Thumb Code   434  stm32f1xx_hal_i2c.o(.text)
    HAL_I2C_Master_Receive_DMA               0x080138e1   Thumb Code   434  stm32f1xx_hal_i2c.o(.text)
    HAL_I2C_Slave_Transmit_DMA               0x08013a93   Thumb Code   304  stm32f1xx_hal_i2c.o(.text)
    HAL_I2C_Slave_Receive_DMA                0x08013bc3   Thumb Code   286  stm32f1xx_hal_i2c.o(.text)
    HAL_I2C_Mem_Write                        0x08013dbd   Thumb Code   348  stm32f1xx_hal_i2c.o(.text)
    HAL_I2C_Mem_Read                         0x0801408b   Thumb Code   854  stm32f1xx_hal_i2c.o(.text)
    HAL_I2C_Mem_Write_IT                     0x080143e1   Thumb Code   256  stm32f1xx_hal_i2c.o(.text)
    HAL_I2C_Mem_Read_IT                      0x080144e1   Thumb Code   254  stm32f1xx_hal_i2c.o(.text)
    HAL_I2C_Mem_Write_DMA                    0x080145df   Thumb Code   514  stm32f1xx_hal_i2c.o(.text)
    HAL_I2C_Mem_Read_DMA                     0x080147e1   Thumb Code   608  stm32f1xx_hal_i2c.o(.text)
    HAL_I2C_IsDeviceReady                    0x08014a41   Thumb Code   430  stm32f1xx_hal_i2c.o(.text)
    HAL_I2C_Master_Seq_Transmit_IT           0x08014bef   Thumb Code   304  stm32f1xx_hal_i2c.o(.text)
    HAL_I2C_Master_Seq_Transmit_DMA          0x08014d1f   Thumb Code   536  stm32f1xx_hal_i2c.o(.text)
    HAL_I2C_Master_Seq_Receive_IT            0x08014f37   Thumb Code   360  stm32f1xx_hal_i2c.o(.text)
    HAL_I2C_Master_Seq_Receive_DMA           0x0801509f   Thumb Code   674  stm32f1xx_hal_i2c.o(.text)
    HAL_I2C_Slave_Seq_Transmit_IT            0x08015341   Thumb Code   158  stm32f1xx_hal_i2c.o(.text)
    HAL_I2C_Slave_Seq_Transmit_DMA           0x080154d1   Thumb Code   462  stm32f1xx_hal_i2c.o(.text)
    HAL_I2C_Slave_Seq_Receive_IT             0x0801569f   Thumb Code   158  stm32f1xx_hal_i2c.o(.text)
    HAL_I2C_Slave_Seq_Receive_DMA            0x0801573d   Thumb Code   446  stm32f1xx_hal_i2c.o(.text)
    HAL_I2C_EnableListen_IT                  0x080158fb   Thumb Code    70  stm32f1xx_hal_i2c.o(.text)
    HAL_I2C_DisableListen_IT                 0x08015941   Thumb Code    70  stm32f1xx_hal_i2c.o(.text)
    HAL_I2C_Master_Abort_IT                  0x08015b2b   Thumb Code   138  stm32f1xx_hal_i2c.o(.text)
    HAL_I2C_ER_IRQHandler                    0x080168f1   Thumb Code   224  stm32f1xx_hal_i2c.o(.text)
    HAL_I2C_GetState                         0x080169d1   Thumb Code     8  stm32f1xx_hal_i2c.o(.text)
    HAL_I2C_GetMode                          0x080169d9   Thumb Code     8  stm32f1xx_hal_i2c.o(.text)
    HAL_I2C_GetError                         0x080169e1   Thumb Code     6  stm32f1xx_hal_i2c.o(.text)
    HAL_RTCEx_SetTamper                      0x080169ed   Thumb Code    98  stm32f1xx_hal_rtc_ex.o(.text)
    HAL_RTCEx_SetTamper_IT                   0x08016a4f   Thumb Code   110  stm32f1xx_hal_rtc_ex.o(.text)
    HAL_RTCEx_DeactivateTamper               0x08016abd   Thumb Code    94  stm32f1xx_hal_rtc_ex.o(.text)
    HAL_RTCEx_TamperIRQHandler               0x08016b1b   Thumb Code    56  stm32f1xx_hal_rtc_ex.o(.text)
    HAL_RTCEx_Tamper1EventCallback           0x08016b53   Thumb Code     2  stm32f1xx_hal_rtc_ex.o(.text)
    HAL_RTCEx_PollForTamper1Event            0x08016b55   Thumb Code    80  stm32f1xx_hal_rtc_ex.o(.text)
    HAL_RTCEx_SetSecond_IT                   0x08016ba5   Thumb Code    58  stm32f1xx_hal_rtc_ex.o(.text)
    HAL_RTCEx_DeactivateSecond               0x08016bdf   Thumb Code    58  stm32f1xx_hal_rtc_ex.o(.text)
    HAL_RTCEx_RTCEventCallback               0x08016c19   Thumb Code     2  stm32f1xx_hal_rtc_ex.o(.text)
    HAL_RTCEx_RTCEventErrorCallback          0x08016c1b   Thumb Code     2  stm32f1xx_hal_rtc_ex.o(.text)
    HAL_RTCEx_RTCIRQHandler                  0x08016c1d   Thumb Code    78  stm32f1xx_hal_rtc_ex.o(.text)
    HAL_RTCEx_BKUPWrite                      0x08016c6b   Thumb Code    20  stm32f1xx_hal_rtc_ex.o(.text)
    HAL_RTCEx_BKUPRead                       0x08016c7f   Thumb Code    22  stm32f1xx_hal_rtc_ex.o(.text)
    HAL_RTCEx_SetSmoothCalib                 0x08016c95   Thumb Code    62  stm32f1xx_hal_rtc_ex.o(.text)
    ADC_ConversionStop_Disable               0x08016cd9   Thumb Code    92  stm32f1xx_hal_adc.o(.text)
    HAL_ADC_Init                             0x08016d37   Thumb Code   340  stm32f1xx_hal_adc.o(.text)
    HAL_ADC_MspDeInit                        0x08016e8b   Thumb Code     2  stm32f1xx_hal_adc.o(.text)
    HAL_ADC_DeInit                           0x08016e8d   Thumb Code   258  stm32f1xx_hal_adc.o(.text)
    ADC_Enable                               0x08016f8f   Thumb Code   134  stm32f1xx_hal_adc.o(.text)
    HAL_ADC_Start                            0x08017015   Thumb Code   294  stm32f1xx_hal_adc.o(.text)
    HAL_ADC_Stop                             0x0801713b   Thumb Code   102  stm32f1xx_hal_adc.o(.text)
    HAL_ADC_PollForConversion                0x080171a1   Thumb Code   366  stm32f1xx_hal_adc.o(.text)
    HAL_ADC_PollForEvent                     0x0801730f   Thumb Code   118  stm32f1xx_hal_adc.o(.text)
    HAL_ADC_Start_IT                         0x08017385   Thumb Code   306  stm32f1xx_hal_adc.o(.text)
    HAL_ADC_Stop_IT                          0x080174b7   Thumb Code    76  stm32f1xx_hal_adc.o(.text)
    HAL_ADC_ErrorCallback                    0x08017503   Thumb Code     2  stm32f1xx_hal_adc.o(.text)
    ADC_DMAError                             0x08017505   Thumb Code    30  stm32f1xx_hal_adc.o(.text)
    HAL_ADC_ConvHalfCpltCallback             0x08017523   Thumb Code     2  stm32f1xx_hal_adc.o(.text)
    ADC_DMAHalfConvCplt                      0x08017525   Thumb Code    14  stm32f1xx_hal_adc.o(.text)
    ADC_DMAConvCplt                          0x08017535   Thumb Code    82  stm32f1xx_hal_adc.o(.text)
    HAL_ADC_Start_DMA                        0x08017587   Thumb Code   390  stm32f1xx_hal_adc.o(.text)
    HAL_ADC_Stop_DMA                         0x0801770d   Thumb Code   106  stm32f1xx_hal_adc.o(.text)
    HAL_ADC_GetValue                         0x08017777   Thumb Code     8  stm32f1xx_hal_adc.o(.text)
    HAL_ADC_LevelOutOfWindowCallback         0x0801777f   Thumb Code     2  stm32f1xx_hal_adc.o(.text)
    HAL_ADC_IRQHandler                       0x08017781   Thumb Code   274  stm32f1xx_hal_adc.o(.text)
    HAL_ADC_ConfigChannel                    0x08017893   Thumb Code   338  stm32f1xx_hal_adc.o(.text)
    HAL_ADC_AnalogWDGConfig                  0x080179e5   Thumb Code   158  stm32f1xx_hal_adc.o(.text)
    HAL_ADC_GetState                         0x08017a83   Thumb Code     6  stm32f1xx_hal_adc.o(.text)
    HAL_ADC_GetError                         0x08017a89   Thumb Code     6  stm32f1xx_hal_adc.o(.text)
    HAL_ADCEx_Calibration_Start              0x08017a95   Thumb Code   278  stm32f1xx_hal_adc_ex.o(.text)
    HAL_ADCEx_InjectedStart                  0x08017bab   Thumb Code   226  stm32f1xx_hal_adc_ex.o(.text)
    HAL_ADCEx_InjectedStop                   0x08017c8d   Thumb Code    94  stm32f1xx_hal_adc_ex.o(.text)
    HAL_ADCEx_InjectedPollForConversion      0x08017ceb   Thumb Code   346  stm32f1xx_hal_adc_ex.o(.text)
    HAL_ADCEx_InjectedStart_IT               0x08017e45   Thumb Code   264  stm32f1xx_hal_adc_ex.o(.text)
    HAL_ADCEx_InjectedStop_IT                0x08017f4d   Thumb Code   106  stm32f1xx_hal_adc_ex.o(.text)
    HAL_ADCEx_MultiModeStart_DMA             0x08017fb7   Thumb Code   262  stm32f1xx_hal_adc_ex.o(.text)
    HAL_ADCEx_MultiModeStop_DMA              0x080180bd   Thumb Code   144  stm32f1xx_hal_adc_ex.o(.text)
    HAL_ADCEx_InjectedGetValue               0x0801814d   Thumb Code    50  stm32f1xx_hal_adc_ex.o(.text)
    HAL_ADCEx_MultiModeGetValue              0x0801817f   Thumb Code    32  stm32f1xx_hal_adc_ex.o(.text)
    HAL_ADCEx_InjectedConvCpltCallback       0x0801819f   Thumb Code     2  stm32f1xx_hal_adc_ex.o(.text)
    HAL_ADCEx_InjectedConfigChannel          0x080181a1   Thumb Code   638  stm32f1xx_hal_adc_ex.o(.text)
    HAL_ADCEx_MultiModeConfigChannel         0x0801841f   Thumb Code   116  stm32f1xx_hal_adc_ex.o(.text)
    __aeabi_llsr                             0x080184a5   Thumb Code    32  llushr.o(.text)
    _ll_ushift_r                             0x080184a5   Thumb Code     0  llushr.o(.text)
    __aeabi_memcpy                           0x080184c5   Thumb Code    36  memcpya.o(.text)
    __aeabi_memcpy4                          0x080184c5   Thumb Code     0  memcpya.o(.text)
    __aeabi_memcpy8                          0x080184c5   Thumb Code     0  memcpya.o(.text)
    __aeabi_memset                           0x080184e9   Thumb Code    14  memseta.o(.text)
    __aeabi_memset4                          0x080184e9   Thumb Code     0  memseta.o(.text)
    __aeabi_memset8                          0x080184e9   Thumb Code     0  memseta.o(.text)
    __aeabi_memclr                           0x080184f7   Thumb Code     4  memseta.o(.text)
    __aeabi_memclr4                          0x080184f7   Thumb Code     0  memseta.o(.text)
    __aeabi_memclr8                          0x080184f7   Thumb Code     0  memseta.o(.text)
    memset                                   0x080184fb   Thumb Code    18  memseta.o(.text)
    strncpy                                  0x0801850d   Thumb Code    24  strncpy.o(.text)
    strlen                                   0x08018525   Thumb Code    14  strlen.o(.text)
    strcmp                                   0x08018533   Thumb Code    28  strcmp.o(.text)
    strncmp                                  0x0801854f   Thumb Code    30  strncmp.o(.text)
    strtok                                   0x0801856d   Thumb Code    62  strtok.o(.text)
    strtol                                   0x080185b1   Thumb Code   112  strtol.o(.text)
    atoi                                     0x08018621   Thumb Code    26  atoi.o(.text)
    __aeabi_fmul                             0x0801863b   Thumb Code   100  fmul.o(.text)
    __aeabi_fdiv                             0x0801869f   Thumb Code   124  fdiv.o(.text)
    __aeabi_dadd                             0x0801871b   Thumb Code   322  dadd.o(.text)
    __aeabi_dsub                             0x0801885d   Thumb Code     6  dadd.o(.text)
    __aeabi_drsub                            0x08018863   Thumb Code     6  dadd.o(.text)
    __aeabi_ddiv                             0x08018869   Thumb Code   222  ddiv.o(.text)
    __aeabi_i2f                              0x08018947   Thumb Code    18  fflti.o(.text)
    __aeabi_ui2f                             0x08018959   Thumb Code    10  ffltui.o(.text)
    __aeabi_i2d                              0x08018963   Thumb Code    34  dflti.o(.text)
    __aeabi_f2iz                             0x08018985   Thumb Code    50  ffixi.o(.text)
    __aeabi_d2iz                             0x080189b7   Thumb Code    62  dfixi.o(.text)
    __aeabi_f2d                              0x080189f5   Thumb Code    38  f2d.o(.text)
    __aeabi_d2f                              0x08018a1b   Thumb Code    56  d2f.o(.text)
    __aeabi_uidiv                            0x08018a53   Thumb Code     0  uidiv.o(.text)
    __aeabi_uidivmod                         0x08018a53   Thumb Code    44  uidiv.o(.text)
    __aeabi_uldivmod                         0x08018a7f   Thumb Code    98  uldiv.o(.text)
    __aeabi_llsl                             0x08018ae1   Thumb Code    30  llshl.o(.text)
    _ll_shift_l                              0x08018ae1   Thumb Code     0  llshl.o(.text)
    __aeabi_lasr                             0x08018aff   Thumb Code    36  llsshr.o(.text)
    _ll_sshift_r                             0x08018aff   Thumb Code     0  llsshr.o(.text)
    __rt_ctype_table                         0x08018b25   Thumb Code     4  ctype_o.o(.text)
    _strtoul                                 0x08018b2d   Thumb Code   158  _strtoul.o(.text)
    __I$use$fp                               0x08018bcb   Thumb Code     0  iusefp.o(.text)
    _float_round                             0x08018bcb   Thumb Code    18  fepilogue.o(.text)
    _float_epilogue                          0x08018bdd   Thumb Code    92  fepilogue.o(.text)
    _double_round                            0x08018c39   Thumb Code    30  depilogue.o(.text)
    _double_epilogue                         0x08018c57   Thumb Code   156  depilogue.o(.text)
    __aeabi_dmul                             0x08018cf3   Thumb Code   228  dmul.o(.text)
    __aeabi_d2ulz                            0x08018dd7   Thumb Code    48  dfixul.o(.text)
    __aeabi_cdrcmple                         0x08018e09   Thumb Code    48  cdrcmple.o(.text)
    __scatterload                            0x08018e39   Thumb Code    28  init.o(.text)
    __scatterload_rt2                        0x08018e39   Thumb Code     0  init.o(.text)
    _chval                                   0x08018e5d   Thumb Code    28  _chval.o(.text)
    __decompress                             0x08018e79   Thumb Code     0  __dczerorl2.o(.text)
    __decompress1                            0x08018e79   Thumb Code    86  __dczerorl2.o(.text)
    Error_Handler                            0x08018ecf   Thumb Code     6  main.o(i.Error_Handler)
    FIFO_Empty                               0x08018ed5   Thumb Code    14  fifo.o(i.FIFO_Empty)
    UART_sendByte                            0x08018ee3   Thumb Code    16  bsp_uartcomm.o(i.UART_sendByte)
    __0printf                                0x08018ef5   Thumb Code    22  printfa.o(i.__0printf)
    __1printf                                0x08018ef5   Thumb Code     0  printfa.o(i.__0printf)
    __2printf                                0x08018ef5   Thumb Code     0  printfa.o(i.__0printf)
    __c89printf                              0x08018ef5   Thumb Code     0  printfa.o(i.__0printf)
    printf                                   0x08018ef5   Thumb Code     0  printfa.o(i.__0printf)
    __0sprintf                               0x08018f15   Thumb Code    34  printfa.o(i.__0sprintf)
    __1sprintf                               0x08018f15   Thumb Code     0  printfa.o(i.__0sprintf)
    __2sprintf                               0x08018f15   Thumb Code     0  printfa.o(i.__0sprintf)
    __c89sprintf                             0x08018f15   Thumb Code     0  printfa.o(i.__0sprintf)
    sprintf                                  0x08018f15   Thumb Code     0  printfa.o(i.__0sprintf)
    __0vsnprintf                             0x08018f3d   Thumb Code    46  printfa.o(i.__0vsnprintf)
    __1vsnprintf                             0x08018f3d   Thumb Code     0  printfa.o(i.__0vsnprintf)
    __2vsnprintf                             0x08018f3d   Thumb Code     0  printfa.o(i.__0vsnprintf)
    __c89vsnprintf                           0x08018f3d   Thumb Code     0  printfa.o(i.__0vsnprintf)
    vsnprintf                                0x08018f3d   Thumb Code     0  printfa.o(i.__0vsnprintf)
    __aeabi_errno_addr                       0x08018f71   Thumb Code     4  errno.o(i.__aeabi_errno_addr)
    __rt_errno_addr                          0x08018f71   Thumb Code     0  errno.o(i.__aeabi_errno_addr)
    __scatterload_copy                       0x08018f79   Thumb Code    14  handlers.o(i.__scatterload_copy)
    __scatterload_null                       0x08018f87   Thumb Code     2  handlers.o(i.__scatterload_null)
    __scatterload_zeroinit                   0x08018f89   Thumb Code    14  handlers.o(i.__scatterload_zeroinit)
    shellCmdee                               0x08019874   Data           3  eeprom.o(.constdata)
    shellDescee                              0x08019877   Data          18  eeprom.o(.constdata)
    shellCmdtemp                             0x08019889   Data           5  temperatureinside.o(.constdata)
    shellDesctemp                            0x0801988e   Data          23  temperatureinside.o(.constdata)
    shellCmdpwm                              0x08019968   Data           4  pwm.o(.constdata)
    shellDescpwm                             0x0801996c   Data          13  pwm.o(.constdata)
    shellCmdDefaultUser                      0x08019979   Data           6  shell.o(.constdata)
    shellPasswordDefaultUser                 0x0801997f   Data           5  shell.o(.constdata)
    shellDesDefaultUser                      0x08019984   Data          13  shell.o(.constdata)
    shellDesc0x1B5B4100                      0x08019991   Data           3  shell.o(.constdata)
    shellDesc0x03000000                      0x08019994   Data           6  shell.o(.constdata)
    shellDesc0x1B5B4200                      0x0801999a   Data           5  shell.o(.constdata)
    shellDesc0x1B5B4300                      0x0801999f   Data           6  shell.o(.constdata)
    shellDesc0x1B5B4400                      0x080199a5   Data           5  shell.o(.constdata)
    shellDesc0x09000000                      0x080199aa   Data           4  shell.o(.constdata)
    shellDesc0x08000000                      0x080199ae   Data          10  shell.o(.constdata)
    shellDesc0x7F000000                      0x080199b8   Data          10  shell.o(.constdata)
    shellDesc0x1B5B337E                      0x080199c2   Data           7  shell.o(.constdata)
    shellDesc0x0D000000                      0x080199c9   Data           6  shell.o(.constdata)
    shellDesc0x0D0A0000                      0x080199cf   Data           6  shell.o(.constdata)
    shellCmdhelp                             0x080199d5   Data           5  shell.o(.constdata)
    shellDeschelp                            0x080199da   Data          30  shell.o(.constdata)
    shellCmdcmds                             0x080199f8   Data           5  shell.o(.constdata)
    shellDesccmds                            0x080199fd   Data          13  shell.o(.constdata)
    shellCmdclear                            0x08019a0a   Data           6  shell.o(.constdata)
    shellDescclear                           0x08019a10   Data          14  shell.o(.constdata)
    shellCmdgpio                             0x08019a38   Data           5  gpio_shell.o(.constdata)
    shellDescgpio                            0x08019a3d   Data          13  gpio_shell.o(.constdata)
    shellCmdreboot                           0x08019a4a   Data           7  main.o(.constdata)
    shellDescreboot                          0x08019a51   Data          11  main.o(.constdata)
    shellCmdhf                               0x08019af4   Data           3  cm_backtrace.o(.constdata)
    shellDeschf                              0x08019af7   Data          22  cm_backtrace.o(.constdata)
    AHBPrescTable                            0x08019b70   Data          16  system_stm32f1xx.o(.constdata)
    APBPrescTable                            0x08019b80   Data           8  system_stm32f1xx.o(.constdata)
    __ctype_table                            0x08019bac   Data         129  ctype_o.o(.constdata)
    Region$$Table$$Base                      0x0801a814   Number         0  anon$$obj.o(Region$$Table)
    Region$$Table$$Limit                     0x0801a834   Number         0  anon$$obj.o(Region$$Table)
    shellCommand$$Base                       0x0801a834   Number         0  eeprom.o(shellCommand)
    shellCommandee                           0x0801a834   Data          16  eeprom.o(shellCommand)
    shellCommandtemp                         0x0801a844   Data          16  temperatureinside.o(shellCommand)
    shellCommandpwm                          0x0801a854   Data          16  pwm.o(shellCommand)
    shellUserDefault                         0x0801a864   Data          16  shell.o(shellCommand)
    shellKey0x1B5B4100                       0x0801a874   Data          16  shell.o(shellCommand)
    shellKey0x03000000                       0x0801a884   Data          16  shell.o(shellCommand)
    shellKey0x1B5B4200                       0x0801a894   Data          16  shell.o(shellCommand)
    shellKey0x1B5B4300                       0x0801a8a4   Data          16  shell.o(shellCommand)
    shellKey0x1B5B4400                       0x0801a8b4   Data          16  shell.o(shellCommand)
    shellKey0x09000000                       0x0801a8c4   Data          16  shell.o(shellCommand)
    shellKey0x08000000                       0x0801a8d4   Data          16  shell.o(shellCommand)
    shellKey0x7F000000                       0x0801a8e4   Data          16  shell.o(shellCommand)
    shellKey0x1B5B337E                       0x0801a8f4   Data          16  shell.o(shellCommand)
    shellKey0x0D000000                       0x0801a904   Data          16  shell.o(shellCommand)
    shellKey0x0D0A0000                       0x0801a914   Data          16  shell.o(shellCommand)
    shellCommandhelp                         0x0801a924   Data          16  shell.o(shellCommand)
    shellCommandcmds                         0x0801a934   Data          16  shell.o(shellCommand)
    shellCommandclear                        0x0801a944   Data          16  shell.o(shellCommand)
    shellCommandgpio                         0x0801a954   Data          16  gpio_shell.o(shellCommand)
    shellCommandreboot                       0x0801a964   Data          16  main.o(shellCommand)
    shellCommandhf                           0x0801a974   Data          16  cm_backtrace.o(shellCommand)
    Image$$ER_IROM1$$Limit                   0x0801a984   Number         0  anon$$obj.o ABSOLUTE
    Image$$MY_REGION$$Base                   0x0801a984   Number         0  anon$$obj.o ABSOLUTE
    shellCommand$$Limit                      0x0801a984   Number         0  cm_backtrace.o(shellCommand)
    Image$$MY_REGION$$Limit                  0x0801a9a4   Number         0  anon$$obj.o ABSOLUTE
    I2C1_EEPROM_ADDR                         0x20000004   Data           1  eeprom.o(.data)
    g_isPrintUseFifo                         0x2000000c   Data           1  bsp_uartcomm.o(.data)
    g_uart1Handle                            0x20000010   Data          72  bsp_usart1.o(.data)
    g_UARTPara                               0x20000058   Data          56  bsp_usart1.o(.data)
    xHigherPriorityTaskWoken_YES             0x20000100   Data           4  main.o(.data)
    xHigherPriorityTaskWoken_NO              0x20000104   Data           4  main.o(.data)
    g_debugLevel                             0x20000108   Data           4  main.o(.data)
    gp_xHandle_Task_uartMonitor              0x2000010c   Data           4  main.o(.data)
    gp_xHandle_Task_shell                    0x20000110   Data           4  main.o(.data)
    SystemCoreClock                          0x20000164   Data           4  system_stm32f1xx.o(.data)
    pxCurrentTCB                             0x20000168   Data           4  tasks.o(.data)
    uxTopUsedPriority                        0x200001a0   Data           4  tasks.o(.data)
    uwTick                                   0x200001e8   Data           4  stm32f1xx_hal.o(.data)
    uwTickPrio                               0x200001ec   Data           4  stm32f1xx_hal.o(.data)
    uwTickFreq                               0x200001f0   Data           1  stm32f1xx_hal.o(.data)
    __stdout                                 0x200001f8   Data           4  stdout.o(.data)
    hdma_adc1                                0x20000610   Data          68  temperatureinside.o(.bss)
    g_hdma_usart1_tx                         0x20000684   Data          68  bsp_usart1.o(.bss)
    PwmCfg                                   0x200008f0   Data          20  pwm.o(.bss)
    TimHandle                                0x20000904   Data          72  pwm.o(.bss)
    sConfig                                  0x2000094c   Data          28  pwm.o(.bss)
    shell                                    0x200009f8   Data         108  shell_port.o(.bss)
    hi2c1                                    0x20000b2c   Data         132  main.o(.bss)
    hdma_i2c1_tx                             0x20000bb0   Data          68  main.o(.bss)
    xQueueRegistry                           0x20000d28   Data          64  queue.o(.bss)
    STACK$$Base                              0x20008a58   Number         0  startup_stm32f103xe.o(STACK)
    STACK$$Limit                             0x20008e58   Number         0  startup_stm32f103xe.o(STACK)
    __initial_sp                             0x20008e58   Data           0  startup_stm32f103xe.o(STACK)



==============================================================================

Memory Map of the image

  Image Entry point : 0x08000131

  Load Region LR_IROM1 (Base: 0x08000000, Size: 0x0001aba4, Max: 0x00040000, ABSOLUTE, COMPRESSED[0x0001aa24])

    Execution Region ER_IROM1 (Exec base: 0x08000000, Load base: 0x08000000, Size: 0x0001a984, Max: 0x00040000, ABSOLUTE)

    Exec Addr    Load Addr    Size         Type   Attr      Idx    E Section Name        Object

    0x08000000   0x08000000   0x00000130   Data   RO         1134    RESET               startup_stm32f103xe.o
    0x08000130   0x08000130   0x00000000   Code   RO         1844  * .ARM.Collect$$$$00000000  mc_w.l(entry.o)
    0x08000130   0x08000130   0x00000004   Code   RO         2158    .ARM.Collect$$$$00000001  mc_w.l(entry2.o)
    0x08000134   0x08000134   0x00000004   Code   RO         2161    .ARM.Collect$$$$00000004  mc_w.l(entry5.o)
    0x08000138   0x08000138   0x00000000   Code   RO         2163    .ARM.Collect$$$$00000008  mc_w.l(entry7b.o)
    0x08000138   0x08000138   0x00000000   Code   RO         2165    .ARM.Collect$$$$0000000A  mc_w.l(entry8b.o)
    0x08000138   0x08000138   0x00000008   Code   RO         2166    .ARM.Collect$$$$0000000B  mc_w.l(entry9a.o)
    0x08000140   0x08000140   0x00000004   Code   RO         2173    .ARM.Collect$$$$0000000E  mc_w.l(entry12b.o)
    0x08000144   0x08000144   0x00000000   Code   RO         2168    .ARM.Collect$$$$0000000F  mc_w.l(entry10a.o)
    0x08000144   0x08000144   0x00000000   Code   RO         2170    .ARM.Collect$$$$00000011  mc_w.l(entry11a.o)
    0x08000144   0x08000144   0x00000004   Code   RO         2159    .ARM.Collect$$$$00002712  mc_w.l(entry2.o)
    0x08000148   0x08000148   0x00000010   Code   RO         1092    .emb_text           cm_backtrace.o
    0x08000158   0x08000158   0x00000096   Code   RO         1324    .emb_text           port.o
    0x080001ee   0x080001ee   0x00000002   PAD
    0x080001f0   0x080001f0   0x000003b8   Code   RO            4    .text               api_utc.o
    0x080005a8   0x080005a8   0x0000022e   Code   RO          176    .text               fifo.o
    0x080007d6   0x080007d6   0x00000002   PAD
    0x080007d8   0x080007d8   0x000000b4   Code   RO          245    .text               print_monitor.o
    0x0800088c   0x0800088c   0x000003c4   Code   RO          323    .text               eeprom.o
    0x08000c50   0x08000c50   0x000001d8   Code   RO          392    .text               temperatureinside.o
    0x08000e28   0x08000e28   0x000002d4   Code   RO          433    .text               bsp_uartcomm.o
    0x080010fc   0x080010fc   0x0000022c   Code   RO          478    .text               bsp_gpio.o
    0x08001328   0x08001328   0x00000100   Code   RO          518    .text               bsp_usart1.o
    0x08001428   0x08001428   0x00000140   Code   RO          569    .text               bsp_i2c.o
    0x08001568   0x08001568   0x00000024   Code   RO          597    .text               initcall.o
    0x0800158c   0x0800158c   0x00000568   Code   RO          618    .text               pwm.o
    0x08001af4   0x08001af4   0x000003a8   Code   RO          652    .text               bsp_i2cs0.o
    0x08001e9c   0x08001e9c   0x0000009c   Code   RO          686    .text               bsp_i2ccomm.o
    0x08001f38   0x08001f38   0x000003a8   Code   RO          723    .text               bsp_i2cs1.o
    0x080022e0   0x080022e0   0x0000016c   Code   RO          781    .text               bsp_key.o
    0x0800244c   0x0800244c   0x00001380   Code   RO          814    .text               shell.o
    0x080037cc   0x080037cc   0x0000034a   Code   RO          863    .text               shell_ext.o
    0x08003b16   0x08003b16   0x00000002   PAD
    0x08003b18   0x08003b18   0x0000004c   Code   RO          887    .text               shell_port.o
    0x08003b64   0x08003b64   0x000003b8   Code   RO          932    .text               gpio_shell.o
    0x08003f1c   0x08003f1c   0x00000498   Code   RO          967    .text               main.o
    0x080043b4   0x080043b4   0x00000208   Code   RO         1042    .text               stm32f1xx_hal_msp.o
    0x080045bc   0x080045bc   0x00000080   Code   RO         1067    .text               stm32f1xx_it.o
    0x0800463c   0x0800463c   0x00000bb4   Code   RO         1096    .text               cm_backtrace.o
    0x080051f0   0x080051f0   0x0000000c   Code   RO         1128    .text               cmb_fault.o
    0x080051fc   0x080051fc   0x00000024   Code   RO         1135    .text               startup_stm32f103xe.o
    0x08005220   0x08005220   0x000000a4   Code   RO         1142    .text               system_stm32f1xx.o
    0x080052c4   0x080052c4   0x00000094   Code   RO         1209    .text               list.o
    0x08005358   0x08005358   0x00001078   Code   RO         1221    .text               queue.o
    0x080063d0   0x080063d0   0x00001fb8   Code   RO         1257    .text               tasks.o
    0x08008388   0x08008388   0x000006f8   Code   RO         1279    .text               timers.o
    0x08008a80   0x08008a80   0x00000340   Code   RO         1309    .text               heap_4.o
    0x08008dc0   0x08008dc0   0x000002a4   Code   RO         1325    .text               port.o
    0x08009064   0x08009064   0x000004f4   Code   RO         1381    .text               stm32f1xx_hal_gpio.o
    0x08009558   0x08009558   0x00000f00   Code   RO         1405    .text               stm32f1xx_hal_dma.o
    0x0800a458   0x0800a458   0x00003b3c   Code   RO         1523    .text               stm32f1xx_hal_tim.o
    0x0800df94   0x0800df94   0x000016f8   Code   RO         1547    .text               stm32f1xx_hal_tim_ex.o
    0x0800f68c   0x0800f68c   0x00001950   Code   RO         1571    .text               stm32f1xx_hal_uart.o
    0x08010fdc   0x08010fdc   0x000001bc   Code   RO         1619    .text               stm32f1xx_hal.o
    0x08011198   0x08011198   0x000002e8   Code   RO         1649    .text               stm32f1xx_hal_cortex.o
    0x08011480   0x08011480   0x0000094c   Code   RO         1701    .text               stm32f1xx_hal_rcc.o
    0x08011dcc   0x08011dcc   0x00000290   Code   RO         1726    .text               stm32f1xx_hal_rcc_ex.o
    0x0801205c   0x0801205c   0x00004990   Code   RO         1751    .text               stm32f1xx_hal_i2c.o
    0x080169ec   0x080169ec   0x000002ec   Code   RO         1775    .text               stm32f1xx_hal_rtc_ex.o
    0x08016cd8   0x08016cd8   0x00000dbc   Code   RO         1799    .text               stm32f1xx_hal_adc.o
    0x08017a94   0x08017a94   0x00000a10   Code   RO         1823    .text               stm32f1xx_hal_adc_ex.o
    0x080184a4   0x080184a4   0x00000020   Code   RO         1847    .text               mc_w.l(llushr.o)
    0x080184c4   0x080184c4   0x00000024   Code   RO         1849    .text               mc_w.l(memcpya.o)
    0x080184e8   0x080184e8   0x00000024   Code   RO         1853    .text               mc_w.l(memseta.o)
    0x0801850c   0x0801850c   0x00000018   Code   RO         1855    .text               mc_w.l(strncpy.o)
    0x08018524   0x08018524   0x0000000e   Code   RO         1857    .text               mc_w.l(strlen.o)
    0x08018532   0x08018532   0x0000001c   Code   RO         1859    .text               mc_w.l(strcmp.o)
    0x0801854e   0x0801854e   0x0000001e   Code   RO         1861    .text               mc_w.l(strncmp.o)
    0x0801856c   0x0801856c   0x00000044   Code   RO         1863    .text               mc_w.l(strtok.o)
    0x080185b0   0x080185b0   0x00000070   Code   RO         2132    .text               mc_w.l(strtol.o)
    0x08018620   0x08018620   0x0000001a   Code   RO         2134    .text               mc_w.l(atoi.o)
    0x0801863a   0x0801863a   0x00000064   Code   RO         2136    .text               mf_w.l(fmul.o)
    0x0801869e   0x0801869e   0x0000007c   Code   RO         2138    .text               mf_w.l(fdiv.o)
    0x0801871a   0x0801871a   0x0000014e   Code   RO         2140    .text               mf_w.l(dadd.o)
    0x08018868   0x08018868   0x000000de   Code   RO         2142    .text               mf_w.l(ddiv.o)
    0x08018946   0x08018946   0x00000012   Code   RO         2144    .text               mf_w.l(fflti.o)
    0x08018958   0x08018958   0x0000000a   Code   RO         2146    .text               mf_w.l(ffltui.o)
    0x08018962   0x08018962   0x00000022   Code   RO         2148    .text               mf_w.l(dflti.o)
    0x08018984   0x08018984   0x00000032   Code   RO         2150    .text               mf_w.l(ffixi.o)
    0x080189b6   0x080189b6   0x0000003e   Code   RO         2152    .text               mf_w.l(dfixi.o)
    0x080189f4   0x080189f4   0x00000026   Code   RO         2154    .text               mf_w.l(f2d.o)
    0x08018a1a   0x08018a1a   0x00000038   Code   RO         2156    .text               mf_w.l(d2f.o)
    0x08018a52   0x08018a52   0x0000002c   Code   RO         2175    .text               mc_w.l(uidiv.o)
    0x08018a7e   0x08018a7e   0x00000062   Code   RO         2177    .text               mc_w.l(uldiv.o)
    0x08018ae0   0x08018ae0   0x0000001e   Code   RO         2179    .text               mc_w.l(llshl.o)
    0x08018afe   0x08018afe   0x00000024   Code   RO         2181    .text               mc_w.l(llsshr.o)
    0x08018b22   0x08018b22   0x00000002   PAD
    0x08018b24   0x08018b24   0x00000008   Code   RO         2183    .text               mc_w.l(ctype_o.o)
    0x08018b2c   0x08018b2c   0x0000009e   Code   RO         2218    .text               mc_w.l(_strtoul.o)
    0x08018bca   0x08018bca   0x00000000   Code   RO         2220    .text               mc_w.l(iusefp.o)
    0x08018bca   0x08018bca   0x0000006e   Code   RO         2221    .text               mf_w.l(fepilogue.o)
    0x08018c38   0x08018c38   0x000000ba   Code   RO         2223    .text               mf_w.l(depilogue.o)
    0x08018cf2   0x08018cf2   0x000000e4   Code   RO         2225    .text               mf_w.l(dmul.o)
    0x08018dd6   0x08018dd6   0x00000030   Code   RO         2227    .text               mf_w.l(dfixul.o)
    0x08018e06   0x08018e06   0x00000002   PAD
    0x08018e08   0x08018e08   0x00000030   Code   RO         2229    .text               mf_w.l(cdrcmple.o)
    0x08018e38   0x08018e38   0x00000024   Code   RO         2231    .text               mc_w.l(init.o)
    0x08018e5c   0x08018e5c   0x0000001c   Code   RO         2233    .text               mc_w.l(_chval.o)
    0x08018e78   0x08018e78   0x00000056   Code   RO         2243    .text               mc_w.l(__dczerorl2.o)
    0x08018ece   0x08018ece   0x00000006   Code   RO          995    i.Error_Handler     main.o
    0x08018ed4   0x08018ed4   0x0000000e   Code   RO          194    i.FIFO_Empty        fifo.o
    0x08018ee2   0x08018ee2   0x00000010   Code   RO          454    i.UART_sendByte     bsp_uartcomm.o
    0x08018ef2   0x08018ef2   0x00000002   PAD
    0x08018ef4   0x08018ef4   0x00000020   Code   RO         2104    i.__0printf         mc_w.l(printfa.o)
    0x08018f14   0x08018f14   0x00000028   Code   RO         2106    i.__0sprintf        mc_w.l(printfa.o)
    0x08018f3c   0x08018f3c   0x00000034   Code   RO         2109    i.__0vsnprintf      mc_w.l(printfa.o)
    0x08018f70   0x08018f70   0x00000008   Code   RO         2211    i.__aeabi_errno_addr  mc_w.l(errno.o)
    0x08018f78   0x08018f78   0x0000000e   Code   RO         2237    i.__scatterload_copy  mc_w.l(handlers.o)
    0x08018f86   0x08018f86   0x00000002   Code   RO         2238    i.__scatterload_null  mc_w.l(handlers.o)
    0x08018f88   0x08018f88   0x0000000e   Code   RO         2239    i.__scatterload_zeroinit  mc_w.l(handlers.o)
    0x08018f96   0x08018f96   0x00000002   PAD
    0x08018f98   0x08018f98   0x00000184   Code   RO         2111    i._fp_digits        mc_w.l(printfa.o)
    0x0801911c   0x0801911c   0x000006b4   Code   RO         2112    i._printf_core      mc_w.l(printfa.o)
    0x080197d0   0x080197d0   0x00000024   Code   RO         2113    i._printf_post_padding  mc_w.l(printfa.o)
    0x080197f4   0x080197f4   0x0000002e   Code   RO         2114    i._printf_pre_padding  mc_w.l(printfa.o)
    0x08019822   0x08019822   0x00000016   Code   RO         2115    i._snputc           mc_w.l(printfa.o)
    0x08019838   0x08019838   0x0000000a   Code   RO         2116    i._sputc            mc_w.l(printfa.o)
    0x08019842   0x08019842   0x00000002   PAD
    0x08019844   0x08019844   0x00000030   Data   RO            5    .constdata          api_utc.o
    0x08019874   0x08019874   0x00000015   Data   RO          325    .constdata          eeprom.o
    0x08019889   0x08019889   0x0000001c   Data   RO          394    .constdata          temperatureinside.o
    0x080198a5   0x080198a5   0x00000003   PAD
    0x080198a8   0x080198a8   0x000000a8   Data   RO          479    .constdata          bsp_gpio.o
    0x08019950   0x08019950   0x00000029   Data   RO          620    .constdata          pwm.o
    0x08019979   0x08019979   0x000000a5   Data   RO          816    .constdata          shell.o
    0x08019a1e   0x08019a1e   0x00000002   PAD
    0x08019a20   0x08019a20   0x0000002a   Data   RO          933    .constdata          gpio_shell.o
    0x08019a4a   0x08019a4a   0x00000012   Data   RO          969    .constdata          main.o
    0x08019a5c   0x08019a5c   0x00000114   Data   RO         1098    .constdata          cm_backtrace.o
    0x08019b70   0x08019b70   0x00000018   Data   RO         1143    .constdata          system_stm32f1xx.o
    0x08019b88   0x08019b88   0x00000012   Data   RO         1702    .constdata          stm32f1xx_hal_rcc.o
    0x08019b9a   0x08019b9a   0x00000012   Data   RO         1727    .constdata          stm32f1xx_hal_rcc_ex.o
    0x08019bac   0x08019bac   0x00000081   Data   RO         2184    .constdata          mc_w.l(ctype_o.o)
    0x08019c2d   0x08019c2d   0x00000003   PAD
    0x08019c30   0x08019c30   0x00000004   Data   RO         2185    .constdata          mc_w.l(ctype_o.o)
    0x08019c34   0x08019c34   0x00000030   Data   RO            6    .conststring        api_utc.o
    0x08019c64   0x08019c64   0x0000004b   Data   RO          326    .conststring        eeprom.o
    0x08019caf   0x08019caf   0x00000001   PAD
    0x08019cb0   0x08019cb0   0x0000002e   Data   RO          480    .conststring        bsp_gpio.o
    0x08019cde   0x08019cde   0x00000002   PAD
    0x08019ce0   0x08019ce0   0x00000159   Data   RO          817    .conststring        shell.o
    0x08019e39   0x08019e39   0x00000003   PAD
    0x08019e3c   0x08019e3c   0x0000004f   Data   RO          934    .conststring        gpio_shell.o
    0x08019e8b   0x08019e8b   0x00000001   PAD
    0x08019e8c   0x08019e8c   0x00000109   Data   RO          970    .conststring        main.o
    0x08019f95   0x08019f95   0x00000003   PAD
    0x08019f98   0x08019f98   0x00000879   Data   RO         1099    .conststring        cm_backtrace.o
    0x0801a811   0x0801a811   0x00000003   PAD
    0x0801a814   0x0801a814   0x00000020   Data   RO         2235    Region$$Table       anon$$obj.o
    0x0801a834   0x0801a834   0x00000010   Data   RO          328    shellCommand        eeprom.o
    0x0801a844   0x0801a844   0x00000010   Data   RO          397    shellCommand        temperatureinside.o
    0x0801a854   0x0801a854   0x00000010   Data   RO          623    shellCommand        pwm.o
    0x0801a864   0x0801a864   0x000000f0   Data   RO          819    shellCommand        shell.o
    0x0801a954   0x0801a954   0x00000010   Data   RO          935    shellCommand        gpio_shell.o
    0x0801a964   0x0801a964   0x00000010   Data   RO          972    shellCommand        main.o
    0x0801a974   0x0801a974   0x00000010   Data   RO         1101    shellCommand        cm_backtrace.o


    Execution Region MY_REGION (Exec base: 0x0801a984, Load base: 0x0801a984, Size: 0x00000020, Max: 0xffffffff, ABSOLUTE)

    Exec Addr    Load Addr    Size         Type   Attr      Idx    E Section Name        Object

    0x0801a984   0x0801a984   0x00000004   Data   RO          396    .initcall.1.core.init  temperatureinside.o
    0x0801a988   0x0801a988   0x00000004   Data   RO          622    .initcall.1.core.init  pwm.o
    0x0801a98c   0x0801a98c   0x00000004   Data   RO          783    .initcall.1.core.init  bsp_key.o
    0x0801a990   0x0801a990   0x0000000c   Data   RO          598    .initcall.2.app.init  initcall.o
    0x0801a99c   0x0801a99c   0x00000004   Data   RO          655    .initcall.2.app.init  bsp_i2cs0.o
    0x0801a9a0   0x0801a9a0   0x00000004   Data   RO          726    .initcall.2.app.init  bsp_i2cs1.o


    Execution Region RW_IRAM1 (Exec base: 0x20000000, Load base: 0x0801a9a4, Size: 0x00008e58, Max: 0x0000c000, ABSOLUTE, COMPRESSED[0x00000080])

    Exec Addr    Load Addr    Size         Type   Attr      Idx    E Section Name        Object

    0x20000000   COMPRESSED   0x00000004   Data   RW          246    .data               print_monitor.o
    0x20000004   COMPRESSED   0x00000001   Data   RW          327    .data               eeprom.o
    0x20000005   COMPRESSED   0x00000001   Data   RW          395    .data               temperatureinside.o
    0x20000006   COMPRESSED   0x00000002   PAD
    0x20000008   COMPRESSED   0x00000005   Data   RW          434    .data               bsp_uartcomm.o
    0x2000000d   COMPRESSED   0x00000003   PAD
    0x20000010   COMPRESSED   0x00000080   Data   RW          520    .data               bsp_usart1.o
    0x20000090   COMPRESSED   0x00000008   Data   RW          621    .data               pwm.o
    0x20000098   COMPRESSED   0x00000004   Data   RW          654    .data               bsp_i2cs0.o
    0x2000009c   COMPRESSED   0x00000004   Data   RW          725    .data               bsp_i2cs1.o
    0x200000a0   COMPRESSED   0x00000008   Data   RW          782    .data               bsp_key.o
    0x200000a8   COMPRESSED   0x00000054   Data   RW          818    .data               shell.o
    0x200000fc   COMPRESSED   0x00000004   PAD
    0x20000100   COMPRESSED   0x00000028   Data   RW          971    .data               main.o
    0x20000128   COMPRESSED   0x0000003c   Data   RW         1100    .data               cm_backtrace.o
    0x20000164   COMPRESSED   0x00000004   Data   RW         1144    .data               system_stm32f1xx.o
    0x20000168   COMPRESSED   0x00000040   Data   RW         1259    .data               tasks.o
    0x200001a8   COMPRESSED   0x00000014   Data   RW         1281    .data               timers.o
    0x200001bc   COMPRESSED   0x00000020   Data   RW         1311    .data               heap_4.o
    0x200001dc   COMPRESSED   0x0000000c   Data   RW         1326    .data               port.o
    0x200001e8   COMPRESSED   0x00000009   Data   RW         1620    .data               stm32f1xx_hal.o
    0x200001f1   COMPRESSED   0x00000003   PAD
    0x200001f4   COMPRESSED   0x00000004   Data   RW         1864    .data               mc_w.l(strtok.o)
    0x200001f8   COMPRESSED   0x00000004   Data   RW         2174    .data               mc_w.l(stdout.o)
    0x200001fc   COMPRESSED   0x00000004   Data   RW         2214    .data               mc_w.l(errno.o)
    0x20000200        -       0x00000400   Zero   RW          324    .bss                eeprom.o
    0x20000600        -       0x00000084   Zero   RW          393    .bss                temperatureinside.o
    0x20000684        -       0x0000026a   Zero   RW          519    .bss                bsp_usart1.o
    0x200008ee   COMPRESSED   0x00000002   PAD
    0x200008f0        -       0x00000078   Zero   RW          619    .bss                pwm.o
    0x20000968        -       0x00000038   Zero   RW          653    .bss                bsp_i2cs0.o
    0x200009a0        -       0x00000038   Zero   RW          724    .bss                bsp_i2cs1.o
    0x200009d8        -       0x0000001d   Zero   RW          815    .bss                shell.o
    0x200009f5   COMPRESSED   0x00000003   PAD
    0x200009f8        -       0x00000134   Zero   RW          888    .bss                shell_port.o
    0x20000b2c        -       0x000000c8   Zero   RW          968    .bss                main.o
    0x20000bf4        -       0x00000134   Zero   RW         1097    .bss                cm_backtrace.o
    0x20000d28        -       0x00000040   Zero   RW         1222    .bss                queue.o
    0x20000d68        -       0x000004c4   Zero   RW         1258    .bss                tasks.o
    0x2000122c        -       0x00000028   Zero   RW         1280    .bss                timers.o
    0x20001254        -       0x00007800   Zero   RW         1310    .bss                heap_4.o
    0x20008a54   COMPRESSED   0x00000004   PAD
    0x20008a58        -       0x00000400   Zero   RW         1132    STACK               startup_stm32f103xe.o


==============================================================================

Image component sizes


      Code (inc. data)   RO Data    RW Data    ZI Data      Debug   Object Name

       952        122         96          0          0     537266   api_utc.o
       556         60        214          0          0       4235   bsp_gpio.o
       320         14          0          0          0       2240   bsp_i2c.o
       156          0          0          0          0       1904   bsp_i2ccomm.o
       936         20          4          4         56       4929   bsp_i2cs0.o
       936         20          4          4         56       4929   bsp_i2cs1.o
       364         88          4          8          0       2211   bsp_key.o
       740         12          0          5          0       5572   bsp_uartcomm.o
       256         16          0        128        618      13937   bsp_usart1.o
      3012        576       2461         60        308       9241   cm_backtrace.o
        12          0          0          0          0        356   cmb_fault.o
       964        184        112          1       1024      10862   eeprom.o
         0          0          0          0          0      11824   event_groups.o
       572          0          0          0          0      12713   fifo.o
       952        550        137          0          0       2802   gpio_shell.o
       832         32          0         32      30720       4258   heap_4.o
        36          8         12          0          0       2175   initcall.o
       148          0          0          0          0       2014   list.o
      1182        348        299         40        200       7137   main.o
       826         38          0         12          0       7838   port.o
       180          4          0          4          0      17510   print_monitor.o
      1384        280         61          8        120       4883   pwm.o
      4216         20          0          0         64      22657   queue.o
      4992        140        750         84         29      25954   shell.o
       842          8          0          0          0       3728   shell_ext.o
        76         12          0          0        308       1565   shell_port.o
        36          8        304          0       1024        748   startup_stm32f103xe.o
       444         38          0          9          0       7577   stm32f1xx_hal.o
      3516         96          0          0          0       9590   stm32f1xx_hal_adc.o
      2576         70          0          0          0       6634   stm32f1xx_hal_adc_ex.o
       744         20          0          0          0      30634   stm32f1xx_hal_cortex.o
      3840         42          0          0          0       6673   stm32f1xx_hal_dma.o
      1268         40          0          0          0       3923   stm32f1xx_hal_gpio.o
     18832        302          0          0          0      41286   stm32f1xx_hal_i2c.o
       520         30          0          0          0       2108   stm32f1xx_hal_msp.o
      2380         88         18          0          0       5535   stm32f1xx_hal_rcc.o
       656         28         18          0          0       2228   stm32f1xx_hal_rcc_ex.o
       748          6          0          0          0       4561   stm32f1xx_hal_rtc_ex.o
     15164        258          0          0          0      42090   stm32f1xx_hal_tim.o
      5880        152          0          0          0      16883   stm32f1xx_hal_tim_ex.o
      6480         46          0          0          0      22504   stm32f1xx_hal_uart.o
       128         20          0          0          0       1926   stm32f1xx_it.o
       164         20         24          4          0       1401   system_stm32f1xx.o
      8120        390          0         64       1220      37541   tasks.o
       472         64         48          1        132       3754   temperatureinside.o
      1784         70          0         20         40      25608   timers.o

    ----------------------------------------------------------------------
     99202       4340       4616        500      35928     997944   Object Totals
         0          0         32          0          0          0   (incl. Generated)
         8          0         18         12          9          0   (incl. Padding)

    ----------------------------------------------------------------------

      Code (inc. data)   RO Data    RW Data    ZI Data      Debug   Library Member Name

        86          0          0          0          0          0   __dczerorl2.o
        28          0          0          0          0         68   _chval.o
       158          0          0          0          0         92   _strtoul.o
        26          0          0          0          0         80   atoi.o
         8          4        133          0          0         68   ctype_o.o
         0          0          0          0          0          0   entry.o
         0          0          0          0          0          0   entry10a.o
         0          0          0          0          0          0   entry11a.o
         4          0          0          0          0          0   entry12b.o
         8          4          0          0          0          0   entry2.o
         4          0          0          0          0          0   entry5.o
         0          0          0          0          0          0   entry7b.o
         0          0          0          0          0          0   entry8b.o
         8          4          0          0          0          0   entry9a.o
         8          4          0          4          0         68   errno.o
        30          0          0          0          0          0   handlers.o
        36          8          0          0          0         68   init.o
         0          0          0          0          0          0   iusefp.o
        30          0          0          0          0         68   llshl.o
        36          0          0          0          0         68   llsshr.o
        32          0          0          0          0         68   llushr.o
        36          0          0          0          0         68   memcpya.o
        36          0          0          0          0        108   memseta.o
      2342        102          0          0          0        764   printfa.o
         0          0          0          4          0          0   stdout.o
        28          0          0          0          0         76   strcmp.o
        14          0          0          0          0         68   strlen.o
        30          0          0          0          0         80   strncmp.o
        24          0          0          0          0         76   strncpy.o
        68          6          0          4          0         80   strtok.o
       112          0          0          0          0         88   strtol.o
        44          0          0          0          0         80   uidiv.o
        98          0          0          0          0         92   uldiv.o
        48          0          0          0          0         68   cdrcmple.o
        56          0          0          0          0         88   d2f.o
       334          0          0          0          0        148   dadd.o
       222          0          0          0          0        100   ddiv.o
       186          0          0          0          0        176   depilogue.o
        62          0          0          0          0         80   dfixi.o
        48          0          0          0          0         68   dfixul.o
        34          0          0          0          0         76   dflti.o
       228          0          0          0          0         96   dmul.o
        38          0          0          0          0         68   f2d.o
       124          0          0          0          0         88   fdiv.o
       110          0          0          0          0        168   fepilogue.o
        50          0          0          0          0         68   ffixi.o
        18          0          0          0          0         68   fflti.o
        10          0          0          0          0         68   ffltui.o
       100          0          0          0          0         76   fmul.o

    ----------------------------------------------------------------------
      5010        132        136         12          0       3732   Library Totals
         8          0          3          0          0          0   (incl. Padding)

    ----------------------------------------------------------------------

      Code (inc. data)   RO Data    RW Data    ZI Data      Debug   Library Name

      3334        132        133         12          0       2228   mc_w.l
      1668          0          0          0          0       1504   mf_w.l

    ----------------------------------------------------------------------
      5010        132        136         12          0       3732   Library Totals

    ----------------------------------------------------------------------

==============================================================================


      Code (inc. data)   RO Data    RW Data    ZI Data      Debug   

    104212       4472       4752        512      35928     995356   Grand Totals
    104212       4472       4752        128      35928     995356   ELF Image Totals (compressed)
    104212       4472       4752        128          0          0   ROM Totals

==============================================================================

    Total RO  Size (Code + RO Data)               108964 ( 106.41kB)
    Total RW  Size (RW Data + ZI Data)             36440 (  35.59kB)
    Total ROM Size (Code + RO Data + RW Data)     109092 ( 106.54kB)

==============================================================================

