Component: ARM Compiler 5.06 update 7 (build 960) Tool: armlink [4d3601]

==============================================================================

Section Cross References

    api_utc.o(.text) refers to strlen.o(.text) for strlen
    api_utc.o(.text) refers to strtok.o(.text) for strtok
    api_utc.o(.text) refers to memcpya.o(.text) for __aeabi_memcpy4
    api_utc.o(.text) refers to strcmp.o(.text) for strcmp
    api_utc.o(.text) refers to printfa.o(i.__0printf) for __2printf
    api_utc.o(.text) refers to atoi.o(.text) for atoi
    api_utc.o(.text) refers to api_utc.o(.constdata) for .constdata
    api_utc.o(.text) refers to main.o(.data) for g_debugLevel
    api_utc.o(.constdata) refers to api_utc.o(.conststring) for .conststring
    fifo.o(.text) refers to port.o(.text) for vPortEnterCritical
    print_monitor.o(.text) refers to queue.o(.text) for xQueueGenericCreate
    print_monitor.o(.text) refers to tasks.o(.text) for vTaskDelay
    print_monitor.o(.text) refers to bsp_uartcomm.o(.text) for UART_sendContinueDMA
    print_monitor.o(.text) refers to port.o(.emb_text) for vPortGetIPSR
    print_monitor.o(.text) refers to print_monitor.o(.data) for g_Queue_uartResend
    i2cforward.o(.text) refers to port.o(.text) for vPortEnterCritical
    i2cforward.o(.text) refers to tasks.o(.text) for vTaskDelay
    i2cforward.o(.text) refers to memcpya.o(.text) for __aeabi_memcpy
    i2cforward.o(.text) refers to fifo.o(i.FIFO_Empty) for FIFO_Empty
    i2cforward.o(.text) refers to bsp_i2c.o(.text) for i2c_write_bytes
    i2cforward.o(.text) refers to printfa.o(i.__0printf) for __2printf
    i2cforward.o(.text) refers to main.o(.bss) for hi2c1
    i2cforward.o(.text) refers to i2cforward.o(.data) for g_I2cRecvBuf
    i2cforward.o(.text) refers to bsp_usart1.o(.data) for g_UARTPara
    i2cforward.o(.text) refers to i2cforward.o(.bss) for g_I2cSendBuf
    bsp_uartcomm.o(.text) refers to fifo.o(i.FIFO_Empty) for FIFO_Empty
    bsp_uartcomm.o(.text) refers to fifo.o(.text) for FIFO_Read
    bsp_uartcomm.o(.text) refers to stm32f1xx_hal_uart.o(.text) for HAL_UART_Transmit_IT
    bsp_uartcomm.o(.text) refers to tasks.o(.text) for xTaskGetSchedulerState
    bsp_uartcomm.o(.text) refers to print_monitor.o(.text) for PrintMonitor_PostdMsg
    bsp_uartcomm.o(.text) refers to bsp_uartcomm.o(i.UART_sendByte) for UART_sendByte
    bsp_uartcomm.o(.text) refers to port.o(.text) for vPortEnterCritical
    bsp_uartcomm.o(.text) refers to bsp_usart1.o(.text) for UART1_init
    bsp_uartcomm.o(.text) refers to bsp_uartcomm.o(.data) for g_pUARTSHandler
    bsp_gpio.o(.text) refers to stm32f1xx_hal_gpio.o(.text) for HAL_GPIO_Init
    bsp_gpio.o(.text) refers to printfa.o(i.__0printf) for __2printf
    bsp_gpio.o(.text) refers to bsp_gpio.o(.constdata) for g_gpioConfigComm
    bsp_gpio.o(.constdata) refers to bsp_gpio.o(.conststring) for .conststring
    bsp_usart1.o(.text) refers to fifo.o(.text) for FIFO_Init
    bsp_usart1.o(.text) refers to bsp_uartcomm.o(.text) for com_registHandler
    bsp_usart1.o(.text) refers to stm32f1xx_hal_uart.o(.text) for HAL_UART_Init
    bsp_usart1.o(.text) refers to print_monitor.o(.text) for PrintMonitorInit
    bsp_usart1.o(.text) refers to bsp_usart1.o(.bss) for g_buffSend
    bsp_usart1.o(.text) refers to bsp_usart1.o(.data) for g_UARTPara
    bsp_i2c.o(.text) refers to stm32f1xx_hal_i2c.o(.text) for HAL_I2C_Init
    bsp_i2c.o(.text) refers to main.o(i.Error_Handler) for Error_Handler
    bsp_i2c.o(.text) refers to i2cforward.o(.text) for HAL_I2C_SlaveRxCpltCallback
    bsp_i2c.o(.text) refers to tasks.o(.text) for vTaskDelay
    bsp_i2c.o(.text) refers to stm32f1xx_hal_cortex.o(.text) for HAL_NVIC_EnableIRQ
    bsp_i2c.o(.text) refers to main.o(.bss) for hi2c1
    initcall.o(.initcall.2.app.init) refers to initcall.o(.text) for DemoAppInitStart
    pwm.o(.text) refers to printfa.o(i.__0printf) for __2printf
    pwm.o(.text) refers to stm32f1xx_hal_tim.o(.text) for HAL_TIM_PWM_Stop
    pwm.o(.text) refers to bsp_gpio.o(.text) for GPIO_ReInitGPIO
    pwm.o(.text) refers to main.o(i.Error_Handler) for Error_Handler
    pwm.o(.text) refers to stm32f1xx_hal_cortex.o(.text) for HAL_NVIC_SetPriority
    pwm.o(.text) refers to strtol.o(.text) for strtol
    pwm.o(.text) refers to pwm.o(.constdata) for g_tablePreScale
    pwm.o(.text) refers to main.o(.data) for g_debugLevel
    pwm.o(.text) refers to pwm.o(.bss) for PwmCfg
    pwm.o(.text) refers to pwm.o(.data) for dutyPercent
    pwm.o(.initcall.1.core.init) refers to pwm.o(.text) for PWM_Init
    pwm.o(shellCommand) refers to pwm.o(.constdata) for shellCmdpwm
    pwm.o(shellCommand) refers to pwm.o(.text) for pwmShellDuty
    shell.o(.text) refers to strcmp.o(.text) for strcmp
    shell.o(.text) refers to strncmp.o(.text) for strncmp
    shell.o(.text) refers to strlen.o(.text) for strlen
    shell.o(.text) refers to printfa.o(i.__0vsnprintf) for vsnprintf
    shell.o(.text) refers to shell.o(.data) for shellText
[...]
    shellDelete                              0x08002915   Thumb Code    16  shell.o(.text)
    shellEnter                               0x08002925   Thumb Code    20  shell.o(.text)
    shellHelp                                0x08002939   Thumb Code   118  shell.o(.text)
    shellHandler                             0x080029af   Thumb Code   246  shell.o(.text)
    shellTask                                0x08002aa5   Thumb Code    46  shell.o(.text)
    shellUsers                               0x08002ad3   Thumb Code    18  shell.o(.text)
    shellCmds                                0x08002ae5   Thumb Code    18  shell.o(.text)
    shellVars                                0x08002af7   Thumb Code    34  shell.o(.text)
    shellKeys                                0x08002b19   Thumb Code    18  shell.o(.text)
    shellClear                               0x08002b2b   Thumb Code    22  shell.o(.text)
    shellRun                                 0x08002b41   Thumb Code    86  shell.o(.text)
    shellExtParsePara                        0x08002dc7   Thumb Code    86  shell_ext.o(.text)
    shellExtRun                              0x08002e1d   Thumb Code   202  shell_ext.o(.text)
    userShellWrite                           0x08002ee9   Thumb Code    14  shell_port.o(.text)
    userShellRead                            0x08002ef7   Thumb Code    22  shell_port.o(.text)
    userShellInit                            0x08002f0d   Thumb Code    28  shell_port.o(.text)
    SystemClock_Config                       0x08003355   Thumb Code   114  main.o(.text)
    main                                     0x080033c7   Thumb Code   210  main.o(.text)
    PrintTaskStackHead                       0x08003499   Thumb Code   344  main.o(.text)
    vApplicationIdleHook                     0x080035f1   Thumb Code    30  main.o(.text)
    vPortSetupTimerInterrupt                 0x0800360f   Thumb Code     2  main.o(.text)
    Reboot                                   0x08003611   Thumb Code     8  main.o(.text)
    HAL_MspInit                              0x08003775   Thumb Code    58  stm32f1xx_hal_msp.o(.text)
    HAL_I2C_MspInit                          0x080037af   Thumb Code   138  stm32f1xx_hal_msp.o(.text)
    HAL_I2C_MspDeInit                        0x08003839   Thumb Code    60  stm32f1xx_hal_msp.o(.text)
    HAL_UART_MspInit                         0x08003875   Thumb Code   186  stm32f1xx_hal_msp.o(.text)
    HAL_UART_MspDeInit                       0x0800392f   Thumb Code    48  stm32f1xx_hal_msp.o(.text)
    NMI_Handler                              0x0800397d   Thumb Code     4  stm32f1xx_it.o(.text)
    MemManage_Handler                        0x08003985   Thumb Code     4  stm32f1xx_it.o(.text)
    BusFault_Handler                         0x08003989   Thumb Code     4  stm32f1xx_it.o(.text)
    UsageFault_Handler                       0x0800398d   Thumb Code     4  stm32f1xx_it.o(.text)
    DebugMon_Handler                         0x08003991   Thumb Code     2  stm32f1xx_it.o(.text)
    SysTick_Handler                          0x08003993   Thumb Code    20  stm32f1xx_it.o(.text)
    DMA1_Channel4_IRQHandler                 0x080039a7   Thumb Code    10  stm32f1xx_it.o(.text)
    DMA1_Channel6_IRQHandler                 0x080039b1   Thumb Code    10  stm32f1xx_it.o(.text)
    I2C1_EV_IRQHandler                       0x080039bb   Thumb Code    10  stm32f1xx_it.o(.text)
    I2C1_ER_IRQHandler                       0x080039c5   Thumb Code    10  stm32f1xx_it.o(.text)
    USART1_IRQHandler                        0x080039cf   Thumb Code    16  stm32f1xx_it.o(.text)
    cm_backtrace_init                        0x080039f1   Thumb Code   102  cm_backtrace.o(.text)
    cm_backtrace_firmware_info               0x08003a57   Thumb Code    24  cm_backtrace.o(.text)
    cm_backtrace_call_stack                  0x08003b67   Thumb Code   276  cm_backtrace.o(.text)
    cm_backtrace_assert                      0x08003cf1   Thumb Code   150  cm_backtrace.o(.text)
    HardFault_Handler_bt                     0x080041b5   Thumb Code   598  cm_backtrace.o(.text)
    HardFault_Handler                        0x080045a5   Thumb Code    12  cmb_fault.o(.text)
    Reset_Handler                            0x080045b1   Thumb Code     8  startup_stm32f103xe.o(.text)
    ADC1_2_IRQHandler                        0x080045cb   Thumb Code     0  startup_stm32f103xe.o(.text)
    ADC3_IRQHandler                          0x080045cb   Thumb Code     0  startup_stm32f103xe.o(.text)
    CAN1_RX1_IRQHandler                      0x080045cb   Thumb Code     0  startup_stm32f103xe.o(.text)
    CAN1_SCE_IRQHandler                      0x080045cb   Thumb Code     0  startup_stm32f103xe.o(.text)
    DMA1_Channel1_IRQHandler                 0x080045cb   Thumb Code     0  startup_stm32f103xe.o(.text)
    DMA1_Channel2_IRQHandler                 0x080045cb   Thumb Code     0  startup_stm32f103xe.o(.text)
    DMA1_Channel3_IRQHandler                 0x080045cb   Thumb Code     0  startup_stm32f103xe.o(.text)
    DMA1_Channel5_IRQHandler                 0x080045cb   Thumb Code     0  startup_stm32f103xe.o(.text)
    DMA1_Channel7_IRQHandler                 0x080045cb   Thumb Code     0  startup_stm32f103xe.o(.text)
    DMA2_Channel1_IRQHandler                 0x080045cb   Thumb Code     0  startup_stm32f103xe.o(.text)
    DMA2_Channel2_IRQHandler                 0x080045cb   Thumb Code     0  startup_stm32f103xe.o(.text)
    DMA2_Channel3_IRQHandler                 0x080045cb   Thumb Code     0  startup_stm32f103xe.o(.text)
    DMA2_Channel4_5_IRQHandler               0x080045cb   Thumb Code     0  startup_stm32f103xe.o(.text)
    EXTI0_IRQHandler                         0x080045cb   Thumb Code     0  startup_stm32f103xe.o(.text)
    EXTI15_10_IRQHandler                     0x080045cb   Thumb Code     0  startup_stm32f103xe.o(.text)
    EXTI1_IRQHandler                         0x080045cb   Thumb Code     0  startup_stm32f103xe.o(.text)
    EXTI2_IRQHandler                         0x080045cb   Thumb Code     0  startup_stm32f103xe.o(.text)
    EXTI3_IRQHandler                         0x080045cb   Thumb Code     0  startup_stm32f103xe.o(.text)
    EXTI4_IRQHandler                         0x080045cb   Thumb Code     0  startup_stm32f103xe.o(.text)
    EXTI9_5_IRQHandler                       0x080045cb   Thumb Code     0  startup_stm32f103xe.o(.text)
    FLASH_IRQHandler                         0x080045cb   Thumb Code     0  startup_stm32f103xe.o(.text)
    FSMC_IRQHandler                          0x080045cb   Thumb Code     0  startup_stm32f103xe.o(.text)
    I2C2_ER_IRQHandler                       0x080045cb   Thumb Code     0  startup_stm32f103xe.o(.text)
    I2C2_EV_IRQHandler                       0x080045cb   Thumb Code     0  startup_stm32f103xe.o(.text)
    PVD_IRQHandler                           0x080045cb   Thumb Code     0  startup_stm32f103xe.o(.text)
    RCC_IRQHandler                           0x080045cb   Thumb Code     0  startup_stm32f103xe.o(.text)
    RTC_Alarm_IRQHandler                     0x080045cb   Thumb Code     0  startup_stm32f103xe.o(.text)
    RTC_IRQHandler                           0x080045cb   Thumb Code     0  startup_stm32f103xe.o(.text)
    SDIO_IRQHandler                          0x080045cb   Thumb Code     0  startup_stm32f103xe.o(.text)
    SPI1_IRQHandler                          0x080045cb   Thumb Code     0  startup_stm32f103xe.o(.text)
    SPI2_IRQHandler                          0x080045cb   Thumb Code     0  startup_stm32f103xe.o(.text)
    SPI3_IRQHandler                          0x080045cb   Thumb Code     0  startup_stm32f103xe.o(.text)
    TAMPER_IRQHandler                        0x080045cb   Thumb Code     0  startup_stm32f103xe.o(.text)
    TIM1_BRK_IRQHandler                      0x080045cb   Thumb Code     0  startup_stm32f103xe.o(.text)
    TIM1_CC_IRQHandler                       0x080045cb   Thumb Code     0  startup_stm32f103xe.o(.text)
    TIM1_TRG_COM_IRQHandler                  0x080045cb   Thumb Code     0  startup_stm32f103xe.o(.text)
    TIM2_IRQHandler                          0x080045cb   Thumb Code     0  startup_stm32f103xe.o(.text)
    TIM3_IRQHandler                          0x080045cb   Thumb Code     0  startup_stm32f103xe.o(.text)
    TIM4_IRQHandler                          0x080045cb   Thumb Code     0  startup_stm32f103xe.o(.text)
    TIM5_IRQHandler                          0x080045cb   Thumb Code     0  startup_stm32f103xe.o(.text)
    TIM6_IRQHandler                          0x080045cb   Thumb Code     0  startup_stm32f103xe.o(.text)
    TIM7_IRQHandler                          0x080045cb   Thumb Code     0  startup_stm32f103xe.o(.text)
    TIM8_BRK_IRQHandler                      0x080045cb   Thumb Code     0  startup_stm32f103xe.o(.text)
    TIM8_CC_IRQHandler                       0x080045cb   Thumb Code     0  startup_stm32f103xe.o(.text)
    TIM8_TRG_COM_IRQHandler                  0x080045cb   Thumb Code     0  startup_stm32f103xe.o(.text)
    TIM8_UP_IRQHandler                       0x080045cb   Thumb Code     0  startup_stm32f103xe.o(.text)
    UART4_IRQHandler                         0x080045cb   Thumb Code     0  startup_stm32f103xe.o(.text)
    UART5_IRQHandler                         0x080045cb   Thumb Code     0  startup_stm32f103xe.o(.text)
    USART2_IRQHandler                        0x080045cb   Thumb Code     0  startup_stm32f103xe.o(.text)
    USART3_IRQHandler                        0x080045cb   Thumb Code     0  startup_stm32f103xe.o(.text)
    USBWakeUp_IRQHandler                     0x080045cb   Thumb Code     0  startup_stm32f103xe.o(.text)
    USB_HP_CAN1_TX_IRQHandler                0x080045cb   Thumb Code     0  startup_stm32f103xe.o(.text)
    USB_LP_CAN1_RX0_IRQHandler               0x080045cb   Thumb Code     0  startup_stm32f103xe.o(.text)
    WWDG_IRQHandler                          0x080045cb   Thumb Code     0  startup_stm32f103xe.o(.text)
    SystemInit                               0x080045d5   Thumb Code     2  system_stm32f1xx.o(.text)
    SystemCoreClockUpdate                    0x080045d7   Thumb Code   142  system_stm32f1xx.o(.text)
    vListInitialise                          0x08004679   Thumb Code    26  list.o(.text)
    vListInitialiseItem                      0x08004693   Thumb Code     6  list.o(.text)
    vListInsertEnd                           0x08004699   Thumb Code    24  list.o(.text)
    vListInsert                              0x080046b1   Thumb Code    52  list.o(.text)
    uxListRemove                             0x080046e5   Thumb Code    40  list.o(.text)
    xQueueGenericReset                       0x0800470d   Thumb Code   214  queue.o(.text)
    xQueueGenericCreate                      0x0800480d   Thumb Code   102  queue.o(.text)
    xQueueGenericSend                        0x0800498d   Thumb Code   420  queue.o(.text)
    xQueueCreateMutex                        0x08004b4f   Thumb Code    38  queue.o(.text)
    xQueueGetMutexHolder                     0x08004b75   Thumb Code    52  queue.o(.text)
    xQueueGetMutexHolderFromISR              0x08004ba9   Thumb Code    38  queue.o(.text)
    xQueueGiveMutexRecursive                 0x08004bcf   Thumb Code    72  queue.o(.text)
    xQueueSemaphoreTake                      0x08004c45   Thumb Code   434  queue.o(.text)
    xQueueTakeMutexRecursive                 0x08004df7   Thumb Code    78  queue.o(.text)
    xQueueCreateCountingSemaphore            0x08004e45   Thumb Code    60  queue.o(.text)
    xQueueGenericSendFromISR                 0x08004e81   Thumb Code   288  queue.o(.text)
    xQueueGiveFromISR                        0x08004fa1   Thumb Code   260  queue.o(.text)
    xQueueReceive                            0x080050d5   Thumb Code   356  queue.o(.text)
    xQueuePeek                               0x08005239   Thumb Code   362  queue.o(.text)
    xQueueReceiveFromISR                     0x080053a3   Thumb Code   238  queue.o(.text)
    xQueuePeekFromISR                        0x08005491   Thumb Code   176  queue.o(.text)
    uxQueueMessagesWaiting                   0x08005541   Thumb Code    46  queue.o(.text)
    uxQueueSpacesAvailable                   0x0800556f   Thumb Code    48  queue.o(.text)
    uxQueueMessagesWaitingFromISR            0x0800559f   Thumb Code    34  queue.o(.text)
    vQueueUnregisterQueue                    0x080055c1   Thumb Code    68  queue.o(.text)
    vQueueDelete                             0x08005605   Thumb Code    44  queue.o(.text)
    uxQueueGetQueueNumber                    0x08005631   Thumb Code     6  queue.o(.text)
    vQueueSetQueueNumber                     0x08005637   Thumb Code     4  queue.o(.text)
    ucQueueGetQueueType                      0x0800563b   Thumb Code     8  queue.o(.text)
    xQueueIsQueueEmptyFromISR                0x08005643   Thumb Code    42  queue.o(.text)
    xQueueIsQueueFullFromISR                 0x0800566d   Thumb Code    46  queue.o(.text)
    vQueueAddToRegistry                      0x0800569b   Thumb Code    90  queue.o(.text)
    pcQueueGetName                           0x080056f5   Thumb Code    64  queue.o(.text)
    vQueueWaitForMessageRestricted           0x08005735   Thumb Code    74  queue.o(.text)
    xTaskCreate                              0x0800597b   Thumb Code    96  tasks.o(.text)
    vTaskDelete                              0x08005a15   Thumb Code   168  tasks.o(.text)
    xTaskIncrementTick                       0x08005abd   Thumb Code   478  tasks.o(.text)
    xTaskResumeAll                           0x08005c9b   Thumb Code   336  tasks.o(.text)
    vTaskSuspendAll                          0x08005e77   Thumb Code    12  tasks.o(.text)
    xTaskDelayUntil                          0x08005e83   Thumb Code   202  tasks.o(.text)
    vTaskDelay                               0x08005f4d   Thumb Code    82  tasks.o(.text)
    eTaskGetState                            0x08005f9f   Thumb Code   198  tasks.o(.text)
    uxTaskPriorityGet                        0x08006065   Thumb Code    30  tasks.o(.text)
    uxTaskPriorityGetFromISR                 0x08006083   Thumb Code    62  tasks.o(.text)
    vTaskPrioritySet                         0x080060c1   Thumb Code   292  tasks.o(.text)
    vTaskSwitchContext                       0x080061e5   Thumb Code   122  tasks.o(.text)
    vTaskSuspend                             0x0800625f   Thumb Code   190  tasks.o(.text)
    vTaskResume                              0x0800636d   Thumb Code   224  tasks.o(.text)
    xTaskResumeFromISR                       0x0800644d   Thumb Code   216  tasks.o(.text)
    vTaskStartScheduler                      0x08006585   Thumb Code   124  tasks.o(.text)
    vTaskEndScheduler                        0x08006601   Thumb Code    32  tasks.o(.text)
    xTaskGetTickCount                        0x08006621   Thumb Code     6  tasks.o(.text)
    xTaskGetTickCountFromISR                 0x08006627   Thumb Code    16  tasks.o(.text)
    uxTaskGetNumberOfTasks                   0x08006637   Thumb Code     6  tasks.o(.text)
    pcTaskGetName                            0x0800663d   Thumb Code    44  tasks.o(.text)
    vTaskGetInfo                             0x0800667f   Thumb Code   126  tasks.o(.text)
    uxTaskGetSystemState                     0x08006767   Thumb Code   152  tasks.o(.text)
    xTaskCatchUpTicks                        0x080067ff   Thumb Code    64  tasks.o(.text)
    vTaskPlaceOnEventList                    0x0800683f   Thumb Code   142  tasks.o(.text)
    vTaskPlaceOnUnorderedEventList           0x080068cd   Thumb Code   134  tasks.o(.text)
    vTaskPlaceOnEventListRestricted          0x08006953   Thumb Code    94  tasks.o(.text)
    xTaskRemoveFromEventList                 0x080069b1   Thumb Code   262  tasks.o(.text)
    vTaskRemoveFromUnorderedEventList        0x08006ab7   Thumb Code   248  tasks.o(.text)
    vTaskSetTimeOutState                     0x08006baf   Thumb Code    50  tasks.o(.text)
    vTaskInternalSetTimeOutState             0x08006be1   Thumb Code    14  tasks.o(.text)
    xTaskCheckForTimeOut                     0x08006bef   Thumb Code   136  tasks.o(.text)
    vTaskMissedYield                         0x08006c77   Thumb Code     8  tasks.o(.text)
    uxTaskGetTaskNumber                      0x08006c7f   Thumb Code    14  tasks.o(.text)
    vTaskSetTaskNumber                       0x08006c8d   Thumb Code     8  tasks.o(.text)
    uxTaskGetStackHighWaterMark              0x08006c95   Thumb Code    34  tasks.o(.text)
    xTaskGetCurrentTaskHandle                0x08006cb7   Thumb Code     6  tasks.o(.text)
    xTaskGetSchedulerState                   0x08006cbd   Thumb Code    60  tasks.o(.text)
    xTaskPriorityInherit                     0x08006cf9   Thumb Code   202  tasks.o(.text)
    xTaskPriorityDisinherit                  0x08006dc3   Thumb Code   202  tasks.o(.text)
    vTaskPriorityDisinheritAfterTimeout      0x08006e8d   Thumb Code   246  tasks.o(.text)
    uxTaskResetEventItemValue                0x08006f83   Thumb Code    24  tasks.o(.text)
    pvTaskIncrementMutexHeldCount            0x08006f9b   Thumb Code    26  tasks.o(.text)
    ulTaskGenericNotifyTake                  0x08006fb5   Thumb Code   160  tasks.o(.text)
    xTaskGenericNotifyWait                   0x08007055   Thumb Code   212  tasks.o(.text)
    xTaskGenericNotify                       0x08007129   Thumb Code   440  tasks.o(.text)
    xTaskGenericNotifyFromISR                0x080072e1   Thumb Code   548  tasks.o(.text)
    vTaskGenericNotifyGiveFromISR            0x08007505   Thumb Code   370  tasks.o(.text)
    xTaskGenericNotifyStateClear             0x08007677   Thumb Code    90  tasks.o(.text)
    ulTaskGenericNotifyValueClear            0x080076d1   Thumb Code    58  tasks.o(.text)
    vTaskStackAddr                           0x0800770b   Thumb Code     8  tasks.o(.text)
    vTaskStackSize                           0x08007713   Thumb Code     8  tasks.o(.text)
    vTaskName                                0x0800771b   Thumb Code     8  tasks.o(.text)
    xTimerCreateTimerTask                    0x08007a87   Thumb Code    64  timers.o(.text)
    xTimerCreate                             0x08007b1f   Thumb Code   106  timers.o(.text)
    xTimerGenericCommand                     0x08007b89   Thumb Code   128  timers.o(.text)
    xTimerGetTimerDaemonTaskHandle           0x08007c09   Thumb Code    42  timers.o(.text)
    xTimerGetPeriod                          0x08007c33   Thumb Code    32  timers.o(.text)
    vTimerSetReloadMode                      0x08007c53   Thumb Code    70  timers.o(.text)
    uxTimerGetReloadMode                     0x08007c99   Thumb Code    58  timers.o(.text)
    xTimerGetExpiryTime                      0x08007cd3   Thumb Code    34  timers.o(.text)
    pcTimerGetName                           0x08007cf5   Thumb Code    32  timers.o(.text)
    xTimerIsTimerActive                      0x08007d15   Thumb Code    58  timers.o(.text)
    pvTimerGetTimerID                        0x08007d4f   Thumb Code    44  timers.o(.text)
    vTimerSetTimerID                         0x08007d7b   Thumb Code    44  timers.o(.text)
    xTimerPendFunctionCallFromISR            0x08007da7   Thumb Code    48  timers.o(.text)
    xTimerPendFunctionCall                   0x08007dd7   Thumb Code    76  timers.o(.text)
    uxTimerGetTimerNumber                    0x08007e23   Thumb Code     6  timers.o(.text)
    vTimerSetTimerNumber                     0x08007e29   Thumb Code     4  timers.o(.text)
    pvPortMalloc                             0x08007ef7   Thumb Code   338  heap_4.o(.text)
    vPortFree                                0x08008049   Thumb Code   150  heap_4.o(.text)
    xPortGetFreeHeapSize                     0x080080df   Thumb Code     6  heap_4.o(.text)
    xPortGetMinimumEverFreeHeapSize          0x080080e5   Thumb Code     6  heap_4.o(.text)
    vPortInitialiseBlocks                    0x080080eb   Thumb Code     2  heap_4.o(.text)
    vPortGetHeapStats                        0x080080ed   Thumb Code   104  heap_4.o(.text)
    pxPortInitialiseStack                    0x080081b1   Thumb Code    30  port.o(.text)
    xPortStartScheduler                      0x080081cf   Thumb Code   228  port.o(.text)
    vPortEndScheduler                        0x080082b3   Thumb Code    42  port.o(.text)
    vPortEnterCritical                       0x080082dd   Thumb Code    78  port.o(.text)
    vPortExitCritical                        0x0800832b   Thumb Code    56  port.o(.text)
    xPortSysTickHandler                      0x08008363   Thumb Code    48  port.o(.text)
    vPortValidateInterruptPriority           0x08008393   Thumb Code   108  port.o(.text)
    HAL_GPIO_Init                            0x08008419   Thumb Code   792  stm32f1xx_hal_gpio.o(.text)
    HAL_GPIO_DeInit                          0x08008731   Thumb Code   312  stm32f1xx_hal_gpio.o(.text)
    HAL_GPIO_ReadPin                         0x08008869   Thumb Code    16  stm32f1xx_hal_gpio.o(.text)
    HAL_GPIO_WritePin                        0x08008879   Thumb Code    12  stm32f1xx_hal_gpio.o(.text)
    HAL_GPIO_TogglePin                       0x08008885   Thumb Code    20  stm32f1xx_hal_gpio.o(.text)
    HAL_GPIO_LockPin                         0x08008899   Thumb Code    46  stm32f1xx_hal_gpio.o(.text)
    HAL_GPIO_EXTI_Callback                   0x080088c7   Thumb Code     2  stm32f1xx_hal_gpio.o(.text)
    HAL_GPIO_EXTI_IRQHandler                 0x080088c9   Thumb Code    28  stm32f1xx_hal_gpio.o(.text)
    HAL_DMA_Init                             0x0800890d   Thumb Code   132  stm32f1xx_hal_dma.o(.text)
    HAL_DMA_DeInit                           0x08008991   Thumb Code   132  stm32f1xx_hal_dma.o(.text)
    HAL_DMA_Start                            0x08008a41   Thumb Code   114  stm32f1xx_hal_dma.o(.text)
    HAL_DMA_Start_IT                         0x08008ab3   Thumb Code   156  stm32f1xx_hal_dma.o(.text)
    HAL_DMA_Abort                            0x08008b4f   Thumb Code    86  stm32f1xx_hal_dma.o(.text)
    HAL_DMA_Abort_IT                         0x08008ba5   Thumb Code   422  stm32f1xx_hal_dma.o(.text)
    HAL_DMA_PollForTransfer                  0x08008d4b   Thumb Code  1616  stm32f1xx_hal_dma.o(.text)
    HAL_DMA_IRQHandler                       0x0800939b   Thumb Code   920  stm32f1xx_hal_dma.o(.text)
    HAL_DMA_RegisterCallback                 0x08009733   Thumb Code    90  stm32f1xx_hal_dma.o(.text)
    HAL_DMA_UnRegisterCallback               0x0800978d   Thumb Code   106  stm32f1xx_hal_dma.o(.text)
    HAL_DMA_GetState                         0x080097f7   Thumb Code     8  stm32f1xx_hal_dma.o(.text)
    HAL_DMA_GetError                         0x080097ff   Thumb Code     6  stm32f1xx_hal_dma.o(.text)
    TIM_Base_SetConfig                       0x0800980d   Thumb Code   134  stm32f1xx_hal_tim.o(.text)
    HAL_TIM_Base_MspInit                     0x08009893   Thumb Code     2  stm32f1xx_hal_tim.o(.text)
    HAL_TIM_Base_Init                        0x08009895   Thumb Code   102  stm32f1xx_hal_tim.o(.text)
    HAL_TIM_Base_MspDeInit                   0x080098fb   Thumb Code     2  stm32f1xx_hal_tim.o(.text)
    HAL_TIM_Base_DeInit                      0x080098fd   Thumb Code   120  stm32f1xx_hal_tim.o(.text)
    HAL_TIM_Base_Start                       0x08009975   Thumb Code   110  stm32f1xx_hal_tim.o(.text)
    HAL_TIM_Base_Stop                        0x080099e3   Thumb Code    50  stm32f1xx_hal_tim.o(.text)
    HAL_TIM_Base_Start_IT                    0x08009a15   Thumb Code   122  stm32f1xx_hal_tim.o(.text)
    HAL_TIM_Base_Stop_IT                     0x08009a8f   Thumb Code    62  stm32f1xx_hal_tim.o(.text)
    HAL_TIM_ErrorCallback                    0x08009acd   Thumb Code     2  stm32f1xx_hal_tim.o(.text)
    TIM_DMAError                             0x08009acf   Thumb Code    94  stm32f1xx_hal_tim.o(.text)
    HAL_TIM_PeriodElapsedHalfCpltCallback    0x08009b2d   Thumb Code     2  stm32f1xx_hal_tim.o(.text)
    HAL_TIM_PeriodElapsedCallback            0x08009b3d   Thumb Code     2  stm32f1xx_hal_tim.o(.text)
    HAL_TIM_Base_Start_DMA                   0x08009b59   Thumb Code   224  stm32f1xx_hal_tim.o(.text)
    HAL_TIM_Base_Stop_DMA                    0x08009c39   Thumb Code    70  stm32f1xx_hal_tim.o(.text)
    HAL_TIM_OC_MspInit                       0x08009c7f   Thumb Code     2  stm32f1xx_hal_tim.o(.text)
    HAL_TIM_OC_Init                          0x08009c81   Thumb Code   102  stm32f1xx_hal_tim.o(.text)
    HAL_TIM_OC_MspDeInit                     0x08009ce7   Thumb Code     2  stm32f1xx_hal_tim.o(.text)
    HAL_TIM_OC_DeInit                        0x08009ce9   Thumb Code   120  stm32f1xx_hal_tim.o(.text)
    TIM_CCxChannelCmd                        0x08009d61   Thumb Code    34  stm32f1xx_hal_tim.o(.text)
    HAL_TIM_OC_Start                         0x08009d83   Thumb Code   222  stm32f1xx_hal_tim.o(.text)
    HAL_TIM_OC_Stop                          0x08009e61   Thumb Code   160  stm32f1xx_hal_tim.o(.text)
    HAL_TIM_OC_Start_IT                      0x08009f01   Thumb Code   304  stm32f1xx_hal_tim.o(.text)
    HAL_TIM_OC_Stop_IT                       0x0800a031   Thumb Code   244  stm32f1xx_hal_tim.o(.text)
    HAL_TIM_PWM_PulseFinishedHalfCpltCallback 0x0800a125   Thumb Code     2  stm32f1xx_hal_tim.o(.text)
    TIM_DMADelayPulseHalfCplt                0x0800a127   Thumb Code    64  stm32f1xx_hal_tim.o(.text)
    HAL_TIM_PWM_PulseFinishedCallback        0x0800a167   Thumb Code     2  stm32f1xx_hal_tim.o(.text)
    HAL_TIM_OC_Start_DMA                     0x0800a1e5   Thumb Code   548  stm32f1xx_hal_tim.o(.text)
    HAL_TIM_OC_Stop_DMA                      0x0800a409   Thumb Code   268  stm32f1xx_hal_tim.o(.text)
    HAL_TIM_PWM_MspInit                      0x0800a515   Thumb Code     2  stm32f1xx_hal_tim.o(.text)
    HAL_TIM_PWM_Init                         0x0800a517   Thumb Code   102  stm32f1xx_hal_tim.o(.text)
    HAL_TIM_PWM_MspDeInit                    0x0800a57d   Thumb Code     2  stm32f1xx_hal_tim.o(.text)
    HAL_TIM_PWM_DeInit                       0x0800a57f   Thumb Code   120  stm32f1xx_hal_tim.o(.text)
    HAL_TIM_PWM_Start                        0x0800a5f7   Thumb Code   248  stm32f1xx_hal_tim.o(.text)
    HAL_TIM_PWM_Stop                         0x0800a6ef   Thumb Code   160  stm32f1xx_hal_tim.o(.text)
    HAL_TIM_PWM_Start_IT                     0x0800a78f   Thumb Code   304  stm32f1xx_hal_tim.o(.text)
    HAL_TIM_PWM_Stop_IT                      0x0800a8bf   Thumb Code   244  stm32f1xx_hal_tim.o(.text)
    HAL_TIM_PWM_Start_DMA                    0x0800a9b3   Thumb Code   568  stm32f1xx_hal_tim.o(.text)
    HAL_TIM_PWM_Stop_DMA                     0x0800abeb   Thumb Code   268  stm32f1xx_hal_tim.o(.text)
    HAL_TIM_IC_MspInit                       0x0800acf7   Thumb Code     2  stm32f1xx_hal_tim.o(.text)
    HAL_TIM_IC_Init                          0x0800acf9   Thumb Code   102  stm32f1xx_hal_tim.o(.text)
    HAL_TIM_IC_MspDeInit                     0x0800ad5f   Thumb Code     2  stm32f1xx_hal_tim.o(.text)
    HAL_TIM_IC_DeInit                        0x0800ad61   Thumb Code   120  stm32f1xx_hal_tim.o(.text)
    HAL_TIM_IC_Start                         0x0800add9   Thumb Code   302  stm32f1xx_hal_tim.o(.text)
    HAL_TIM_IC_Stop                          0x0800af07   Thumb Code   138  stm32f1xx_hal_tim.o(.text)
    HAL_TIM_IC_Start_IT                      0x0800af91   Thumb Code   356  stm32f1xx_hal_tim.o(.text)
    HAL_TIM_IC_Stop_IT                       0x0800b0f5   Thumb Code   222  stm32f1xx_hal_tim.o(.text)
    HAL_TIM_IC_CaptureHalfCpltCallback       0x0800b1d3   Thumb Code     2  stm32f1xx_hal_tim.o(.text)
    TIM_DMACaptureHalfCplt                   0x0800b1d5   Thumb Code    64  stm32f1xx_hal_tim.o(.text)
    HAL_TIM_IC_CaptureCallback               0x0800b215   Thumb Code     2  stm32f1xx_hal_tim.o(.text)
    TIM_DMACaptureCplt                       0x0800b217   Thumb Code   122  stm32f1xx_hal_tim.o(.text)
    HAL_TIM_IC_Start_DMA                     0x0800b291   Thumb Code   588  stm32f1xx_hal_tim.o(.text)
    HAL_TIM_IC_Stop_DMA                      0x0800b4dd   Thumb Code   244  stm32f1xx_hal_tim.o(.text)
    HAL_TIM_OnePulse_MspInit                 0x0800b5d1   Thumb Code     2  stm32f1xx_hal_tim.o(.text)
    HAL_TIM_OnePulse_Init                    0x0800b5d3   Thumb Code   102  stm32f1xx_hal_tim.o(.text)
    HAL_TIM_OnePulse_MspDeInit               0x0800b639   Thumb Code     2  stm32f1xx_hal_tim.o(.text)
    HAL_TIM_OnePulse_DeInit                  0x0800b63b   Thumb Code    96  stm32f1xx_hal_tim.o(.text)
    HAL_TIM_OnePulse_Start                   0x0800b69b   Thumb Code   132  stm32f1xx_hal_tim.o(.text)
    HAL_TIM_OnePulse_Stop                    0x0800b71f   Thumb Code   178  stm32f1xx_hal_tim.o(.text)
    HAL_TIM_OnePulse_Start_IT                0x0800b7d1   Thumb Code   156  stm32f1xx_hal_tim.o(.text)
    HAL_TIM_OnePulse_Stop_IT                 0x0800b86d   Thumb Code   176  stm32f1xx_hal_tim.o(.text)
    HAL_TIM_Encoder_MspInit                  0x0800b91d   Thumb Code     2  stm32f1xx_hal_tim.o(.text)
    HAL_TIM_Encoder_Init                     0x0800b91f   Thumb Code   196  stm32f1xx_hal_tim.o(.text)
    HAL_TIM_Encoder_MspDeInit                0x0800b9e3   Thumb Code     2  stm32f1xx_hal_tim.o(.text)
    HAL_TIM_Encoder_DeInit                   0x0800b9e5   Thumb Code    96  stm32f1xx_hal_tim.o(.text)
    HAL_TIM_Encoder_Start                    0x0800ba45   Thumb Code   204  stm32f1xx_hal_tim.o(.text)
    HAL_TIM_Encoder_Stop                     0x0800bb11   Thumb Code   214  stm32f1xx_hal_tim.o(.text)
    HAL_TIM_Encoder_Start_IT                 0x0800bbe7   Thumb Code   260  stm32f1xx_hal_tim.o(.text)
    HAL_TIM_Encoder_Stop_IT                  0x0800bceb   Thumb Code   256  stm32f1xx_hal_tim.o(.text)
    HAL_TIM_Encoder_Start_DMA                0x0800bdeb   Thumb Code   560  stm32f1xx_hal_tim.o(.text)
    HAL_TIM_Encoder_Stop_DMA                 0x0800c01b   Thumb Code   280  stm32f1xx_hal_tim.o(.text)
    HAL_TIM_TriggerCallback                  0x0800c133   Thumb Code     2  stm32f1xx_hal_tim.o(.text)
    HAL_TIM_OC_DelayElapsedCallback          0x0800c135   Thumb Code     2  stm32f1xx_hal_tim.o(.text)
    HAL_TIM_IRQHandler                       0x0800c137   Thumb Code   410  stm32f1xx_hal_tim.o(.text)
    TIM_OC2_SetConfig                        0x0800c38b   Thumb Code   114  stm32f1xx_hal_tim.o(.text)
    HAL_TIM_OC_ConfigChannel                 0x0800c465   Thumb Code   112  stm32f1xx_hal_tim.o(.text)
    TIM_TI1_SetConfig                        0x0800c583   Thumb Code   102  stm32f1xx_hal_tim.o(.text)
    HAL_TIM_IC_ConfigChannel                 0x0800c5e9   Thumb Code   222  stm32f1xx_hal_tim.o(.text)
    HAL_TIM_PWM_ConfigChannel                0x0800c6c7   Thumb Code   282  stm32f1xx_hal_tim.o(.text)
    HAL_TIM_OnePulse_ConfigChannel           0x0800c7e1   Thumb Code   310  stm32f1xx_hal_tim.o(.text)
    HAL_TIM_TriggerHalfCpltCallback          0x0800c917   Thumb Code     2  stm32f1xx_hal_tim.o(.text)
    HAL_TIM_DMABurst_MultiWriteStart         0x0800c941   Thumb Code   438  stm32f1xx_hal_tim.o(.text)
    HAL_TIM_DMABurst_WriteStart              0x0800caf7   Thumb Code    42  stm32f1xx_hal_tim.o(.text)
    HAL_TIM_DMABurst_WriteStop               0x0800cb21   Thumb Code   140  stm32f1xx_hal_tim.o(.text)
    HAL_TIM_DMABurst_MultiReadStart          0x0800cbad   Thumb Code   438  stm32f1xx_hal_tim.o(.text)
    HAL_TIM_DMABurst_ReadStart               0x0800cd63   Thumb Code    86  stm32f1xx_hal_tim.o(.text)
    HAL_TIM_DMABurst_ReadStop                0x0800cdb9   Thumb Code   140  stm32f1xx_hal_tim.o(.text)
    HAL_TIM_GenerateEvent                    0x0800ce45   Thumb Code    54  stm32f1xx_hal_tim.o(.text)
    TIM_ETR_SetConfig                        0x0800ce7b   Thumb Code    22  stm32f1xx_hal_tim.o(.text)
    HAL_TIM_ConfigOCrefClear                 0x0800ce91   Thumb Code   278  stm32f1xx_hal_tim.o(.text)
    HAL_TIM_ConfigClockSource                0x0800d007   Thumb Code   268  stm32f1xx_hal_tim.o(.text)
    HAL_TIM_ConfigTI1Input                   0x0800d113   Thumb Code    22  stm32f1xx_hal_tim.o(.text)
    HAL_TIM_SlaveConfigSynchro               0x0800d1db   Thumb Code   108  stm32f1xx_hal_tim.o(.text)
    HAL_TIM_SlaveConfigSynchro_IT            0x0800d247   Thumb Code   108  stm32f1xx_hal_tim.o(.text)
    HAL_TIM_ReadCapturedValue                0x0800d2b3   Thumb Code    50  stm32f1xx_hal_tim.o(.text)
    HAL_TIM_Base_GetState                    0x0800d2e5   Thumb Code     8  stm32f1xx_hal_tim.o(.text)
    HAL_TIM_OC_GetState                      0x0800d2ed   Thumb Code     8  stm32f1xx_hal_tim.o(.text)
    HAL_TIM_PWM_GetState                     0x0800d2f5   Thumb Code     8  stm32f1xx_hal_tim.o(.text)
    HAL_TIM_IC_GetState                      0x0800d2fd   Thumb Code     8  stm32f1xx_hal_tim.o(.text)
    HAL_TIM_OnePulse_GetState                0x0800d305   Thumb Code     8  stm32f1xx_hal_tim.o(.text)
    HAL_TIM_Encoder_GetState                 0x0800d30d   Thumb Code     8  stm32f1xx_hal_tim.o(.text)
    HAL_TIM_GetActiveChannel                 0x0800d315   Thumb Code     6  stm32f1xx_hal_tim.o(.text)
    HAL_TIM_GetChannelState                  0x0800d31b   Thumb Code    38  stm32f1xx_hal_tim.o(.text)
    HAL_TIM_DMABurstState                    0x0800d341   Thumb Code     8  stm32f1xx_hal_tim.o(.text)
    HAL_TIMEx_HallSensor_MspInit             0x0800d349   Thumb Code     2  stm32f1xx_hal_tim_ex.o(.text)
    HAL_TIMEx_HallSensor_Init                0x0800d34b   Thumb Code   234  stm32f1xx_hal_tim_ex.o(.text)
    HAL_TIMEx_HallSensor_MspDeInit           0x0800d435   Thumb Code     2  stm32f1xx_hal_tim_ex.o(.text)
    HAL_TIMEx_HallSensor_DeInit              0x0800d437   Thumb Code    96  stm32f1xx_hal_tim_ex.o(.text)
    HAL_TIMEx_HallSensor_Start               0x0800d497   Thumb Code   172  stm32f1xx_hal_tim_ex.o(.text)
    HAL_TIMEx_HallSensor_Stop                0x0800d543   Thumb Code    78  stm32f1xx_hal_tim_ex.o(.text)
    HAL_TIMEx_HallSensor_Start_IT            0x0800d591   Thumb Code   184  stm32f1xx_hal_tim_ex.o(.text)
    HAL_TIMEx_HallSensor_Stop_IT             0x0800d649   Thumb Code    90  stm32f1xx_hal_tim_ex.o(.text)
    HAL_TIMEx_HallSensor_Start_DMA           0x0800d6a3   Thumb Code   224  stm32f1xx_hal_tim_ex.o(.text)
    HAL_TIMEx_HallSensor_Stop_DMA            0x0800d783   Thumb Code    84  stm32f1xx_hal_tim_ex.o(.text)
    HAL_TIMEx_OCN_Start                      0x0800d7f9   Thumb Code   198  stm32f1xx_hal_tim_ex.o(.text)
    HAL_TIMEx_OCN_Stop                       0x0800d8bf   Thumb Code   170  stm32f1xx_hal_tim_ex.o(.text)
    HAL_TIMEx_OCN_Start_IT                   0x0800d969   Thumb Code   278  stm32f1xx_hal_tim_ex.o(.text)
    HAL_TIMEx_OCN_Stop_IT                    0x0800da7f   Thumb Code   230  stm32f1xx_hal_tim_ex.o(.text)
    HAL_TIMEx_OCN_Start_DMA                  0x0800dc11   Thumb Code   448  stm32f1xx_hal_tim_ex.o(.text)
    HAL_TIMEx_OCN_Stop_DMA                   0x0800ddd1   Thumb Code   252  stm32f1xx_hal_tim_ex.o(.text)
    HAL_TIMEx_PWMN_Start                     0x0800decd   Thumb Code   198  stm32f1xx_hal_tim_ex.o(.text)
    HAL_TIMEx_PWMN_Stop                      0x0800df93   Thumb Code   136  stm32f1xx_hal_tim_ex.o(.text)
    HAL_TIMEx_PWMN_Start_IT                  0x0800e01b   Thumb Code   278  stm32f1xx_hal_tim_ex.o(.text)
    HAL_TIMEx_PWMN_Stop_IT                   0x0800e131   Thumb Code   230  stm32f1xx_hal_tim_ex.o(.text)
    HAL_TIMEx_PWMN_Start_DMA                 0x0800e217   Thumb Code   480  stm32f1xx_hal_tim_ex.o(.text)
    HAL_TIMEx_PWMN_Stop_DMA                  0x0800e3f7   Thumb Code   220  stm32f1xx_hal_tim_ex.o(.text)
    HAL_TIMEx_OnePulseN_Start                0x0800e4d3   Thumb Code   118  stm32f1xx_hal_tim_ex.o(.text)
    HAL_TIMEx_OnePulseN_Stop                 0x0800e549   Thumb Code   138  stm32f1xx_hal_tim_ex.o(.text)
    HAL_TIMEx_OnePulseN_Start_IT             0x0800e5d3   Thumb Code   142  stm32f1xx_hal_tim_ex.o(.text)
    HAL_TIMEx_OnePulseN_Stop_IT              0x0800e661   Thumb Code   162  stm32f1xx_hal_tim_ex.o(.text)
    HAL_TIMEx_ConfigCommutEvent              0x0800e703   Thumb Code   168  stm32f1xx_hal_tim_ex.o(.text)
    HAL_TIMEx_ConfigCommutEvent_IT           0x0800e7ab   Thumb Code   134  stm32f1xx_hal_tim_ex.o(.text)
    HAL_TIMEx_CommutHalfCpltCallback         0x0800e831   Thumb Code     2  stm32f1xx_hal_tim_ex.o(.text)
    TIMEx_DMACommutationHalfCplt             0x0800e833   Thumb Code    20  stm32f1xx_hal_tim_ex.o(.text)
    HAL_TIMEx_CommutCallback                 0x0800e847   Thumb Code     2  stm32f1xx_hal_tim_ex.o(.text)
    TIMEx_DMACommutationCplt                 0x0800e849   Thumb Code    20  stm32f1xx_hal_tim_ex.o(.text)
    HAL_TIMEx_ConfigCommutEvent_DMA          0x0800e85d   Thumb Code   156  stm32f1xx_hal_tim_ex.o(.text)
    HAL_TIMEx_MasterConfigSynchronization    0x0800e8f9   Thumb Code   134  stm32f1xx_hal_tim_ex.o(.text)
    HAL_TIMEx_ConfigBreakDeadTime            0x0800e97f   Thumb Code   116  stm32f1xx_hal_tim_ex.o(.text)
    HAL_TIMEx_RemapConfig                    0x0800e9f3   Thumb Code     6  stm32f1xx_hal_tim_ex.o(.text)
    HAL_TIMEx_BreakCallback                  0x0800e9f9   Thumb Code     2  stm32f1xx_hal_tim_ex.o(.text)
    HAL_TIMEx_HallSensor_GetState            0x0800e9fb   Thumb Code     8  stm32f1xx_hal_tim_ex.o(.text)
    HAL_TIMEx_GetChannelNState               0x0800ea03   Thumb Code    38  stm32f1xx_hal_tim_ex.o(.text)
    HAL_UART_Init                            0x0800eb3b   Thumb Code   118  stm32f1xx_hal_uart.o(.text)
    HAL_HalfDuplex_Init                      0x0800ebb1   Thumb Code   122  stm32f1xx_hal_uart.o(.text)
    HAL_LIN_Init                             0x0800ec2b   Thumb Code   146  stm32f1xx_hal_uart.o(.text)
    HAL_MultiProcessor_Init                  0x0800ecbd   Thumb Code   158  stm32f1xx_hal_uart.o(.text)
    HAL_UART_DeInit                          0x0800ed5d   Thumb Code    62  stm32f1xx_hal_uart.o(.text)
    HAL_UART_Transmit                        0x0800ee2d   Thumb Code   182  stm32f1xx_hal_uart.o(.text)
    HAL_UART_Receive                         0x0800eee3   Thumb Code   188  stm32f1xx_hal_uart.o(.text)
    HAL_UART_Transmit_IT                     0x0800ef9f   Thumb Code    56  stm32f1xx_hal_uart.o(.text)
    UART_Start_Receive_IT                    0x0800efd7   Thumb Code    64  stm32f1xx_hal_uart.o(.text)
    HAL_UART_Receive_IT                      0x0800f017   Thumb Code    44  stm32f1xx_hal_uart.o(.text)
    HAL_UART_ErrorCallback                   0x0800f043   Thumb Code     2  stm32f1xx_hal_uart.o(.text)
    HAL_UART_TxHalfCpltCallback              0x0800f127   Thumb Code     2  stm32f1xx_hal_uart.o(.text)
    HAL_UART_Transmit_DMA                    0x0800f191   Thumb Code   128  stm32f1xx_hal_uart.o(.text)
    HAL_UART_RxHalfCpltCallback              0x0800f211   Thumb Code     2  stm32f1xx_hal_uart.o(.text)
    HAL_UARTEx_RxEventCallback               0x0800f213   Thumb Code     2  stm32f1xx_hal_uart.o(.text)
    HAL_UART_RxCpltCallback                  0x0800f239   Thumb Code     2  stm32f1xx_hal_uart.o(.text)
    UART_Start_Receive_DMA                   0x0800f2ef   Thumb Code   186  stm32f1xx_hal_uart.o(.text)
    HAL_UART_Receive_DMA                     0x0800f3a9   Thumb Code    44  stm32f1xx_hal_uart.o(.text)
    HAL_UART_DMAPause                        0x0800f3d5   Thumb Code   166  stm32f1xx_hal_uart.o(.text)
    HAL_UART_DMAResume                       0x0800f47b   Thumb Code   170  stm32f1xx_hal_uart.o(.text)
    HAL_UART_DMAStop                         0x0800f525   Thumb Code   160  stm32f1xx_hal_uart.o(.text)
    HAL_UARTEx_ReceiveToIdle                 0x0800f5c5   Thumb Code   296  stm32f1xx_hal_uart.o(.text)
    HAL_UARTEx_ReceiveToIdle_IT              0x0800f6ed   Thumb Code   114  stm32f1xx_hal_uart.o(.text)
    HAL_UARTEx_ReceiveToIdle_DMA             0x0800f75f   Thumb Code   114  stm32f1xx_hal_uart.o(.text)
    HAL_UARTEx_GetRxEventType                0x0800f7d1   Thumb Code     6  stm32f1xx_hal_uart.o(.text)
    HAL_UART_Abort                           0x0800f7d7   Thumb Code   278  stm32f1xx_hal_uart.o(.text)
    HAL_UART_AbortTransmit                   0x0800f8ed   Thumb Code   124  stm32f1xx_hal_uart.o(.text)
    HAL_UART_AbortReceive                    0x0800f969   Thumb Code   194  stm32f1xx_hal_uart.o(.text)
    HAL_UART_AbortCpltCallback               0x0800fa2b   Thumb Code     2  stm32f1xx_hal_uart.o(.text)
    HAL_UART_Abort_IT                        0x0800fa9d   Thumb Code   320  stm32f1xx_hal_uart.o(.text)
    HAL_UART_AbortTransmitCpltCallback       0x0800fbdd   Thumb Code     2  stm32f1xx_hal_uart.o(.text)
    HAL_UART_AbortTransmit_IT                0x0800fbf7   Thumb Code   138  stm32f1xx_hal_uart.o(.text)
    HAL_UART_AbortReceiveCpltCallback        0x0800fc81   Thumb Code     2  stm32f1xx_hal_uart.o(.text)
    HAL_UART_AbortReceive_IT                 0x0800fc9f   Thumb Code   212  stm32f1xx_hal_uart.o(.text)
    HAL_UART_IRQHandler                      0x0800ff13   Thumb Code   740  stm32f1xx_hal_uart.o(.text)
    HAL_LIN_SendBreak                        0x080101f7   Thumb Code    80  stm32f1xx_hal_uart.o(.text)
    HAL_MultiProcessor_EnterMuteMode         0x08010247   Thumb Code    82  stm32f1xx_hal_uart.o(.text)
    HAL_MultiProcessor_ExitMuteMode          0x08010299   Thumb Code    82  stm32f1xx_hal_uart.o(.text)
    HAL_HalfDuplex_EnableTransmitter         0x080102eb   Thumb Code    68  stm32f1xx_hal_uart.o(.text)
    HAL_HalfDuplex_EnableReceiver            0x0801032f   Thumb Code    68  stm32f1xx_hal_uart.o(.text)
    HAL_UART_GetState                        0x08010373   Thumb Code    20  stm32f1xx_hal_uart.o(.text)
    HAL_UART_GetError                        0x08010387   Thumb Code     6  stm32f1xx_hal_uart.o(.text)
    HAL_InitTick                             0x08010393   Thumb Code    64  stm32f1xx_hal.o(.text)
    HAL_Init                                 0x080103d3   Thumb Code    34  stm32f1xx_hal.o(.text)
    HAL_MspDeInit                            0x080103f5   Thumb Code     2  stm32f1xx_hal.o(.text)
    HAL_DeInit                               0x080103f7   Thumb Code    30  stm32f1xx_hal.o(.text)
    HAL_IncTick                              0x08010415   Thumb Code    16  stm32f1xx_hal.o(.text)
    HAL_GetTick                              0x08010425   Thumb Code     6  stm32f1xx_hal.o(.text)
    HAL_GetTickPrio                          0x0801042b   Thumb Code     6  stm32f1xx_hal.o(.text)
    HAL_SetTickFreq                          0x08010431   Thumb Code    40  stm32f1xx_hal.o(.text)
    HAL_GetTickFreq                          0x08010459   Thumb Code     6  stm32f1xx_hal.o(.text)
    HAL_Delay                                0x0801045f   Thumb Code    36  stm32f1xx_hal.o(.text)
    HAL_SuspendTick                          0x08010483   Thumb Code    18  stm32f1xx_hal.o(.text)
    HAL_ResumeTick                           0x08010495   Thumb Code    18  stm32f1xx_hal.o(.text)
    HAL_GetHalVersion                        0x080104a7   Thumb Code     4  stm32f1xx_hal.o(.text)
    HAL_GetREVID                             0x080104ab   Thumb Code     8  stm32f1xx_hal.o(.text)
    HAL_GetDEVID                             0x080104b3   Thumb Code    10  stm32f1xx_hal.o(.text)
    HAL_GetUIDw0                             0x080104bd   Thumb Code     6  stm32f1xx_hal.o(.text)
    HAL_GetUIDw1                             0x080104c3   Thumb Code     8  stm32f1xx_hal.o(.text)
    HAL_GetUIDw2                             0x080104cb   Thumb Code     8  stm32f1xx_hal.o(.text)
    HAL_DBGMCU_EnableDBGSleepMode            0x080104d3   Thumb Code    14  stm32f1xx_hal.o(.text)
    HAL_DBGMCU_DisableDBGSleepMode           0x080104e1   Thumb Code    14  stm32f1xx_hal.o(.text)
    HAL_DBGMCU_EnableDBGStopMode             0x080104ef   Thumb Code    14  stm32f1xx_hal.o(.text)
    HAL_DBGMCU_DisableDBGStopMode            0x080104fd   Thumb Code    14  stm32f1xx_hal.o(.text)
    HAL_DBGMCU_EnableDBGStandbyMode          0x0801050b   Thumb Code    14  stm32f1xx_hal.o(.text)
    HAL_DBGMCU_DisableDBGStandbyMode         0x08010519   Thumb Code    14  stm32f1xx_hal.o(.text)
    HAL_NVIC_SetPriorityGrouping             0x0801056d   Thumb Code    36  stm32f1xx_hal_cortex.o(.text)
    HAL_NVIC_SetPriority                     0x08010591   Thumb Code   124  stm32f1xx_hal_cortex.o(.text)
    HAL_NVIC_EnableIRQ                       0x0801060d   Thumb Code    40  stm32f1xx_hal_cortex.o(.text)
    HAL_NVIC_DisableIRQ                      0x08010635   Thumb Code    38  stm32f1xx_hal_cortex.o(.text)
    HAL_NVIC_SystemReset                     0x0801065b   Thumb Code    40  stm32f1xx_hal_cortex.o(.text)
    HAL_SYSTICK_Config                       0x08010683   Thumb Code    52  stm32f1xx_hal_cortex.o(.text)
    HAL_NVIC_GetPriorityGrouping             0x080106b7   Thumb Code     8  stm32f1xx_hal_cortex.o(.text)
    HAL_NVIC_GetPriority                     0x080106bf   Thumb Code   138  stm32f1xx_hal_cortex.o(.text)
    HAL_NVIC_SetPendingIRQ                   0x08010749   Thumb Code    32  stm32f1xx_hal_cortex.o(.text)
    HAL_NVIC_GetPendingIRQ                   0x08010769   Thumb Code    46  stm32f1xx_hal_cortex.o(.text)
    HAL_NVIC_ClearPendingIRQ                 0x08010797   Thumb Code    30  stm32f1xx_hal_cortex.o(.text)
    HAL_NVIC_GetActive                       0x080107b5   Thumb Code    46  stm32f1xx_hal_cortex.o(.text)
    HAL_SYSTICK_CLKSourceConfig              0x080107e3   Thumb Code    40  stm32f1xx_hal_cortex.o(.text)
    HAL_SYSTICK_Callback                     0x0801080b   Thumb Code     2  stm32f1xx_hal_cortex.o(.text)
    HAL_SYSTICK_IRQHandler                   0x0801080d   Thumb Code     8  stm32f1xx_hal_cortex.o(.text)
    HAL_RCC_DeInit                           0x08010835   Thumb Code   254  stm32f1xx_hal_rcc.o(.text)
    HAL_RCC_OscConfig                        0x08010957   Thumb Code  1126  stm32f1xx_hal_rcc.o(.text)
    HAL_RCC_GetSysClockFreq                  0x08010dbd   Thumb Code    92  stm32f1xx_hal_rcc.o(.text)
    HAL_RCC_ClockConfig                      0x08010e19   Thumb Code   376  stm32f1xx_hal_rcc.o(.text)
    HAL_RCC_MCOConfig                        0x08010f91   Thumb Code    90  stm32f1xx_hal_rcc.o(.text)
    HAL_RCC_EnableCSS                        0x08010feb   Thumb Code     8  stm32f1xx_hal_rcc.o(.text)
    HAL_RCC_DisableCSS                       0x08010ff3   Thumb Code     8  stm32f1xx_hal_rcc.o(.text)
    HAL_RCC_GetHCLKFreq                      0x08010ffb   Thumb Code     6  stm32f1xx_hal_rcc.o(.text)
    HAL_RCC_GetPCLK1Freq                     0x08011001   Thumb Code    22  stm32f1xx_hal_rcc.o(.text)
    HAL_RCC_GetPCLK2Freq                     0x08011017   Thumb Code    70  stm32f1xx_hal_rcc.o(.text)
    HAL_RCC_GetOscConfig                     0x0801105d   Thumb Code   196  stm32f1xx_hal_rcc.o(.text)
    HAL_RCC_GetClockConfig                   0x08011121   Thumb Code    58  stm32f1xx_hal_rcc.o(.text)
    HAL_RCC_CSSCallback                      0x0801115b   Thumb Code     2  stm32f1xx_hal_rcc.o(.text)
    HAL_RCC_NMI_IRQHandler                   0x0801115d   Thumb Code    26  stm32f1xx_hal_rcc.o(.text)
    HAL_I2C_AddrCallback                     0x08011183   Thumb Code     2  stm32f1xx_hal_i2c.o(.text)
    HAL_I2C_AbortCpltCallback                0x08011185   Thumb Code     2  stm32f1xx_hal_i2c.o(.text)
    HAL_I2C_ErrorCallback                    0x08011187   Thumb Code     2  stm32f1xx_hal_i2c.o(.text)
    HAL_I2C_MemRxCpltCallback                0x08011189   Thumb Code     2  stm32f1xx_hal_i2c.o(.text)
    HAL_I2C_MemTxCpltCallback                0x0801118b   Thumb Code     2  stm32f1xx_hal_i2c.o(.text)
    HAL_I2C_ListenCpltCallback               0x0801118d   Thumb Code     2  stm32f1xx_hal_i2c.o(.text)
    HAL_I2C_SlaveTxCpltCallback              0x08011191   Thumb Code     2  stm32f1xx_hal_i2c.o(.text)
    HAL_I2C_MasterRxCpltCallback             0x08011193   Thumb Code     2  stm32f1xx_hal_i2c.o(.text)
    HAL_I2C_MasterTxCpltCallback             0x08011195   Thumb Code     2  stm32f1xx_hal_i2c.o(.text)
    HAL_I2C_Init                             0x08011197   Thumb Code   494  stm32f1xx_hal_i2c.o(.text)
    HAL_I2C_DeInit                           0x08011387   Thumb Code    74  stm32f1xx_hal_i2c.o(.text)
    HAL_I2C_RegisterCallback                 0x080113d1   Thumb Code   194  stm32f1xx_hal_i2c.o(.text)
    HAL_I2C_UnRegisterCallback               0x08011493   Thumb Code   204  stm32f1xx_hal_i2c.o(.text)
    HAL_I2C_RegisterAddrCallback             0x0801155f   Thumb Code   142  stm32f1xx_hal_i2c.o(.text)
    HAL_I2C_UnRegisterAddrCallback           0x080115ed   Thumb Code    64  stm32f1xx_hal_i2c.o(.text)
    HAL_I2C_Master_Transmit                  0x080119cb   Thumb Code   374  stm32f1xx_hal_i2c.o(.text)
    HAL_I2C_Master_Receive                   0x08011cff   Thumb Code   872  stm32f1xx_hal_i2c.o(.text)
    HAL_I2C_Slave_Transmit                   0x08012067   Thumb Code   400  stm32f1xx_hal_i2c.o(.text)
    HAL_I2C_Slave_Receive                    0x08012259   Thumb Code   390  stm32f1xx_hal_i2c.o(.text)
    HAL_I2C_Master_Transmit_IT               0x080123df   Thumb Code   224  stm32f1xx_hal_i2c.o(.text)
    HAL_I2C_Master_Receive_IT                0x080124bf   Thumb Code   236  stm32f1xx_hal_i2c.o(.text)
    HAL_I2C_Slave_Transmit_IT                0x080125ab   Thumb Code   146  stm32f1xx_hal_i2c.o(.text)
    HAL_I2C_Slave_Receive_IT                 0x0801263d   Thumb Code   160  stm32f1xx_hal_i2c.o(.text)
    HAL_I2C_Master_Transmit_DMA              0x08012853   Thumb Code   434  stm32f1xx_hal_i2c.o(.text)
    HAL_I2C_Master_Receive_DMA               0x08012a05   Thumb Code   434  stm32f1xx_hal_i2c.o(.text)
    HAL_I2C_Slave_Transmit_DMA               0x08012bb7   Thumb Code   304  stm32f1xx_hal_i2c.o(.text)
    HAL_I2C_Slave_Receive_DMA                0x08012ce7   Thumb Code   286  stm32f1xx_hal_i2c.o(.text)
    HAL_I2C_Mem_Write                        0x08012ee1   Thumb Code   348  stm32f1xx_hal_i2c.o(.text)
    HAL_I2C_Mem_Read                         0x080131af   Thumb Code   854  stm32f1xx_hal_i2c.o(.text)
    HAL_I2C_Mem_Write_IT                     0x08013505   Thumb Code   256  stm32f1xx_hal_i2c.o(.text)
    HAL_I2C_Mem_Read_IT                      0x08013605   Thumb Code   254  stm32f1xx_hal_i2c.o(.text)
    HAL_I2C_Mem_Write_DMA                    0x08013703   Thumb Code   514  stm32f1xx_hal_i2c.o(.text)
    HAL_I2C_Mem_Read_DMA                     0x08013905   Thumb Code   608  stm32f1xx_hal_i2c.o(.text)
    HAL_I2C_IsDeviceReady                    0x08013b65   Thumb Code   430  stm32f1xx_hal_i2c.o(.text)
    HAL_I2C_Master_Seq_Transmit_IT           0x08013d13   Thumb Code   304  stm32f1xx_hal_i2c.o(.text)
    HAL_I2C_Master_Seq_Transmit_DMA          0x08013e43   Thumb Code   536  stm32f1xx_hal_i2c.o(.text)
    HAL_I2C_Master_Seq_Receive_IT            0x0801405b   Thumb Code   360  stm32f1xx_hal_i2c.o(.text)
    HAL_I2C_Master_Seq_Receive_DMA           0x080141c3   Thumb Code   674  stm32f1xx_hal_i2c.o(.text)
    HAL_I2C_Slave_Seq_Transmit_IT            0x08014465   Thumb Code   158  stm32f1xx_hal_i2c.o(.text)
    HAL_I2C_Slave_Seq_Transmit_DMA           0x080145f5   Thumb Code   462  stm32f1xx_hal_i2c.o(.text)
    HAL_I2C_Slave_Seq_Receive_IT             0x080147c3   Thumb Code   158  stm32f1xx_hal_i2c.o(.text)
    HAL_I2C_Slave_Seq_Receive_DMA            0x08014861   Thumb Code   446  stm32f1xx_hal_i2c.o(.text)
    HAL_I2C_EnableListen_IT                  0x08014a1f   Thumb Code    70  stm32f1xx_hal_i2c.o(.text)
    HAL_I2C_DisableListen_IT                 0x08014a65   Thumb Code    70  stm32f1xx_hal_i2c.o(.text)
    HAL_I2C_Master_Abort_IT                  0x08014c4f   Thumb Code   138  stm32f1xx_hal_i2c.o(.text)
    HAL_I2C_ER_IRQHandler                    0x08015a15   Thumb Code   224  stm32f1xx_hal_i2c.o(.text)
    HAL_I2C_GetState                         0x08015af5   Thumb Code     8  stm32f1xx_hal_i2c.o(.text)
    HAL_I2C_GetMode                          0x08015afd   Thumb Code     8  stm32f1xx_hal_i2c.o(.text)
    HAL_I2C_GetError                         0x08015b05   Thumb Code     6  stm32f1xx_hal_i2c.o(.text)
    HAL_RTCEx_SetTamper                      0x08015b11   Thumb Code    98  stm32f1xx_hal_rtc_ex.o(.text)
    HAL_RTCEx_SetTamper_IT                   0x08015b73   Thumb Code   110  stm32f1xx_hal_rtc_ex.o(.text)
    HAL_RTCEx_DeactivateTamper               0x08015be1   Thumb Code    94  stm32f1xx_hal_rtc_ex.o(.text)
    HAL_RTCEx_TamperIRQHandler               0x08015c3f   Thumb Code    56  stm32f1xx_hal_rtc_ex.o(.text)
    HAL_RTCEx_Tamper1EventCallback           0x08015c77   Thumb Code     2  stm32f1xx_hal_rtc_ex.o(.text)
    HAL_RTCEx_PollForTamper1Event            0x08015c79   Thumb Code    80  stm32f1xx_hal_rtc_ex.o(.text)
    HAL_RTCEx_SetSecond_IT                   0x08015cc9   Thumb Code    58  stm32f1xx_hal_rtc_ex.o(.text)
    HAL_RTCEx_DeactivateSecond               0x08015d03   Thumb Code    58  stm32f1xx_hal_rtc_ex.o(.text)
    HAL_RTCEx_RTCEventCallback               0x08015d3d   Thumb Code     2  stm32f1xx_hal_rtc_ex.o(.text)
    HAL_RTCEx_RTCEventErrorCallback          0x08015d3f   Thumb Code     2  stm32f1xx_hal_rtc_ex.o(.text)
    HAL_RTCEx_RTCIRQHandler                  0x08015d41   Thumb Code    78  stm32f1xx_hal_rtc_ex.o(.text)
    HAL_RTCEx_BKUPWrite                      0x08015d8f   Thumb Code    20  stm32f1xx_hal_rtc_ex.o(.text)
    HAL_RTCEx_BKUPRead                       0x08015da3   Thumb Code    22  stm32f1xx_hal_rtc_ex.o(.text)
    HAL_RTCEx_SetSmoothCalib                 0x08015db9   Thumb Code    62  stm32f1xx_hal_rtc_ex.o(.text)
    __aeabi_llsr                             0x08015dfd   Thumb Code    32  llushr.o(.text)
    _ll_ushift_r                             0x08015dfd   Thumb Code     0  llushr.o(.text)
    __aeabi_memcpy                           0x08015e1d   Thumb Code    36  memcpya.o(.text)
    __aeabi_memcpy4                          0x08015e1d   Thumb Code     0  memcpya.o(.text)
    __aeabi_memcpy8                          0x08015e1d   Thumb Code     0  memcpya.o(.text)
    __aeabi_memset                           0x08015e41   Thumb Code    14  memseta.o(.text)
    __aeabi_memset4                          0x08015e41   Thumb Code     0  memseta.o(.text)
    __aeabi_memset8                          0x08015e41   Thumb Code     0  memseta.o(.text)
    __aeabi_memclr                           0x08015e4f   Thumb Code     4  memseta.o(.text)
    __aeabi_memclr4                          0x08015e4f   Thumb Code     0  memseta.o(.text)
    __aeabi_memclr8                          0x08015e4f   Thumb Code     0  memseta.o(.text)
    memset                                   0x08015e53   Thumb Code    18  memseta.o(.text)
    strncpy                                  0x08015e65   Thumb Code    24  strncpy.o(.text)
    strlen                                   0x08015e7d   Thumb Code    14  strlen.o(.text)
    strcmp                                   0x08015e8b   Thumb Code    28  strcmp.o(.text)
    strncmp                                  0x08015ea7   Thumb Code    30  strncmp.o(.text)
    strtok                                   0x08015ec5   Thumb Code    62  strtok.o(.text)
    strtol                                   0x08015f09   Thumb Code   112  strtol.o(.text)
    atoi                                     0x08015f79   Thumb Code    26  atoi.o(.text)
    __aeabi_fmul                             0x08015f93   Thumb Code   100  fmul.o(.text)
    __aeabi_fdiv                             0x08015ff7   Thumb Code   124  fdiv.o(.text)
    __aeabi_i2f                              0x08016073   Thumb Code    18  fflti.o(.text)
    __aeabi_ui2f                             0x08016085   Thumb Code    10  ffltui.o(.text)
    __aeabi_uidiv                            0x0801608f   Thumb Code     0  uidiv.o(.text)
    __aeabi_uidivmod                         0x0801608f   Thumb Code    44  uidiv.o(.text)
    __aeabi_uldivmod                         0x080160bb   Thumb Code    98  uldiv.o(.text)
    __rt_ctype_table                         0x0801611d   Thumb Code     4  ctype_o.o(.text)
    _strtoul                                 0x08016125   Thumb Code   158  _strtoul.o(.text)
    __I$use$fp                               0x080161c3   Thumb Code     0  iusefp.o(.text)
    _float_round                             0x080161c3   Thumb Code    18  fepilogue.o(.text)
    _float_epilogue                          0x080161d5   Thumb Code    92  fepilogue.o(.text)
    __aeabi_dadd                             0x08016231   Thumb Code   322  dadd.o(.text)
    __aeabi_dsub                             0x08016373   Thumb Code     6  dadd.o(.text)
    __aeabi_drsub                            0x08016379   Thumb Code     6  dadd.o(.text)
    __aeabi_dmul                             0x0801637f   Thumb Code   228  dmul.o(.text)
    __aeabi_ddiv                             0x08016463   Thumb Code   222  ddiv.o(.text)
    __aeabi_d2ulz                            0x08016541   Thumb Code    48  dfixul.o(.text)
    __aeabi_cdrcmple                         0x08016571   Thumb Code    48  cdrcmple.o(.text)
    __scatterload                            0x080165a1   Thumb Code    28  init.o(.text)
    __scatterload_rt2                        0x080165a1   Thumb Code     0  init.o(.text)
    __aeabi_llsl                             0x080165c5   Thumb Code    30  llshl.o(.text)
    _ll_shift_l                              0x080165c5   Thumb Code     0  llshl.o(.text)
    __aeabi_lasr                             0x080165e3   Thumb Code    36  llsshr.o(.text)
    _ll_sshift_r                             0x080165e3   Thumb Code     0  llsshr.o(.text)
    _chval                                   0x08016607   Thumb Code    28  _chval.o(.text)
    _double_round                            0x08016623   Thumb Code    30  depilogue.o(.text)
    _double_epilogue                         0x08016641   Thumb Code   156  depilogue.o(.text)
    __decompress                             0x080166dd   Thumb Code     0  __dczerorl2.o(.text)
    __decompress1                            0x080166dd   Thumb Code    86  __dczerorl2.o(.text)
    Error_Handler                            0x08016733   Thumb Code     6  main.o(i.Error_Handler)
    FIFO_Empty                               0x08016739   Thumb Code    14  fifo.o(i.FIFO_Empty)
    UART_sendByte                            0x08016747   Thumb Code    16  bsp_uartcomm.o(i.UART_sendByte)
    __0printf                                0x08016759   Thumb Code    22  printfa.o(i.__0printf)
    __1printf                                0x08016759   Thumb Code     0  printfa.o(i.__0printf)
    __2printf                                0x08016759   Thumb Code     0  printfa.o(i.__0printf)
    __c89printf                              0x08016759   Thumb Code     0  printfa.o(i.__0printf)
    printf                                   0x08016759   Thumb Code     0  printfa.o(i.__0printf)
    __0sprintf                               0x08016779   Thumb Code    34  printfa.o(i.__0sprintf)
    __1sprintf                               0x08016779   Thumb Code     0  printfa.o(i.__0sprintf)
    __2sprintf                               0x08016779   Thumb Code     0  printfa.o(i.__0sprintf)
    __c89sprintf                             0x08016779   Thumb Code     0  printfa.o(i.__0sprintf)
    sprintf                                  0x08016779   Thumb Code     0  printfa.o(i.__0sprintf)
    __0vsnprintf                             0x080167a1   Thumb Code    46  printfa.o(i.__0vsnprintf)
    __1vsnprintf                             0x080167a1   Thumb Code     0  printfa.o(i.__0vsnprintf)
    __2vsnprintf                             0x080167a1   Thumb Code     0  printfa.o(i.__0vsnprintf)
    __c89vsnprintf                           0x080167a1   Thumb Code     0  printfa.o(i.__0vsnprintf)
    vsnprintf                                0x080167a1   Thumb Code     0  printfa.o(i.__0vsnprintf)
    __aeabi_errno_addr                       0x080167d5   Thumb Code     4  errno.o(i.__aeabi_errno_addr)
    __rt_errno_addr                          0x080167d5   Thumb Code     0  errno.o(i.__aeabi_errno_addr)
    __scatterload_copy                       0x080167dd   Thumb Code    14  handlers.o(i.__scatterload_copy)
    __scatterload_null                       0x080167eb   Thumb Code     2  handlers.o(i.__scatterload_null)
    __scatterload_zeroinit                   0x080167ed   Thumb Code    14  handlers.o(i.__scatterload_zeroinit)
    shellCmdpwm                              0x080171a0   Data           4  pwm.o(.constdata)
    shellDescpwm                             0x080171a4   Data          13  pwm.o(.constdata)
    shellCmdDefaultUser                      0x080171b1   Data           6  shell.o(.constdata)
    shellPasswordDefaultUser                 0x080171b7   Data           5  shell.o(.constdata)
    shellDesDefaultUser                      0x080171bc   Data          13  shell.o(.constdata)
    shellDesc0x1B5B4100                      0x080171c9   Data           3  shell.o(.constdata)
    shellDesc0x1B5B4200                      0x080171cc   Data           5  shell.o(.constdata)
    shellDesc0x1B5B4300                      0x080171d1   Data           6  shell.o(.constdata)
    shellDesc0x1B5B4400                      0x080171d7   Data           5  shell.o(.constdata)
    shellDesc0x09000000                      0x080171dc   Data           4  shell.o(.constdata)
    shellDesc0x08000000                      0x080171e0   Data          10  shell.o(.constdata)
    shellDesc0x7F000000                      0x080171ea   Data          10  shell.o(.constdata)
    shellDesc0x1B5B337E                      0x080171f4   Data           7  shell.o(.constdata)
    shellDesc0x0D000000                      0x080171fb   Data           6  shell.o(.constdata)
    shellDesc0x0D0A0000                      0x08017201   Data           6  shell.o(.constdata)
    shellCmdhelp                             0x08017207   Data           5  shell.o(.constdata)
    shellDeschelp                            0x0801720c   Data          30  shell.o(.constdata)
    shellCmdcmds                             0x0801722a   Data           5  shell.o(.constdata)
    shellDesccmds                            0x0801722f   Data          13  shell.o(.constdata)
    shellCmdclear                            0x0801723c   Data           6  shell.o(.constdata)
    shellDescclear                           0x08017242   Data          14  shell.o(.constdata)
    shellCmdgpio                             0x08017268   Data           5  gpio_shell.o(.constdata)
    shellDescgpio                            0x0801726d   Data          13  gpio_shell.o(.constdata)
    shellCmdreboot                           0x0801727a   Data           7  main.o(.constdata)
    shellDescreboot                          0x08017281   Data          11  main.o(.constdata)
    shellCmdhf                               0x08017324   Data           3  cm_backtrace.o(.constdata)
    shellDeschf                              0x08017327   Data          22  cm_backtrace.o(.constdata)
    AHBPrescTable                            0x080173a0   Data          16  system_stm32f1xx.o(.constdata)
    APBPrescTable                            0x080173b0   Data           8  system_stm32f1xx.o(.constdata)
    __ctype_table                            0x080173ca   Data         129  ctype_o.o(.constdata)
    Region$$Table$$Base                      0x08017fdc   Number         0  anon$$obj.o(Region$$Table)
    Region$$Table$$Limit                     0x08017ffc   Number         0  anon$$obj.o(Region$$Table)
    shellCommand$$Base                       0x08017ffc   Number         0  pwm.o(shellCommand)
    shellCommandpwm                          0x08017ffc   Data          16  pwm.o(shellCommand)
    shellUserDefault                         0x0801800c   Data          16  shell.o(shellCommand)
    shellKey0x1B5B4100                       0x0801801c   Data          16  shell.o(shellCommand)
    shellKey0x1B5B4200                       0x0801802c   Data          16  shell.o(shellCommand)
    shellKey0x1B5B4300                       0x0801803c   Data          16  shell.o(shellCommand)
    shellKey0x1B5B4400                       0x0801804c   Data          16  shell.o(shellCommand)
    shellKey0x09000000                       0x0801805c   Data          16  shell.o(shellCommand)
    shellKey0x08000000                       0x0801806c   Data          16  shell.o(shellCommand)
    shellKey0x7F000000                       0x0801807c   Data          16  shell.o(shellCommand)
    shellKey0x1B5B337E                       0x0801808c   Data          16  shell.o(shellCommand)
    shellKey0x0D000000                       0x0801809c   Data          16  shell.o(shellCommand)
    shellKey0x0D0A0000                       0x080180ac   Data          16  shell.o(shellCommand)
    shellCommandhelp                         0x080180bc   Data          16  shell.o(shellCommand)
    shellCommandcmds                         0x080180cc   Data          16  shell.o(shellCommand)
    shellCommandclear                        0x080180dc   Data          16  shell.o(shellCommand)
    shellCommandgpio                         0x080180ec   Data          16  gpio_shell.o(shellCommand)
    shellCommandreboot                       0x080180fc   Data          16  main.o(shellCommand)
    shellCommandhf                           0x0801810c   Data          16  cm_backtrace.o(shellCommand)
    Image$$ER_IROM1$$Limit                   0x0801811c   Number         0  anon$$obj.o ABSOLUTE
    Image$$MY_REGION$$Base                   0x0801811c   Number         0  anon$$obj.o ABSOLUTE
    shellCommand$$Limit                      0x0801811c   Number         0  cm_backtrace.o(shellCommand)
    Image$$MY_REGION$$Limit                  0x0801812c   Number         0  anon$$obj.o ABSOLUTE
    g_isPrintUseFifo                         0x2000000c   Data           1  bsp_uartcomm.o(.data)
    g_uart1Handle                            0x20000010   Data          72  bsp_usart1.o(.data)
    g_UARTPara                               0x20000058   Data          56  bsp_usart1.o(.data)
    xHigherPriorityTaskWoken_YES             0x200000e8   Data           4  main.o(.data)
    xHigherPriorityTaskWoken_NO              0x200000ec   Data           4  main.o(.data)
    g_debugLevel                             0x200000f0   Data           4  main.o(.data)
    gp_xHandle_Task_uartMonitor              0x200000f4   Data           4  main.o(.data)
    gp_xHandle_Task_shell                    0x200000f8   Data           4  main.o(.data)
    SystemCoreClock                          0x2000014c   Data           4  system_stm32f1xx.o(.data)
    pxCurrentTCB                             0x20000150   Data           4  tasks.o(.data)
    uxTopUsedPriority                        0x20000188   Data           4  tasks.o(.data)
    uwTick                                   0x200001d0   Data           4  stm32f1xx_hal.o(.data)
    uwTickPrio                               0x200001d4   Data           4  stm32f1xx_hal.o(.data)
    uwTickFreq                               0x200001d8   Data           1  stm32f1xx_hal.o(.data)
    __stdout                                 0x200001e0   Data           4  stdout.o(.data)
    g_hdma_usart1_tx                         0x200002b0   Data          68  bsp_usart1.o(.bss)
    PwmCfg                                   0x2000051c   Data          20  pwm.o(.bss)
    TimHandle                                0x20000530   Data          72  pwm.o(.bss)
    sConfig                                  0x20000578   Data          28  pwm.o(.bss)
    shell                                    0x200005b4   Data         108  shell_port.o(.bss)
    hi2c1                                    0x200006e8   Data         132  main.o(.bss)
    hdma_i2c1_tx                             0x2000076c   Data          68  main.o(.bss)
    xQueueRegistry                           0x200008e4   Data          64  queue.o(.bss)
    STACK$$Base                              0x20008610   Number         0  startup_stm32f103xe.o(STACK)
    STACK$$Limit                             0x20008a10   Number         0  startup_stm32f103xe.o(STACK)
    __initial_sp                             0x20008a10   Data           0  startup_stm32f103xe.o(STACK)



==============================================================================

Memory Map of the image

  Image Entry point : 0x08000131

  Load Region LR_IROM1 (Base: 0x08000000, Size: 0x00018314, Max: 0x00040000, ABSOLUTE, COMPRESSED[0x000181a8])

    Execution Region ER_IROM1 (Exec base: 0x08000000, Load base: 0x08000000, Size: 0x0001811c, Max: 0x00040000, ABSOLUTE)

    Exec Addr    Load Addr    Size         Type   Attr      Idx    E Section Name        Object

    0x08000000   0x08000000   0x00000130   Data   RO          905    RESET               startup_stm32f103xe.o
    0x08000130   0x08000130   0x00000000   Code   RO         1567  * .ARM.Collect$$$$00000000  mc_w.l(entry.o)
    0x08000130   0x08000130   0x00000004   Code   RO         1867    .ARM.Collect$$$$00000001  mc_w.l(entry2.o)
    0x08000134   0x08000134   0x00000004   Code   RO         1870    .ARM.Collect$$$$00000004  mc_w.l(entry5.o)
    0x08000138   0x08000138   0x00000000   Code   RO         1872    .ARM.Collect$$$$00000008  mc_w.l(entry7b.o)
    0x08000138   0x08000138   0x00000000   Code   RO         1874    .ARM.Collect$$$$0000000A  mc_w.l(entry8b.o)
    0x08000138   0x08000138   0x00000008   Code   RO         1875    .ARM.Collect$$$$0000000B  mc_w.l(entry9a.o)
    0x08000140   0x08000140   0x00000004   Code   RO         1882    .ARM.Collect$$$$0000000E  mc_w.l(entry12b.o)
    0x08000144   0x08000144   0x00000000   Code   RO         1877    .ARM.Collect$$$$0000000F  mc_w.l(entry10a.o)
    0x08000144   0x08000144   0x00000000   Code   RO         1879    .ARM.Collect$$$$00000011  mc_w.l(entry11a.o)
    0x08000144   0x08000144   0x00000004   Code   RO         1868    .ARM.Collect$$$$00002712  mc_w.l(entry2.o)
    0x08000148   0x08000148   0x00000010   Code   RO          854    .emb_text           cm_backtrace.o
    0x08000158   0x08000158   0x00000096   Code   RO         1095    .emb_text           port.o
    0x080001ee   0x080001ee   0x00000002   PAD
    0x080001f0   0x080001f0   0x000003b8   Code   RO            4    .text               api_utc.o
    0x080005a8   0x080005a8   0x0000022e   Code   RO          170    .text               fifo.o
    0x080007d6   0x080007d6   0x00000002   PAD
    0x080007d8   0x080007d8   0x000000b4   Code   RO          239    .text               print_monitor.o
    0x0800088c   0x0800088c   0x00000288   Code   RO          286    .text               i2cforward.o
    0x08000b14   0x08000b14   0x000002f8   Code   RO          328    .text               bsp_uartcomm.o
    0x08000e0c   0x08000e0c   0x0000022c   Code   RO          366    .text               bsp_gpio.o
    0x08001038   0x08001038   0x000000e8   Code   RO          412    .text               bsp_usart1.o
    0x08001120   0x08001120   0x00000140   Code   RO          463    .text               bsp_i2c.o
    0x08001260   0x08001260   0x00000024   Code   RO          491    .text               initcall.o
    0x08001284   0x08001284   0x000005a8   Code   RO          512    .text               pwm.o
    0x0800182c   0x0800182c   0x00001370   Code   RO          562    .text               shell.o
    0x08002b9c   0x08002b9c   0x0000034a   Code   RO          614    .text               shell_ext.o
    0x08002ee6   0x08002ee6   0x00000002   PAD
    0x08002ee8   0x08002ee8   0x0000004c   Code   RO          638    .text               shell_port.o
    0x08002f34   0x08002f34   0x000003b4   Code   RO          669    .text               gpio_shell.o
    0x080032e8   0x080032e8   0x0000048c   Code   RO          722    .text               main.o
    0x08003774   0x08003774   0x00000208   Code   RO          804    .text               stm32f1xx_hal_msp.o
    0x0800397c   0x0800397c   0x00000074   Code   RO          829    .text               stm32f1xx_it.o
    0x080039f0   0x080039f0   0x00000bb4   Code   RO          858    .text               cm_backtrace.o
    0x080045a4   0x080045a4   0x0000000c   Code   RO          899    .text               cmb_fault.o
    0x080045b0   0x080045b0   0x00000024   Code   RO          906    .text               startup_stm32f103xe.o
    0x080045d4   0x080045d4   0x000000a4   Code   RO          913    .text               system_stm32f1xx.o
    0x08004678   0x08004678   0x00000094   Code   RO          980    .text               list.o
    0x0800470c   0x0800470c   0x00001078   Code   RO          992    .text               queue.o
    0x08005784   0x08005784   0x00001fb8   Code   RO         1028    .text               tasks.o
    0x0800773c   0x0800773c   0x000006f8   Code   RO         1050    .text               timers.o
    0x08007e34   0x08007e34   0x00000340   Code   RO         1080    .text               heap_4.o
    0x08008174   0x08008174   0x000002a4   Code   RO         1096    .text               port.o
    0x08008418   0x08008418   0x000004f4   Code   RO         1152    .text               stm32f1xx_hal_gpio.o
    0x0800890c   0x0800890c   0x00000f00   Code   RO         1176    .text               stm32f1xx_hal_dma.o
    0x0800980c   0x0800980c   0x00003b3c   Code   RO         1294    .text               stm32f1xx_hal_tim.o
    0x0800d348   0x0800d348   0x000016f8   Code   RO         1318    .text               stm32f1xx_hal_tim_ex.o
    0x0800ea40   0x0800ea40   0x00001950   Code   RO         1342    .text               stm32f1xx_hal_uart.o
    0x08010390   0x08010390   0x000001bc   Code   RO         1390    .text               stm32f1xx_hal.o
    0x0801054c   0x0801054c   0x000002e8   Code   RO         1420    .text               stm32f1xx_hal_cortex.o
    0x08010834   0x08010834   0x0000094c   Code   RO         1472    .text               stm32f1xx_hal_rcc.o
    0x08011180   0x08011180   0x00004990   Code   RO         1522    .text               stm32f1xx_hal_i2c.o
    0x08015b10   0x08015b10   0x000002ec   Code   RO         1546    .text               stm32f1xx_hal_rtc_ex.o
    0x08015dfc   0x08015dfc   0x00000020   Code   RO         1570    .text               mc_w.l(llushr.o)
    0x08015e1c   0x08015e1c   0x00000024   Code   RO         1572    .text               mc_w.l(memcpya.o)
    0x08015e40   0x08015e40   0x00000024   Code   RO         1576    .text               mc_w.l(memseta.o)
    0x08015e64   0x08015e64   0x00000018   Code   RO         1578    .text               mc_w.l(strncpy.o)
    0x08015e7c   0x08015e7c   0x0000000e   Code   RO         1580    .text               mc_w.l(strlen.o)
    0x08015e8a   0x08015e8a   0x0000001c   Code   RO         1582    .text               mc_w.l(strcmp.o)
    0x08015ea6   0x08015ea6   0x0000001e   Code   RO         1584    .text               mc_w.l(strncmp.o)
    0x08015ec4   0x08015ec4   0x00000044   Code   RO         1586    .text               mc_w.l(strtok.o)
    0x08015f08   0x08015f08   0x00000070   Code   RO         1855    .text               mc_w.l(strtol.o)
    0x08015f78   0x08015f78   0x0000001a   Code   RO         1857    .text               mc_w.l(atoi.o)
    0x08015f92   0x08015f92   0x00000064   Code   RO         1859    .text               mf_w.l(fmul.o)
    0x08015ff6   0x08015ff6   0x0000007c   Code   RO         1861    .text               mf_w.l(fdiv.o)
    0x08016072   0x08016072   0x00000012   Code   RO         1863    .text               mf_w.l(fflti.o)
    0x08016084   0x08016084   0x0000000a   Code   RO         1865    .text               mf_w.l(ffltui.o)
    0x0801608e   0x0801608e   0x0000002c   Code   RO         1884    .text               mc_w.l(uidiv.o)
    0x080160ba   0x080160ba   0x00000062   Code   RO         1886    .text               mc_w.l(uldiv.o)
    0x0801611c   0x0801611c   0x00000008   Code   RO         1888    .text               mc_w.l(ctype_o.o)
    0x08016124   0x08016124   0x0000009e   Code   RO         1923    .text               mc_w.l(_strtoul.o)
    0x080161c2   0x080161c2   0x00000000   Code   RO         1925    .text               mc_w.l(iusefp.o)
    0x080161c2   0x080161c2   0x0000006e   Code   RO         1926    .text               mf_w.l(fepilogue.o)
    0x08016230   0x08016230   0x0000014e   Code   RO         1928    .text               mf_w.l(dadd.o)
    0x0801637e   0x0801637e   0x000000e4   Code   RO         1930    .text               mf_w.l(dmul.o)
    0x08016462   0x08016462   0x000000de   Code   RO         1932    .text               mf_w.l(ddiv.o)
    0x08016540   0x08016540   0x00000030   Code   RO         1934    .text               mf_w.l(dfixul.o)
    0x08016570   0x08016570   0x00000030   Code   RO         1936    .text               mf_w.l(cdrcmple.o)
    0x080165a0   0x080165a0   0x00000024   Code   RO         1938    .text               mc_w.l(init.o)
    0x080165c4   0x080165c4   0x0000001e   Code   RO         1940    .text               mc_w.l(llshl.o)
    0x080165e2   0x080165e2   0x00000024   Code   RO         1942    .text               mc_w.l(llsshr.o)
    0x08016606   0x08016606   0x0000001c   Code   RO         1944    .text               mc_w.l(_chval.o)
    0x08016622   0x08016622   0x000000ba   Code   RO         1946    .text               mf_w.l(depilogue.o)
    0x080166dc   0x080166dc   0x00000056   Code   RO         1956    .text               mc_w.l(__dczerorl2.o)
    0x08016732   0x08016732   0x00000006   Code   RO          750    i.Error_Handler     main.o
    0x08016738   0x08016738   0x0000000e   Code   RO          188    i.FIFO_Empty        fifo.o
    0x08016746   0x08016746   0x00000010   Code   RO          349    i.UART_sendByte     bsp_uartcomm.o
    0x08016756   0x08016756   0x00000002   PAD
    0x08016758   0x08016758   0x00000020   Code   RO         1827    i.__0printf         mc_w.l(printfa.o)
    0x08016778   0x08016778   0x00000028   Code   RO         1829    i.__0sprintf        mc_w.l(printfa.o)
    0x080167a0   0x080167a0   0x00000034   Code   RO         1832    i.__0vsnprintf      mc_w.l(printfa.o)
    0x080167d4   0x080167d4   0x00000008   Code   RO         1916    i.__aeabi_errno_addr  mc_w.l(errno.o)
    0x080167dc   0x080167dc   0x0000000e   Code   RO         1950    i.__scatterload_copy  mc_w.l(handlers.o)
    0x080167ea   0x080167ea   0x00000002   Code   RO         1951    i.__scatterload_null  mc_w.l(handlers.o)
    0x080167ec   0x080167ec   0x0000000e   Code   RO         1952    i.__scatterload_zeroinit  mc_w.l(handlers.o)
    0x080167fa   0x080167fa   0x00000002   PAD
    0x080167fc   0x080167fc   0x00000184   Code   RO         1834    i._fp_digits        mc_w.l(printfa.o)
    0x08016980   0x08016980   0x000006b4   Code   RO         1835    i._printf_core      mc_w.l(printfa.o)
    0x08017034   0x08017034   0x00000024   Code   RO         1836    i._printf_post_padding  mc_w.l(printfa.o)
    0x08017058   0x08017058   0x0000002e   Code   RO         1837    i._printf_pre_padding  mc_w.l(printfa.o)
    0x08017086   0x08017086   0x00000016   Code   RO         1838    i._snputc           mc_w.l(printfa.o)
    0x0801709c   0x0801709c   0x0000000a   Code   RO         1839    i._sputc            mc_w.l(printfa.o)
    0x080170a6   0x080170a6   0x00000002   PAD
    0x080170a8   0x080170a8   0x00000030   Data   RO            5    .constdata          api_utc.o
    0x080170d8   0x080170d8   0x000000a8   Data   RO          367    .constdata          bsp_gpio.o
    0x08017180   0x08017180   0x00000031   Data   RO          514    .constdata          pwm.o
    0x080171b1   0x080171b1   0x0000009f   Data   RO          564    .constdata          shell.o
    0x08017250   0x08017250   0x0000002a   Data   RO          670    .constdata          gpio_shell.o
    0x0801727a   0x0801727a   0x00000012   Data   RO          724    .constdata          main.o
    0x0801728c   0x0801728c   0x00000114   Data   RO          860    .constdata          cm_backtrace.o
    0x080173a0   0x080173a0   0x00000018   Data   RO          914    .constdata          system_stm32f1xx.o
    0x080173b8   0x080173b8   0x00000012   Data   RO         1473    .constdata          stm32f1xx_hal_rcc.o
    0x080173ca   0x080173ca   0x00000081   Data   RO         1889    .constdata          mc_w.l(ctype_o.o)
    0x0801744b   0x0801744b   0x00000001   PAD
    0x0801744c   0x0801744c   0x00000004   Data   RO         1890    .constdata          mc_w.l(ctype_o.o)
    0x08017450   0x08017450   0x00000030   Data   RO            6    .conststring        api_utc.o
    0x08017480   0x08017480   0x00000026   Data   RO          368    .conststring        bsp_gpio.o
    0x080174a6   0x080174a6   0x00000002   PAD
    0x080174a8   0x080174a8   0x00000159   Data   RO          565    .conststring        shell.o
    0x08017601   0x08017601   0x00000003   PAD
    0x08017604   0x08017604   0x0000004f   Data   RO          671    .conststring        gpio_shell.o
    0x08017653   0x08017653   0x00000001   PAD
    0x08017654   0x08017654   0x00000109   Data   RO          725    .conststring        main.o
    0x0801775d   0x0801775d   0x00000003   PAD
    0x08017760   0x08017760   0x00000879   Data   RO          861    .conststring        cm_backtrace.o
    0x08017fd9   0x08017fd9   0x00000003   PAD
    0x08017fdc   0x08017fdc   0x00000020   Data   RO         1948    Region$$Table       anon$$obj.o
    0x08017ffc   0x08017ffc   0x00000010   Data   RO          517    shellCommand        pwm.o
    0x0801800c   0x0801800c   0x000000e0   Data   RO          567    shellCommand        shell.o
    0x080180ec   0x080180ec   0x00000010   Data   RO          672    shellCommand        gpio_shell.o
    0x080180fc   0x080180fc   0x00000010   Data   RO          727    shellCommand        main.o
    0x0801810c   0x0801810c   0x00000010   Data   RO          863    shellCommand        cm_backtrace.o


    Execution Region MY_REGION (Exec base: 0x0801811c, Load base: 0x0801811c, Size: 0x00000010, Max: 0xffffffff, ABSOLUTE)

    Exec Addr    Load Addr    Size         Type   Attr      Idx    E Section Name        Object

    0x0801811c   0x0801811c   0x00000004   Data   RO          516    .initcall.1.core.init  pwm.o
    0x08018120   0x08018120   0x0000000c   Data   RO          492    .initcall.2.app.init  initcall.o


    Execution Region RW_IRAM1 (Exec base: 0x20000000, Load base: 0x0801812c, Size: 0x00008a10, Max: 0x0000c000, ABSOLUTE, COMPRESSED[0x0000007c])

    Exec Addr    Load Addr    Size         Type   Attr      Idx    E Section Name        Object

    0x20000000   COMPRESSED   0x00000004   Data   RW          240    .data               print_monitor.o
    0x20000004   COMPRESSED   0x00000001   Data   RW          288    .data               i2cforward.o
    0x20000005   COMPRESSED   0x00000003   PAD
    0x20000008   COMPRESSED   0x00000005   Data   RW          329    .data               bsp_uartcomm.o
    0x2000000d   COMPRESSED   0x00000003   PAD
    0x20000010   COMPRESSED   0x00000080   Data   RW          414    .data               bsp_usart1.o
    0x20000090   COMPRESSED   0x00000002   Data   RW          515    .data               pwm.o
    0x20000092   COMPRESSED   0x00000002   PAD
    0x20000094   COMPRESSED   0x00000054   Data   RW          566    .data               shell.o
    0x200000e8   COMPRESSED   0x00000028   Data   RW          726    .data               main.o
    0x20000110   COMPRESSED   0x0000003c   Data   RW          862    .data               cm_backtrace.o
    0x2000014c   COMPRESSED   0x00000004   Data   RW          915    .data               system_stm32f1xx.o
    0x20000150   COMPRESSED   0x00000040   Data   RW         1030    .data               tasks.o
    0x20000190   COMPRESSED   0x00000014   Data   RW         1052    .data               timers.o
    0x200001a4   COMPRESSED   0x00000020   Data   RW         1082    .data               heap_4.o
    0x200001c4   COMPRESSED   0x0000000c   Data   RW         1097    .data               port.o
    0x200001d0   COMPRESSED   0x00000009   Data   RW         1391    .data               stm32f1xx_hal.o
    0x200001d9   COMPRESSED   0x00000003   PAD
    0x200001dc   COMPRESSED   0x00000004   Data   RW         1587    .data               mc_w.l(strtok.o)
    0x200001e0   COMPRESSED   0x00000004   Data   RW         1883    .data               mc_w.l(stdout.o)
    0x200001e4   COMPRESSED   0x00000004   Data   RW         1919    .data               mc_w.l(errno.o)
    0x200001e8        -       0x000000c8   Zero   RW          287    .bss                i2cforward.o
    0x200002b0        -       0x0000026a   Zero   RW          413    .bss                bsp_usart1.o
    0x2000051a   COMPRESSED   0x00000002   PAD
    0x2000051c        -       0x00000078   Zero   RW          513    .bss                pwm.o
    0x20000594        -       0x0000001d   Zero   RW          563    .bss                shell.o
    0x200005b1   COMPRESSED   0x00000003   PAD
    0x200005b4        -       0x00000134   Zero   RW          639    .bss                shell_port.o
    0x200006e8        -       0x000000c8   Zero   RW          723    .bss                main.o
    0x200007b0        -       0x00000134   Zero   RW          859    .bss                cm_backtrace.o
    0x200008e4        -       0x00000040   Zero   RW          993    .bss                queue.o
    0x20000924        -       0x000004c4   Zero   RW         1029    .bss                tasks.o
    0x20000de8        -       0x00000028   Zero   RW         1051    .bss                timers.o
    0x20000e10        -       0x00007800   Zero   RW         1081    .bss                heap_4.o
    0x20008610        -       0x00000400   Zero   RW          903    STACK               startup_stm32f103xe.o


==============================================================================

Image component sizes


      Code (inc. data)   RO Data    RW Data    ZI Data      Debug   Object Name

       952        122         96          0          0     514042   api_utc.o
       556         62        206          0          0       8443   bsp_gpio.o
       320         14          0          0          0       2240   bsp_i2c.o
       776         12          0          5          0       5700   bsp_uartcomm.o
       232         18          0        128        618      13929   bsp_usart1.o
      3012        576       2461         60        308       9241   cm_backtrace.o
        12          0          0          0          0        356   cmb_fault.o
         0          0          0          0          0      11824   event_groups.o
       572          0          0          0          0      12685   fifo.o
       948        548        137          0          0       2778   gpio_shell.o
       832         32          0         32      30720       4258   heap_4.o
       648         24          0          1        200       4036   i2cforward.o
        36          8         12          0          0       2175   initcall.o
       148          0          0          0          0       2014   list.o
      1170        348        299         40        200       7149   main.o
       826         38          0         12          0       7838   port.o
       180          4          0          4          0      15298   print_monitor.o
      1448        312         69          2        120       7899   pwm.o
      4216         20          0          0         64      22657   queue.o
      4976        140        728         84         29      25672   shell.o
       842          8          0          0          0       3728   shell_ext.o
        76         12          0          0        308       1565   shell_port.o
        36          8        304          0       1024        748   startup_stm32f103xe.o
       444         38          0          9          0       7577   stm32f1xx_hal.o
       744         20          0          0          0      30634   stm32f1xx_hal_cortex.o
      3840         42          0          0          0       6673   stm32f1xx_hal_dma.o
      1268         40          0          0          0       3923   stm32f1xx_hal_gpio.o
     18832        302          0          0          0      41286   stm32f1xx_hal_i2c.o
       520         30          0          0          0       2108   stm32f1xx_hal_msp.o
      2380         88         18          0          0       5535   stm32f1xx_hal_rcc.o
       748          6          0          0          0       4561   stm32f1xx_hal_rtc_ex.o
     15164        258          0          0          0      42090   stm32f1xx_hal_tim.o
      5880        152          0          0          0      16883   stm32f1xx_hal_tim_ex.o
      6480         46          0          0          0      22504   stm32f1xx_hal_uart.o
       116         18          0          0          0       1785   stm32f1xx_it.o
       164         20         24          4          0       1401   system_stm32f1xx.o
      8120        390          0         64       1220      37541   tasks.o
      1784         70          0         20         40      25608   timers.o

    ----------------------------------------------------------------------
     89306       3826       4398        476      34856     936384   Object Totals
         0          0         32          0          0          0   (incl. Generated)
         8          0         12         11          5          0   (incl. Padding)

    ----------------------------------------------------------------------

      Code (inc. data)   RO Data    RW Data    ZI Data      Debug   Library Member Name

        86          0          0          0          0          0   __dczerorl2.o
        28          0          0          0          0         68   _chval.o
       158          0          0          0          0         92   _strtoul.o
        26          0          0          0          0         80   atoi.o
         8          4        133          0          0         68   ctype_o.o
         0          0          0          0          0          0   entry.o
         0          0          0          0          0          0   entry10a.o
         0          0          0          0          0          0   entry11a.o
         4          0          0          0          0          0   entry12b.o
         8          4          0          0          0          0   entry2.o
         4          0          0          0          0          0   entry5.o
         0          0          0          0          0          0   entry7b.o
         0          0          0          0          0          0   entry8b.o
         8          4          0          0          0          0   entry9a.o
         8          4          0          4          0         68   errno.o
        30          0          0          0          0          0   handlers.o
        36          8          0          0          0         68   init.o
         0          0          0          0          0          0   iusefp.o
        30          0          0          0          0         68   llshl.o
        36          0          0          0          0         68   llsshr.o
        32          0          0          0          0         68   llushr.o
        36          0          0          0          0         68   memcpya.o
        36          0          0          0          0        108   memseta.o
      2342        102          0          0          0        764   printfa.o
         0          0          0          4          0          0   stdout.o
        28          0          0          0          0         76   strcmp.o
        14          0          0          0          0         68   strlen.o
        30          0          0          0          0         80   strncmp.o
        24          0          0          0          0         76   strncpy.o
        68          6          0          4          0         80   strtok.o
       112          0          0          0          0         88   strtol.o
        44          0          0          0          0         80   uidiv.o
        98          0          0          0          0         92   uldiv.o
        48          0          0          0          0         68   cdrcmple.o
       334          0          0          0          0        148   dadd.o
       222          0          0          0          0        100   ddiv.o
       186          0          0          0          0        176   depilogue.o
        48          0          0          0          0         68   dfixul.o
       228          0          0          0          0         96   dmul.o
       124          0          0          0          0         88   fdiv.o
       110          0          0          0          0        168   fepilogue.o
        18          0          0          0          0         68   fflti.o
        10          0          0          0          0         68   ffltui.o
       100          0          0          0          0         76   fmul.o

    ----------------------------------------------------------------------
      4766        132        134         12          0       3352   Library Totals
         4          0          1          0          0          0   (incl. Padding)

    ----------------------------------------------------------------------

      Code (inc. data)   RO Data    RW Data    ZI Data      Debug   Library Name

      3334        132        133         12          0       2228   mc_w.l
      1428          0          0          0          0       1124   mf_w.l

    ----------------------------------------------------------------------
      4766        132        134         12          0       3352   Library Totals

    ----------------------------------------------------------------------

==============================================================================


      Code (inc. data)   RO Data    RW Data    ZI Data      Debug   

     94072       3958       4532        488      34856     934508   Grand Totals
     94072       3958       4532        124      34856     934508   ELF Image Totals (compressed)
     94072       3958       4532        124          0          0   ROM Totals

==============================================================================

    Total RO  Size (Code + RO Data)                98604 (  96.29kB)
    Total RW  Size (RW Data + ZI Data)             35344 (  34.52kB)
    Total ROM Size (Code + RO Data + RW Data)      98728 (  96.41kB)

==============================================================================

