Component: ARM Compiler 5.06 update 7 (build 960) Tool: armlink [4d3601]

==============================================================================

Section Cross References

    api_utc.o(.text) refers to strlen.o(.text) for strlen
    api_utc.o(.text) refers to strtok.o(.text) for strtok
    api_utc.o(.text) refers to memcpya.o(.text) for __aeabi_memcpy4
    api_utc.o(.text) refers to strcmp.o(.text) for strcmp
    api_utc.o(.text) refers to printfa.o(i.__0printf) for __2printf
    api_utc.o(.text) refers to atoi.o(.text) for atoi
    api_utc.o(.text) refers to api_utc.o(.constdata) for .constdata
    api_utc.o(.text) refers to main.o(.data) for g_debugLevel
    api_utc.o(.constdata) refers to api_utc.o(.conststring) for .conststring
    fifo.o(.text) refers to port.o(.text) for vPortEnterCritical
    print_monitor.o(.text) refers to queue.o(.text) for xQueueGenericCreate
    print_monitor.o(.text) refers to tasks.o(.text) for vTaskDelay
    print_monitor.o(.text) refers to bsp_uartcomm.o(.text) for UART_sendContinueDMA
    print_monitor.o(.text) refers to port.o(.emb_text) for vPortGetIPSR
    print_monitor.o(.text) refers to print_monitor.o(.data) for g_Queue_uartResend
    i2cforward.o(.text) refers to port.o(.text) for vPortEnterCritical
    i2cforward.o(.text) refers to tasks.o(.text) for vTaskDelay
    i2cforward.o(.text) refers to memcpya.o(.text) for __aeabi_memcpy
    i2cforward.o(.text) refers to fifo.o(i.FIFO_Empty) for FIFO_Empty
    i2cforward.o(.text) refers to bsp_i2c.o(.text) for i2c_write_bytes
    i2cforward.o(.text) refers to printfa.o(i.__0printf) for __2printf
    i2cforward.o(.text) refers to main.o(.bss) for hi2c1
    i2cforward.o(.text) refers to i2cforward.o(.data) for g_I2cRecvBuf
    i2cforward.o(.text) refers to bsp_usart1.o(.data) for g_UARTPara
    i2cforward.o(.text) refers to i2cforward.o(.bss) for g_I2cSendBuf
    bsp_uartcomm.o(.text) refers to fifo.o(i.FIFO_Empty) for FIFO_Empty
    bsp_uartcomm.o(.text) refers to fifo.o(.text) for FIFO_Read
    bsp_uartcomm.o(.text) refers to stm32f1xx_hal_uart.o(.text) for HAL_UART_Transmit_IT
    bsp_uartcomm.o(.text) refers to tasks.o(.text) for xTaskGetSchedulerState
    bsp_uartcomm.o(.text) refers to print_monitor.o(.text) for PrintMonitor_PostdMsg
    bsp_uartcomm.o(.text) refers to bsp_uartcomm.o(i.UART_sendByte) for UART_sendByte
    bsp_uartcomm.o(.text) refers to port.o(.text) for vPortEnterCritical
    bsp_uartcomm.o(.text) refers to bsp_usart1.o(.text) for UART1_init
    bsp_uartcomm.o(.text) refers to bsp_uartcomm.o(.data) for g_pUARTSHandler
    bsp_gpio.o(.text) refers to stm32f1xx_hal_gpio.o(.text) for HAL_GPIO_Init
    bsp_gpio.o(.text) refers to printfa.o(i.__0printf) for __2printf
    bsp_gpio.o(.text) refers to bsp_gpio.o(.constdata) for g_gpioConfigComm
    bsp_gpio.o(.constdata) refers to bsp_gpio.o(.conststring) for .conststring
    bsp_usart1.o(.text) refers to fifo.o(.text) for FIFO_Init
    bsp_usart1.o(.text) refers to bsp_uartcomm.o(.text) for com_registHandler
    bsp_usart1.o(.text) refers to stm32f1xx_hal_uart.o(.text) for HAL_UART_Init
    bsp_usart1.o(.text) refers to print_monitor.o(.text) for PrintMonitorInit
    bsp_usart1.o(.text) refers to bsp_usart1.o(.bss) for g_buffSend
    bsp_usart1.o(.text) refers to bsp_usart1.o(.data) for g_UARTPara
    bsp_i2c.o(.text) refers to stm32f1xx_hal_i2c.o(.text) for HAL_I2C_Init
    bsp_i2c.o(.text) refers to main.o(i.Error_Handler) for Error_Handler
    bsp_i2c.o(.text) refers to i2cforward.o(.text) for HAL_I2C_SlaveRxCpltCallback
    bsp_i2c.o(.text) refers to tasks.o(.text) for vTaskDelay
    bsp_i2c.o(.text) refers to stm32f1xx_hal_cortex.o(.text) for HAL_NVIC_EnableIRQ
    bsp_i2c.o(.text) refers to main.o(.bss) for hi2c1
    initcall.o(.initcall.2.app.init) refers to initcall.o(.text) for DemoAppInitStart
    pwm.o(.text) refers to printfa.o(i.__0printf) for __2printf
    pwm.o(.text) refers to stm32f1xx_hal_tim.o(.text) for HAL_TIM_PWM_Stop
    pwm.o(.text) refers to bsp_gpio.o(.text) for GPIO_ReInitGPIO
    pwm.o(.text) refers to main.o(i.Error_Handler) for Error_Handler
    pwm.o(.text) refers to stm32f1xx_hal_cortex.o(.text) for HAL_NVIC_SetPriority
    pwm.o(.text) refers to strtol.o(.text) for strtol
    pwm.o(.text) refers to pwm.o(.constdata) for g_tablePreScale
    pwm.o(.text) refers to main.o(.data) for g_debugLevel
    pwm.o(.text) refers to pwm.o(.bss) for PwmCfg
    pwm.o(.text) refers to pwm.o(.data) for dutyPercent
    pwm.o(.initcall.1.core.init) refers to pwm.o(.text) for PWM_Init
    pwm.o(shellCommand) refers to pwm.o(.constdata) for shellCmdpwm
    pwm.o(shellCommand) refers to pwm.o(.text) for pwmShellDuty
    shell.o(.text) refers to strcmp.o(.text) for strcmp
    shell.o(.text) refers to strncmp.o(.text) for strncmp
    shell.o(.text) refers to strlen.o(.text) for strlen
    shell.o(.text) refers to printfa.o(i.__0vsnprintf) for vsnprintf
    shell.o(.text) refers to shell.o(.data) for shellText
[...]
    shellDelete                              0x08002939   Thumb Code    16  shell.o(.text)
    shellEnter                               0x08002949   Thumb Code    20  shell.o(.text)
    shellHelp                                0x0800295d   Thumb Code   118  shell.o(.text)
    shellHandler                             0x080029d3   Thumb Code   246  shell.o(.text)
    shellTask                                0x08002ac9   Thumb Code    46  shell.o(.text)
    shellUsers                               0x08002af7   Thumb Code    18  shell.o(.text)
    shellCmds                                0x08002b09   Thumb Code    18  shell.o(.text)
    shellVars                                0x08002b1b   Thumb Code    34  shell.o(.text)
    shellKeys                                0x08002b3d   Thumb Code    18  shell.o(.text)
    shellClear                               0x08002b4f   Thumb Code    22  shell.o(.text)
    shellRun                                 0x08002b65   Thumb Code    86  shell.o(.text)
    shellExtParsePara                        0x08002deb   Thumb Code    86  shell_ext.o(.text)
    shellExtRun                              0x08002e41   Thumb Code   202  shell_ext.o(.text)
    userShellWrite                           0x08002f0d   Thumb Code    14  shell_port.o(.text)
    userShellRead                            0x08002f1b   Thumb Code    22  shell_port.o(.text)
    userShellInit                            0x08002f31   Thumb Code    28  shell_port.o(.text)
    SystemClock_Config                       0x08003379   Thumb Code   114  main.o(.text)
    main                                     0x080033eb   Thumb Code   210  main.o(.text)
    PrintTaskStackHead                       0x080034bd   Thumb Code   344  main.o(.text)
    vApplicationIdleHook                     0x08003615   Thumb Code    26  main.o(.text)
    vPortSetupTimerInterrupt                 0x0800362f   Thumb Code     2  main.o(.text)
    Reboot                                   0x08003631   Thumb Code     8  main.o(.text)
    HAL_MspInit                              0x08003795   Thumb Code    58  stm32f1xx_hal_msp.o(.text)
    HAL_I2C_MspInit                          0x080037cf   Thumb Code   138  stm32f1xx_hal_msp.o(.text)
    HAL_I2C_MspDeInit                        0x08003859   Thumb Code    60  stm32f1xx_hal_msp.o(.text)
    HAL_UART_MspInit                         0x08003895   Thumb Code   186  stm32f1xx_hal_msp.o(.text)
    HAL_UART_MspDeInit                       0x0800394f   Thumb Code    48  stm32f1xx_hal_msp.o(.text)
    NMI_Handler                              0x0800399d   Thumb Code     4  stm32f1xx_it.o(.text)
    MemManage_Handler                        0x080039a5   Thumb Code     4  stm32f1xx_it.o(.text)
    BusFault_Handler                         0x080039a9   Thumb Code     4  stm32f1xx_it.o(.text)
    UsageFault_Handler                       0x080039ad   Thumb Code     4  stm32f1xx_it.o(.text)
    DebugMon_Handler                         0x080039b1   Thumb Code     2  stm32f1xx_it.o(.text)
    SysTick_Handler                          0x080039b3   Thumb Code    20  stm32f1xx_it.o(.text)
    DMA1_Channel4_IRQHandler                 0x080039c7   Thumb Code    10  stm32f1xx_it.o(.text)
    DMA1_Channel6_IRQHandler                 0x080039d1   Thumb Code    10  stm32f1xx_it.o(.text)
    I2C1_EV_IRQHandler                       0x080039db   Thumb Code    10  stm32f1xx_it.o(.text)
    I2C1_ER_IRQHandler                       0x080039e5   Thumb Code    10  stm32f1xx_it.o(.text)
    USART1_IRQHandler                        0x080039ef   Thumb Code    16  stm32f1xx_it.o(.text)
    cm_backtrace_init                        0x08003a11   Thumb Code   102  cm_backtrace.o(.text)
    cm_backtrace_firmware_info               0x08003a77   Thumb Code    24  cm_backtrace.o(.text)
    cm_backtrace_call_stack                  0x08003b87   Thumb Code   276  cm_backtrace.o(.text)
    cm_backtrace_assert                      0x08003d11   Thumb Code   150  cm_backtrace.o(.text)
    HardFault_Handler_bt                     0x080041d5   Thumb Code   598  cm_backtrace.o(.text)
    HardFault_Handler                        0x080045c5   Thumb Code    12  cmb_fault.o(.text)
    Reset_Handler                            0x080045d1   Thumb Code     8  startup_stm32f103xe.o(.text)
    ADC1_2_IRQHandler                        0x080045eb   Thumb Code     0  startup_stm32f103xe.o(.text)
    ADC3_IRQHandler                          0x080045eb   Thumb Code     0  startup_stm32f103xe.o(.text)
    CAN1_RX1_IRQHandler                      0x080045eb   Thumb Code     0  startup_stm32f103xe.o(.text)
    CAN1_SCE_IRQHandler                      0x080045eb   Thumb Code     0  startup_stm32f103xe.o(.text)
    DMA1_Channel1_IRQHandler                 0x080045eb   Thumb Code     0  startup_stm32f103xe.o(.text)
    DMA1_Channel2_IRQHandler                 0x080045eb   Thumb Code     0  startup_stm32f103xe.o(.text)
    DMA1_Channel3_IRQHandler                 0x080045eb   Thumb Code     0  startup_stm32f103xe.o(.text)
    DMA1_Channel5_IRQHandler                 0x080045eb   Thumb Code     0  startup_stm32f103xe.o(.text)
    DMA1_Channel7_IRQHandler                 0x080045eb   Thumb Code     0  startup_stm32f103xe.o(.text)
    DMA2_Channel1_IRQHandler                 0x080045eb   Thumb Code     0  startup_stm32f103xe.o(.text)
    DMA2_Channel2_IRQHandler                 0x080045eb   Thumb Code     0  startup_stm32f103xe.o(.text)
    DMA2_Channel3_IRQHandler                 0x080045eb   Thumb Code     0  startup_stm32f103xe.o(.text)
    DMA2_Channel4_5_IRQHandler               0x080045eb   Thumb Code     0  startup_stm32f103xe.o(.text)
    EXTI0_IRQHandler                         0x080045eb   Thumb Code     0  startup_stm32f103xe.o(.text)
    EXTI15_10_IRQHandler                     0x080045eb   Thumb Code     0  startup_stm32f103xe.o(.text)
    EXTI1_IRQHandler                         0x080045eb   Thumb Code     0  startup_stm32f103xe.o(.text)
    EXTI2_IRQHandler                         0x080045eb   Thumb Code     0  startup_stm32f103xe.o(.text)
    EXTI3_IRQHandler                         0x080045eb   Thumb Code     0  startup_stm32f103xe.o(.text)
    EXTI4_IRQHandler                         0x080045eb   Thumb Code     0  startup_stm32f103xe.o(.text)
    EXTI9_5_IRQHandler                       0x080045eb   Thumb Code     0  startup_stm32f103xe.o(.text)
    FLASH_IRQHandler                         0x080045eb   Thumb Code     0  startup_stm32f103xe.o(.text)
    FSMC_IRQHandler                          0x080045eb   Thumb Code     0  startup_stm32f103xe.o(.text)
    I2C2_ER_IRQHandler                       0x080045eb   Thumb Code     0  startup_stm32f103xe.o(.text)
    I2C2_EV_IRQHandler                       0x080045eb   Thumb Code     0  startup_stm32f103xe.o(.text)
    PVD_IRQHandler                           0x080045eb   Thumb Code     0  startup_stm32f103xe.o(.text)
    RCC_IRQHandler                           0x080045eb   Thumb Code     0  startup_stm32f103xe.o(.text)
    RTC_Alarm_IRQHandler                     0x080045eb   Thumb Code     0  startup_stm32f103xe.o(.text)
    RTC_IRQHandler                           0x080045eb   Thumb Code     0  startup_stm32f103xe.o(.text)
    SDIO_IRQHandler                          0x080045eb   Thumb Code     0  startup_stm32f103xe.o(.text)
    SPI1_IRQHandler                          0x080045eb   Thumb Code     0  startup_stm32f103xe.o(.text)
    SPI2_IRQHandler                          0x080045eb   Thumb Code     0  startup_stm32f103xe.o(.text)
    SPI3_IRQHandler                          0x080045eb   Thumb Code     0  startup_stm32f103xe.o(.text)
    TAMPER_IRQHandler                        0x080045eb   Thumb Code     0  startup_stm32f103xe.o(.text)
    TIM1_BRK_IRQHandler                      0x080045eb   Thumb Code     0  startup_stm32f103xe.o(.text)
    TIM1_CC_IRQHandler                       0x080045eb   Thumb Code     0  startup_stm32f103xe.o(.text)
    TIM1_TRG_COM_IRQHandler                  0x080045eb   Thumb Code     0  startup_stm32f103xe.o(.text)
    TIM2_IRQHandler                          0x080045eb   Thumb Code     0  startup_stm32f103xe.o(.text)
    TIM3_IRQHandler                          0x080045eb   Thumb Code     0  startup_stm32f103xe.o(.text)
    TIM4_IRQHandler                          0x080045eb   Thumb Code     0  startup_stm32f103xe.o(.text)
    TIM5_IRQHandler                          0x080045eb   Thumb Code     0  startup_stm32f103xe.o(.text)
    TIM6_IRQHandler                          0x080045eb   Thumb Code     0  startup_stm32f103xe.o(.text)
    TIM7_IRQHandler                          0x080045eb   Thumb Code     0  startup_stm32f103xe.o(.text)
    TIM8_BRK_IRQHandler                      0x080045eb   Thumb Code     0  startup_stm32f103xe.o(.text)
    TIM8_CC_IRQHandler                       0x080045eb   Thumb Code     0  startup_stm32f103xe.o(.text)
    TIM8_TRG_COM_IRQHandler                  0x080045eb   Thumb Code     0  startup_stm32f103xe.o(.text)
    TIM8_UP_IRQHandler                       0x080045eb   Thumb Code     0  startup_stm32f103xe.o(.text)
    UART4_IRQHandler                         0x080045eb   Thumb Code     0  startup_stm32f103xe.o(.text)
    UART5_IRQHandler                         0x080045eb   Thumb Code     0  startup_stm32f103xe.o(.text)
    USART2_IRQHandler                        0x080045eb   Thumb Code     0  startup_stm32f103xe.o(.text)
    USART3_IRQHandler                        0x080045eb   Thumb Code     0  startup_stm32f103xe.o(.text)
    USBWakeUp_IRQHandler                     0x080045eb   Thumb Code     0  startup_stm32f103xe.o(.text)
    USB_HP_CAN1_TX_IRQHandler                0x080045eb   Thumb Code     0  startup_stm32f103xe.o(.text)
    USB_LP_CAN1_RX0_IRQHandler               0x080045eb   Thumb Code     0  startup_stm32f103xe.o(.text)
    WWDG_IRQHandler                          0x080045eb   Thumb Code     0  startup_stm32f103xe.o(.text)
    SystemInit                               0x080045f5   Thumb Code     2  system_stm32f1xx.o(.text)
    SystemCoreClockUpdate                    0x080045f7   Thumb Code   142  system_stm32f1xx.o(.text)
    vListInitialise                          0x08004699   Thumb Code    26  list.o(.text)
    vListInitialiseItem                      0x080046b3   Thumb Code     6  list.o(.text)
    vListInsertEnd                           0x080046b9   Thumb Code    24  list.o(.text)
    vListInsert                              0x080046d1   Thumb Code    52  list.o(.text)
    uxListRemove                             0x08004705   Thumb Code    40  list.o(.text)
    xQueueGenericReset                       0x0800472d   Thumb Code   214  queue.o(.text)
    xQueueGenericCreate                      0x0800482d   Thumb Code   102  queue.o(.text)
    xQueueGenericSend                        0x080049ad   Thumb Code   420  queue.o(.text)
    xQueueCreateMutex                        0x08004b6f   Thumb Code    38  queue.o(.text)
    xQueueGetMutexHolder                     0x08004b95   Thumb Code    52  queue.o(.text)
    xQueueGetMutexHolderFromISR              0x08004bc9   Thumb Code    38  queue.o(.text)
    xQueueGiveMutexRecursive                 0x08004bef   Thumb Code    72  queue.o(.text)
    xQueueSemaphoreTake                      0x08004c65   Thumb Code   434  queue.o(.text)
    xQueueTakeMutexRecursive                 0x08004e17   Thumb Code    78  queue.o(.text)
    xQueueCreateCountingSemaphore            0x08004e65   Thumb Code    60  queue.o(.text)
    xQueueGenericSendFromISR                 0x08004ea1   Thumb Code   288  queue.o(.text)
    xQueueGiveFromISR                        0x08004fc1   Thumb Code   260  queue.o(.text)
    xQueueReceive                            0x080050f5   Thumb Code   356  queue.o(.text)
    xQueuePeek                               0x08005259   Thumb Code   362  queue.o(.text)
    xQueueReceiveFromISR                     0x080053c3   Thumb Code   238  queue.o(.text)
    xQueuePeekFromISR                        0x080054b1   Thumb Code   176  queue.o(.text)
    uxQueueMessagesWaiting                   0x08005561   Thumb Code    46  queue.o(.text)
    uxQueueSpacesAvailable                   0x0800558f   Thumb Code    48  queue.o(.text)
    uxQueueMessagesWaitingFromISR            0x080055bf   Thumb Code    34  queue.o(.text)
    vQueueUnregisterQueue                    0x080055e1   Thumb Code    68  queue.o(.text)
    vQueueDelete                             0x08005625   Thumb Code    44  queue.o(.text)
    uxQueueGetQueueNumber                    0x08005651   Thumb Code     6  queue.o(.text)
    vQueueSetQueueNumber                     0x08005657   Thumb Code     4  queue.o(.text)
    ucQueueGetQueueType                      0x0800565b   Thumb Code     8  queue.o(.text)
    xQueueIsQueueEmptyFromISR                0x08005663   Thumb Code    42  queue.o(.text)
    xQueueIsQueueFullFromISR                 0x0800568d   Thumb Code    46  queue.o(.text)
    vQueueAddToRegistry                      0x080056bb   Thumb Code    90  queue.o(.text)
    pcQueueGetName                           0x08005715   Thumb Code    64  queue.o(.text)
    vQueueWaitForMessageRestricted           0x08005755   Thumb Code    74  queue.o(.text)
    xTaskCreate                              0x0800599b   Thumb Code    96  tasks.o(.text)
    vTaskDelete                              0x08005a35   Thumb Code   168  tasks.o(.text)
    xTaskIncrementTick                       0x08005add   Thumb Code   478  tasks.o(.text)
    xTaskResumeAll                           0x08005cbb   Thumb Code   336  tasks.o(.text)
    vTaskSuspendAll                          0x08005e97   Thumb Code    12  tasks.o(.text)
    xTaskDelayUntil                          0x08005ea3   Thumb Code   202  tasks.o(.text)
    vTaskDelay                               0x08005f6d   Thumb Code    82  tasks.o(.text)
    eTaskGetState                            0x08005fbf   Thumb Code   198  tasks.o(.text)
    uxTaskPriorityGet                        0x08006085   Thumb Code    30  tasks.o(.text)
    uxTaskPriorityGetFromISR                 0x080060a3   Thumb Code    62  tasks.o(.text)
    vTaskPrioritySet                         0x080060e1   Thumb Code   292  tasks.o(.text)
    vTaskSwitchContext                       0x08006205   Thumb Code   122  tasks.o(.text)
    vTaskSuspend                             0x0800627f   Thumb Code   190  tasks.o(.text)
    vTaskResume                              0x0800638d   Thumb Code   224  tasks.o(.text)
    xTaskResumeFromISR                       0x0800646d   Thumb Code   216  tasks.o(.text)
    vTaskStartScheduler                      0x080065a5   Thumb Code   124  tasks.o(.text)
    vTaskEndScheduler                        0x08006621   Thumb Code    32  tasks.o(.text)
    xTaskGetTickCount                        0x08006641   Thumb Code     6  tasks.o(.text)
    xTaskGetTickCountFromISR                 0x08006647   Thumb Code    16  tasks.o(.text)
    uxTaskGetNumberOfTasks                   0x08006657   Thumb Code     6  tasks.o(.text)
    pcTaskGetName                            0x0800665d   Thumb Code    44  tasks.o(.text)
    vTaskGetInfo                             0x0800669f   Thumb Code   126  tasks.o(.text)
    uxTaskGetSystemState                     0x08006787   Thumb Code   152  tasks.o(.text)
    xTaskCatchUpTicks                        0x0800681f   Thumb Code    64  tasks.o(.text)
    vTaskPlaceOnEventList                    0x0800685f   Thumb Code   142  tasks.o(.text)
    vTaskPlaceOnUnorderedEventList           0x080068ed   Thumb Code   134  tasks.o(.text)
    vTaskPlaceOnEventListRestricted          0x08006973   Thumb Code    94  tasks.o(.text)
    xTaskRemoveFromEventList                 0x080069d1   Thumb Code   262  tasks.o(.text)
    vTaskRemoveFromUnorderedEventList        0x08006ad7   Thumb Code   248  tasks.o(.text)
    vTaskSetTimeOutState                     0x08006bcf   Thumb Code    50  tasks.o(.text)
    vTaskInternalSetTimeOutState             0x08006c01   Thumb Code    14  tasks.o(.text)
    xTaskCheckForTimeOut                     0x08006c0f   Thumb Code   136  tasks.o(.text)
    vTaskMissedYield                         0x08006c97   Thumb Code     8  tasks.o(.text)
    uxTaskGetTaskNumber                      0x08006c9f   Thumb Code    14  tasks.o(.text)
    vTaskSetTaskNumber                       0x08006cad   Thumb Code     8  tasks.o(.text)
    uxTaskGetStackHighWaterMark              0x08006cb5   Thumb Code    34  tasks.o(.text)
    xTaskGetCurrentTaskHandle                0x08006cd7   Thumb Code     6  tasks.o(.text)
    xTaskGetSchedulerState                   0x08006cdd   Thumb Code    60  tasks.o(.text)
    xTaskPriorityInherit                     0x08006d19   Thumb Code   202  tasks.o(.text)
    xTaskPriorityDisinherit                  0x08006de3   Thumb Code   202  tasks.o(.text)
    vTaskPriorityDisinheritAfterTimeout      0x08006ead   Thumb Code   246  tasks.o(.text)
    uxTaskResetEventItemValue                0x08006fa3   Thumb Code    24  tasks.o(.text)
    pvTaskIncrementMutexHeldCount            0x08006fbb   Thumb Code    26  tasks.o(.text)
    ulTaskGenericNotifyTake                  0x08006fd5   Thumb Code   160  tasks.o(.text)
    xTaskGenericNotifyWait                   0x08007075   Thumb Code   212  tasks.o(.text)
    xTaskGenericNotify                       0x08007149   Thumb Code   440  tasks.o(.text)
    xTaskGenericNotifyFromISR                0x08007301   Thumb Code   548  tasks.o(.text)
    vTaskGenericNotifyGiveFromISR            0x08007525   Thumb Code   370  tasks.o(.text)
    xTaskGenericNotifyStateClear             0x08007697   Thumb Code    90  tasks.o(.text)
    ulTaskGenericNotifyValueClear            0x080076f1   Thumb Code    58  tasks.o(.text)
    vTaskStackAddr                           0x0800772b   Thumb Code     8  tasks.o(.text)
    vTaskStackSize                           0x08007733   Thumb Code     8  tasks.o(.text)
    vTaskName                                0x0800773b   Thumb Code     8  tasks.o(.text)
    xTimerCreateTimerTask                    0x08007aa7   Thumb Code    64  timers.o(.text)
    xTimerCreate                             0x08007b3f   Thumb Code   106  timers.o(.text)
    xTimerGenericCommand                     0x08007ba9   Thumb Code   128  timers.o(.text)
    xTimerGetTimerDaemonTaskHandle           0x08007c29   Thumb Code    42  timers.o(.text)
    xTimerGetPeriod                          0x08007c53   Thumb Code    32  timers.o(.text)
    vTimerSetReloadMode                      0x08007c73   Thumb Code    70  timers.o(.text)
    uxTimerGetReloadMode                     0x08007cb9   Thumb Code    58  timers.o(.text)
    xTimerGetExpiryTime                      0x08007cf3   Thumb Code    34  timers.o(.text)
    pcTimerGetName                           0x08007d15   Thumb Code    32  timers.o(.text)
    xTimerIsTimerActive                      0x08007d35   Thumb Code    58  timers.o(.text)
    pvTimerGetTimerID                        0x08007d6f   Thumb Code    44  timers.o(.text)
    vTimerSetTimerID                         0x08007d9b   Thumb Code    44  timers.o(.text)
    xTimerPendFunctionCallFromISR            0x08007dc7   Thumb Code    48  timers.o(.text)
    xTimerPendFunctionCall                   0x08007df7   Thumb Code    76  timers.o(.text)
    uxTimerGetTimerNumber                    0x08007e43   Thumb Code     6  timers.o(.text)
    vTimerSetTimerNumber                     0x08007e49   Thumb Code     4  timers.o(.text)
    pvPortMalloc                             0x08007f17   Thumb Code   338  heap_4.o(.text)
    vPortFree                                0x08008069   Thumb Code   150  heap_4.o(.text)
    xPortGetFreeHeapSize                     0x080080ff   Thumb Code     6  heap_4.o(.text)
    xPortGetMinimumEverFreeHeapSize          0x08008105   Thumb Code     6  heap_4.o(.text)
    vPortInitialiseBlocks                    0x0800810b   Thumb Code     2  heap_4.o(.text)
    vPortGetHeapStats                        0x0800810d   Thumb Code   104  heap_4.o(.text)
    pxPortInitialiseStack                    0x080081d1   Thumb Code    30  port.o(.text)
    xPortStartScheduler                      0x080081ef   Thumb Code   228  port.o(.text)
    vPortEndScheduler                        0x080082d3   Thumb Code    42  port.o(.text)
    vPortEnterCritical                       0x080082fd   Thumb Code    78  port.o(.text)
    vPortExitCritical                        0x0800834b   Thumb Code    56  port.o(.text)
    xPortSysTickHandler                      0x08008383   Thumb Code    48  port.o(.text)
    vPortValidateInterruptPriority           0x080083b3   Thumb Code   108  port.o(.text)
    HAL_GPIO_Init                            0x08008439   Thumb Code   792  stm32f1xx_hal_gpio.o(.text)
    HAL_GPIO_DeInit                          0x08008751   Thumb Code   312  stm32f1xx_hal_gpio.o(.text)
    HAL_GPIO_ReadPin                         0x08008889   Thumb Code    16  stm32f1xx_hal_gpio.o(.text)
    HAL_GPIO_WritePin                        0x08008899   Thumb Code    12  stm32f1xx_hal_gpio.o(.text)
    HAL_GPIO_TogglePin                       0x080088a5   Thumb Code    20  stm32f1xx_hal_gpio.o(.text)
    HAL_GPIO_LockPin                         0x080088b9   Thumb Code    46  stm32f1xx_hal_gpio.o(.text)
    HAL_GPIO_EXTI_Callback                   0x080088e7   Thumb Code     2  stm32f1xx_hal_gpio.o(.text)
    HAL_GPIO_EXTI_IRQHandler                 0x080088e9   Thumb Code    28  stm32f1xx_hal_gpio.o(.text)
    HAL_DMA_Init                             0x0800892d   Thumb Code   132  stm32f1xx_hal_dma.o(.text)
    HAL_DMA_DeInit                           0x080089b1   Thumb Code   132  stm32f1xx_hal_dma.o(.text)
    HAL_DMA_Start                            0x08008a61   Thumb Code   114  stm32f1xx_hal_dma.o(.text)
    HAL_DMA_Start_IT                         0x08008ad3   Thumb Code   156  stm32f1xx_hal_dma.o(.text)
    HAL_DMA_Abort                            0x08008b6f   Thumb Code    86  stm32f1xx_hal_dma.o(.text)
    HAL_DMA_Abort_IT                         0x08008bc5   Thumb Code   422  stm32f1xx_hal_dma.o(.text)
    HAL_DMA_PollForTransfer                  0x08008d6b   Thumb Code  1616  stm32f1xx_hal_dma.o(.text)
    HAL_DMA_IRQHandler                       0x080093bb   Thumb Code   920  stm32f1xx_hal_dma.o(.text)
    HAL_DMA_RegisterCallback                 0x08009753   Thumb Code    90  stm32f1xx_hal_dma.o(.text)
    HAL_DMA_UnRegisterCallback               0x080097ad   Thumb Code   106  stm32f1xx_hal_dma.o(.text)
    HAL_DMA_GetState                         0x08009817   Thumb Code     8  stm32f1xx_hal_dma.o(.text)
    HAL_DMA_GetError                         0x0800981f   Thumb Code     6  stm32f1xx_hal_dma.o(.text)
    TIM_Base_SetConfig                       0x0800982d   Thumb Code   134  stm32f1xx_hal_tim.o(.text)
    HAL_TIM_Base_MspInit                     0x080098b3   Thumb Code     2  stm32f1xx_hal_tim.o(.text)
    HAL_TIM_Base_Init                        0x080098b5   Thumb Code   102  stm32f1xx_hal_tim.o(.text)
    HAL_TIM_Base_MspDeInit                   0x0800991b   Thumb Code     2  stm32f1xx_hal_tim.o(.text)
    HAL_TIM_Base_DeInit                      0x0800991d   Thumb Code   120  stm32f1xx_hal_tim.o(.text)
    HAL_TIM_Base_Start                       0x08009995   Thumb Code   110  stm32f1xx_hal_tim.o(.text)
    HAL_TIM_Base_Stop                        0x08009a03   Thumb Code    50  stm32f1xx_hal_tim.o(.text)
    HAL_TIM_Base_Start_IT                    0x08009a35   Thumb Code   122  stm32f1xx_hal_tim.o(.text)
    HAL_TIM_Base_Stop_IT                     0x08009aaf   Thumb Code    62  stm32f1xx_hal_tim.o(.text)
    HAL_TIM_ErrorCallback                    0x08009aed   Thumb Code     2  stm32f1xx_hal_tim.o(.text)
    TIM_DMAError                             0x08009aef   Thumb Code    94  stm32f1xx_hal_tim.o(.text)
    HAL_TIM_PeriodElapsedHalfCpltCallback    0x08009b4d   Thumb Code     2  stm32f1xx_hal_tim.o(.text)
    HAL_TIM_PeriodElapsedCallback            0x08009b5d   Thumb Code     2  stm32f1xx_hal_tim.o(.text)
    HAL_TIM_Base_Start_DMA                   0x08009b79   Thumb Code   224  stm32f1xx_hal_tim.o(.text)
    HAL_TIM_Base_Stop_DMA                    0x08009c59   Thumb Code    70  stm32f1xx_hal_tim.o(.text)
    HAL_TIM_OC_MspInit                       0x08009c9f   Thumb Code     2  stm32f1xx_hal_tim.o(.text)
    HAL_TIM_OC_Init                          0x08009ca1   Thumb Code   102  stm32f1xx_hal_tim.o(.text)
    HAL_TIM_OC_MspDeInit                     0x08009d07   Thumb Code     2  stm32f1xx_hal_tim.o(.text)
    HAL_TIM_OC_DeInit                        0x08009d09   Thumb Code   120  stm32f1xx_hal_tim.o(.text)
    TIM_CCxChannelCmd                        0x08009d81   Thumb Code    34  stm32f1xx_hal_tim.o(.text)
    HAL_TIM_OC_Start                         0x08009da3   Thumb Code   222  stm32f1xx_hal_tim.o(.text)
    HAL_TIM_OC_Stop                          0x08009e81   Thumb Code   160  stm32f1xx_hal_tim.o(.text)
    HAL_TIM_OC_Start_IT                      0x08009f21   Thumb Code   304  stm32f1xx_hal_tim.o(.text)
    HAL_TIM_OC_Stop_IT                       0x0800a051   Thumb Code   244  stm32f1xx_hal_tim.o(.text)
    HAL_TIM_PWM_PulseFinishedHalfCpltCallback 0x0800a145   Thumb Code     2  stm32f1xx_hal_tim.o(.text)
    TIM_DMADelayPulseHalfCplt                0x0800a147   Thumb Code    64  stm32f1xx_hal_tim.o(.text)
    HAL_TIM_PWM_PulseFinishedCallback        0x0800a187   Thumb Code     2  stm32f1xx_hal_tim.o(.text)
    HAL_TIM_OC_Start_DMA                     0x0800a205   Thumb Code   548  stm32f1xx_hal_tim.o(.text)
    HAL_TIM_OC_Stop_DMA                      0x0800a429   Thumb Code   268  stm32f1xx_hal_tim.o(.text)
    HAL_TIM_PWM_MspInit                      0x0800a535   Thumb Code     2  stm32f1xx_hal_tim.o(.text)
    HAL_TIM_PWM_Init                         0x0800a537   Thumb Code   102  stm32f1xx_hal_tim.o(.text)
    HAL_TIM_PWM_MspDeInit                    0x0800a59d   Thumb Code     2  stm32f1xx_hal_tim.o(.text)
    HAL_TIM_PWM_DeInit                       0x0800a59f   Thumb Code   120  stm32f1xx_hal_tim.o(.text)
    HAL_TIM_PWM_Start                        0x0800a617   Thumb Code   248  stm32f1xx_hal_tim.o(.text)
    HAL_TIM_PWM_Stop                         0x0800a70f   Thumb Code   160  stm32f1xx_hal_tim.o(.text)
    HAL_TIM_PWM_Start_IT                     0x0800a7af   Thumb Code   304  stm32f1xx_hal_tim.o(.text)
    HAL_TIM_PWM_Stop_IT                      0x0800a8df   Thumb Code   244  stm32f1xx_hal_tim.o(.text)
    HAL_TIM_PWM_Start_DMA                    0x0800a9d3   Thumb Code   568  stm32f1xx_hal_tim.o(.text)
    HAL_TIM_PWM_Stop_DMA                     0x0800ac0b   Thumb Code   268  stm32f1xx_hal_tim.o(.text)
    HAL_TIM_IC_MspInit                       0x0800ad17   Thumb Code     2  stm32f1xx_hal_tim.o(.text)
    HAL_TIM_IC_Init                          0x0800ad19   Thumb Code   102  stm32f1xx_hal_tim.o(.text)
    HAL_TIM_IC_MspDeInit                     0x0800ad7f   Thumb Code     2  stm32f1xx_hal_tim.o(.text)
    HAL_TIM_IC_DeInit                        0x0800ad81   Thumb Code   120  stm32f1xx_hal_tim.o(.text)
    HAL_TIM_IC_Start                         0x0800adf9   Thumb Code   302  stm32f1xx_hal_tim.o(.text)
    HAL_TIM_IC_Stop                          0x0800af27   Thumb Code   138  stm32f1xx_hal_tim.o(.text)
    HAL_TIM_IC_Start_IT                      0x0800afb1   Thumb Code   356  stm32f1xx_hal_tim.o(.text)
    HAL_TIM_IC_Stop_IT                       0x0800b115   Thumb Code   222  stm32f1xx_hal_tim.o(.text)
    HAL_TIM_IC_CaptureHalfCpltCallback       0x0800b1f3   Thumb Code     2  stm32f1xx_hal_tim.o(.text)
    TIM_DMACaptureHalfCplt                   0x0800b1f5   Thumb Code    64  stm32f1xx_hal_tim.o(.text)
    HAL_TIM_IC_CaptureCallback               0x0800b235   Thumb Code     2  stm32f1xx_hal_tim.o(.text)
    TIM_DMACaptureCplt                       0x0800b237   Thumb Code   122  stm32f1xx_hal_tim.o(.text)
    HAL_TIM_IC_Start_DMA                     0x0800b2b1   Thumb Code   588  stm32f1xx_hal_tim.o(.text)
    HAL_TIM_IC_Stop_DMA                      0x0800b4fd   Thumb Code   244  stm32f1xx_hal_tim.o(.text)
    HAL_TIM_OnePulse_MspInit                 0x0800b5f1   Thumb Code     2  stm32f1xx_hal_tim.o(.text)
    HAL_TIM_OnePulse_Init                    0x0800b5f3   Thumb Code   102  stm32f1xx_hal_tim.o(.text)
    HAL_TIM_OnePulse_MspDeInit               0x0800b659   Thumb Code     2  stm32f1xx_hal_tim.o(.text)
    HAL_TIM_OnePulse_DeInit                  0x0800b65b   Thumb Code    96  stm32f1xx_hal_tim.o(.text)
    HAL_TIM_OnePulse_Start                   0x0800b6bb   Thumb Code   132  stm32f1xx_hal_tim.o(.text)
    HAL_TIM_OnePulse_Stop                    0x0800b73f   Thumb Code   178  stm32f1xx_hal_tim.o(.text)
    HAL_TIM_OnePulse_Start_IT                0x0800b7f1   Thumb Code   156  stm32f1xx_hal_tim.o(.text)
    HAL_TIM_OnePulse_Stop_IT                 0x0800b88d   Thumb Code   176  stm32f1xx_hal_tim.o(.text)
    HAL_TIM_Encoder_MspInit                  0x0800b93d   Thumb Code     2  stm32f1xx_hal_tim.o(.text)
    HAL_TIM_Encoder_Init                     0x0800b93f   Thumb Code   196  stm32f1xx_hal_tim.o(.text)
    HAL_TIM_Encoder_MspDeInit                0x0800ba03   Thumb Code     2  stm32f1xx_hal_tim.o(.text)
    HAL_TIM_Encoder_DeInit                   0x0800ba05   Thumb Code    96  stm32f1xx_hal_tim.o(.text)
    HAL_TIM_Encoder_Start                    0x0800ba65   Thumb Code   204  stm32f1xx_hal_tim.o(.text)
    HAL_TIM_Encoder_Stop                     0x0800bb31   Thumb Code   214  stm32f1xx_hal_tim.o(.text)
    HAL_TIM_Encoder_Start_IT                 0x0800bc07   Thumb Code   260  stm32f1xx_hal_tim.o(.text)
    HAL_TIM_Encoder_Stop_IT                  0x0800bd0b   Thumb Code   256  stm32f1xx_hal_tim.o(.text)
    HAL_TIM_Encoder_Start_DMA                0x0800be0b   Thumb Code   560  stm32f1xx_hal_tim.o(.text)
    HAL_TIM_Encoder_Stop_DMA                 0x0800c03b   Thumb Code   280  stm32f1xx_hal_tim.o(.text)
    HAL_TIM_TriggerCallback                  0x0800c153   Thumb Code     2  stm32f1xx_hal_tim.o(.text)
    HAL_TIM_OC_DelayElapsedCallback          0x0800c155   Thumb Code     2  stm32f1xx_hal_tim.o(.text)
    HAL_TIM_IRQHandler                       0x0800c157   Thumb Code   410  stm32f1xx_hal_tim.o(.text)
    TIM_OC2_SetConfig                        0x0800c3ab   Thumb Code   114  stm32f1xx_hal_tim.o(.text)
    HAL_TIM_OC_ConfigChannel                 0x0800c485   Thumb Code   112  stm32f1xx_hal_tim.o(.text)
    TIM_TI1_SetConfig                        0x0800c5a3   Thumb Code   102  stm32f1xx_hal_tim.o(.text)
    HAL_TIM_IC_ConfigChannel                 0x0800c609   Thumb Code   222  stm32f1xx_hal_tim.o(.text)
    HAL_TIM_PWM_ConfigChannel                0x0800c6e7   Thumb Code   282  stm32f1xx_hal_tim.o(.text)
    HAL_TIM_OnePulse_ConfigChannel           0x0800c801   Thumb Code   310  stm32f1xx_hal_tim.o(.text)
    HAL_TIM_TriggerHalfCpltCallback          0x0800c937   Thumb Code     2  stm32f1xx_hal_tim.o(.text)
    HAL_TIM_DMABurst_MultiWriteStart         0x0800c961   Thumb Code   438  stm32f1xx_hal_tim.o(.text)
    HAL_TIM_DMABurst_WriteStart              0x0800cb17   Thumb Code    42  stm32f1xx_hal_tim.o(.text)
    HAL_TIM_DMABurst_WriteStop               0x0800cb41   Thumb Code   140  stm32f1xx_hal_tim.o(.text)
    HAL_TIM_DMABurst_MultiReadStart          0x0800cbcd   Thumb Code   438  stm32f1xx_hal_tim.o(.text)
    HAL_TIM_DMABurst_ReadStart               0x0800cd83   Thumb Code    86  stm32f1xx_hal_tim.o(.text)
    HAL_TIM_DMABurst_ReadStop                0x0800cdd9   Thumb Code   140  stm32f1xx_hal_tim.o(.text)
    HAL_TIM_GenerateEvent                    0x0800ce65   Thumb Code    54  stm32f1xx_hal_tim.o(.text)
    TIM_ETR_SetConfig                        0x0800ce9b   Thumb Code    22  stm32f1xx_hal_tim.o(.text)
    HAL_TIM_ConfigOCrefClear                 0x0800ceb1   Thumb Code   278  stm32f1xx_hal_tim.o(.text)
    HAL_TIM_ConfigClockSource                0x0800d027   Thumb Code   268  stm32f1xx_hal_tim.o(.text)
    HAL_TIM_ConfigTI1Input                   0x0800d133   Thumb Code    22  stm32f1xx_hal_tim.o(.text)
    HAL_TIM_SlaveConfigSynchro               0x0800d1fb   Thumb Code   108  stm32f1xx_hal_tim.o(.text)
    HAL_TIM_SlaveConfigSynchro_IT            0x0800d267   Thumb Code   108  stm32f1xx_hal_tim.o(.text)
    HAL_TIM_ReadCapturedValue                0x0800d2d3   Thumb Code    50  stm32f1xx_hal_tim.o(.text)
    HAL_TIM_Base_GetState                    0x0800d305   Thumb Code     8  stm32f1xx_hal_tim.o(.text)
    HAL_TIM_OC_GetState                      0x0800d30d   Thumb Code     8  stm32f1xx_hal_tim.o(.text)
    HAL_TIM_PWM_GetState                     0x0800d315   Thumb Code     8  stm32f1xx_hal_tim.o(.text)
    HAL_TIM_IC_GetState                      0x0800d31d   Thumb Code     8  stm32f1xx_hal_tim.o(.text)
    HAL_TIM_OnePulse_GetState                0x0800d325   Thumb Code     8  stm32f1xx_hal_tim.o(.text)
    HAL_TIM_Encoder_GetState                 0x0800d32d   Thumb Code     8  stm32f1xx_hal_tim.o(.text)
    HAL_TIM_GetActiveChannel                 0x0800d335   Thumb Code     6  stm32f1xx_hal_tim.o(.text)
    HAL_TIM_GetChannelState                  0x0800d33b   Thumb Code    38  stm32f1xx_hal_tim.o(.text)
    HAL_TIM_DMABurstState                    0x0800d361   Thumb Code     8  stm32f1xx_hal_tim.o(.text)
    HAL_TIMEx_HallSensor_MspInit             0x0800d369   Thumb Code     2  stm32f1xx_hal_tim_ex.o(.text)
    HAL_TIMEx_HallSensor_Init                0x0800d36b   Thumb Code   234  stm32f1xx_hal_tim_ex.o(.text)
    HAL_TIMEx_HallSensor_MspDeInit           0x0800d455   Thumb Code     2  stm32f1xx_hal_tim_ex.o(.text)
    HAL_TIMEx_HallSensor_DeInit              0x0800d457   Thumb Code    96  stm32f1xx_hal_tim_ex.o(.text)
    HAL_TIMEx_HallSensor_Start               0x0800d4b7   Thumb Code   172  stm32f1xx_hal_tim_ex.o(.text)
    HAL_TIMEx_HallSensor_Stop                0x0800d563   Thumb Code    78  stm32f1xx_hal_tim_ex.o(.text)
    HAL_TIMEx_HallSensor_Start_IT            0x0800d5b1   Thumb Code   184  stm32f1xx_hal_tim_ex.o(.text)
    HAL_TIMEx_HallSensor_Stop_IT             0x0800d669   Thumb Code    90  stm32f1xx_hal_tim_ex.o(.text)
    HAL_TIMEx_HallSensor_Start_DMA           0x0800d6c3   Thumb Code   224  stm32f1xx_hal_tim_ex.o(.text)
    HAL_TIMEx_HallSensor_Stop_DMA            0x0800d7a3   Thumb Code    84  stm32f1xx_hal_tim_ex.o(.text)
    HAL_TIMEx_OCN_Start                      0x0800d819   Thumb Code   198  stm32f1xx_hal_tim_ex.o(.text)
    HAL_TIMEx_OCN_Stop                       0x0800d8df   Thumb Code   170  stm32f1xx_hal_tim_ex.o(.text)
    HAL_TIMEx_OCN_Start_IT                   0x0800d989   Thumb Code   278  stm32f1xx_hal_tim_ex.o(.text)
    HAL_TIMEx_OCN_Stop_IT                    0x0800da9f   Thumb Code   230  stm32f1xx_hal_tim_ex.o(.text)
    HAL_TIMEx_OCN_Start_DMA                  0x0800dc31   Thumb Code   448  stm32f1xx_hal_tim_ex.o(.text)
    HAL_TIMEx_OCN_Stop_DMA                   0x0800ddf1   Thumb Code   252  stm32f1xx_hal_tim_ex.o(.text)
    HAL_TIMEx_PWMN_Start                     0x0800deed   Thumb Code   198  stm32f1xx_hal_tim_ex.o(.text)
    HAL_TIMEx_PWMN_Stop                      0x0800dfb3   Thumb Code   136  stm32f1xx_hal_tim_ex.o(.text)
    HAL_TIMEx_PWMN_Start_IT                  0x0800e03b   Thumb Code   278  stm32f1xx_hal_tim_ex.o(.text)
    HAL_TIMEx_PWMN_Stop_IT                   0x0800e151   Thumb Code   230  stm32f1xx_hal_tim_ex.o(.text)
    HAL_TIMEx_PWMN_Start_DMA                 0x0800e237   Thumb Code   480  stm32f1xx_hal_tim_ex.o(.text)
    HAL_TIMEx_PWMN_Stop_DMA                  0x0800e417   Thumb Code   220  stm32f1xx_hal_tim_ex.o(.text)
    HAL_TIMEx_OnePulseN_Start                0x0800e4f3   Thumb Code   118  stm32f1xx_hal_tim_ex.o(.text)
    HAL_TIMEx_OnePulseN_Stop                 0x0800e569   Thumb Code   138  stm32f1xx_hal_tim_ex.o(.text)
    HAL_TIMEx_OnePulseN_Start_IT             0x0800e5f3   Thumb Code   142  stm32f1xx_hal_tim_ex.o(.text)
    HAL_TIMEx_OnePulseN_Stop_IT              0x0800e681   Thumb Code   162  stm32f1xx_hal_tim_ex.o(.text)
    HAL_TIMEx_ConfigCommutEvent              0x0800e723   Thumb Code   168  stm32f1xx_hal_tim_ex.o(.text)
    HAL_TIMEx_ConfigCommutEvent_IT           0x0800e7cb   Thumb Code   134  stm32f1xx_hal_tim_ex.o(.text)
    HAL_TIMEx_CommutHalfCpltCallback         0x0800e851   Thumb Code     2  stm32f1xx_hal_tim_ex.o(.text)
    TIMEx_DMACommutationHalfCplt             0x0800e853   Thumb Code    20  stm32f1xx_hal_tim_ex.o(.text)
    HAL_TIMEx_CommutCallback                 0x0800e867   Thumb Code     2  stm32f1xx_hal_tim_ex.o(.text)
    TIMEx_DMACommutationCplt                 0x0800e869   Thumb Code    20  stm32f1xx_hal_tim_ex.o(.text)
    HAL_TIMEx_ConfigCommutEvent_DMA          0x0800e87d   Thumb Code   156  stm32f1xx_hal_tim_ex.o(.text)
    HAL_TIMEx_MasterConfigSynchronization    0x0800e919   Thumb Code   134  stm32f1xx_hal_tim_ex.o(.text)
    HAL_TIMEx_ConfigBreakDeadTime            0x0800e99f   Thumb Code   116  stm32f1xx_hal_tim_ex.o(.text)
    HAL_TIMEx_RemapConfig                    0x0800ea13   Thumb Code     6  stm32f1xx_hal_tim_ex.o(.text)
    HAL_TIMEx_BreakCallback                  0x0800ea19   Thumb Code     2  stm32f1xx_hal_tim_ex.o(.text)
    HAL_TIMEx_HallSensor_GetState            0x0800ea1b   Thumb Code     8  stm32f1xx_hal_tim_ex.o(.text)
    HAL_TIMEx_GetChannelNState               0x0800ea23   Thumb Code    38  stm32f1xx_hal_tim_ex.o(.text)
    HAL_UART_Init                            0x0800eb5b   Thumb Code   118  stm32f1xx_hal_uart.o(.text)
    HAL_HalfDuplex_Init                      0x0800ebd1   Thumb Code   122  stm32f1xx_hal_uart.o(.text)
    HAL_LIN_Init                             0x0800ec4b   Thumb Code   146  stm32f1xx_hal_uart.o(.text)
    HAL_MultiProcessor_Init                  0x0800ecdd   Thumb Code   158  stm32f1xx_hal_uart.o(.text)
    HAL_UART_DeInit                          0x0800ed7d   Thumb Code    62  stm32f1xx_hal_uart.o(.text)
    HAL_UART_Transmit                        0x0800ee4d   Thumb Code   182  stm32f1xx_hal_uart.o(.text)
    HAL_UART_Receive                         0x0800ef03   Thumb Code   188  stm32f1xx_hal_uart.o(.text)
    HAL_UART_Transmit_IT                     0x0800efbf   Thumb Code    56  stm32f1xx_hal_uart.o(.text)
    UART_Start_Receive_IT                    0x0800eff7   Thumb Code    64  stm32f1xx_hal_uart.o(.text)
    HAL_UART_Receive_IT                      0x0800f037   Thumb Code    44  stm32f1xx_hal_uart.o(.text)
    HAL_UART_ErrorCallback                   0x0800f063   Thumb Code     2  stm32f1xx_hal_uart.o(.text)
    HAL_UART_TxHalfCpltCallback              0x0800f147   Thumb Code     2  stm32f1xx_hal_uart.o(.text)
    HAL_UART_Transmit_DMA                    0x0800f1b1   Thumb Code   128  stm32f1xx_hal_uart.o(.text)
    HAL_UART_RxHalfCpltCallback              0x0800f231   Thumb Code     2  stm32f1xx_hal_uart.o(.text)
    HAL_UARTEx_RxEventCallback               0x0800f233   Thumb Code     2  stm32f1xx_hal_uart.o(.text)
    HAL_UART_RxCpltCallback                  0x0800f259   Thumb Code     2  stm32f1xx_hal_uart.o(.text)
    UART_Start_Receive_DMA                   0x0800f30f   Thumb Code   186  stm32f1xx_hal_uart.o(.text)
    HAL_UART_Receive_DMA                     0x0800f3c9   Thumb Code    44  stm32f1xx_hal_uart.o(.text)
    HAL_UART_DMAPause                        0x0800f3f5   Thumb Code   166  stm32f1xx_hal_uart.o(.text)
    HAL_UART_DMAResume                       0x0800f49b   Thumb Code   170  stm32f1xx_hal_uart.o(.text)
    HAL_UART_DMAStop                         0x0800f545   Thumb Code   160  stm32f1xx_hal_uart.o(.text)
    HAL_UARTEx_ReceiveToIdle                 0x0800f5e5   Thumb Code   296  stm32f1xx_hal_uart.o(.text)
    HAL_UARTEx_ReceiveToIdle_IT              0x0800f70d   Thumb Code   114  stm32f1xx_hal_uart.o(.text)
    HAL_UARTEx_ReceiveToIdle_DMA             0x0800f77f   Thumb Code   114  stm32f1xx_hal_uart.o(.text)
    HAL_UARTEx_GetRxEventType                0x0800f7f1   Thumb Code     6  stm32f1xx_hal_uart.o(.text)
    HAL_UART_Abort                           0x0800f7f7   Thumb Code   278  stm32f1xx_hal_uart.o(.text)
    HAL_UART_AbortTransmit                   0x0800f90d   Thumb Code   124  stm32f1xx_hal_uart.o(.text)
    HAL_UART_AbortReceive                    0x0800f989   Thumb Code   194  stm32f1xx_hal_uart.o(.text)
    HAL_UART_AbortCpltCallback               0x0800fa4b   Thumb Code     2  stm32f1xx_hal_uart.o(.text)
    HAL_UART_Abort_IT                        0x0800fabd   Thumb Code   320  stm32f1xx_hal_uart.o(.text)
    HAL_UART_AbortTransmitCpltCallback       0x0800fbfd   Thumb Code     2  stm32f1xx_hal_uart.o(.text)
    HAL_UART_AbortTransmit_IT                0x0800fc17   Thumb Code   138  stm32f1xx_hal_uart.o(.text)
    HAL_UART_AbortReceiveCpltCallback        0x0800fca1   Thumb Code     2  stm32f1xx_hal_uart.o(.text)
    HAL_UART_AbortReceive_IT                 0x0800fcbf   Thumb Code   212  stm32f1xx_hal_uart.o(.text)
    HAL_UART_IRQHandler                      0x0800ff33   Thumb Code   740  stm32f1xx_hal_uart.o(.text)
    HAL_LIN_SendBreak                        0x08010217   Thumb Code    80  stm32f1xx_hal_uart.o(.text)
    HAL_MultiProcessor_EnterMuteMode         0x08010267   Thumb Code    82  stm32f1xx_hal_uart.o(.text)
    HAL_MultiProcessor_ExitMuteMode          0x080102b9   Thumb Code    82  stm32f1xx_hal_uart.o(.text)
    HAL_HalfDuplex_EnableTransmitter         0x0801030b   Thumb Code    68  stm32f1xx_hal_uart.o(.text)
    HAL_HalfDuplex_EnableReceiver            0x0801034f   Thumb Code    68  stm32f1xx_hal_uart.o(.text)
    HAL_UART_GetState                        0x08010393   Thumb Code    20  stm32f1xx_hal_uart.o(.text)
    HAL_UART_GetError                        0x080103a7   Thumb Code     6  stm32f1xx_hal_uart.o(.text)
    HAL_InitTick                             0x080103b3   Thumb Code    64  stm32f1xx_hal.o(.text)
    HAL_Init                                 0x080103f3   Thumb Code    34  stm32f1xx_hal.o(.text)
    HAL_MspDeInit                            0x08010415   Thumb Code     2  stm32f1xx_hal.o(.text)
    HAL_DeInit                               0x08010417   Thumb Code    30  stm32f1xx_hal.o(.text)
    HAL_IncTick                              0x08010435   Thumb Code    16  stm32f1xx_hal.o(.text)
    HAL_GetTick                              0x08010445   Thumb Code     6  stm32f1xx_hal.o(.text)
    HAL_GetTickPrio                          0x0801044b   Thumb Code     6  stm32f1xx_hal.o(.text)
    HAL_SetTickFreq                          0x08010451   Thumb Code    40  stm32f1xx_hal.o(.text)
    HAL_GetTickFreq                          0x08010479   Thumb Code     6  stm32f1xx_hal.o(.text)
    HAL_Delay                                0x0801047f   Thumb Code    36  stm32f1xx_hal.o(.text)
    HAL_SuspendTick                          0x080104a3   Thumb Code    18  stm32f1xx_hal.o(.text)
    HAL_ResumeTick                           0x080104b5   Thumb Code    18  stm32f1xx_hal.o(.text)
    HAL_GetHalVersion                        0x080104c7   Thumb Code     4  stm32f1xx_hal.o(.text)
    HAL_GetREVID                             0x080104cb   Thumb Code     8  stm32f1xx_hal.o(.text)
    HAL_GetDEVID                             0x080104d3   Thumb Code    10  stm32f1xx_hal.o(.text)
    HAL_GetUIDw0                             0x080104dd   Thumb Code     6  stm32f1xx_hal.o(.text)
    HAL_GetUIDw1                             0x080104e3   Thumb Code     8  stm32f1xx_hal.o(.text)
    HAL_GetUIDw2                             0x080104eb   Thumb Code     8  stm32f1xx_hal.o(.text)
    HAL_DBGMCU_EnableDBGSleepMode            0x080104f3   Thumb Code    14  stm32f1xx_hal.o(.text)
    HAL_DBGMCU_DisableDBGSleepMode           0x08010501   Thumb Code    14  stm32f1xx_hal.o(.text)
    HAL_DBGMCU_EnableDBGStopMode             0x0801050f   Thumb Code    14  stm32f1xx_hal.o(.text)
    HAL_DBGMCU_DisableDBGStopMode            0x0801051d   Thumb Code    14  stm32f1xx_hal.o(.text)
    HAL_DBGMCU_EnableDBGStandbyMode          0x0801052b   Thumb Code    14  stm32f1xx_hal.o(.text)
    HAL_DBGMCU_DisableDBGStandbyMode         0x08010539   Thumb Code    14  stm32f1xx_hal.o(.text)
    HAL_NVIC_SetPriorityGrouping             0x0801058d   Thumb Code    36  stm32f1xx_hal_cortex.o(.text)
    HAL_NVIC_SetPriority                     0x080105b1   Thumb Code   124  stm32f1xx_hal_cortex.o(.text)
    HAL_NVIC_EnableIRQ                       0x0801062d   Thumb Code    40  stm32f1xx_hal_cortex.o(.text)
    HAL_NVIC_DisableIRQ                      0x08010655   Thumb Code    38  stm32f1xx_hal_cortex.o(.text)
    HAL_NVIC_SystemReset                     0x0801067b   Thumb Code    40  stm32f1xx_hal_cortex.o(.text)
    HAL_SYSTICK_Config                       0x080106a3   Thumb Code    52  stm32f1xx_hal_cortex.o(.text)
    HAL_NVIC_GetPriorityGrouping             0x080106d7   Thumb Code     8  stm32f1xx_hal_cortex.o(.text)
    HAL_NVIC_GetPriority                     0x080106df   Thumb Code   138  stm32f1xx_hal_cortex.o(.text)
    HAL_NVIC_SetPendingIRQ                   0x08010769   Thumb Code    32  stm32f1xx_hal_cortex.o(.text)
    HAL_NVIC_GetPendingIRQ                   0x08010789   Thumb Code    46  stm32f1xx_hal_cortex.o(.text)
    HAL_NVIC_ClearPendingIRQ                 0x080107b7   Thumb Code    30  stm32f1xx_hal_cortex.o(.text)
    HAL_NVIC_GetActive                       0x080107d5   Thumb Code    46  stm32f1xx_hal_cortex.o(.text)
    HAL_SYSTICK_CLKSourceConfig              0x08010803   Thumb Code    40  stm32f1xx_hal_cortex.o(.text)
    HAL_SYSTICK_Callback                     0x0801082b   Thumb Code     2  stm32f1xx_hal_cortex.o(.text)
    HAL_SYSTICK_IRQHandler                   0x0801082d   Thumb Code     8  stm32f1xx_hal_cortex.o(.text)
    HAL_RCC_DeInit                           0x08010855   Thumb Code   254  stm32f1xx_hal_rcc.o(.text)
    HAL_RCC_OscConfig                        0x08010977   Thumb Code  1126  stm32f1xx_hal_rcc.o(.text)
    HAL_RCC_GetSysClockFreq                  0x08010ddd   Thumb Code    92  stm32f1xx_hal_rcc.o(.text)
    HAL_RCC_ClockConfig                      0x08010e39   Thumb Code   376  stm32f1xx_hal_rcc.o(.text)
    HAL_RCC_MCOConfig                        0x08010fb1   Thumb Code    90  stm32f1xx_hal_rcc.o(.text)
    HAL_RCC_EnableCSS                        0x0801100b   Thumb Code     8  stm32f1xx_hal_rcc.o(.text)
    HAL_RCC_DisableCSS                       0x08011013   Thumb Code     8  stm32f1xx_hal_rcc.o(.text)
    HAL_RCC_GetHCLKFreq                      0x0801101b   Thumb Code     6  stm32f1xx_hal_rcc.o(.text)
    HAL_RCC_GetPCLK1Freq                     0x08011021   Thumb Code    22  stm32f1xx_hal_rcc.o(.text)
    HAL_RCC_GetPCLK2Freq                     0x08011037   Thumb Code    70  stm32f1xx_hal_rcc.o(.text)
    HAL_RCC_GetOscConfig                     0x0801107d   Thumb Code   196  stm32f1xx_hal_rcc.o(.text)
    HAL_RCC_GetClockConfig                   0x08011141   Thumb Code    58  stm32f1xx_hal_rcc.o(.text)
    HAL_RCC_CSSCallback                      0x0801117b   Thumb Code     2  stm32f1xx_hal_rcc.o(.text)
    HAL_RCC_NMI_IRQHandler                   0x0801117d   Thumb Code    26  stm32f1xx_hal_rcc.o(.text)
    HAL_I2C_AddrCallback                     0x080111a3   Thumb Code     2  stm32f1xx_hal_i2c.o(.text)
    HAL_I2C_AbortCpltCallback                0x080111a5   Thumb Code     2  stm32f1xx_hal_i2c.o(.text)
    HAL_I2C_ErrorCallback                    0x080111a7   Thumb Code     2  stm32f1xx_hal_i2c.o(.text)
    HAL_I2C_MemRxCpltCallback                0x080111a9   Thumb Code     2  stm32f1xx_hal_i2c.o(.text)
    HAL_I2C_MemTxCpltCallback                0x080111ab   Thumb Code     2  stm32f1xx_hal_i2c.o(.text)
    HAL_I2C_ListenCpltCallback               0x080111ad   Thumb Code     2  stm32f1xx_hal_i2c.o(.text)
    HAL_I2C_SlaveTxCpltCallback              0x080111b1   Thumb Code     2  stm32f1xx_hal_i2c.o(.text)
    HAL_I2C_MasterRxCpltCallback             0x080111b3   Thumb Code     2  stm32f1xx_hal_i2c.o(.text)
    HAL_I2C_MasterTxCpltCallback             0x080111b5   Thumb Code     2  stm32f1xx_hal_i2c.o(.text)
    HAL_I2C_Init                             0x080111b7   Thumb Code   494  stm32f1xx_hal_i2c.o(.text)
    HAL_I2C_DeInit                           0x080113a7   Thumb Code    74  stm32f1xx_hal_i2c.o(.text)
    HAL_I2C_RegisterCallback                 0x080113f1   Thumb Code   194  stm32f1xx_hal_i2c.o(.text)
    HAL_I2C_UnRegisterCallback               0x080114b3   Thumb Code   204  stm32f1xx_hal_i2c.o(.text)
    HAL_I2C_RegisterAddrCallback             0x0801157f   Thumb Code   142  stm32f1xx_hal_i2c.o(.text)
    HAL_I2C_UnRegisterAddrCallback           0x0801160d   Thumb Code    64  stm32f1xx_hal_i2c.o(.text)
    HAL_I2C_Master_Transmit                  0x080119eb   Thumb Code   374  stm32f1xx_hal_i2c.o(.text)
    HAL_I2C_Master_Receive                   0x08011d1f   Thumb Code   872  stm32f1xx_hal_i2c.o(.text)
    HAL_I2C_Slave_Transmit                   0x08012087   Thumb Code   400  stm32f1xx_hal_i2c.o(.text)
    HAL_I2C_Slave_Receive                    0x08012279   Thumb Code   390  stm32f1xx_hal_i2c.o(.text)
    HAL_I2C_Master_Transmit_IT               0x080123ff   Thumb Code   224  stm32f1xx_hal_i2c.o(.text)
    HAL_I2C_Master_Receive_IT                0x080124df   Thumb Code   236  stm32f1xx_hal_i2c.o(.text)
    HAL_I2C_Slave_Transmit_IT                0x080125cb   Thumb Code   146  stm32f1xx_hal_i2c.o(.text)
    HAL_I2C_Slave_Receive_IT                 0x0801265d   Thumb Code   160  stm32f1xx_hal_i2c.o(.text)
    HAL_I2C_Master_Transmit_DMA              0x08012873   Thumb Code   434  stm32f1xx_hal_i2c.o(.text)
    HAL_I2C_Master_Receive_DMA               0x08012a25   Thumb Code   434  stm32f1xx_hal_i2c.o(.text)
    HAL_I2C_Slave_Transmit_DMA               0x08012bd7   Thumb Code   304  stm32f1xx_hal_i2c.o(.text)
    HAL_I2C_Slave_Receive_DMA                0x08012d07   Thumb Code   286  stm32f1xx_hal_i2c.o(.text)
    HAL_I2C_Mem_Write                        0x08012f01   Thumb Code   348  stm32f1xx_hal_i2c.o(.text)
    HAL_I2C_Mem_Read                         0x080131cf   Thumb Code   854  stm32f1xx_hal_i2c.o(.text)
    HAL_I2C_Mem_Write_IT                     0x08013525   Thumb Code   256  stm32f1xx_hal_i2c.o(.text)
    HAL_I2C_Mem_Read_IT                      0x08013625   Thumb Code   254  stm32f1xx_hal_i2c.o(.text)
    HAL_I2C_Mem_Write_DMA                    0x08013723   Thumb Code   514  stm32f1xx_hal_i2c.o(.text)
    HAL_I2C_Mem_Read_DMA                     0x08013925   Thumb Code   608  stm32f1xx_hal_i2c.o(.text)
    HAL_I2C_IsDeviceReady                    0x08013b85   Thumb Code   430  stm32f1xx_hal_i2c.o(.text)
    HAL_I2C_Master_Seq_Transmit_IT           0x08013d33   Thumb Code   304  stm32f1xx_hal_i2c.o(.text)
    HAL_I2C_Master_Seq_Transmit_DMA          0x08013e63   Thumb Code   536  stm32f1xx_hal_i2c.o(.text)
    HAL_I2C_Master_Seq_Receive_IT            0x0801407b   Thumb Code   360  stm32f1xx_hal_i2c.o(.text)
    HAL_I2C_Master_Seq_Receive_DMA           0x080141e3   Thumb Code   674  stm32f1xx_hal_i2c.o(.text)
    HAL_I2C_Slave_Seq_Transmit_IT            0x08014485   Thumb Code   158  stm32f1xx_hal_i2c.o(.text)
    HAL_I2C_Slave_Seq_Transmit_DMA           0x08014615   Thumb Code   462  stm32f1xx_hal_i2c.o(.text)
    HAL_I2C_Slave_Seq_Receive_IT             0x080147e3   Thumb Code   158  stm32f1xx_hal_i2c.o(.text)
    HAL_I2C_Slave_Seq_Receive_DMA            0x08014881   Thumb Code   446  stm32f1xx_hal_i2c.o(.text)
    HAL_I2C_EnableListen_IT                  0x08014a3f   Thumb Code    70  stm32f1xx_hal_i2c.o(.text)
    HAL_I2C_DisableListen_IT                 0x08014a85   Thumb Code    70  stm32f1xx_hal_i2c.o(.text)
    HAL_I2C_Master_Abort_IT                  0x08014c6f   Thumb Code   138  stm32f1xx_hal_i2c.o(.text)
    HAL_I2C_ER_IRQHandler                    0x08015a35   Thumb Code   224  stm32f1xx_hal_i2c.o(.text)
    HAL_I2C_GetState                         0x08015b15   Thumb Code     8  stm32f1xx_hal_i2c.o(.text)
    HAL_I2C_GetMode                          0x08015b1d   Thumb Code     8  stm32f1xx_hal_i2c.o(.text)
    HAL_I2C_GetError                         0x08015b25   Thumb Code     6  stm32f1xx_hal_i2c.o(.text)
    HAL_RTCEx_SetTamper                      0x08015b31   Thumb Code    98  stm32f1xx_hal_rtc_ex.o(.text)
    HAL_RTCEx_SetTamper_IT                   0x08015b93   Thumb Code   110  stm32f1xx_hal_rtc_ex.o(.text)
    HAL_RTCEx_DeactivateTamper               0x08015c01   Thumb Code    94  stm32f1xx_hal_rtc_ex.o(.text)
    HAL_RTCEx_TamperIRQHandler               0x08015c5f   Thumb Code    56  stm32f1xx_hal_rtc_ex.o(.text)
    HAL_RTCEx_Tamper1EventCallback           0x08015c97   Thumb Code     2  stm32f1xx_hal_rtc_ex.o(.text)
    HAL_RTCEx_PollForTamper1Event            0x08015c99   Thumb Code    80  stm32f1xx_hal_rtc_ex.o(.text)
    HAL_RTCEx_SetSecond_IT                   0x08015ce9   Thumb Code    58  stm32f1xx_hal_rtc_ex.o(.text)
    HAL_RTCEx_DeactivateSecond               0x08015d23   Thumb Code    58  stm32f1xx_hal_rtc_ex.o(.text)
    HAL_RTCEx_RTCEventCallback               0x08015d5d   Thumb Code     2  stm32f1xx_hal_rtc_ex.o(.text)
    HAL_RTCEx_RTCEventErrorCallback          0x08015d5f   Thumb Code     2  stm32f1xx_hal_rtc_ex.o(.text)
    HAL_RTCEx_RTCIRQHandler                  0x08015d61   Thumb Code    78  stm32f1xx_hal_rtc_ex.o(.text)
    HAL_RTCEx_BKUPWrite                      0x08015daf   Thumb Code    20  stm32f1xx_hal_rtc_ex.o(.text)
    HAL_RTCEx_BKUPRead                       0x08015dc3   Thumb Code    22  stm32f1xx_hal_rtc_ex.o(.text)
    HAL_RTCEx_SetSmoothCalib                 0x08015dd9   Thumb Code    62  stm32f1xx_hal_rtc_ex.o(.text)
    __aeabi_llsr                             0x08015e1d   Thumb Code    32  llushr.o(.text)
    _ll_ushift_r                             0x08015e1d   Thumb Code     0  llushr.o(.text)
    __aeabi_memcpy                           0x08015e3d   Thumb Code    36  memcpya.o(.text)
    __aeabi_memcpy4                          0x08015e3d   Thumb Code     0  memcpya.o(.text)
    __aeabi_memcpy8                          0x08015e3d   Thumb Code     0  memcpya.o(.text)
    __aeabi_memset                           0x08015e61   Thumb Code    14  memseta.o(.text)
    __aeabi_memset4                          0x08015e61   Thumb Code     0  memseta.o(.text)
    __aeabi_memset8                          0x08015e61   Thumb Code     0  memseta.o(.text)
    __aeabi_memclr                           0x08015e6f   Thumb Code     4  memseta.o(.text)
    __aeabi_memclr4                          0x08015e6f   Thumb Code     0  memseta.o(.text)
    __aeabi_memclr8                          0x08015e6f   Thumb Code     0  memseta.o(.text)
    memset                                   0x08015e73   Thumb Code    18  memseta.o(.text)
    strncpy                                  0x08015e85   Thumb Code    24  strncpy.o(.text)
    strlen                                   0x08015e9d   Thumb Code    14  strlen.o(.text)
    strcmp                                   0x08015eab   Thumb Code    28  strcmp.o(.text)
    strncmp                                  0x08015ec7   Thumb Code    30  strncmp.o(.text)
    strtok                                   0x08015ee5   Thumb Code    62  strtok.o(.text)
    strtol                                   0x08015f29   Thumb Code   112  strtol.o(.text)
    atoi                                     0x08015f99   Thumb Code    26  atoi.o(.text)
    __aeabi_fmul                             0x08015fb3   Thumb Code   100  fmul.o(.text)
    __aeabi_fdiv                             0x08016017   Thumb Code   124  fdiv.o(.text)
    __aeabi_i2f                              0x08016093   Thumb Code    18  fflti.o(.text)
    __aeabi_ui2f                             0x080160a5   Thumb Code    10  ffltui.o(.text)
    __aeabi_uidiv                            0x080160af   Thumb Code     0  uidiv.o(.text)
    __aeabi_uidivmod                         0x080160af   Thumb Code    44  uidiv.o(.text)
    __aeabi_uldivmod                         0x080160db   Thumb Code    98  uldiv.o(.text)
    __rt_ctype_table                         0x0801613d   Thumb Code     4  ctype_o.o(.text)
    _strtoul                                 0x08016145   Thumb Code   158  _strtoul.o(.text)
    __I$use$fp                               0x080161e3   Thumb Code     0  iusefp.o(.text)
    _float_round                             0x080161e3   Thumb Code    18  fepilogue.o(.text)
    _float_epilogue                          0x080161f5   Thumb Code    92  fepilogue.o(.text)
    __aeabi_dadd                             0x08016251   Thumb Code   322  dadd.o(.text)
    __aeabi_dsub                             0x08016393   Thumb Code     6  dadd.o(.text)
    __aeabi_drsub                            0x08016399   Thumb Code     6  dadd.o(.text)
    __aeabi_dmul                             0x0801639f   Thumb Code   228  dmul.o(.text)
    __aeabi_ddiv                             0x08016483   Thumb Code   222  ddiv.o(.text)
    __aeabi_d2ulz                            0x08016561   Thumb Code    48  dfixul.o(.text)
    __aeabi_cdrcmple                         0x08016591   Thumb Code    48  cdrcmple.o(.text)
    __scatterload                            0x080165c1   Thumb Code    28  init.o(.text)
    __scatterload_rt2                        0x080165c1   Thumb Code     0  init.o(.text)
    __aeabi_llsl                             0x080165e5   Thumb Code    30  llshl.o(.text)
    _ll_shift_l                              0x080165e5   Thumb Code     0  llshl.o(.text)
    __aeabi_lasr                             0x08016603   Thumb Code    36  llsshr.o(.text)
    _ll_sshift_r                             0x08016603   Thumb Code     0  llsshr.o(.text)
    _chval                                   0x08016627   Thumb Code    28  _chval.o(.text)
    _double_round                            0x08016643   Thumb Code    30  depilogue.o(.text)
    _double_epilogue                         0x08016661   Thumb Code   156  depilogue.o(.text)
    __decompress                             0x080166fd   Thumb Code     0  __dczerorl2.o(.text)
    __decompress1                            0x080166fd   Thumb Code    86  __dczerorl2.o(.text)
    Error_Handler                            0x08016753   Thumb Code     6  main.o(i.Error_Handler)
    FIFO_Empty                               0x08016759   Thumb Code    14  fifo.o(i.FIFO_Empty)
    UART_sendByte                            0x08016767   Thumb Code    16  bsp_uartcomm.o(i.UART_sendByte)
    __0printf                                0x08016779   Thumb Code    22  printfa.o(i.__0printf)
    __1printf                                0x08016779   Thumb Code     0  printfa.o(i.__0printf)
    __2printf                                0x08016779   Thumb Code     0  printfa.o(i.__0printf)
    __c89printf                              0x08016779   Thumb Code     0  printfa.o(i.__0printf)
    printf                                   0x08016779   Thumb Code     0  printfa.o(i.__0printf)
    __0sprintf                               0x08016799   Thumb Code    34  printfa.o(i.__0sprintf)
    __1sprintf                               0x08016799   Thumb Code     0  printfa.o(i.__0sprintf)
    __2sprintf                               0x08016799   Thumb Code     0  printfa.o(i.__0sprintf)
    __c89sprintf                             0x08016799   Thumb Code     0  printfa.o(i.__0sprintf)
    sprintf                                  0x08016799   Thumb Code     0  printfa.o(i.__0sprintf)
    __0vsnprintf                             0x080167c1   Thumb Code    46  printfa.o(i.__0vsnprintf)
    __1vsnprintf                             0x080167c1   Thumb Code     0  printfa.o(i.__0vsnprintf)
    __2vsnprintf                             0x080167c1   Thumb Code     0  printfa.o(i.__0vsnprintf)
    __c89vsnprintf                           0x080167c1   Thumb Code     0  printfa.o(i.__0vsnprintf)
    vsnprintf                                0x080167c1   Thumb Code     0  printfa.o(i.__0vsnprintf)
    __aeabi_errno_addr                       0x080167f5   Thumb Code     4  errno.o(i.__aeabi_errno_addr)
    __rt_errno_addr                          0x080167f5   Thumb Code     0  errno.o(i.__aeabi_errno_addr)
    __scatterload_copy                       0x080167fd   Thumb Code    14  handlers.o(i.__scatterload_copy)
    __scatterload_null                       0x0801680b   Thumb Code     2  handlers.o(i.__scatterload_null)
    __scatterload_zeroinit                   0x0801680d   Thumb Code    14  handlers.o(i.__scatterload_zeroinit)
    shellCmdpwm                              0x080171b8   Data           4  pwm.o(.constdata)
    shellDescpwm                             0x080171bc   Data          13  pwm.o(.constdata)
    shellCmdDefaultUser                      0x080171c9   Data           6  shell.o(.constdata)
    shellPasswordDefaultUser                 0x080171cf   Data           5  shell.o(.constdata)
    shellDesDefaultUser                      0x080171d4   Data          13  shell.o(.constdata)
    shellDesc0x1B5B4100                      0x080171e1   Data           3  shell.o(.constdata)
    shellDesc0x1B5B4200                      0x080171e4   Data           5  shell.o(.constdata)
    shellDesc0x1B5B4300                      0x080171e9   Data           6  shell.o(.constdata)
    shellDesc0x1B5B4400                      0x080171ef   Data           5  shell.o(.constdata)
    shellDesc0x09000000                      0x080171f4   Data           4  shell.o(.constdata)
    shellDesc0x08000000                      0x080171f8   Data          10  shell.o(.constdata)
    shellDesc0x7F000000                      0x08017202   Data          10  shell.o(.constdata)
    shellDesc0x1B5B337E                      0x0801720c   Data           7  shell.o(.constdata)
    shellDesc0x0D000000                      0x08017213   Data           6  shell.o(.constdata)
    shellDesc0x0D0A0000                      0x08017219   Data           6  shell.o(.constdata)
    shellCmdhelp                             0x0801721f   Data           5  shell.o(.constdata)
    shellDeschelp                            0x08017224   Data          30  shell.o(.constdata)
    shellCmdcmds                             0x08017242   Data           5  shell.o(.constdata)
    shellDesccmds                            0x08017247   Data          13  shell.o(.constdata)
    shellCmdclear                            0x08017254   Data           6  shell.o(.constdata)
    shellDescclear                           0x0801725a   Data          14  shell.o(.constdata)
    shellCmdgpio                             0x08017280   Data           5  gpio_shell.o(.constdata)
    shellDescgpio                            0x08017285   Data          13  gpio_shell.o(.constdata)
    shellCmdreboot                           0x08017292   Data           7  main.o(.constdata)
    shellDescreboot                          0x08017299   Data          11  main.o(.constdata)
    shellCmdhf                               0x0801733c   Data           3  cm_backtrace.o(.constdata)
    shellDeschf                              0x0801733f   Data          22  cm_backtrace.o(.constdata)
    AHBPrescTable                            0x080173b8   Data          16  system_stm32f1xx.o(.constdata)
    APBPrescTable                            0x080173c8   Data           8  system_stm32f1xx.o(.constdata)
    __ctype_table                            0x080173e2   Data         129  ctype_o.o(.constdata)
    Region$$Table$$Base                      0x08017ff4   Number         0  anon$$obj.o(Region$$Table)
    Region$$Table$$Limit                     0x08018014   Number         0  anon$$obj.o(Region$$Table)
    shellCommand$$Base                       0x08018014   Number         0  pwm.o(shellCommand)
    shellCommandpwm                          0x08018014   Data          16  pwm.o(shellCommand)
    shellUserDefault                         0x08018024   Data          16  shell.o(shellCommand)
    shellKey0x1B5B4100                       0x08018034   Data          16  shell.o(shellCommand)
    shellKey0x1B5B4200                       0x08018044   Data          16  shell.o(shellCommand)
    shellKey0x1B5B4300                       0x08018054   Data          16  shell.o(shellCommand)
    shellKey0x1B5B4400                       0x08018064   Data          16  shell.o(shellCommand)
    shellKey0x09000000                       0x08018074   Data          16  shell.o(shellCommand)
    shellKey0x08000000                       0x08018084   Data          16  shell.o(shellCommand)
    shellKey0x7F000000                       0x08018094   Data          16  shell.o(shellCommand)
    shellKey0x1B5B337E                       0x080180a4   Data          16  shell.o(shellCommand)
    shellKey0x0D000000                       0x080180b4   Data          16  shell.o(shellCommand)
    shellKey0x0D0A0000                       0x080180c4   Data          16  shell.o(shellCommand)
    shellCommandhelp                         0x080180d4   Data          16  shell.o(shellCommand)
    shellCommandcmds                         0x080180e4   Data          16  shell.o(shellCommand)
    shellCommandclear                        0x080180f4   Data          16  shell.o(shellCommand)
    shellCommandgpio                         0x08018104   Data          16  gpio_shell.o(shellCommand)
    shellCommandreboot                       0x08018114   Data          16  main.o(shellCommand)
    shellCommandhf                           0x08018124   Data          16  cm_backtrace.o(shellCommand)
    Image$$ER_IROM1$$Limit                   0x08018134   Number         0  anon$$obj.o ABSOLUTE
    Image$$MY_REGION$$Base                   0x08018134   Number         0  anon$$obj.o ABSOLUTE
    shellCommand$$Limit                      0x08018134   Number         0  cm_backtrace.o(shellCommand)
    Image$$MY_REGION$$Limit                  0x08018144   Number         0  anon$$obj.o ABSOLUTE
    g_isPrintUseFifo                         0x2000000c   Data           1  bsp_uartcomm.o(.data)
    g_uart1Handle                            0x20000010   Data          72  bsp_usart1.o(.data)
    g_UARTPara                               0x20000058   Data          56  bsp_usart1.o(.data)
    xHigherPriorityTaskWoken_YES             0x200000f0   Data           4  main.o(.data)
    xHigherPriorityTaskWoken_NO              0x200000f4   Data           4  main.o(.data)
    g_debugLevel                             0x200000f8   Data           4  main.o(.data)
    gp_xHandle_Task_uartMonitor              0x200000fc   Data           4  main.o(.data)
    gp_xHandle_Task_shell                    0x20000100   Data           4  main.o(.data)
    SystemCoreClock                          0x20000154   Data           4  system_stm32f1xx.o(.data)
    pxCurrentTCB                             0x20000158   Data           4  tasks.o(.data)
    uxTopUsedPriority                        0x20000190   Data           4  tasks.o(.data)
    uwTick                                   0x200001d8   Data           4  stm32f1xx_hal.o(.data)
    uwTickPrio                               0x200001dc   Data           4  stm32f1xx_hal.o(.data)
    uwTickFreq                               0x200001e0   Data           1  stm32f1xx_hal.o(.data)
    __stdout                                 0x200001e8   Data           4  stdout.o(.data)
    g_hdma_usart1_tx                         0x200002b8   Data          68  bsp_usart1.o(.bss)
    PwmCfg                                   0x20000524   Data          20  pwm.o(.bss)
    TimHandle                                0x20000538   Data          72  pwm.o(.bss)
    sConfig                                  0x20000580   Data          28  pwm.o(.bss)
    shell                                    0x200005bc   Data         108  shell_port.o(.bss)
    hi2c1                                    0x200006f0   Data         132  main.o(.bss)
    hdma_i2c1_tx                             0x20000774   Data          68  main.o(.bss)
    xQueueRegistry                           0x200008ec   Data          64  queue.o(.bss)
    STACK$$Base                              0x20008618   Number         0  startup_stm32f103xe.o(STACK)
    STACK$$Limit                             0x20008a18   Number         0  startup_stm32f103xe.o(STACK)
    __initial_sp                             0x20008a18   Data           0  startup_stm32f103xe.o(STACK)



==============================================================================

Memory Map of the image

  Image Entry point : 0x08000131

  Load Region LR_IROM1 (Base: 0x08000000, Size: 0x00018334, Max: 0x00040000, ABSOLUTE, COMPRESSED[0x000181c0])

    Execution Region ER_IROM1 (Exec base: 0x08000000, Load base: 0x08000000, Size: 0x00018134, Max: 0x00040000, ABSOLUTE)

    Exec Addr    Load Addr    Size         Type   Attr      Idx    E Section Name        Object

    0x08000000   0x08000000   0x00000130   Data   RO          905    RESET               startup_stm32f103xe.o
    0x08000130   0x08000130   0x00000000   Code   RO         1567  * .ARM.Collect$$$$00000000  mc_w.l(entry.o)
    0x08000130   0x08000130   0x00000004   Code   RO         1867    .ARM.Collect$$$$00000001  mc_w.l(entry2.o)
    0x08000134   0x08000134   0x00000004   Code   RO         1870    .ARM.Collect$$$$00000004  mc_w.l(entry5.o)
    0x08000138   0x08000138   0x00000000   Code   RO         1872    .ARM.Collect$$$$00000008  mc_w.l(entry7b.o)
    0x08000138   0x08000138   0x00000000   Code   RO         1874    .ARM.Collect$$$$0000000A  mc_w.l(entry8b.o)
    0x08000138   0x08000138   0x00000008   Code   RO         1875    .ARM.Collect$$$$0000000B  mc_w.l(entry9a.o)
    0x08000140   0x08000140   0x00000004   Code   RO         1882    .ARM.Collect$$$$0000000E  mc_w.l(entry12b.o)
    0x08000144   0x08000144   0x00000000   Code   RO         1877    .ARM.Collect$$$$0000000F  mc_w.l(entry10a.o)
    0x08000144   0x08000144   0x00000000   Code   RO         1879    .ARM.Collect$$$$00000011  mc_w.l(entry11a.o)
    0x08000144   0x08000144   0x00000004   Code   RO         1868    .ARM.Collect$$$$00002712  mc_w.l(entry2.o)
    0x08000148   0x08000148   0x00000010   Code   RO          854    .emb_text           cm_backtrace.o
    0x08000158   0x08000158   0x00000096   Code   RO         1095    .emb_text           port.o
    0x080001ee   0x080001ee   0x00000002   PAD
    0x080001f0   0x080001f0   0x000003b8   Code   RO            4    .text               api_utc.o
    0x080005a8   0x080005a8   0x0000022e   Code   RO          170    .text               fifo.o
    0x080007d6   0x080007d6   0x00000002   PAD
    0x080007d8   0x080007d8   0x000000b4   Code   RO          239    .text               print_monitor.o
    0x0800088c   0x0800088c   0x00000288   Code   RO          286    .text               i2cforward.o
    0x08000b14   0x08000b14   0x000002f8   Code   RO          328    .text               bsp_uartcomm.o
    0x08000e0c   0x08000e0c   0x0000022c   Code   RO          366    .text               bsp_gpio.o
    0x08001038   0x08001038   0x000000e8   Code   RO          412    .text               bsp_usart1.o
    0x08001120   0x08001120   0x00000140   Code   RO          463    .text               bsp_i2c.o
    0x08001260   0x08001260   0x00000024   Code   RO          491    .text               initcall.o
    0x08001284   0x08001284   0x000005cc   Code   RO          512    .text               pwm.o
    0x08001850   0x08001850   0x00001370   Code   RO          562    .text               shell.o
    0x08002bc0   0x08002bc0   0x0000034a   Code   RO          614    .text               shell_ext.o
    0x08002f0a   0x08002f0a   0x00000002   PAD
    0x08002f0c   0x08002f0c   0x0000004c   Code   RO          638    .text               shell_port.o
    0x08002f58   0x08002f58   0x000003b4   Code   RO          669    .text               gpio_shell.o
    0x0800330c   0x0800330c   0x00000488   Code   RO          722    .text               main.o
    0x08003794   0x08003794   0x00000208   Code   RO          804    .text               stm32f1xx_hal_msp.o
    0x0800399c   0x0800399c   0x00000074   Code   RO          829    .text               stm32f1xx_it.o
    0x08003a10   0x08003a10   0x00000bb4   Code   RO          858    .text               cm_backtrace.o
    0x080045c4   0x080045c4   0x0000000c   Code   RO          899    .text               cmb_fault.o
    0x080045d0   0x080045d0   0x00000024   Code   RO          906    .text               startup_stm32f103xe.o
    0x080045f4   0x080045f4   0x000000a4   Code   RO          913    .text               system_stm32f1xx.o
    0x08004698   0x08004698   0x00000094   Code   RO          980    .text               list.o
    0x0800472c   0x0800472c   0x00001078   Code   RO          992    .text               queue.o
    0x080057a4   0x080057a4   0x00001fb8   Code   RO         1028    .text               tasks.o
    0x0800775c   0x0800775c   0x000006f8   Code   RO         1050    .text               timers.o
    0x08007e54   0x08007e54   0x00000340   Code   RO         1080    .text               heap_4.o
    0x08008194   0x08008194   0x000002a4   Code   RO         1096    .text               port.o
    0x08008438   0x08008438   0x000004f4   Code   RO         1152    .text               stm32f1xx_hal_gpio.o
    0x0800892c   0x0800892c   0x00000f00   Code   RO         1176    .text               stm32f1xx_hal_dma.o
    0x0800982c   0x0800982c   0x00003b3c   Code   RO         1294    .text               stm32f1xx_hal_tim.o
    0x0800d368   0x0800d368   0x000016f8   Code   RO         1318    .text               stm32f1xx_hal_tim_ex.o
    0x0800ea60   0x0800ea60   0x00001950   Code   RO         1342    .text               stm32f1xx_hal_uart.o
    0x080103b0   0x080103b0   0x000001bc   Code   RO         1390    .text               stm32f1xx_hal.o
    0x0801056c   0x0801056c   0x000002e8   Code   RO         1420    .text               stm32f1xx_hal_cortex.o
    0x08010854   0x08010854   0x0000094c   Code   RO         1472    .text               stm32f1xx_hal_rcc.o
    0x080111a0   0x080111a0   0x00004990   Code   RO         1522    .text               stm32f1xx_hal_i2c.o
    0x08015b30   0x08015b30   0x000002ec   Code   RO         1546    .text               stm32f1xx_hal_rtc_ex.o
    0x08015e1c   0x08015e1c   0x00000020   Code   RO         1570    .text               mc_w.l(llushr.o)
    0x08015e3c   0x08015e3c   0x00000024   Code   RO         1572    .text               mc_w.l(memcpya.o)
    0x08015e60   0x08015e60   0x00000024   Code   RO         1576    .text               mc_w.l(memseta.o)
    0x08015e84   0x08015e84   0x00000018   Code   RO         1578    .text               mc_w.l(strncpy.o)
    0x08015e9c   0x08015e9c   0x0000000e   Code   RO         1580    .text               mc_w.l(strlen.o)
    0x08015eaa   0x08015eaa   0x0000001c   Code   RO         1582    .text               mc_w.l(strcmp.o)
    0x08015ec6   0x08015ec6   0x0000001e   Code   RO         1584    .text               mc_w.l(strncmp.o)
    0x08015ee4   0x08015ee4   0x00000044   Code   RO         1586    .text               mc_w.l(strtok.o)
    0x08015f28   0x08015f28   0x00000070   Code   RO         1855    .text               mc_w.l(strtol.o)
    0x08015f98   0x08015f98   0x0000001a   Code   RO         1857    .text               mc_w.l(atoi.o)
    0x08015fb2   0x08015fb2   0x00000064   Code   RO         1859    .text               mf_w.l(fmul.o)
    0x08016016   0x08016016   0x0000007c   Code   RO         1861    .text               mf_w.l(fdiv.o)
    0x08016092   0x08016092   0x00000012   Code   RO         1863    .text               mf_w.l(fflti.o)
    0x080160a4   0x080160a4   0x0000000a   Code   RO         1865    .text               mf_w.l(ffltui.o)
    0x080160ae   0x080160ae   0x0000002c   Code   RO         1884    .text               mc_w.l(uidiv.o)
    0x080160da   0x080160da   0x00000062   Code   RO         1886    .text               mc_w.l(uldiv.o)
    0x0801613c   0x0801613c   0x00000008   Code   RO         1888    .text               mc_w.l(ctype_o.o)
    0x08016144   0x08016144   0x0000009e   Code   RO         1923    .text               mc_w.l(_strtoul.o)
    0x080161e2   0x080161e2   0x00000000   Code   RO         1925    .text               mc_w.l(iusefp.o)
    0x080161e2   0x080161e2   0x0000006e   Code   RO         1926    .text               mf_w.l(fepilogue.o)
    0x08016250   0x08016250   0x0000014e   Code   RO         1928    .text               mf_w.l(dadd.o)
    0x0801639e   0x0801639e   0x000000e4   Code   RO         1930    .text               mf_w.l(dmul.o)
    0x08016482   0x08016482   0x000000de   Code   RO         1932    .text               mf_w.l(ddiv.o)
    0x08016560   0x08016560   0x00000030   Code   RO         1934    .text               mf_w.l(dfixul.o)
    0x08016590   0x08016590   0x00000030   Code   RO         1936    .text               mf_w.l(cdrcmple.o)
    0x080165c0   0x080165c0   0x00000024   Code   RO         1938    .text               mc_w.l(init.o)
    0x080165e4   0x080165e4   0x0000001e   Code   RO         1940    .text               mc_w.l(llshl.o)
    0x08016602   0x08016602   0x00000024   Code   RO         1942    .text               mc_w.l(llsshr.o)
    0x08016626   0x08016626   0x0000001c   Code   RO         1944    .text               mc_w.l(_chval.o)
    0x08016642   0x08016642   0x000000ba   Code   RO         1946    .text               mf_w.l(depilogue.o)
    0x080166fc   0x080166fc   0x00000056   Code   RO         1956    .text               mc_w.l(__dczerorl2.o)
    0x08016752   0x08016752   0x00000006   Code   RO          750    i.Error_Handler     main.o
    0x08016758   0x08016758   0x0000000e   Code   RO          188    i.FIFO_Empty        fifo.o
    0x08016766   0x08016766   0x00000010   Code   RO          349    i.UART_sendByte     bsp_uartcomm.o
    0x08016776   0x08016776   0x00000002   PAD
    0x08016778   0x08016778   0x00000020   Code   RO         1827    i.__0printf         mc_w.l(printfa.o)
    0x08016798   0x08016798   0x00000028   Code   RO         1829    i.__0sprintf        mc_w.l(printfa.o)
    0x080167c0   0x080167c0   0x00000034   Code   RO         1832    i.__0vsnprintf      mc_w.l(printfa.o)
    0x080167f4   0x080167f4   0x00000008   Code   RO         1916    i.__aeabi_errno_addr  mc_w.l(errno.o)
    0x080167fc   0x080167fc   0x0000000e   Code   RO         1950    i.__scatterload_copy  mc_w.l(handlers.o)
    0x0801680a   0x0801680a   0x00000002   Code   RO         1951    i.__scatterload_null  mc_w.l(handlers.o)
    0x0801680c   0x0801680c   0x0000000e   Code   RO         1952    i.__scatterload_zeroinit  mc_w.l(handlers.o)
    0x0801681a   0x0801681a   0x00000002   PAD
    0x0801681c   0x0801681c   0x00000184   Code   RO         1834    i._fp_digits        mc_w.l(printfa.o)
    0x080169a0   0x080169a0   0x000006b4   Code   RO         1835    i._printf_core      mc_w.l(printfa.o)
    0x08017054   0x08017054   0x00000024   Code   RO         1836    i._printf_post_padding  mc_w.l(printfa.o)
    0x08017078   0x08017078   0x0000002e   Code   RO         1837    i._printf_pre_padding  mc_w.l(printfa.o)
    0x080170a6   0x080170a6   0x00000016   Code   RO         1838    i._snputc           mc_w.l(printfa.o)
    0x080170bc   0x080170bc   0x0000000a   Code   RO         1839    i._sputc            mc_w.l(printfa.o)
    0x080170c6   0x080170c6   0x00000002   PAD
    0x080170c8   0x080170c8   0x00000030   Data   RO            5    .constdata          api_utc.o
    0x080170f8   0x080170f8   0x000000a8   Data   RO          367    .constdata          bsp_gpio.o
    0x080171a0   0x080171a0   0x00000029   Data   RO          514    .constdata          pwm.o
    0x080171c9   0x080171c9   0x0000009f   Data   RO          564    .constdata          shell.o
    0x08017268   0x08017268   0x0000002a   Data   RO          670    .constdata          gpio_shell.o
    0x08017292   0x08017292   0x00000012   Data   RO          724    .constdata          main.o
    0x080172a4   0x080172a4   0x00000114   Data   RO          860    .constdata          cm_backtrace.o
    0x080173b8   0x080173b8   0x00000018   Data   RO          914    .constdata          system_stm32f1xx.o
    0x080173d0   0x080173d0   0x00000012   Data   RO         1473    .constdata          stm32f1xx_hal_rcc.o
    0x080173e2   0x080173e2   0x00000081   Data   RO         1889    .constdata          mc_w.l(ctype_o.o)
    0x08017463   0x08017463   0x00000001   PAD
    0x08017464   0x08017464   0x00000004   Data   RO         1890    .constdata          mc_w.l(ctype_o.o)
    0x08017468   0x08017468   0x00000030   Data   RO            6    .conststring        api_utc.o
    0x08017498   0x08017498   0x00000026   Data   RO          368    .conststring        bsp_gpio.o
    0x080174be   0x080174be   0x00000002   PAD
    0x080174c0   0x080174c0   0x00000159   Data   RO          565    .conststring        shell.o
    0x08017619   0x08017619   0x00000003   PAD
    0x0801761c   0x0801761c   0x0000004f   Data   RO          671    .conststring        gpio_shell.o
    0x0801766b   0x0801766b   0x00000001   PAD
    0x0801766c   0x0801766c   0x00000109   Data   RO          725    .conststring        main.o
    0x08017775   0x08017775   0x00000003   PAD
    0x08017778   0x08017778   0x00000879   Data   RO          861    .conststring        cm_backtrace.o
    0x08017ff1   0x08017ff1   0x00000003   PAD
    0x08017ff4   0x08017ff4   0x00000020   Data   RO         1948    Region$$Table       anon$$obj.o
    0x08018014   0x08018014   0x00000010   Data   RO          517    shellCommand        pwm.o
    0x08018024   0x08018024   0x000000e0   Data   RO          567    shellCommand        shell.o
    0x08018104   0x08018104   0x00000010   Data   RO          672    shellCommand        gpio_shell.o
    0x08018114   0x08018114   0x00000010   Data   RO          727    shellCommand        main.o
    0x08018124   0x08018124   0x00000010   Data   RO          863    shellCommand        cm_backtrace.o


    Execution Region MY_REGION (Exec base: 0x08018134, Load base: 0x08018134, Size: 0x00000010, Max: 0xffffffff, ABSOLUTE)

    Exec Addr    Load Addr    Size         Type   Attr      Idx    E Section Name        Object

    0x08018134   0x08018134   0x00000004   Data   RO          516    .initcall.1.core.init  pwm.o
    0x08018138   0x08018138   0x0000000c   Data   RO          492    .initcall.2.app.init  initcall.o


    Execution Region RW_IRAM1 (Exec base: 0x20000000, Load base: 0x08018144, Size: 0x00008a18, Max: 0x0000c000, ABSOLUTE, COMPRESSED[0x0000007c])

    Exec Addr    Load Addr    Size         Type   Attr      Idx    E Section Name        Object

    0x20000000   COMPRESSED   0x00000004   Data   RW          240    .data               print_monitor.o
    0x20000004   COMPRESSED   0x00000001   Data   RW          288    .data               i2cforward.o
    0x20000005   COMPRESSED   0x00000003   PAD
    0x20000008   COMPRESSED   0x00000005   Data   RW          329    .data               bsp_uartcomm.o
    0x2000000d   COMPRESSED   0x00000003   PAD
    0x20000010   COMPRESSED   0x00000080   Data   RW          414    .data               bsp_usart1.o
    0x20000090   COMPRESSED   0x00000008   Data   RW          515    .data               pwm.o
    0x20000098   COMPRESSED   0x00000054   Data   RW          566    .data               shell.o
    0x200000ec   COMPRESSED   0x00000004   PAD
    0x200000f0   COMPRESSED   0x00000028   Data   RW          726    .data               main.o
    0x20000118   COMPRESSED   0x0000003c   Data   RW          862    .data               cm_backtrace.o
    0x20000154   COMPRESSED   0x00000004   Data   RW          915    .data               system_stm32f1xx.o
    0x20000158   COMPRESSED   0x00000040   Data   RW         1030    .data               tasks.o
    0x20000198   COMPRESSED   0x00000014   Data   RW         1052    .data               timers.o
    0x200001ac   COMPRESSED   0x00000020   Data   RW         1082    .data               heap_4.o
    0x200001cc   COMPRESSED   0x0000000c   Data   RW         1097    .data               port.o
    0x200001d8   COMPRESSED   0x00000009   Data   RW         1391    .data               stm32f1xx_hal.o
    0x200001e1   COMPRESSED   0x00000003   PAD
    0x200001e4   COMPRESSED   0x00000004   Data   RW         1587    .data               mc_w.l(strtok.o)
    0x200001e8   COMPRESSED   0x00000004   Data   RW         1883    .data               mc_w.l(stdout.o)
    0x200001ec   COMPRESSED   0x00000004   Data   RW         1919    .data               mc_w.l(errno.o)
    0x200001f0        -       0x000000c8   Zero   RW          287    .bss                i2cforward.o
    0x200002b8        -       0x0000026a   Zero   RW          413    .bss                bsp_usart1.o
    0x20000522   COMPRESSED   0x00000002   PAD
    0x20000524        -       0x00000078   Zero   RW          513    .bss                pwm.o
    0x2000059c        -       0x0000001d   Zero   RW          563    .bss                shell.o
    0x200005b9   COMPRESSED   0x00000003   PAD
    0x200005bc        -       0x00000134   Zero   RW          639    .bss                shell_port.o
    0x200006f0        -       0x000000c8   Zero   RW          723    .bss                main.o
    0x200007b8        -       0x00000134   Zero   RW          859    .bss                cm_backtrace.o
    0x200008ec        -       0x00000040   Zero   RW          993    .bss                queue.o
    0x2000092c        -       0x000004c4   Zero   RW         1029    .bss                tasks.o
    0x20000df0        -       0x00000028   Zero   RW         1051    .bss                timers.o
    0x20000e18        -       0x00007800   Zero   RW         1081    .bss                heap_4.o
    0x20008618        -       0x00000400   Zero   RW          903    STACK               startup_stm32f103xe.o


==============================================================================

Image component sizes


      Code (inc. data)   RO Data    RW Data    ZI Data      Debug   Object Name

       952        122         96          0          0     514042   api_utc.o
       556         62        206          0          0       8443   bsp_gpio.o
       320         14          0          0          0       2240   bsp_i2c.o
       776         12          0          5          0       5700   bsp_uartcomm.o
       232         18          0        128        618      13929   bsp_usart1.o
      3012        576       2461         60        308       9241   cm_backtrace.o
        12          0          0          0          0        356   cmb_fault.o
         0          0          0          0          0      11824   event_groups.o
       572          0          0          0          0      12685   fifo.o
       948        548        137          0          0       2778   gpio_shell.o
       832         32          0         32      30720       4258   heap_4.o
       648         24          0          1        200       4036   i2cforward.o
        36          8         12          0          0       2175   initcall.o
       148          0          0          0          0       2014   list.o
      1166        348        299         40        200       7145   main.o
       826         38          0         12          0       7838   port.o
       180          4          0          4          0      15298   print_monitor.o
      1484        316         61          8        120       8059   pwm.o
      4216         20          0          0         64      22657   queue.o
      4976        140        728         84         29      25672   shell.o
       842          8          0          0          0       3728   shell_ext.o
        76         12          0          0        308       1565   shell_port.o
        36          8        304          0       1024        748   startup_stm32f103xe.o
       444         38          0          9          0       7577   stm32f1xx_hal.o
       744         20          0          0          0      30634   stm32f1xx_hal_cortex.o
      3840         42          0          0          0       6673   stm32f1xx_hal_dma.o
      1268         40          0          0          0       3923   stm32f1xx_hal_gpio.o
     18832        302          0          0          0      41286   stm32f1xx_hal_i2c.o
       520         30          0          0          0       2108   stm32f1xx_hal_msp.o
      2380         88         18          0          0       5535   stm32f1xx_hal_rcc.o
       748          6          0          0          0       4561   stm32f1xx_hal_rtc_ex.o
     15164        258          0          0          0      42090   stm32f1xx_hal_tim.o
      5880        152          0          0          0      16883   stm32f1xx_hal_tim_ex.o
      6480         46          0          0          0      22504   stm32f1xx_hal_uart.o
       116         18          0          0          0       1785   stm32f1xx_it.o
       164         20         24          4          0       1401   system_stm32f1xx.o
      8120        390          0         64       1220      37541   tasks.o
      1784         70          0         20         40      25608   timers.o

    ----------------------------------------------------------------------
     89338       3830       4390        484      34856     936540   Object Totals
         0          0         32          0          0          0   (incl. Generated)
         8          0         12         13          5          0   (incl. Padding)

    ----------------------------------------------------------------------

      Code (inc. data)   RO Data    RW Data    ZI Data      Debug   Library Member Name

        86          0          0          0          0          0   __dczerorl2.o
        28          0          0          0          0         68   _chval.o
       158          0          0          0          0         92   _strtoul.o
        26          0          0          0          0         80   atoi.o
         8          4        133          0          0         68   ctype_o.o
         0          0          0          0          0          0   entry.o
         0          0          0          0          0          0   entry10a.o
         0          0          0          0          0          0   entry11a.o
         4          0          0          0          0          0   entry12b.o
         8          4          0          0          0          0   entry2.o
         4          0          0          0          0          0   entry5.o
         0          0          0          0          0          0   entry7b.o
         0          0          0          0          0          0   entry8b.o
         8          4          0          0          0          0   entry9a.o
         8          4          0          4          0         68   errno.o
        30          0          0          0          0          0   handlers.o
        36          8          0          0          0         68   init.o
         0          0          0          0          0          0   iusefp.o
        30          0          0          0          0         68   llshl.o
        36          0          0          0          0         68   llsshr.o
        32          0          0          0          0         68   llushr.o
        36          0          0          0          0         68   memcpya.o
        36          0          0          0          0        108   memseta.o
      2342        102          0          0          0        764   printfa.o
         0          0          0          4          0          0   stdout.o
        28          0          0          0          0         76   strcmp.o
        14          0          0          0          0         68   strlen.o
        30          0          0          0          0         80   strncmp.o
        24          0          0          0          0         76   strncpy.o
        68          6          0          4          0         80   strtok.o
       112          0          0          0          0         88   strtol.o
        44          0          0          0          0         80   uidiv.o
        98          0          0          0          0         92   uldiv.o
        48          0          0          0          0         68   cdrcmple.o
       334          0          0          0          0        148   dadd.o
       222          0          0          0          0        100   ddiv.o
       186          0          0          0          0        176   depilogue.o
        48          0          0          0          0         68   dfixul.o
       228          0          0          0          0         96   dmul.o
       124          0          0          0          0         88   fdiv.o
       110          0          0          0          0        168   fepilogue.o
        18          0          0          0          0         68   fflti.o
        10          0          0          0          0         68   ffltui.o
       100          0          0          0          0         76   fmul.o

    ----------------------------------------------------------------------
      4766        132        134         12          0       3352   Library Totals
         4          0          1          0          0          0   (incl. Padding)

    ----------------------------------------------------------------------

      Code (inc. data)   RO Data    RW Data    ZI Data      Debug   Library Name

      3334        132        133         12          0       2228   mc_w.l
      1428          0          0          0          0       1124   mf_w.l

    ----------------------------------------------------------------------
      4766        132        134         12          0       3352   Library Totals

    ----------------------------------------------------------------------

==============================================================================


      Code (inc. data)   RO Data    RW Data    ZI Data      Debug   

     94104       3962       4524        496      34856     934664   Grand Totals
     94104       3962       4524        124      34856     934664   ELF Image Totals (compressed)
     94104       3962       4524        124          0          0   ROM Totals

==============================================================================

    Total RO  Size (Code + RO Data)                98628 (  96.32kB)
    Total RW  Size (RW Data + ZI Data)             35352 (  34.52kB)
    Total ROM Size (Code + RO Data + RW Data)      98752 (  96.44kB)

==============================================================================

