Component: ARM Compiler 5.06 update 7 (build 960) Tool: armlink [4d3601]

==============================================================================

Section Cross References

    api_utc.o(.text) refers to strlen.o(.text) for strlen
    api_utc.o(.text) refers to strtok.o(.text) for strtok
    api_utc.o(.text) refers to memcpya.o(.text) for __aeabi_memcpy4
    api_utc.o(.text) refers to strcmp.o(.text) for strcmp
    api_utc.o(.text) refers to printfa.o(i.__0printf) for __2printf
    api_utc.o(.text) refers to atoi.o(.text) for atoi
    api_utc.o(.text) refers to api_utc.o(.constdata) for .constdata
    api_utc.o(.text) refers to main.o(.data) for g_debugLevel
    api_utc.o(.constdata) refers to api_utc.o(.conststring) for .conststring
    fifo.o(.text) refers to port.o(.text) for vPortEnterCritical
    print_monitor.o(.text) refers to queue.o(.text) for xQueueGenericCreate
    print_monitor.o(.text) refers to tasks.o(.text) for vTaskDelay
    print_monitor.o(.text) refers to bsp_uartcomm.o(.text) for UART_sendContinueDMA
    print_monitor.o(.text) refers to port.o(.emb_text) for vPortGetIPSR
    print_monitor.o(.text) refers to print_monitor.o(.data) for g_Queue_uartResend
    i2cforward.o(.text) refers to tasks.o(.text) for vTaskDelay
    eeprom.o(.text) refers to bsp_i2ccomm.o(.text) for I2C_Rx
    eeprom.o(.text) refers to tasks.o(.text) for vTaskDelay
    eeprom.o(.text) refers to strtol.o(.text) for strtol
    eeprom.o(.text) refers to printfa.o(i.__0printf) for __2printf
    eeprom.o(.text) refers to eeprom.o(.data) for I2C1_EEPROM_ADDR
    eeprom.o(.text) refers to eeprom.o(.conststring) for .conststring
    eeprom.o(.text) refers to eeprom.o(.bss) for EEPROM_Buf
    eeprom.o(shellCommand) refers to eeprom.o(.constdata) for shellCmdee
    eeprom.o(shellCommand) refers to eeprom.o(.text) for cmd_EEPROM
    temperatureinside.o(.text) refers to stm32f1xx_hal_adc.o(.text) for HAL_ADC_Init
    temperatureinside.o(.text) refers to main.o(i.Error_Handler) for Error_Handler
    temperatureinside.o(.text) refers to stm32f1xx_hal_adc_ex.o(.text) for HAL_ADCEx_Calibration_Start
    temperatureinside.o(.text) refers to stm32f1xx_hal_dma.o(.text) for HAL_DMA_Init
    temperatureinside.o(.text) refers to dflti.o(.text) for __aeabi_i2d
    temperatureinside.o(.text) refers to ddiv.o(.text) for __aeabi_ddiv
    temperatureinside.o(.text) refers to dadd.o(.text) for __aeabi_dadd
    temperatureinside.o(.text) refers to dfixi.o(.text) for __aeabi_d2iz
    temperatureinside.o(.text) refers to fflti.o(.text) for __aeabi_i2f
    temperatureinside.o(.text) refers to ffixi.o(.text) for __aeabi_f2iz
    temperatureinside.o(.text) refers to f2d.o(.text) for __aeabi_f2d
    temperatureinside.o(.text) refers to d2f.o(.text) for __aeabi_d2f
    temperatureinside.o(.text) refers to printfa.o(i.__0printf) for __2printf
    temperatureinside.o(.text) refers to temperatureinside.o(.bss) for AdcHandle
    temperatureinside.o(.text) refers to temperatureinside.o(.data) for g_adcConvertFinished
    temperatureinside.o(.initcall.1.core.init) refers to temperatureinside.o(.text) for TemperatureInside_Init
    temperatureinside.o(shellCommand) refers to temperatureinside.o(.constdata) for shellCmdtemp
    temperatureinside.o(shellCommand) refers to temperatureinside.o(.text) for GetMcuTemperature
    bsp_uartcomm.o(.text) refers to fifo.o(i.FIFO_Empty) for FIFO_Empty
    bsp_uartcomm.o(.text) refers to fifo.o(.text) for FIFO_Read
    bsp_uartcomm.o(.text) refers to stm32f1xx_hal_uart.o(.text) for HAL_UART_Transmit_IT
    bsp_uartcomm.o(.text) refers to tasks.o(.text) for xTaskGetSchedulerState
    bsp_uartcomm.o(.text) refers to print_monitor.o(.text) for PrintMonitor_PostdMsg
    bsp_uartcomm.o(.text) refers to bsp_uartcomm.o(i.UART_sendByte) for UART_sendByte
    bsp_uartcomm.o(.text) refers to port.o(.text) for vPortEnterCritical
    bsp_uartcomm.o(.text) refers to bsp_usart1.o(.text) for UART1_init
    bsp_uartcomm.o(.text) refers to bsp_uartcomm.o(.data) for g_pUARTSHandler
    bsp_gpio.o(.text) refers to stm32f1xx_hal_gpio.o(.text) for HAL_GPIO_Init
    bsp_gpio.o(.text) refers to printfa.o(i.__0printf) for __2printf
    bsp_gpio.o(.text) refers to bsp_gpio.o(.constdata) for g_gpioConfigComm
    bsp_gpio.o(.constdata) refers to bsp_gpio.o(.conststring) for .conststring
    bsp_usart1.o(.text) refers to fifo.o(.text) for FIFO_Init
    bsp_usart1.o(.text) refers to bsp_uartcomm.o(.text) for com_registHandler
    bsp_usart1.o(.text) refers to stm32f1xx_hal_uart.o(.text) for HAL_UART_Init
    bsp_usart1.o(.text) refers to print_monitor.o(.text) for PrintMonitorInit
    bsp_usart1.o(.text) refers to fifo.o(i.FIFO_Empty) for FIFO_Empty
    bsp_usart1.o(.text) refers to bsp_usart1.o(.bss) for g_buffSend
    bsp_usart1.o(.text) refers to bsp_usart1.o(.data) for g_UARTPara
    bsp_i2c.o(.text) refers to stm32f1xx_hal_i2c.o(.text) for HAL_I2C_Init
    bsp_i2c.o(.text) refers to main.o(i.Error_Handler) for Error_Handler
[...]
    pcTimerGetName                           0x08009231   Thumb Code    32  timers.o(.text)
    xTimerIsTimerActive                      0x08009251   Thumb Code    58  timers.o(.text)
    pvTimerGetTimerID                        0x0800928b   Thumb Code    44  timers.o(.text)
    vTimerSetTimerID                         0x080092b7   Thumb Code    44  timers.o(.text)
    xTimerPendFunctionCallFromISR            0x080092e3   Thumb Code    48  timers.o(.text)
    xTimerPendFunctionCall                   0x08009313   Thumb Code    76  timers.o(.text)
    uxTimerGetTimerNumber                    0x0800935f   Thumb Code     6  timers.o(.text)
    vTimerSetTimerNumber                     0x08009365   Thumb Code     4  timers.o(.text)
    pvPortMalloc                             0x08009433   Thumb Code   338  heap_4.o(.text)
    vPortFree                                0x08009585   Thumb Code   150  heap_4.o(.text)
    xPortGetFreeHeapSize                     0x0800961b   Thumb Code     6  heap_4.o(.text)
    xPortGetMinimumEverFreeHeapSize          0x08009621   Thumb Code     6  heap_4.o(.text)
    vPortInitialiseBlocks                    0x08009627   Thumb Code     2  heap_4.o(.text)
    vPortGetHeapStats                        0x08009629   Thumb Code   104  heap_4.o(.text)
    pxPortInitialiseStack                    0x080096ed   Thumb Code    30  port.o(.text)
    xPortStartScheduler                      0x0800970b   Thumb Code   228  port.o(.text)
    vPortEndScheduler                        0x080097ef   Thumb Code    42  port.o(.text)
    vPortEnterCritical                       0x08009819   Thumb Code    78  port.o(.text)
    vPortExitCritical                        0x08009867   Thumb Code    56  port.o(.text)
    xPortSysTickHandler                      0x0800989f   Thumb Code    48  port.o(.text)
    vPortValidateInterruptPriority           0x080098cf   Thumb Code   108  port.o(.text)
    HAL_GPIO_Init                            0x08009955   Thumb Code   792  stm32f1xx_hal_gpio.o(.text)
    HAL_GPIO_DeInit                          0x08009c6d   Thumb Code   312  stm32f1xx_hal_gpio.o(.text)
    HAL_GPIO_ReadPin                         0x08009da5   Thumb Code    16  stm32f1xx_hal_gpio.o(.text)
    HAL_GPIO_WritePin                        0x08009db5   Thumb Code    12  stm32f1xx_hal_gpio.o(.text)
    HAL_GPIO_TogglePin                       0x08009dc1   Thumb Code    20  stm32f1xx_hal_gpio.o(.text)
    HAL_GPIO_LockPin                         0x08009dd5   Thumb Code    46  stm32f1xx_hal_gpio.o(.text)
    HAL_GPIO_EXTI_Callback                   0x08009e03   Thumb Code     2  stm32f1xx_hal_gpio.o(.text)
    HAL_GPIO_EXTI_IRQHandler                 0x08009e05   Thumb Code    28  stm32f1xx_hal_gpio.o(.text)
    HAL_DMA_Init                             0x08009e49   Thumb Code   132  stm32f1xx_hal_dma.o(.text)
    HAL_DMA_DeInit                           0x08009ecd   Thumb Code   132  stm32f1xx_hal_dma.o(.text)
    HAL_DMA_Start                            0x08009f7d   Thumb Code   114  stm32f1xx_hal_dma.o(.text)
    HAL_DMA_Start_IT                         0x08009fef   Thumb Code   156  stm32f1xx_hal_dma.o(.text)
    HAL_DMA_Abort                            0x0800a08b   Thumb Code    86  stm32f1xx_hal_dma.o(.text)
    HAL_DMA_Abort_IT                         0x0800a0e1   Thumb Code   422  stm32f1xx_hal_dma.o(.text)
    HAL_DMA_PollForTransfer                  0x0800a287   Thumb Code  1616  stm32f1xx_hal_dma.o(.text)
    HAL_DMA_IRQHandler                       0x0800a8d7   Thumb Code   920  stm32f1xx_hal_dma.o(.text)
    HAL_DMA_RegisterCallback                 0x0800ac6f   Thumb Code    90  stm32f1xx_hal_dma.o(.text)
    HAL_DMA_UnRegisterCallback               0x0800acc9   Thumb Code   106  stm32f1xx_hal_dma.o(.text)
    HAL_DMA_GetState                         0x0800ad33   Thumb Code     8  stm32f1xx_hal_dma.o(.text)
    HAL_DMA_GetError                         0x0800ad3b   Thumb Code     6  stm32f1xx_hal_dma.o(.text)
    HAL_PWR_DeInit                           0x0800ad4f   Thumb Code    24  stm32f1xx_hal_pwr.o(.text)
    HAL_PWR_EnableBkUpAccess                 0x0800ad67   Thumb Code     8  stm32f1xx_hal_pwr.o(.text)
    HAL_PWR_DisableBkUpAccess                0x0800ad6f   Thumb Code     8  stm32f1xx_hal_pwr.o(.text)
    HAL_PWR_ConfigPVD                        0x0800ad77   Thumb Code   172  stm32f1xx_hal_pwr.o(.text)
    HAL_PWR_EnablePVD                        0x0800ae23   Thumb Code     8  stm32f1xx_hal_pwr.o(.text)
    HAL_PWR_DisablePVD                       0x0800ae2b   Thumb Code     8  stm32f1xx_hal_pwr.o(.text)
    HAL_PWR_EnableWakeUpPin                  0x0800ae33   Thumb Code    22  stm32f1xx_hal_pwr.o(.text)
    HAL_PWR_DisableWakeUpPin                 0x0800ae49   Thumb Code    22  stm32f1xx_hal_pwr.o(.text)
    HAL_PWR_EnterSLEEPMode                   0x0800ae5f   Thumb Code    28  stm32f1xx_hal_pwr.o(.text)
    HAL_PWR_EnterSTOPMode                    0x0800ae7b   Thumb Code    74  stm32f1xx_hal_pwr.o(.text)
    HAL_PWR_EnterSTANDBYMode                 0x0800aec5   Thumb Code    32  stm32f1xx_hal_pwr.o(.text)
    HAL_PWR_EnableSleepOnExit                0x0800aee5   Thumb Code    14  stm32f1xx_hal_pwr.o(.text)
    HAL_PWR_DisableSleepOnExit               0x0800aef3   Thumb Code    14  stm32f1xx_hal_pwr.o(.text)
    HAL_PWR_EnableSEVOnPend                  0x0800af01   Thumb Code    14  stm32f1xx_hal_pwr.o(.text)
    HAL_PWR_DisableSEVOnPend                 0x0800af0f   Thumb Code    14  stm32f1xx_hal_pwr.o(.text)
    HAL_PWR_PVDCallback                      0x0800af1d   Thumb Code     2  stm32f1xx_hal_pwr.o(.text)
    HAL_PWR_PVD_IRQHandler                   0x0800af1f   Thumb Code    30  stm32f1xx_hal_pwr.o(.text)
    TIM_Base_SetConfig                       0x0800af51   Thumb Code   134  stm32f1xx_hal_tim.o(.text)
    HAL_TIM_Base_MspInit                     0x0800afd7   Thumb Code     2  stm32f1xx_hal_tim.o(.text)
    HAL_TIM_Base_Init                        0x0800afd9   Thumb Code   102  stm32f1xx_hal_tim.o(.text)
    HAL_TIM_Base_MspDeInit                   0x0800b03f   Thumb Code     2  stm32f1xx_hal_tim.o(.text)
    HAL_TIM_Base_DeInit                      0x0800b041   Thumb Code   120  stm32f1xx_hal_tim.o(.text)
    HAL_TIM_Base_Start                       0x0800b0b9   Thumb Code   110  stm32f1xx_hal_tim.o(.text)
    HAL_TIM_Base_Stop                        0x0800b127   Thumb Code    50  stm32f1xx_hal_tim.o(.text)
    HAL_TIM_Base_Start_IT                    0x0800b159   Thumb Code   122  stm32f1xx_hal_tim.o(.text)
    HAL_TIM_Base_Stop_IT                     0x0800b1d3   Thumb Code    62  stm32f1xx_hal_tim.o(.text)
    HAL_TIM_ErrorCallback                    0x0800b211   Thumb Code     2  stm32f1xx_hal_tim.o(.text)
    TIM_DMAError                             0x0800b213   Thumb Code    94  stm32f1xx_hal_tim.o(.text)
    HAL_TIM_PeriodElapsedHalfCpltCallback    0x0800b271   Thumb Code     2  stm32f1xx_hal_tim.o(.text)
    HAL_TIM_PeriodElapsedCallback            0x0800b281   Thumb Code     2  stm32f1xx_hal_tim.o(.text)
    HAL_TIM_Base_Start_DMA                   0x0800b29d   Thumb Code   224  stm32f1xx_hal_tim.o(.text)
    HAL_TIM_Base_Stop_DMA                    0x0800b37d   Thumb Code    70  stm32f1xx_hal_tim.o(.text)
    HAL_TIM_OC_MspInit                       0x0800b3c3   Thumb Code     2  stm32f1xx_hal_tim.o(.text)
    HAL_TIM_OC_Init                          0x0800b3c5   Thumb Code   102  stm32f1xx_hal_tim.o(.text)
    HAL_TIM_OC_MspDeInit                     0x0800b42b   Thumb Code     2  stm32f1xx_hal_tim.o(.text)
    HAL_TIM_OC_DeInit                        0x0800b42d   Thumb Code   120  stm32f1xx_hal_tim.o(.text)
    TIM_CCxChannelCmd                        0x0800b4a5   Thumb Code    34  stm32f1xx_hal_tim.o(.text)
    HAL_TIM_OC_Start                         0x0800b4c7   Thumb Code   222  stm32f1xx_hal_tim.o(.text)
    HAL_TIM_OC_Stop                          0x0800b5a5   Thumb Code   160  stm32f1xx_hal_tim.o(.text)
    HAL_TIM_OC_Start_IT                      0x0800b645   Thumb Code   304  stm32f1xx_hal_tim.o(.text)
    HAL_TIM_OC_Stop_IT                       0x0800b775   Thumb Code   244  stm32f1xx_hal_tim.o(.text)
    HAL_TIM_PWM_PulseFinishedHalfCpltCallback 0x0800b869   Thumb Code     2  stm32f1xx_hal_tim.o(.text)
    TIM_DMADelayPulseHalfCplt                0x0800b86b   Thumb Code    64  stm32f1xx_hal_tim.o(.text)
    HAL_TIM_PWM_PulseFinishedCallback        0x0800b8ab   Thumb Code     2  stm32f1xx_hal_tim.o(.text)
    HAL_TIM_OC_Start_DMA                     0x0800b929   Thumb Code   548  stm32f1xx_hal_tim.o(.text)
    HAL_TIM_OC_Stop_DMA                      0x0800bb4d   Thumb Code   268  stm32f1xx_hal_tim.o(.text)
    HAL_TIM_PWM_MspInit                      0x0800bc59   Thumb Code     2  stm32f1xx_hal_tim.o(.text)
    HAL_TIM_PWM_Init                         0x0800bc5b   Thumb Code   102  stm32f1xx_hal_tim.o(.text)
    HAL_TIM_PWM_MspDeInit                    0x0800bcc1   Thumb Code     2  stm32f1xx_hal_tim.o(.text)
    HAL_TIM_PWM_DeInit                       0x0800bcc3   Thumb Code   120  stm32f1xx_hal_tim.o(.text)
    HAL_TIM_PWM_Start                        0x0800bd3b   Thumb Code   248  stm32f1xx_hal_tim.o(.text)
    HAL_TIM_PWM_Stop                         0x0800be33   Thumb Code   160  stm32f1xx_hal_tim.o(.text)
    HAL_TIM_PWM_Start_IT                     0x0800bed3   Thumb Code   304  stm32f1xx_hal_tim.o(.text)
    HAL_TIM_PWM_Stop_IT                      0x0800c003   Thumb Code   244  stm32f1xx_hal_tim.o(.text)
    HAL_TIM_PWM_Start_DMA                    0x0800c0f7   Thumb Code   568  stm32f1xx_hal_tim.o(.text)
    HAL_TIM_PWM_Stop_DMA                     0x0800c32f   Thumb Code   268  stm32f1xx_hal_tim.o(.text)
    HAL_TIM_IC_MspInit                       0x0800c43b   Thumb Code     2  stm32f1xx_hal_tim.o(.text)
    HAL_TIM_IC_Init                          0x0800c43d   Thumb Code   102  stm32f1xx_hal_tim.o(.text)
    HAL_TIM_IC_MspDeInit                     0x0800c4a3   Thumb Code     2  stm32f1xx_hal_tim.o(.text)
    HAL_TIM_IC_DeInit                        0x0800c4a5   Thumb Code   120  stm32f1xx_hal_tim.o(.text)
    HAL_TIM_IC_Start                         0x0800c51d   Thumb Code   302  stm32f1xx_hal_tim.o(.text)
    HAL_TIM_IC_Stop                          0x0800c64b   Thumb Code   138  stm32f1xx_hal_tim.o(.text)
    HAL_TIM_IC_Start_IT                      0x0800c6d5   Thumb Code   356  stm32f1xx_hal_tim.o(.text)
    HAL_TIM_IC_Stop_IT                       0x0800c839   Thumb Code   222  stm32f1xx_hal_tim.o(.text)
    HAL_TIM_IC_CaptureHalfCpltCallback       0x0800c917   Thumb Code     2  stm32f1xx_hal_tim.o(.text)
    TIM_DMACaptureHalfCplt                   0x0800c919   Thumb Code    64  stm32f1xx_hal_tim.o(.text)
    HAL_TIM_IC_CaptureCallback               0x0800c959   Thumb Code     2  stm32f1xx_hal_tim.o(.text)
    TIM_DMACaptureCplt                       0x0800c95b   Thumb Code   122  stm32f1xx_hal_tim.o(.text)
    HAL_TIM_IC_Start_DMA                     0x0800c9d5   Thumb Code   588  stm32f1xx_hal_tim.o(.text)
    HAL_TIM_IC_Stop_DMA                      0x0800cc21   Thumb Code   244  stm32f1xx_hal_tim.o(.text)
    HAL_TIM_OnePulse_MspInit                 0x0800cd15   Thumb Code     2  stm32f1xx_hal_tim.o(.text)
    HAL_TIM_OnePulse_Init                    0x0800cd17   Thumb Code   102  stm32f1xx_hal_tim.o(.text)
    HAL_TIM_OnePulse_MspDeInit               0x0800cd7d   Thumb Code     2  stm32f1xx_hal_tim.o(.text)
    HAL_TIM_OnePulse_DeInit                  0x0800cd7f   Thumb Code    96  stm32f1xx_hal_tim.o(.text)
    HAL_TIM_OnePulse_Start                   0x0800cddf   Thumb Code   132  stm32f1xx_hal_tim.o(.text)
    HAL_TIM_OnePulse_Stop                    0x0800ce63   Thumb Code   178  stm32f1xx_hal_tim.o(.text)
    HAL_TIM_OnePulse_Start_IT                0x0800cf15   Thumb Code   156  stm32f1xx_hal_tim.o(.text)
    HAL_TIM_OnePulse_Stop_IT                 0x0800cfb1   Thumb Code   176  stm32f1xx_hal_tim.o(.text)
    HAL_TIM_Encoder_MspInit                  0x0800d061   Thumb Code     2  stm32f1xx_hal_tim.o(.text)
    HAL_TIM_Encoder_Init                     0x0800d063   Thumb Code   196  stm32f1xx_hal_tim.o(.text)
    HAL_TIM_Encoder_MspDeInit                0x0800d127   Thumb Code     2  stm32f1xx_hal_tim.o(.text)
    HAL_TIM_Encoder_DeInit                   0x0800d129   Thumb Code    96  stm32f1xx_hal_tim.o(.text)
    HAL_TIM_Encoder_Start                    0x0800d189   Thumb Code   204  stm32f1xx_hal_tim.o(.text)
    HAL_TIM_Encoder_Stop                     0x0800d255   Thumb Code   214  stm32f1xx_hal_tim.o(.text)
    HAL_TIM_Encoder_Start_IT                 0x0800d32b   Thumb Code   260  stm32f1xx_hal_tim.o(.text)
    HAL_TIM_Encoder_Stop_IT                  0x0800d42f   Thumb Code   256  stm32f1xx_hal_tim.o(.text)
    HAL_TIM_Encoder_Start_DMA                0x0800d52f   Thumb Code   560  stm32f1xx_hal_tim.o(.text)
    HAL_TIM_Encoder_Stop_DMA                 0x0800d75f   Thumb Code   280  stm32f1xx_hal_tim.o(.text)
    HAL_TIM_TriggerCallback                  0x0800d877   Thumb Code     2  stm32f1xx_hal_tim.o(.text)
    HAL_TIM_OC_DelayElapsedCallback          0x0800d879   Thumb Code     2  stm32f1xx_hal_tim.o(.text)
    HAL_TIM_IRQHandler                       0x0800d87b   Thumb Code   410  stm32f1xx_hal_tim.o(.text)
    TIM_OC2_SetConfig                        0x0800dacf   Thumb Code   114  stm32f1xx_hal_tim.o(.text)
    HAL_TIM_OC_ConfigChannel                 0x0800dba9   Thumb Code   112  stm32f1xx_hal_tim.o(.text)
    TIM_TI1_SetConfig                        0x0800dcc7   Thumb Code   102  stm32f1xx_hal_tim.o(.text)
    HAL_TIM_IC_ConfigChannel                 0x0800dd2d   Thumb Code   222  stm32f1xx_hal_tim.o(.text)
    HAL_TIM_PWM_ConfigChannel                0x0800de0b   Thumb Code   282  stm32f1xx_hal_tim.o(.text)
    HAL_TIM_OnePulse_ConfigChannel           0x0800df25   Thumb Code   310  stm32f1xx_hal_tim.o(.text)
    HAL_TIM_TriggerHalfCpltCallback          0x0800e05b   Thumb Code     2  stm32f1xx_hal_tim.o(.text)
    HAL_TIM_DMABurst_MultiWriteStart         0x0800e085   Thumb Code   438  stm32f1xx_hal_tim.o(.text)
    HAL_TIM_DMABurst_WriteStart              0x0800e23b   Thumb Code    42  stm32f1xx_hal_tim.o(.text)
    HAL_TIM_DMABurst_WriteStop               0x0800e265   Thumb Code   140  stm32f1xx_hal_tim.o(.text)
    HAL_TIM_DMABurst_MultiReadStart          0x0800e2f1   Thumb Code   438  stm32f1xx_hal_tim.o(.text)
    HAL_TIM_DMABurst_ReadStart               0x0800e4a7   Thumb Code    86  stm32f1xx_hal_tim.o(.text)
    HAL_TIM_DMABurst_ReadStop                0x0800e4fd   Thumb Code   140  stm32f1xx_hal_tim.o(.text)
    HAL_TIM_GenerateEvent                    0x0800e589   Thumb Code    54  stm32f1xx_hal_tim.o(.text)
    TIM_ETR_SetConfig                        0x0800e5bf   Thumb Code    22  stm32f1xx_hal_tim.o(.text)
    HAL_TIM_ConfigOCrefClear                 0x0800e5d5   Thumb Code   278  stm32f1xx_hal_tim.o(.text)
    HAL_TIM_ConfigClockSource                0x0800e74b   Thumb Code   268  stm32f1xx_hal_tim.o(.text)
    HAL_TIM_ConfigTI1Input                   0x0800e857   Thumb Code    22  stm32f1xx_hal_tim.o(.text)
    HAL_TIM_SlaveConfigSynchro               0x0800e91f   Thumb Code   108  stm32f1xx_hal_tim.o(.text)
    HAL_TIM_SlaveConfigSynchro_IT            0x0800e98b   Thumb Code   108  stm32f1xx_hal_tim.o(.text)
    HAL_TIM_ReadCapturedValue                0x0800e9f7   Thumb Code    50  stm32f1xx_hal_tim.o(.text)
    HAL_TIM_Base_GetState                    0x0800ea29   Thumb Code     8  stm32f1xx_hal_tim.o(.text)
    HAL_TIM_OC_GetState                      0x0800ea31   Thumb Code     8  stm32f1xx_hal_tim.o(.text)
    HAL_TIM_PWM_GetState                     0x0800ea39   Thumb Code     8  stm32f1xx_hal_tim.o(.text)
    HAL_TIM_IC_GetState                      0x0800ea41   Thumb Code     8  stm32f1xx_hal_tim.o(.text)
    HAL_TIM_OnePulse_GetState                0x0800ea49   Thumb Code     8  stm32f1xx_hal_tim.o(.text)
    HAL_TIM_Encoder_GetState                 0x0800ea51   Thumb Code     8  stm32f1xx_hal_tim.o(.text)
    HAL_TIM_GetActiveChannel                 0x0800ea59   Thumb Code     6  stm32f1xx_hal_tim.o(.text)
    HAL_TIM_GetChannelState                  0x0800ea5f   Thumb Code    38  stm32f1xx_hal_tim.o(.text)
    HAL_TIM_DMABurstState                    0x0800ea85   Thumb Code     8  stm32f1xx_hal_tim.o(.text)
    HAL_TIMEx_HallSensor_MspInit             0x0800ea8d   Thumb Code     2  stm32f1xx_hal_tim_ex.o(.text)
    HAL_TIMEx_HallSensor_Init                0x0800ea8f   Thumb Code   234  stm32f1xx_hal_tim_ex.o(.text)
    HAL_TIMEx_HallSensor_MspDeInit           0x0800eb79   Thumb Code     2  stm32f1xx_hal_tim_ex.o(.text)
    HAL_TIMEx_HallSensor_DeInit              0x0800eb7b   Thumb Code    96  stm32f1xx_hal_tim_ex.o(.text)
    HAL_TIMEx_HallSensor_Start               0x0800ebdb   Thumb Code   172  stm32f1xx_hal_tim_ex.o(.text)
    HAL_TIMEx_HallSensor_Stop                0x0800ec87   Thumb Code    78  stm32f1xx_hal_tim_ex.o(.text)
    HAL_TIMEx_HallSensor_Start_IT            0x0800ecd5   Thumb Code   184  stm32f1xx_hal_tim_ex.o(.text)
    HAL_TIMEx_HallSensor_Stop_IT             0x0800ed8d   Thumb Code    90  stm32f1xx_hal_tim_ex.o(.text)
    HAL_TIMEx_HallSensor_Start_DMA           0x0800ede7   Thumb Code   224  stm32f1xx_hal_tim_ex.o(.text)
    HAL_TIMEx_HallSensor_Stop_DMA            0x0800eec7   Thumb Code    84  stm32f1xx_hal_tim_ex.o(.text)
    HAL_TIMEx_OCN_Start                      0x0800ef3d   Thumb Code   198  stm32f1xx_hal_tim_ex.o(.text)
    HAL_TIMEx_OCN_Stop                       0x0800f003   Thumb Code   170  stm32f1xx_hal_tim_ex.o(.text)
    HAL_TIMEx_OCN_Start_IT                   0x0800f0ad   Thumb Code   278  stm32f1xx_hal_tim_ex.o(.text)
    HAL_TIMEx_OCN_Stop_IT                    0x0800f1c3   Thumb Code   230  stm32f1xx_hal_tim_ex.o(.text)
    HAL_TIMEx_OCN_Start_DMA                  0x0800f355   Thumb Code   448  stm32f1xx_hal_tim_ex.o(.text)
    HAL_TIMEx_OCN_Stop_DMA                   0x0800f515   Thumb Code   252  stm32f1xx_hal_tim_ex.o(.text)
    HAL_TIMEx_PWMN_Start                     0x0800f611   Thumb Code   198  stm32f1xx_hal_tim_ex.o(.text)
    HAL_TIMEx_PWMN_Stop                      0x0800f6d7   Thumb Code   136  stm32f1xx_hal_tim_ex.o(.text)
    HAL_TIMEx_PWMN_Start_IT                  0x0800f75f   Thumb Code   278  stm32f1xx_hal_tim_ex.o(.text)
    HAL_TIMEx_PWMN_Stop_IT                   0x0800f875   Thumb Code   230  stm32f1xx_hal_tim_ex.o(.text)
    HAL_TIMEx_PWMN_Start_DMA                 0x0800f95b   Thumb Code   480  stm32f1xx_hal_tim_ex.o(.text)
    HAL_TIMEx_PWMN_Stop_DMA                  0x0800fb3b   Thumb Code   220  stm32f1xx_hal_tim_ex.o(.text)
    HAL_TIMEx_OnePulseN_Start                0x0800fc17   Thumb Code   118  stm32f1xx_hal_tim_ex.o(.text)
    HAL_TIMEx_OnePulseN_Stop                 0x0800fc8d   Thumb Code   138  stm32f1xx_hal_tim_ex.o(.text)
    HAL_TIMEx_OnePulseN_Start_IT             0x0800fd17   Thumb Code   142  stm32f1xx_hal_tim_ex.o(.text)
    HAL_TIMEx_OnePulseN_Stop_IT              0x0800fda5   Thumb Code   162  stm32f1xx_hal_tim_ex.o(.text)
    HAL_TIMEx_ConfigCommutEvent              0x0800fe47   Thumb Code   168  stm32f1xx_hal_tim_ex.o(.text)
    HAL_TIMEx_ConfigCommutEvent_IT           0x0800feef   Thumb Code   134  stm32f1xx_hal_tim_ex.o(.text)
    HAL_TIMEx_CommutHalfCpltCallback         0x0800ff75   Thumb Code     2  stm32f1xx_hal_tim_ex.o(.text)
    TIMEx_DMACommutationHalfCplt             0x0800ff77   Thumb Code    20  stm32f1xx_hal_tim_ex.o(.text)
    HAL_TIMEx_CommutCallback                 0x0800ff8b   Thumb Code     2  stm32f1xx_hal_tim_ex.o(.text)
    TIMEx_DMACommutationCplt                 0x0800ff8d   Thumb Code    20  stm32f1xx_hal_tim_ex.o(.text)
    HAL_TIMEx_ConfigCommutEvent_DMA          0x0800ffa1   Thumb Code   156  stm32f1xx_hal_tim_ex.o(.text)
    HAL_TIMEx_MasterConfigSynchronization    0x0801003d   Thumb Code   134  stm32f1xx_hal_tim_ex.o(.text)
    HAL_TIMEx_ConfigBreakDeadTime            0x080100c3   Thumb Code   116  stm32f1xx_hal_tim_ex.o(.text)
    HAL_TIMEx_RemapConfig                    0x08010137   Thumb Code     6  stm32f1xx_hal_tim_ex.o(.text)
    HAL_TIMEx_BreakCallback                  0x0801013d   Thumb Code     2  stm32f1xx_hal_tim_ex.o(.text)
    HAL_TIMEx_HallSensor_GetState            0x0801013f   Thumb Code     8  stm32f1xx_hal_tim_ex.o(.text)
    HAL_TIMEx_GetChannelNState               0x08010147   Thumb Code    38  stm32f1xx_hal_tim_ex.o(.text)
    HAL_UART_Init                            0x0801027f   Thumb Code   118  stm32f1xx_hal_uart.o(.text)
    HAL_HalfDuplex_Init                      0x080102f5   Thumb Code   122  stm32f1xx_hal_uart.o(.text)
    HAL_LIN_Init                             0x0801036f   Thumb Code   146  stm32f1xx_hal_uart.o(.text)
    HAL_MultiProcessor_Init                  0x08010401   Thumb Code   158  stm32f1xx_hal_uart.o(.text)
    HAL_UART_DeInit                          0x080104a1   Thumb Code    62  stm32f1xx_hal_uart.o(.text)
    HAL_UART_Transmit                        0x08010571   Thumb Code   182  stm32f1xx_hal_uart.o(.text)
    HAL_UART_Receive                         0x08010627   Thumb Code   188  stm32f1xx_hal_uart.o(.text)
    HAL_UART_Transmit_IT                     0x080106e3   Thumb Code    56  stm32f1xx_hal_uart.o(.text)
    UART_Start_Receive_IT                    0x0801071b   Thumb Code    64  stm32f1xx_hal_uart.o(.text)
    HAL_UART_Receive_IT                      0x0801075b   Thumb Code    44  stm32f1xx_hal_uart.o(.text)
    HAL_UART_ErrorCallback                   0x08010787   Thumb Code     2  stm32f1xx_hal_uart.o(.text)
    HAL_UART_TxHalfCpltCallback              0x0801086b   Thumb Code     2  stm32f1xx_hal_uart.o(.text)
    HAL_UART_Transmit_DMA                    0x080108d5   Thumb Code   128  stm32f1xx_hal_uart.o(.text)
    HAL_UART_RxHalfCpltCallback              0x08010955   Thumb Code     2  stm32f1xx_hal_uart.o(.text)
    HAL_UARTEx_RxEventCallback               0x08010957   Thumb Code     2  stm32f1xx_hal_uart.o(.text)
    HAL_UART_RxCpltCallback                  0x0801097d   Thumb Code     2  stm32f1xx_hal_uart.o(.text)
    UART_Start_Receive_DMA                   0x08010a33   Thumb Code   186  stm32f1xx_hal_uart.o(.text)
    HAL_UART_Receive_DMA                     0x08010aed   Thumb Code    44  stm32f1xx_hal_uart.o(.text)
    HAL_UART_DMAPause                        0x08010b19   Thumb Code   166  stm32f1xx_hal_uart.o(.text)
    HAL_UART_DMAResume                       0x08010bbf   Thumb Code   170  stm32f1xx_hal_uart.o(.text)
    HAL_UART_DMAStop                         0x08010c69   Thumb Code   160  stm32f1xx_hal_uart.o(.text)
    HAL_UARTEx_ReceiveToIdle                 0x08010d09   Thumb Code   296  stm32f1xx_hal_uart.o(.text)
    HAL_UARTEx_ReceiveToIdle_IT              0x08010e31   Thumb Code   114  stm32f1xx_hal_uart.o(.text)
    HAL_UARTEx_ReceiveToIdle_DMA             0x08010ea3   Thumb Code   114  stm32f1xx_hal_uart.o(.text)
    HAL_UARTEx_GetRxEventType                0x08010f15   Thumb Code     6  stm32f1xx_hal_uart.o(.text)
    HAL_UART_Abort                           0x08010f1b   Thumb Code   278  stm32f1xx_hal_uart.o(.text)
    HAL_UART_AbortTransmit                   0x08011031   Thumb Code   124  stm32f1xx_hal_uart.o(.text)
    HAL_UART_AbortReceive                    0x080110ad   Thumb Code   194  stm32f1xx_hal_uart.o(.text)
    HAL_UART_AbortCpltCallback               0x0801116f   Thumb Code     2  stm32f1xx_hal_uart.o(.text)
    HAL_UART_Abort_IT                        0x080111e1   Thumb Code   320  stm32f1xx_hal_uart.o(.text)
    HAL_UART_AbortTransmitCpltCallback       0x08011321   Thumb Code     2  stm32f1xx_hal_uart.o(.text)
    HAL_UART_AbortTransmit_IT                0x0801133b   Thumb Code   138  stm32f1xx_hal_uart.o(.text)
    HAL_UART_AbortReceiveCpltCallback        0x080113c5   Thumb Code     2  stm32f1xx_hal_uart.o(.text)
    HAL_UART_AbortReceive_IT                 0x080113e3   Thumb Code   212  stm32f1xx_hal_uart.o(.text)
    HAL_UART_IRQHandler                      0x08011657   Thumb Code   740  stm32f1xx_hal_uart.o(.text)
    HAL_LIN_SendBreak                        0x0801193b   Thumb Code    80  stm32f1xx_hal_uart.o(.text)
    HAL_MultiProcessor_EnterMuteMode         0x0801198b   Thumb Code    82  stm32f1xx_hal_uart.o(.text)
    HAL_MultiProcessor_ExitMuteMode          0x080119dd   Thumb Code    82  stm32f1xx_hal_uart.o(.text)
    HAL_HalfDuplex_EnableTransmitter         0x08011a2f   Thumb Code    68  stm32f1xx_hal_uart.o(.text)
    HAL_HalfDuplex_EnableReceiver            0x08011a73   Thumb Code    68  stm32f1xx_hal_uart.o(.text)
    HAL_UART_GetState                        0x08011ab7   Thumb Code    20  stm32f1xx_hal_uart.o(.text)
    HAL_UART_GetError                        0x08011acb   Thumb Code     6  stm32f1xx_hal_uart.o(.text)
    HAL_InitTick                             0x08011ad7   Thumb Code    64  stm32f1xx_hal.o(.text)
    HAL_Init                                 0x08011b17   Thumb Code    34  stm32f1xx_hal.o(.text)
    HAL_MspDeInit                            0x08011b39   Thumb Code     2  stm32f1xx_hal.o(.text)
    HAL_DeInit                               0x08011b3b   Thumb Code    30  stm32f1xx_hal.o(.text)
    HAL_IncTick                              0x08011b59   Thumb Code    16  stm32f1xx_hal.o(.text)
    HAL_GetTick                              0x08011b69   Thumb Code     6  stm32f1xx_hal.o(.text)
    HAL_GetTickPrio                          0x08011b6f   Thumb Code     6  stm32f1xx_hal.o(.text)
    HAL_SetTickFreq                          0x08011b75   Thumb Code    40  stm32f1xx_hal.o(.text)
    HAL_GetTickFreq                          0x08011b9d   Thumb Code     6  stm32f1xx_hal.o(.text)
    HAL_Delay                                0x08011ba3   Thumb Code    36  stm32f1xx_hal.o(.text)
    HAL_SuspendTick                          0x08011bc7   Thumb Code    18  stm32f1xx_hal.o(.text)
    HAL_ResumeTick                           0x08011bd9   Thumb Code    18  stm32f1xx_hal.o(.text)
    HAL_GetHalVersion                        0x08011beb   Thumb Code     4  stm32f1xx_hal.o(.text)
    HAL_GetREVID                             0x08011bef   Thumb Code     8  stm32f1xx_hal.o(.text)
    HAL_GetDEVID                             0x08011bf7   Thumb Code    10  stm32f1xx_hal.o(.text)
    HAL_GetUIDw0                             0x08011c01   Thumb Code     6  stm32f1xx_hal.o(.text)
    HAL_GetUIDw1                             0x08011c07   Thumb Code     8  stm32f1xx_hal.o(.text)
    HAL_GetUIDw2                             0x08011c0f   Thumb Code     8  stm32f1xx_hal.o(.text)
    HAL_DBGMCU_EnableDBGSleepMode            0x08011c17   Thumb Code    14  stm32f1xx_hal.o(.text)
    HAL_DBGMCU_DisableDBGSleepMode           0x08011c25   Thumb Code    14  stm32f1xx_hal.o(.text)
    HAL_DBGMCU_EnableDBGStopMode             0x08011c33   Thumb Code    14  stm32f1xx_hal.o(.text)
    HAL_DBGMCU_DisableDBGStopMode            0x08011c41   Thumb Code    14  stm32f1xx_hal.o(.text)
    HAL_DBGMCU_EnableDBGStandbyMode          0x08011c4f   Thumb Code    14  stm32f1xx_hal.o(.text)
    HAL_DBGMCU_DisableDBGStandbyMode         0x08011c5d   Thumb Code    14  stm32f1xx_hal.o(.text)
    HAL_NVIC_SetPriorityGrouping             0x08011cb1   Thumb Code    36  stm32f1xx_hal_cortex.o(.text)
    HAL_NVIC_SetPriority                     0x08011cd5   Thumb Code   124  stm32f1xx_hal_cortex.o(.text)
    HAL_NVIC_EnableIRQ                       0x08011d51   Thumb Code    40  stm32f1xx_hal_cortex.o(.text)
    HAL_NVIC_DisableIRQ                      0x08011d79   Thumb Code    38  stm32f1xx_hal_cortex.o(.text)
    HAL_NVIC_SystemReset                     0x08011d9f   Thumb Code    40  stm32f1xx_hal_cortex.o(.text)
    HAL_SYSTICK_Config                       0x08011dc7   Thumb Code    52  stm32f1xx_hal_cortex.o(.text)
    HAL_NVIC_GetPriorityGrouping             0x08011dfb   Thumb Code     8  stm32f1xx_hal_cortex.o(.text)
    HAL_NVIC_GetPriority                     0x08011e03   Thumb Code   138  stm32f1xx_hal_cortex.o(.text)
    HAL_NVIC_SetPendingIRQ                   0x08011e8d   Thumb Code    32  stm32f1xx_hal_cortex.o(.text)
    HAL_NVIC_GetPendingIRQ                   0x08011ead   Thumb Code    46  stm32f1xx_hal_cortex.o(.text)
    HAL_NVIC_ClearPendingIRQ                 0x08011edb   Thumb Code    30  stm32f1xx_hal_cortex.o(.text)
    HAL_NVIC_GetActive                       0x08011ef9   Thumb Code    46  stm32f1xx_hal_cortex.o(.text)
    HAL_SYSTICK_CLKSourceConfig              0x08011f27   Thumb Code    40  stm32f1xx_hal_cortex.o(.text)
    HAL_SYSTICK_Callback                     0x08011f4f   Thumb Code     2  stm32f1xx_hal_cortex.o(.text)
    HAL_SYSTICK_IRQHandler                   0x08011f51   Thumb Code     8  stm32f1xx_hal_cortex.o(.text)
    HAL_RTC_WaitForSynchro                   0x08011fed   Thumb Code    64  stm32f1xx_hal_rtc.o(.text)
    HAL_RTC_MspDeInit                        0x0801202d   Thumb Code     2  stm32f1xx_hal_rtc.o(.text)
    HAL_RTC_AlarmAEventCallback              0x08012031   Thumb Code     2  stm32f1xx_hal_rtc.o(.text)
    HAL_RTC_Init                             0x08012033   Thumb Code   212  stm32f1xx_hal_rtc.o(.text)
    HAL_RTC_DeInit                           0x08012107   Thumb Code   140  stm32f1xx_hal_rtc.o(.text)
    HAL_RTC_RegisterCallback                 0x08012193   Thumb Code   116  stm32f1xx_hal_rtc.o(.text)
    HAL_RTC_UnRegisterCallback               0x08012207   Thumb Code   120  stm32f1xx_hal_rtc.o(.text)
    HAL_RTC_SetTime                          0x08012309   Thumb Code   214  stm32f1xx_hal_rtc.o(.text)
    HAL_RTC_GetTime                          0x080125b5   Thumb Code   260  stm32f1xx_hal_rtc.o(.text)
    HAL_RTC_SetDate                          0x080126b9   Thumb Code   242  stm32f1xx_hal_rtc.o(.text)
    HAL_RTC_GetDate                          0x080127ab   Thumb Code    82  stm32f1xx_hal_rtc.o(.text)
    HAL_RTC_SetAlarm                         0x080127fd   Thumb Code   208  stm32f1xx_hal_rtc.o(.text)
    HAL_RTC_SetAlarm_IT                      0x080128cd   Thumb Code   260  stm32f1xx_hal_rtc.o(.text)
    HAL_RTC_GetAlarm                         0x080129d1   Thumb Code   126  stm32f1xx_hal_rtc.o(.text)
    HAL_RTC_DeactivateAlarm                  0x08012a4f   Thumb Code   146  stm32f1xx_hal_rtc.o(.text)
    HAL_RTC_AlarmIRQHandler                  0x08012ae1   Thumb Code    58  stm32f1xx_hal_rtc.o(.text)
    HAL_RTC_PollForAlarmAEvent               0x08012b1b   Thumb Code    82  stm32f1xx_hal_rtc.o(.text)
    HAL_RTC_GetState                         0x08012b6d   Thumb Code     6  stm32f1xx_hal_rtc.o(.text)
    HAL_RCC_DeInit                           0x08012b75   Thumb Code   254  stm32f1xx_hal_rcc.o(.text)
    HAL_RCC_OscConfig                        0x08012c97   Thumb Code  1126  stm32f1xx_hal_rcc.o(.text)
    HAL_RCC_GetSysClockFreq                  0x080130fd   Thumb Code    92  stm32f1xx_hal_rcc.o(.text)
    HAL_RCC_ClockConfig                      0x08013159   Thumb Code   376  stm32f1xx_hal_rcc.o(.text)
    HAL_RCC_MCOConfig                        0x080132d1   Thumb Code    90  stm32f1xx_hal_rcc.o(.text)
    HAL_RCC_EnableCSS                        0x0801332b   Thumb Code     8  stm32f1xx_hal_rcc.o(.text)
    HAL_RCC_DisableCSS                       0x08013333   Thumb Code     8  stm32f1xx_hal_rcc.o(.text)
    HAL_RCC_GetHCLKFreq                      0x0801333b   Thumb Code     6  stm32f1xx_hal_rcc.o(.text)
    HAL_RCC_GetPCLK1Freq                     0x08013341   Thumb Code    22  stm32f1xx_hal_rcc.o(.text)
    HAL_RCC_GetPCLK2Freq                     0x08013357   Thumb Code    70  stm32f1xx_hal_rcc.o(.text)
    HAL_RCC_GetOscConfig                     0x0801339d   Thumb Code   196  stm32f1xx_hal_rcc.o(.text)
    HAL_RCC_GetClockConfig                   0x08013461   Thumb Code    58  stm32f1xx_hal_rcc.o(.text)
    HAL_RCC_CSSCallback                      0x0801349b   Thumb Code     2  stm32f1xx_hal_rcc.o(.text)
    HAL_RCC_NMI_IRQHandler                   0x0801349d   Thumb Code    26  stm32f1xx_hal_rcc.o(.text)
    HAL_RCCEx_PeriphCLKConfig                0x080134c1   Thumb Code   290  stm32f1xx_hal_rcc_ex.o(.text)
    HAL_RCCEx_GetPeriphCLKConfig             0x080135e3   Thumb Code    78  stm32f1xx_hal_rcc_ex.o(.text)
    HAL_RCCEx_GetPeriphCLKFreq               0x08013631   Thumb Code   260  stm32f1xx_hal_rcc_ex.o(.text)
    HAL_I2C_AddrCallback                     0x08013753   Thumb Code     2  stm32f1xx_hal_i2c.o(.text)
    HAL_I2C_AbortCpltCallback                0x08013755   Thumb Code     2  stm32f1xx_hal_i2c.o(.text)
    HAL_I2C_ErrorCallback                    0x08013757   Thumb Code     2  stm32f1xx_hal_i2c.o(.text)
    HAL_I2C_MemRxCpltCallback                0x08013759   Thumb Code     2  stm32f1xx_hal_i2c.o(.text)
    HAL_I2C_MemTxCpltCallback                0x0801375b   Thumb Code     2  stm32f1xx_hal_i2c.o(.text)
    HAL_I2C_ListenCpltCallback               0x0801375d   Thumb Code     2  stm32f1xx_hal_i2c.o(.text)
    HAL_I2C_SlaveRxCpltCallback              0x0801375f   Thumb Code     2  stm32f1xx_hal_i2c.o(.text)
    HAL_I2C_SlaveTxCpltCallback              0x08013761   Thumb Code     2  stm32f1xx_hal_i2c.o(.text)
    HAL_I2C_MasterRxCpltCallback             0x08013763   Thumb Code     2  stm32f1xx_hal_i2c.o(.text)
    HAL_I2C_MasterTxCpltCallback             0x08013765   Thumb Code     2  stm32f1xx_hal_i2c.o(.text)
    HAL_I2C_Init                             0x08013767   Thumb Code   494  stm32f1xx_hal_i2c.o(.text)
    HAL_I2C_DeInit                           0x08013957   Thumb Code    74  stm32f1xx_hal_i2c.o(.text)
    HAL_I2C_RegisterCallback                 0x080139a1   Thumb Code   194  stm32f1xx_hal_i2c.o(.text)
    HAL_I2C_UnRegisterCallback               0x08013a63   Thumb Code   204  stm32f1xx_hal_i2c.o(.text)
    HAL_I2C_RegisterAddrCallback             0x08013b2f   Thumb Code   142  stm32f1xx_hal_i2c.o(.text)
    HAL_I2C_UnRegisterAddrCallback           0x08013bbd   Thumb Code    64  stm32f1xx_hal_i2c.o(.text)
    HAL_I2C_Master_Transmit                  0x08013f9b   Thumb Code   374  stm32f1xx_hal_i2c.o(.text)
    HAL_I2C_Master_Receive                   0x080142cf   Thumb Code   872  stm32f1xx_hal_i2c.o(.text)
    HAL_I2C_Slave_Transmit                   0x08014637   Thumb Code   400  stm32f1xx_hal_i2c.o(.text)
    HAL_I2C_Slave_Receive                    0x08014829   Thumb Code   390  stm32f1xx_hal_i2c.o(.text)
    HAL_I2C_Master_Transmit_IT               0x080149af   Thumb Code   224  stm32f1xx_hal_i2c.o(.text)
    HAL_I2C_Master_Receive_IT                0x08014a8f   Thumb Code   236  stm32f1xx_hal_i2c.o(.text)
    HAL_I2C_Slave_Transmit_IT                0x08014b7b   Thumb Code   146  stm32f1xx_hal_i2c.o(.text)
    HAL_I2C_Slave_Receive_IT                 0x08014c0d   Thumb Code   160  stm32f1xx_hal_i2c.o(.text)
    HAL_I2C_Master_Transmit_DMA              0x08014e23   Thumb Code   434  stm32f1xx_hal_i2c.o(.text)
    HAL_I2C_Master_Receive_DMA               0x08014fd5   Thumb Code   434  stm32f1xx_hal_i2c.o(.text)
    HAL_I2C_Slave_Transmit_DMA               0x08015187   Thumb Code   304  stm32f1xx_hal_i2c.o(.text)
    HAL_I2C_Slave_Receive_DMA                0x080152b7   Thumb Code   286  stm32f1xx_hal_i2c.o(.text)
    HAL_I2C_Mem_Write                        0x080154b1   Thumb Code   348  stm32f1xx_hal_i2c.o(.text)
    HAL_I2C_Mem_Read                         0x0801577f   Thumb Code   854  stm32f1xx_hal_i2c.o(.text)
    HAL_I2C_Mem_Write_IT                     0x08015ad5   Thumb Code   256  stm32f1xx_hal_i2c.o(.text)
    HAL_I2C_Mem_Read_IT                      0x08015bd5   Thumb Code   254  stm32f1xx_hal_i2c.o(.text)
    HAL_I2C_Mem_Write_DMA                    0x08015cd3   Thumb Code   514  stm32f1xx_hal_i2c.o(.text)
    HAL_I2C_Mem_Read_DMA                     0x08015ed5   Thumb Code   608  stm32f1xx_hal_i2c.o(.text)
    HAL_I2C_IsDeviceReady                    0x08016135   Thumb Code   430  stm32f1xx_hal_i2c.o(.text)
    HAL_I2C_Master_Seq_Transmit_IT           0x080162e3   Thumb Code   304  stm32f1xx_hal_i2c.o(.text)
    HAL_I2C_Master_Seq_Transmit_DMA          0x08016413   Thumb Code   536  stm32f1xx_hal_i2c.o(.text)
    HAL_I2C_Master_Seq_Receive_IT            0x0801662b   Thumb Code   360  stm32f1xx_hal_i2c.o(.text)
    HAL_I2C_Master_Seq_Receive_DMA           0x08016793   Thumb Code   674  stm32f1xx_hal_i2c.o(.text)
    HAL_I2C_Slave_Seq_Transmit_IT            0x08016a35   Thumb Code   158  stm32f1xx_hal_i2c.o(.text)
    HAL_I2C_Slave_Seq_Transmit_DMA           0x08016bc5   Thumb Code   462  stm32f1xx_hal_i2c.o(.text)
    HAL_I2C_Slave_Seq_Receive_IT             0x08016d93   Thumb Code   158  stm32f1xx_hal_i2c.o(.text)
    HAL_I2C_Slave_Seq_Receive_DMA            0x08016e31   Thumb Code   446  stm32f1xx_hal_i2c.o(.text)
    HAL_I2C_EnableListen_IT                  0x08016fef   Thumb Code    70  stm32f1xx_hal_i2c.o(.text)
    HAL_I2C_DisableListen_IT                 0x08017035   Thumb Code    70  stm32f1xx_hal_i2c.o(.text)
    HAL_I2C_Master_Abort_IT                  0x0801721f   Thumb Code   138  stm32f1xx_hal_i2c.o(.text)
    HAL_I2C_ER_IRQHandler                    0x08017fe5   Thumb Code   224  stm32f1xx_hal_i2c.o(.text)
    HAL_I2C_GetState                         0x080180c5   Thumb Code     8  stm32f1xx_hal_i2c.o(.text)
    HAL_I2C_GetMode                          0x080180cd   Thumb Code     8  stm32f1xx_hal_i2c.o(.text)
    HAL_I2C_GetError                         0x080180d5   Thumb Code     6  stm32f1xx_hal_i2c.o(.text)
    HAL_RTCEx_SetTamper                      0x080180e1   Thumb Code    98  stm32f1xx_hal_rtc_ex.o(.text)
    HAL_RTCEx_SetTamper_IT                   0x08018143   Thumb Code   110  stm32f1xx_hal_rtc_ex.o(.text)
    HAL_RTCEx_DeactivateTamper               0x080181b1   Thumb Code    94  stm32f1xx_hal_rtc_ex.o(.text)
    HAL_RTCEx_TamperIRQHandler               0x0801820f   Thumb Code    56  stm32f1xx_hal_rtc_ex.o(.text)
    HAL_RTCEx_Tamper1EventCallback           0x08018247   Thumb Code     2  stm32f1xx_hal_rtc_ex.o(.text)
    HAL_RTCEx_PollForTamper1Event            0x08018249   Thumb Code    80  stm32f1xx_hal_rtc_ex.o(.text)
    HAL_RTCEx_SetSecond_IT                   0x08018299   Thumb Code    58  stm32f1xx_hal_rtc_ex.o(.text)
    HAL_RTCEx_DeactivateSecond               0x080182d3   Thumb Code    58  stm32f1xx_hal_rtc_ex.o(.text)
    HAL_RTCEx_RTCEventCallback               0x0801830d   Thumb Code     2  stm32f1xx_hal_rtc_ex.o(.text)
    HAL_RTCEx_RTCEventErrorCallback          0x0801830f   Thumb Code     2  stm32f1xx_hal_rtc_ex.o(.text)
    HAL_RTCEx_RTCIRQHandler                  0x08018311   Thumb Code    78  stm32f1xx_hal_rtc_ex.o(.text)
    HAL_RTCEx_BKUPWrite                      0x0801835f   Thumb Code    20  stm32f1xx_hal_rtc_ex.o(.text)
    HAL_RTCEx_BKUPRead                       0x08018373   Thumb Code    22  stm32f1xx_hal_rtc_ex.o(.text)
    HAL_RTCEx_SetSmoothCalib                 0x08018389   Thumb Code    62  stm32f1xx_hal_rtc_ex.o(.text)
    ADC_ConversionStop_Disable               0x080183cd   Thumb Code    92  stm32f1xx_hal_adc.o(.text)
    HAL_ADC_Init                             0x0801842b   Thumb Code   340  stm32f1xx_hal_adc.o(.text)
    HAL_ADC_MspDeInit                        0x0801857f   Thumb Code     2  stm32f1xx_hal_adc.o(.text)
    HAL_ADC_DeInit                           0x08018581   Thumb Code   258  stm32f1xx_hal_adc.o(.text)
    ADC_Enable                               0x08018683   Thumb Code   134  stm32f1xx_hal_adc.o(.text)
    HAL_ADC_Start                            0x08018709   Thumb Code   294  stm32f1xx_hal_adc.o(.text)
    HAL_ADC_Stop                             0x0801882f   Thumb Code   102  stm32f1xx_hal_adc.o(.text)
    HAL_ADC_PollForConversion                0x08018895   Thumb Code   366  stm32f1xx_hal_adc.o(.text)
    HAL_ADC_PollForEvent                     0x08018a03   Thumb Code   118  stm32f1xx_hal_adc.o(.text)
    HAL_ADC_Start_IT                         0x08018a79   Thumb Code   306  stm32f1xx_hal_adc.o(.text)
    HAL_ADC_Stop_IT                          0x08018bab   Thumb Code    76  stm32f1xx_hal_adc.o(.text)
    HAL_ADC_ErrorCallback                    0x08018bf7   Thumb Code     2  stm32f1xx_hal_adc.o(.text)
    ADC_DMAError                             0x08018bf9   Thumb Code    30  stm32f1xx_hal_adc.o(.text)
    HAL_ADC_ConvHalfCpltCallback             0x08018c17   Thumb Code     2  stm32f1xx_hal_adc.o(.text)
    ADC_DMAHalfConvCplt                      0x08018c19   Thumb Code    14  stm32f1xx_hal_adc.o(.text)
    ADC_DMAConvCplt                          0x08018c29   Thumb Code    82  stm32f1xx_hal_adc.o(.text)
    HAL_ADC_Start_DMA                        0x08018c7b   Thumb Code   390  stm32f1xx_hal_adc.o(.text)
    HAL_ADC_Stop_DMA                         0x08018e01   Thumb Code   106  stm32f1xx_hal_adc.o(.text)
    HAL_ADC_GetValue                         0x08018e6b   Thumb Code     8  stm32f1xx_hal_adc.o(.text)
    HAL_ADC_LevelOutOfWindowCallback         0x08018e73   Thumb Code     2  stm32f1xx_hal_adc.o(.text)
    HAL_ADC_IRQHandler                       0x08018e75   Thumb Code   274  stm32f1xx_hal_adc.o(.text)
    HAL_ADC_ConfigChannel                    0x08018f87   Thumb Code   338  stm32f1xx_hal_adc.o(.text)
    HAL_ADC_AnalogWDGConfig                  0x080190d9   Thumb Code   158  stm32f1xx_hal_adc.o(.text)
    HAL_ADC_GetState                         0x08019177   Thumb Code     6  stm32f1xx_hal_adc.o(.text)
    HAL_ADC_GetError                         0x0801917d   Thumb Code     6  stm32f1xx_hal_adc.o(.text)
    HAL_ADCEx_Calibration_Start              0x08019189   Thumb Code   278  stm32f1xx_hal_adc_ex.o(.text)
    HAL_ADCEx_InjectedStart                  0x0801929f   Thumb Code   226  stm32f1xx_hal_adc_ex.o(.text)
    HAL_ADCEx_InjectedStop                   0x08019381   Thumb Code    94  stm32f1xx_hal_adc_ex.o(.text)
    HAL_ADCEx_InjectedPollForConversion      0x080193df   Thumb Code   346  stm32f1xx_hal_adc_ex.o(.text)
    HAL_ADCEx_InjectedStart_IT               0x08019539   Thumb Code   264  stm32f1xx_hal_adc_ex.o(.text)
    HAL_ADCEx_InjectedStop_IT                0x08019641   Thumb Code   106  stm32f1xx_hal_adc_ex.o(.text)
    HAL_ADCEx_MultiModeStart_DMA             0x080196ab   Thumb Code   262  stm32f1xx_hal_adc_ex.o(.text)
    HAL_ADCEx_MultiModeStop_DMA              0x080197b1   Thumb Code   144  stm32f1xx_hal_adc_ex.o(.text)
    HAL_ADCEx_InjectedGetValue               0x08019841   Thumb Code    50  stm32f1xx_hal_adc_ex.o(.text)
    HAL_ADCEx_MultiModeGetValue              0x08019873   Thumb Code    32  stm32f1xx_hal_adc_ex.o(.text)
    HAL_ADCEx_InjectedConvCpltCallback       0x08019893   Thumb Code     2  stm32f1xx_hal_adc_ex.o(.text)
    HAL_ADCEx_InjectedConfigChannel          0x08019895   Thumb Code   638  stm32f1xx_hal_adc_ex.o(.text)
    HAL_ADCEx_MultiModeConfigChannel         0x08019b13   Thumb Code   116  stm32f1xx_hal_adc_ex.o(.text)
    HAL_IWDG_Init                            0x08019b99   Thumb Code    94  stm32f1xx_hal_iwdg.o(.text)
    HAL_IWDG_Refresh                         0x08019bf7   Thumb Code    14  stm32f1xx_hal_iwdg.o(.text)
    __aeabi_llsr                             0x08019c05   Thumb Code    32  llushr.o(.text)
    _ll_ushift_r                             0x08019c05   Thumb Code     0  llushr.o(.text)
    __aeabi_memcpy                           0x08019c25   Thumb Code    36  memcpya.o(.text)
    __aeabi_memcpy4                          0x08019c25   Thumb Code     0  memcpya.o(.text)
    __aeabi_memcpy8                          0x08019c25   Thumb Code     0  memcpya.o(.text)
    __aeabi_memset                           0x08019c49   Thumb Code    14  memseta.o(.text)
    __aeabi_memset4                          0x08019c49   Thumb Code     0  memseta.o(.text)
    __aeabi_memset8                          0x08019c49   Thumb Code     0  memseta.o(.text)
    __aeabi_memclr                           0x08019c57   Thumb Code     4  memseta.o(.text)
    __aeabi_memclr4                          0x08019c57   Thumb Code     0  memseta.o(.text)
    __aeabi_memclr8                          0x08019c57   Thumb Code     0  memseta.o(.text)
    memset                                   0x08019c5b   Thumb Code    18  memseta.o(.text)
    strncpy                                  0x08019c6d   Thumb Code    24  strncpy.o(.text)
    strlen                                   0x08019c85   Thumb Code    14  strlen.o(.text)
    strcmp                                   0x08019c93   Thumb Code    28  strcmp.o(.text)
    strncmp                                  0x08019caf   Thumb Code    30  strncmp.o(.text)
    strtok                                   0x08019ccd   Thumb Code    62  strtok.o(.text)
    __0sscanf                                0x08019d11   Thumb Code    48  __0sscanf.o(.text)
    _scanf_int                               0x08019d49   Thumb Code   332  _scanf_int.o(.text)
    strtol                                   0x08019e95   Thumb Code   112  strtol.o(.text)
    atoi                                     0x08019f05   Thumb Code    26  atoi.o(.text)
    __aeabi_fmul                             0x08019f1f   Thumb Code   100  fmul.o(.text)
    __aeabi_fdiv                             0x08019f83   Thumb Code   124  fdiv.o(.text)
    __aeabi_dadd                             0x08019fff   Thumb Code   322  dadd.o(.text)
    __aeabi_dsub                             0x0801a141   Thumb Code     6  dadd.o(.text)
    __aeabi_drsub                            0x0801a147   Thumb Code     6  dadd.o(.text)
    __aeabi_ddiv                             0x0801a14d   Thumb Code   222  ddiv.o(.text)
    __aeabi_i2f                              0x0801a22b   Thumb Code    18  fflti.o(.text)
    __aeabi_ui2f                             0x0801a23d   Thumb Code    10  ffltui.o(.text)
    __aeabi_i2d                              0x0801a247   Thumb Code    34  dflti.o(.text)
    __aeabi_f2iz                             0x0801a269   Thumb Code    50  ffixi.o(.text)
    __aeabi_d2iz                             0x0801a29b   Thumb Code    62  dfixi.o(.text)
    __aeabi_f2d                              0x0801a2d9   Thumb Code    38  f2d.o(.text)
    __aeabi_d2f                              0x0801a2ff   Thumb Code    56  d2f.o(.text)
    __aeabi_uidiv                            0x0801a337   Thumb Code     0  uidiv.o(.text)
    __aeabi_uidivmod                         0x0801a337   Thumb Code    44  uidiv.o(.text)
    __aeabi_uldivmod                         0x0801a363   Thumb Code    98  uldiv.o(.text)
    __aeabi_llsl                             0x0801a3c5   Thumb Code    30  llshl.o(.text)
    _ll_shift_l                              0x0801a3c5   Thumb Code     0  llshl.o(.text)
    __aeabi_lasr                             0x0801a3e3   Thumb Code    36  llsshr.o(.text)
    _ll_sshift_r                             0x0801a3e3   Thumb Code     0  llsshr.o(.text)
    __rt_ctype_table                         0x0801a409   Thumb Code     4  ctype_o.o(.text)
    isspace                                  0x0801a411   Thumb Code    18  isspace_o.o(.text)
    _chval                                   0x0801a423   Thumb Code    28  _chval.o(.text)
    __vfscanf_char                           0x0801a44d   Thumb Code    20  scanf_char.o(.text)
    _sgetc                                   0x0801a469   Thumb Code    30  _sgetc.o(.text)
    _sbackspace                              0x0801a487   Thumb Code    34  _sgetc.o(.text)
    _strtoul                                 0x0801a4a9   Thumb Code   158  _strtoul.o(.text)
    __I$use$fp                               0x0801a547   Thumb Code     0  iusefp.o(.text)
    _float_round                             0x0801a547   Thumb Code    18  fepilogue.o(.text)
    _float_epilogue                          0x0801a559   Thumb Code    92  fepilogue.o(.text)
    _double_round                            0x0801a5b5   Thumb Code    30  depilogue.o(.text)
    _double_epilogue                         0x0801a5d3   Thumb Code   156  depilogue.o(.text)
    __aeabi_dmul                             0x0801a66f   Thumb Code   228  dmul.o(.text)
    __aeabi_d2ulz                            0x0801a753   Thumb Code    48  dfixul.o(.text)
    __aeabi_cdrcmple                         0x0801a785   Thumb Code    48  cdrcmple.o(.text)
    __scatterload                            0x0801a7b5   Thumb Code    28  init.o(.text)
    __scatterload_rt2                        0x0801a7b5   Thumb Code     0  init.o(.text)
    __vfscanf                                0x0801a7d9   Thumb Code   810  _scanf.o(.text)
    __decompress                             0x0801ab09   Thumb Code     0  __dczerorl2.o(.text)
    __decompress1                            0x0801ab09   Thumb Code    86  __dczerorl2.o(.text)
    Error_Handler                            0x0801ab5f   Thumb Code     6  main.o(i.Error_Handler)
    FIFO_Empty                               0x0801ab65   Thumb Code    14  fifo.o(i.FIFO_Empty)
    UART_sendByte                            0x0801ab73   Thumb Code    16  bsp_uartcomm.o(i.UART_sendByte)
    __0printf                                0x0801ab85   Thumb Code    22  printfa.o(i.__0printf)
    __1printf                                0x0801ab85   Thumb Code     0  printfa.o(i.__0printf)
    __2printf                                0x0801ab85   Thumb Code     0  printfa.o(i.__0printf)
    __c89printf                              0x0801ab85   Thumb Code     0  printfa.o(i.__0printf)
    printf                                   0x0801ab85   Thumb Code     0  printfa.o(i.__0printf)
    __0sprintf                               0x0801aba5   Thumb Code    34  printfa.o(i.__0sprintf)
    __1sprintf                               0x0801aba5   Thumb Code     0  printfa.o(i.__0sprintf)
    __2sprintf                               0x0801aba5   Thumb Code     0  printfa.o(i.__0sprintf)
    __c89sprintf                             0x0801aba5   Thumb Code     0  printfa.o(i.__0sprintf)
    sprintf                                  0x0801aba5   Thumb Code     0  printfa.o(i.__0sprintf)
    __0vsnprintf                             0x0801abcd   Thumb Code    46  printfa.o(i.__0vsnprintf)
    __1vsnprintf                             0x0801abcd   Thumb Code     0  printfa.o(i.__0vsnprintf)
    __2vsnprintf                             0x0801abcd   Thumb Code     0  printfa.o(i.__0vsnprintf)
    __c89vsnprintf                           0x0801abcd   Thumb Code     0  printfa.o(i.__0vsnprintf)
    vsnprintf                                0x0801abcd   Thumb Code     0  printfa.o(i.__0vsnprintf)
    __aeabi_errno_addr                       0x0801ac01   Thumb Code     4  errno.o(i.__aeabi_errno_addr)
    __rt_errno_addr                          0x0801ac01   Thumb Code     0  errno.o(i.__aeabi_errno_addr)
    __scatterload_copy                       0x0801ac09   Thumb Code    14  handlers.o(i.__scatterload_copy)
    __scatterload_null                       0x0801ac17   Thumb Code     2  handlers.o(i.__scatterload_null)
    __scatterload_zeroinit                   0x0801ac19   Thumb Code    14  handlers.o(i.__scatterload_zeroinit)
    shellCmdee                               0x0801b504   Data           3  eeprom.o(.constdata)
    shellDescee                              0x0801b507   Data          18  eeprom.o(.constdata)
    shellCmdtemp                             0x0801b519   Data           5  temperatureinside.o(.constdata)
    shellDesctemp                            0x0801b51e   Data          23  temperatureinside.o(.constdata)
    shellCmdpwm                              0x0801b5f8   Data           4  pwm.o(.constdata)
    shellDescpwm                             0x0801b5fc   Data          13  pwm.o(.constdata)
    shellCmddate                             0x0801b658   Data           5  bsp_rtc.o(.constdata)
    shellDescdate                            0x0801b65d   Data          22  bsp_rtc.o(.constdata)
    shellCmdDefaultUser                      0x0801b673   Data           6  shell.o(.constdata)
    shellPasswordDefaultUser                 0x0801b679   Data           5  shell.o(.constdata)
    shellDesDefaultUser                      0x0801b67e   Data          13  shell.o(.constdata)
    shellDesc0x1B5B4100                      0x0801b68b   Data           3  shell.o(.constdata)
    shellDesc0x03000000                      0x0801b68e   Data           6  shell.o(.constdata)
    shellDesc0x1B5B4200                      0x0801b694   Data           5  shell.o(.constdata)
    shellDesc0x1B5B4300                      0x0801b699   Data           6  shell.o(.constdata)
    shellDesc0x1B5B4400                      0x0801b69f   Data           5  shell.o(.constdata)
    shellDesc0x09000000                      0x0801b6a4   Data           4  shell.o(.constdata)
    shellDesc0x08000000                      0x0801b6a8   Data          10  shell.o(.constdata)
    shellDesc0x7F000000                      0x0801b6b2   Data          10  shell.o(.constdata)
    shellDesc0x1B5B337E                      0x0801b6bc   Data           7  shell.o(.constdata)
    shellDesc0x0D000000                      0x0801b6c3   Data           6  shell.o(.constdata)
    shellDesc0x0D0A0000                      0x0801b6c9   Data           6  shell.o(.constdata)
    shellCmdhelp                             0x0801b6cf   Data           5  shell.o(.constdata)
    shellDeschelp                            0x0801b6d4   Data          30  shell.o(.constdata)
    shellCmdcmds                             0x0801b6f2   Data           5  shell.o(.constdata)
    shellDesccmds                            0x0801b6f7   Data          13  shell.o(.constdata)
    shellCmdclear                            0x0801b704   Data           6  shell.o(.constdata)
    shellDescclear                           0x0801b70a   Data          14  shell.o(.constdata)
    shellCmdgpio                             0x0801b730   Data           5  gpio_shell.o(.constdata)
    shellDescgpio                            0x0801b735   Data          13  gpio_shell.o(.constdata)
    shellCmdreboot                           0x0801b742   Data           7  main.o(.constdata)
    shellDescreboot                          0x0801b749   Data          11  main.o(.constdata)
    shellCmdhf                               0x0801b7ec   Data           3  cm_backtrace.o(.constdata)
    shellDeschf                              0x0801b7ef   Data          22  cm_backtrace.o(.constdata)
    AHBPrescTable                            0x0801b868   Data          16  system_stm32f1xx.o(.constdata)
    APBPrescTable                            0x0801b878   Data           8  system_stm32f1xx.o(.constdata)
    __ctype_table                            0x0801b8a4   Data         129  ctype_o.o(.constdata)
    Region$$Table$$Base                      0x0801c610   Number         0  anon$$obj.o(Region$$Table)
    Region$$Table$$Limit                     0x0801c630   Number         0  anon$$obj.o(Region$$Table)
    shellCommand$$Base                       0x0801c630   Number         0  eeprom.o(shellCommand)
    shellCommandee                           0x0801c630   Data          16  eeprom.o(shellCommand)
    shellCommandtemp                         0x0801c640   Data          16  temperatureinside.o(shellCommand)
    shellCommandpwm                          0x0801c650   Data          16  pwm.o(shellCommand)
    shellCommanddate                         0x0801c660   Data          16  bsp_rtc.o(shellCommand)
    shellUserDefault                         0x0801c670   Data          16  shell.o(shellCommand)
    shellKey0x1B5B4100                       0x0801c680   Data          16  shell.o(shellCommand)
    shellKey0x03000000                       0x0801c690   Data          16  shell.o(shellCommand)
    shellKey0x1B5B4200                       0x0801c6a0   Data          16  shell.o(shellCommand)
    shellKey0x1B5B4300                       0x0801c6b0   Data          16  shell.o(shellCommand)
    shellKey0x1B5B4400                       0x0801c6c0   Data          16  shell.o(shellCommand)
    shellKey0x09000000                       0x0801c6d0   Data          16  shell.o(shellCommand)
    shellKey0x08000000                       0x0801c6e0   Data          16  shell.o(shellCommand)
    shellKey0x7F000000                       0x0801c6f0   Data          16  shell.o(shellCommand)
    shellKey0x1B5B337E                       0x0801c700   Data          16  shell.o(shellCommand)
    shellKey0x0D000000                       0x0801c710   Data          16  shell.o(shellCommand)
    shellKey0x0D0A0000                       0x0801c720   Data          16  shell.o(shellCommand)
    shellCommandhelp                         0x0801c730   Data          16  shell.o(shellCommand)
    shellCommandcmds                         0x0801c740   Data          16  shell.o(shellCommand)
    shellCommandclear                        0x0801c750   Data          16  shell.o(shellCommand)
    shellCommandgpio                         0x0801c760   Data          16  gpio_shell.o(shellCommand)
    shellCommandreboot                       0x0801c770   Data          16  main.o(shellCommand)
    shellCommandhf                           0x0801c780   Data          16  cm_backtrace.o(shellCommand)
    Image$$ER_IROM1$$Limit                   0x0801c790   Number         0  anon$$obj.o ABSOLUTE
    Image$$MY_REGION$$Base                   0x0801c790   Number         0  anon$$obj.o ABSOLUTE
    shellCommand$$Limit                      0x0801c790   Number         0  cm_backtrace.o(shellCommand)
    Image$$MY_REGION$$Limit                  0x0801c7b8   Number         0  anon$$obj.o ABSOLUTE
    I2C1_EEPROM_ADDR                         0x20000008   Data           1  eeprom.o(.data)
    g_isPrintUseFifo                         0x20000010   Data           1  bsp_uartcomm.o(.data)
    g_uart1Handle                            0x20000014   Data          72  bsp_usart1.o(.data)
    g_UARTPara                               0x2000005c   Data          56  bsp_usart1.o(.data)
    g_TM1637PluseWidth                       0x200000ac   Data           1  tm1637.o(.data)
    g_resetCause                             0x200000b0   Data           4  bsp_wdg.o(.data)
    xHigherPriorityTaskWoken_YES             0x20000108   Data           4  main.o(.data)
    xHigherPriorityTaskWoken_NO              0x2000010c   Data           4  main.o(.data)
    g_debugLevel                             0x20000110   Data           4  main.o(.data)
    gp_xHandle_Task_uartMonitor              0x20000114   Data           4  main.o(.data)
    gp_xHandle_Task_shell                    0x20000118   Data           4  main.o(.data)
    SystemCoreClock                          0x2000016c   Data           4  system_stm32f1xx.o(.data)
    pxCurrentTCB                             0x20000170   Data           4  tasks.o(.data)
    uxTopUsedPriority                        0x200001a8   Data           4  tasks.o(.data)
    uwTick                                   0x200001f0   Data           4  stm32f1xx_hal.o(.data)
    uwTickPrio                               0x200001f4   Data           4  stm32f1xx_hal.o(.data)
    uwTickFreq                               0x200001f8   Data           1  stm32f1xx_hal.o(.data)
    __stdout                                 0x20000200   Data           4  stdout.o(.data)
    hdma_adc1                                0x20000618   Data          68  temperatureinside.o(.bss)
    g_hdma_usart1_tx                         0x2000068c   Data          68  bsp_usart1.o(.bss)
    PwmCfg                                   0x200008f8   Data          20  pwm.o(.bss)
    TimHandle                                0x2000090c   Data          72  pwm.o(.bss)
    sConfig                                  0x20000954   Data          28  pwm.o(.bss)
    IwdgHandle                               0x200009ec   Data          12  bsp_wdg.o(.bss)
    shell                                    0x20000a3c   Data         108  shell_port.o(.bss)
    hi2c1                                    0x20000b70   Data         132  main.o(.bss)
    hdma_i2c1_tx                             0x20000bf4   Data          68  main.o(.bss)
    xQueueRegistry                           0x20000d6c   Data          64  queue.o(.bss)
    STACK$$Base                              0x20008a98   Number         0  startup_stm32f103xe.o(STACK)
    STACK$$Limit                             0x20008e98   Number         0  startup_stm32f103xe.o(STACK)
    __initial_sp                             0x20008e98   Data           0  startup_stm32f103xe.o(STACK)



==============================================================================

Memory Map of the image

  Image Entry point : 0x08000131

  Load Region LR_IROM1 (Base: 0x08000000, Size: 0x0001c9c0, Max: 0x00040000, ABSOLUTE, COMPRESSED[0x0001c83c])

    Execution Region ER_IROM1 (Exec base: 0x08000000, Load base: 0x08000000, Size: 0x0001c790, Max: 0x00040000, ABSOLUTE)

    Exec Addr    Load Addr    Size         Type   Attr      Idx    E Section Name        Object

    0x08000000   0x08000000   0x00000130   Data   RO         1233    RESET               startup_stm32f103xe.o
    0x08000130   0x08000130   0x00000000   Code   RO         1967  * .ARM.Collect$$$$00000000  mc_w.l(entry.o)
    0x08000130   0x08000130   0x00000004   Code   RO         2285    .ARM.Collect$$$$00000001  mc_w.l(entry2.o)
    0x08000134   0x08000134   0x00000004   Code   RO         2288    .ARM.Collect$$$$00000004  mc_w.l(entry5.o)
    0x08000138   0x08000138   0x00000000   Code   RO         2290    .ARM.Collect$$$$00000008  mc_w.l(entry7b.o)
    0x08000138   0x08000138   0x00000000   Code   RO         2292    .ARM.Collect$$$$0000000A  mc_w.l(entry8b.o)
    0x08000138   0x08000138   0x00000008   Code   RO         2293    .ARM.Collect$$$$0000000B  mc_w.l(entry9a.o)
    0x08000140   0x08000140   0x00000004   Code   RO         2300    .ARM.Collect$$$$0000000E  mc_w.l(entry12b.o)
    0x08000144   0x08000144   0x00000000   Code   RO         2295    .ARM.Collect$$$$0000000F  mc_w.l(entry10a.o)
    0x08000144   0x08000144   0x00000000   Code   RO         2297    .ARM.Collect$$$$00000011  mc_w.l(entry11a.o)
    0x08000144   0x08000144   0x00000004   Code   RO         2286    .ARM.Collect$$$$00002712  mc_w.l(entry2.o)
    0x08000148   0x08000148   0x00000010   Code   RO         1191    .emb_text           cm_backtrace.o
    0x08000158   0x08000158   0x00000096   Code   RO         1423    .emb_text           port.o
    0x080001ee   0x080001ee   0x00000002   PAD
    0x080001f0   0x080001f0   0x000003b8   Code   RO            4    .text               api_utc.o
    0x080005a8   0x080005a8   0x0000022e   Code   RO          179    .text               fifo.o
    0x080007d6   0x080007d6   0x00000002   PAD
    0x080007d8   0x080007d8   0x000000c0   Code   RO          242    .text               print_monitor.o
    0x08000898   0x08000898   0x000003c4   Code   RO          342    .text               eeprom.o
    0x08000c5c   0x08000c5c   0x000001d8   Code   RO          411    .text               temperatureinside.o
    0x08000e34   0x08000e34   0x000002d4   Code   RO          448    .text               bsp_uartcomm.o
    0x08001108   0x08001108   0x0000022c   Code   RO          493    .text               bsp_gpio.o
    0x08001334   0x08001334   0x00000100   Code   RO          533    .text               bsp_usart1.o
    0x08001434   0x08001434   0x00000140   Code   RO          584    .text               bsp_i2c.o
    0x08001574   0x08001574   0x00000024   Code   RO          606    .text               initcall.o
    0x08001598   0x08001598   0x00000568   Code   RO          627    .text               pwm.o
    0x08001b00   0x08001b00   0x000003a8   Code   RO          658    .text               bsp_i2cs0.o
    0x08001ea8   0x08001ea8   0x0000009c   Code   RO          689    .text               bsp_i2ccomm.o
    0x08001f44   0x08001f44   0x000003a8   Code   RO          726    .text               bsp_i2cs1.o
    0x080022ec   0x080022ec   0x0000016c   Code   RO          784    .text               bsp_key.o
    0x08002458   0x08002458   0x00000478   Code   RO          817    .text               tm1637.o
    0x080028d0   0x080028d0   0x000001b8   Code   RO          850    .text               bsp_wdg.o
    0x08002a88   0x08002a88   0x000002a0   Code   RO          880    .text               bsp_rtc.o
    0x08002d28   0x08002d28   0x00001380   Code   RO          913    .text               shell.o
    0x080040a8   0x080040a8   0x0000034a   Code   RO          962    .text               shell_ext.o
    0x080043f2   0x080043f2   0x00000002   PAD
    0x080043f4   0x080043f4   0x0000004c   Code   RO          986    .text               shell_port.o
    0x08004440   0x08004440   0x000003b8   Code   RO         1031    .text               gpio_shell.o
    0x080047f8   0x080047f8   0x000004ac   Code   RO         1066    .text               main.o
    0x08004ca4   0x08004ca4   0x00000208   Code   RO         1141    .text               stm32f1xx_hal_msp.o
    0x08004eac   0x08004eac   0x00000080   Code   RO         1166    .text               stm32f1xx_it.o
    0x08004f2c   0x08004f2c   0x00000bb4   Code   RO         1195    .text               cm_backtrace.o
    0x08005ae0   0x08005ae0   0x0000000c   Code   RO         1227    .text               cmb_fault.o
    0x08005aec   0x08005aec   0x00000024   Code   RO         1234    .text               startup_stm32f103xe.o
    0x08005b10   0x08005b10   0x000000a4   Code   RO         1241    .text               system_stm32f1xx.o
    0x08005bb4   0x08005bb4   0x00000094   Code   RO         1308    .text               list.o
    0x08005c48   0x08005c48   0x00001078   Code   RO         1320    .text               queue.o
    0x08006cc0   0x08006cc0   0x00001fb8   Code   RO         1356    .text               tasks.o
    0x08008c78   0x08008c78   0x000006f8   Code   RO         1378    .text               timers.o
    0x08009370   0x08009370   0x00000340   Code   RO         1408    .text               heap_4.o
    0x080096b0   0x080096b0   0x000002a4   Code   RO         1424    .text               port.o
    0x08009954   0x08009954   0x000004f4   Code   RO         1480    .text               stm32f1xx_hal_gpio.o
    0x08009e48   0x08009e48   0x00000f00   Code   RO         1504    .text               stm32f1xx_hal_dma.o
    0x0800ad48   0x0800ad48   0x00000208   Code   RO         1546    .text               stm32f1xx_hal_pwr.o
    0x0800af50   0x0800af50   0x00003b3c   Code   RO         1622    .text               stm32f1xx_hal_tim.o
    0x0800ea8c   0x0800ea8c   0x000016f8   Code   RO         1646    .text               stm32f1xx_hal_tim_ex.o
    0x08010184   0x08010184   0x00001950   Code   RO         1670    .text               stm32f1xx_hal_uart.o
    0x08011ad4   0x08011ad4   0x000001bc   Code   RO         1718    .text               stm32f1xx_hal.o
    0x08011c90   0x08011c90   0x000002e8   Code   RO         1748    .text               stm32f1xx_hal_cortex.o
    0x08011f78   0x08011f78   0x00000bfa   Code   RO         1776    .text               stm32f1xx_hal_rtc.o
    0x08012b72   0x08012b72   0x00000002   PAD
    0x08012b74   0x08012b74   0x0000094c   Code   RO         1800    .text               stm32f1xx_hal_rcc.o
    0x080134c0   0x080134c0   0x00000290   Code   RO         1825    .text               stm32f1xx_hal_rcc_ex.o
    0x08013750   0x08013750   0x00004990   Code   RO         1850    .text               stm32f1xx_hal_i2c.o
    0x080180e0   0x080180e0   0x000002ec   Code   RO         1874    .text               stm32f1xx_hal_rtc_ex.o
    0x080183cc   0x080183cc   0x00000dbc   Code   RO         1898    .text               stm32f1xx_hal_adc.o
    0x08019188   0x08019188   0x00000a10   Code   RO         1922    .text               stm32f1xx_hal_adc_ex.o
    0x08019b98   0x08019b98   0x0000006c   Code   RO         1946    .text               stm32f1xx_hal_iwdg.o
    0x08019c04   0x08019c04   0x00000020   Code   RO         1970    .text               mc_w.l(llushr.o)
    0x08019c24   0x08019c24   0x00000024   Code   RO         1972    .text               mc_w.l(memcpya.o)
    0x08019c48   0x08019c48   0x00000024   Code   RO         1976    .text               mc_w.l(memseta.o)
    0x08019c6c   0x08019c6c   0x00000018   Code   RO         1978    .text               mc_w.l(strncpy.o)
    0x08019c84   0x08019c84   0x0000000e   Code   RO         1980    .text               mc_w.l(strlen.o)
    0x08019c92   0x08019c92   0x0000001c   Code   RO         1982    .text               mc_w.l(strcmp.o)
    0x08019cae   0x08019cae   0x0000001e   Code   RO         1984    .text               mc_w.l(strncmp.o)
    0x08019ccc   0x08019ccc   0x00000044   Code   RO         1986    .text               mc_w.l(strtok.o)
    0x08019d10   0x08019d10   0x00000038   Code   RO         2255    .text               mc_w.l(__0sscanf.o)
    0x08019d48   0x08019d48   0x0000014c   Code   RO         2257    .text               mc_w.l(_scanf_int.o)
    0x08019e94   0x08019e94   0x00000070   Code   RO         2259    .text               mc_w.l(strtol.o)
    0x08019f04   0x08019f04   0x0000001a   Code   RO         2261    .text               mc_w.l(atoi.o)
    0x08019f1e   0x08019f1e   0x00000064   Code   RO         2263    .text               mf_w.l(fmul.o)
    0x08019f82   0x08019f82   0x0000007c   Code   RO         2265    .text               mf_w.l(fdiv.o)
    0x08019ffe   0x08019ffe   0x0000014e   Code   RO         2267    .text               mf_w.l(dadd.o)
    0x0801a14c   0x0801a14c   0x000000de   Code   RO         2269    .text               mf_w.l(ddiv.o)
    0x0801a22a   0x0801a22a   0x00000012   Code   RO         2271    .text               mf_w.l(fflti.o)
    0x0801a23c   0x0801a23c   0x0000000a   Code   RO         2273    .text               mf_w.l(ffltui.o)
    0x0801a246   0x0801a246   0x00000022   Code   RO         2275    .text               mf_w.l(dflti.o)
    0x0801a268   0x0801a268   0x00000032   Code   RO         2277    .text               mf_w.l(ffixi.o)
    0x0801a29a   0x0801a29a   0x0000003e   Code   RO         2279    .text               mf_w.l(dfixi.o)
    0x0801a2d8   0x0801a2d8   0x00000026   Code   RO         2281    .text               mf_w.l(f2d.o)
    0x0801a2fe   0x0801a2fe   0x00000038   Code   RO         2283    .text               mf_w.l(d2f.o)
    0x0801a336   0x0801a336   0x0000002c   Code   RO         2302    .text               mc_w.l(uidiv.o)
    0x0801a362   0x0801a362   0x00000062   Code   RO         2304    .text               mc_w.l(uldiv.o)
    0x0801a3c4   0x0801a3c4   0x0000001e   Code   RO         2306    .text               mc_w.l(llshl.o)
    0x0801a3e2   0x0801a3e2   0x00000024   Code   RO         2308    .text               mc_w.l(llsshr.o)
    0x0801a406   0x0801a406   0x00000002   PAD
    0x0801a408   0x0801a408   0x00000008   Code   RO         2310    .text               mc_w.l(ctype_o.o)
    0x0801a410   0x0801a410   0x00000012   Code   RO         2332    .text               mc_w.l(isspace_o.o)
    0x0801a422   0x0801a422   0x0000001c   Code   RO         2345    .text               mc_w.l(_chval.o)
    0x0801a43e   0x0801a43e   0x00000002   PAD
    0x0801a440   0x0801a440   0x00000028   Code   RO         2347    .text               mc_w.l(scanf_char.o)
    0x0801a468   0x0801a468   0x00000040   Code   RO         2349    .text               mc_w.l(_sgetc.o)
    0x0801a4a8   0x0801a4a8   0x0000009e   Code   RO         2351    .text               mc_w.l(_strtoul.o)
    0x0801a546   0x0801a546   0x00000000   Code   RO         2353    .text               mc_w.l(iusefp.o)
    0x0801a546   0x0801a546   0x0000006e   Code   RO         2354    .text               mf_w.l(fepilogue.o)
    0x0801a5b4   0x0801a5b4   0x000000ba   Code   RO         2356    .text               mf_w.l(depilogue.o)
    0x0801a66e   0x0801a66e   0x000000e4   Code   RO         2358    .text               mf_w.l(dmul.o)
    0x0801a752   0x0801a752   0x00000030   Code   RO         2360    .text               mf_w.l(dfixul.o)
    0x0801a782   0x0801a782   0x00000002   PAD
    0x0801a784   0x0801a784   0x00000030   Code   RO         2362    .text               mf_w.l(cdrcmple.o)
    0x0801a7b4   0x0801a7b4   0x00000024   Code   RO         2364    .text               mc_w.l(init.o)
    0x0801a7d8   0x0801a7d8   0x00000330   Code   RO         2368    .text               mc_w.l(_scanf.o)
    0x0801ab08   0x0801ab08   0x00000056   Code   RO         2381    .text               mc_w.l(__dczerorl2.o)
    0x0801ab5e   0x0801ab5e   0x00000006   Code   RO         1094    i.Error_Handler     main.o
    0x0801ab64   0x0801ab64   0x0000000e   Code   RO          197    i.FIFO_Empty        fifo.o
    0x0801ab72   0x0801ab72   0x00000010   Code   RO          469    i.UART_sendByte     bsp_uartcomm.o
    0x0801ab82   0x0801ab82   0x00000002   PAD
    0x0801ab84   0x0801ab84   0x00000020   Code   RO         2227    i.__0printf         mc_w.l(printfa.o)
    0x0801aba4   0x0801aba4   0x00000028   Code   RO         2229    i.__0sprintf        mc_w.l(printfa.o)
    0x0801abcc   0x0801abcc   0x00000034   Code   RO         2232    i.__0vsnprintf      mc_w.l(printfa.o)
    0x0801ac00   0x0801ac00   0x00000008   Code   RO         2338    i.__aeabi_errno_addr  mc_w.l(errno.o)
    0x0801ac08   0x0801ac08   0x0000000e   Code   RO         2375    i.__scatterload_copy  mc_w.l(handlers.o)
    0x0801ac16   0x0801ac16   0x00000002   Code   RO         2376    i.__scatterload_null  mc_w.l(handlers.o)
    0x0801ac18   0x0801ac18   0x0000000e   Code   RO         2377    i.__scatterload_zeroinit  mc_w.l(handlers.o)
    0x0801ac26   0x0801ac26   0x00000002   PAD
    0x0801ac28   0x0801ac28   0x00000184   Code   RO         2234    i._fp_digits        mc_w.l(printfa.o)
    0x0801adac   0x0801adac   0x000006b4   Code   RO         2235    i._printf_core      mc_w.l(printfa.o)
    0x0801b460   0x0801b460   0x00000024   Code   RO         2236    i._printf_post_padding  mc_w.l(printfa.o)
    0x0801b484   0x0801b484   0x0000002e   Code   RO         2237    i._printf_pre_padding  mc_w.l(printfa.o)
    0x0801b4b2   0x0801b4b2   0x00000016   Code   RO         2238    i._snputc           mc_w.l(printfa.o)
    0x0801b4c8   0x0801b4c8   0x0000000a   Code   RO         2239    i._sputc            mc_w.l(printfa.o)
    0x0801b4d2   0x0801b4d2   0x00000002   PAD
    0x0801b4d4   0x0801b4d4   0x00000030   Data   RO            5    .constdata          api_utc.o
    0x0801b504   0x0801b504   0x00000015   Data   RO          344    .constdata          eeprom.o
    0x0801b519   0x0801b519   0x0000001c   Data   RO          413    .constdata          temperatureinside.o
    0x0801b535   0x0801b535   0x00000003   PAD
    0x0801b538   0x0801b538   0x000000a8   Data   RO          494    .constdata          bsp_gpio.o
    0x0801b5e0   0x0801b5e0   0x00000029   Data   RO          629    .constdata          pwm.o
    0x0801b609   0x0801b609   0x00000016   Data   RO          819    .constdata          tm1637.o
    0x0801b61f   0x0801b61f   0x00000001   PAD
    0x0801b620   0x0801b620   0x00000038   Data   RO          852    .constdata          bsp_wdg.o
    0x0801b658   0x0801b658   0x0000001b   Data   RO          882    .constdata          bsp_rtc.o
    0x0801b673   0x0801b673   0x000000a5   Data   RO          915    .constdata          shell.o
    0x0801b718   0x0801b718   0x0000002a   Data   RO         1032    .constdata          gpio_shell.o
    0x0801b742   0x0801b742   0x00000012   Data   RO         1068    .constdata          main.o
    0x0801b754   0x0801b754   0x00000114   Data   RO         1197    .constdata          cm_backtrace.o
    0x0801b868   0x0801b868   0x00000018   Data   RO         1242    .constdata          system_stm32f1xx.o
    0x0801b880   0x0801b880   0x00000012   Data   RO         1801    .constdata          stm32f1xx_hal_rcc.o
    0x0801b892   0x0801b892   0x00000012   Data   RO         1826    .constdata          stm32f1xx_hal_rcc_ex.o
    0x0801b8a4   0x0801b8a4   0x00000081   Data   RO         2311    .constdata          mc_w.l(ctype_o.o)
    0x0801b925   0x0801b925   0x00000003   PAD
    0x0801b928   0x0801b928   0x00000004   Data   RO         2312    .constdata          mc_w.l(ctype_o.o)
    0x0801b92c   0x0801b92c   0x00000030   Data   RO            6    .conststring        api_utc.o
    0x0801b95c   0x0801b95c   0x0000004b   Data   RO          345    .conststring        eeprom.o
    0x0801b9a7   0x0801b9a7   0x00000001   PAD
    0x0801b9a8   0x0801b9a8   0x0000002e   Data   RO          495    .conststring        bsp_gpio.o
    0x0801b9d6   0x0801b9d6   0x00000002   PAD
    0x0801b9d8   0x0801b9d8   0x00000102   Data   RO          853    .conststring        bsp_wdg.o
    0x0801bada   0x0801bada   0x00000002   PAD
    0x0801badc   0x0801badc   0x00000159   Data   RO          916    .conststring        shell.o
    0x0801bc35   0x0801bc35   0x00000003   PAD
    0x0801bc38   0x0801bc38   0x0000004f   Data   RO         1033    .conststring        gpio_shell.o
    0x0801bc87   0x0801bc87   0x00000001   PAD
    0x0801bc88   0x0801bc88   0x00000109   Data   RO         1069    .conststring        main.o
    0x0801bd91   0x0801bd91   0x00000003   PAD
    0x0801bd94   0x0801bd94   0x00000879   Data   RO         1198    .conststring        cm_backtrace.o
    0x0801c60d   0x0801c60d   0x00000003   PAD
    0x0801c610   0x0801c610   0x00000020   Data   RO         2373    Region$$Table       anon$$obj.o
    0x0801c630   0x0801c630   0x00000010   Data   RO          347    shellCommand        eeprom.o
    0x0801c640   0x0801c640   0x00000010   Data   RO          416    shellCommand        temperatureinside.o
    0x0801c650   0x0801c650   0x00000010   Data   RO          632    shellCommand        pwm.o
    0x0801c660   0x0801c660   0x00000010   Data   RO          884    shellCommand        bsp_rtc.o
    0x0801c670   0x0801c670   0x000000f0   Data   RO          918    shellCommand        shell.o
    0x0801c760   0x0801c760   0x00000010   Data   RO         1034    shellCommand        gpio_shell.o
    0x0801c770   0x0801c770   0x00000010   Data   RO         1071    shellCommand        main.o
    0x0801c780   0x0801c780   0x00000010   Data   RO         1200    shellCommand        cm_backtrace.o


    Execution Region MY_REGION (Exec base: 0x0801c790, Load base: 0x0801c790, Size: 0x00000028, Max: 0xffffffff, ABSOLUTE)

    Exec Addr    Load Addr    Size         Type   Attr      Idx    E Section Name        Object

    0x0801c790   0x0801c790   0x00000004   Data   RO          415    .initcall.1.core.init  temperatureinside.o
    0x0801c794   0x0801c794   0x00000004   Data   RO          631    .initcall.1.core.init  pwm.o
    0x0801c798   0x0801c798   0x00000004   Data   RO          786    .initcall.1.core.init  bsp_key.o
    0x0801c79c   0x0801c79c   0x00000004   Data   RO          883    .initcall.1.core.init  bsp_rtc.o
    0x0801c7a0   0x0801c7a0   0x0000000c   Data   RO          607    .initcall.2.app.init  initcall.o
    0x0801c7ac   0x0801c7ac   0x00000004   Data   RO          661    .initcall.2.app.init  bsp_i2cs0.o
    0x0801c7b0   0x0801c7b0   0x00000004   Data   RO          729    .initcall.2.app.init  bsp_i2cs1.o
    0x0801c7b4   0x0801c7b4   0x00000004   Data   RO          821    .initcall.2.app.init  tm1637.o


    Execution Region RW_IRAM1 (Exec base: 0x20000000, Load base: 0x0801c7b8, Size: 0x00008e98, Max: 0x0000c000, ABSOLUTE, COMPRESSED[0x00000084])

    Exec Addr    Load Addr    Size         Type   Attr      Idx    E Section Name        Object

    0x20000000   COMPRESSED   0x00000008   Data   RW          243    .data               print_monitor.o
    0x20000008   COMPRESSED   0x00000001   Data   RW          346    .data               eeprom.o
    0x20000009   COMPRESSED   0x00000001   Data   RW          414    .data               temperatureinside.o
    0x2000000a   COMPRESSED   0x00000002   PAD
    0x2000000c   COMPRESSED   0x00000005   Data   RW          449    .data               bsp_uartcomm.o
    0x20000011   COMPRESSED   0x00000003   PAD
    0x20000014   COMPRESSED   0x00000080   Data   RW          535    .data               bsp_usart1.o
    0x20000094   COMPRESSED   0x00000008   Data   RW          630    .data               pwm.o
    0x2000009c   COMPRESSED   0x00000004   Data   RW          660    .data               bsp_i2cs0.o
    0x200000a0   COMPRESSED   0x00000004   Data   RW          728    .data               bsp_i2cs1.o
    0x200000a4   COMPRESSED   0x00000008   Data   RW          785    .data               bsp_key.o
    0x200000ac   COMPRESSED   0x00000002   Data   RW          820    .data               tm1637.o
    0x200000ae   COMPRESSED   0x00000002   PAD
    0x200000b0   COMPRESSED   0x00000004   Data   RW          854    .data               bsp_wdg.o
    0x200000b4   COMPRESSED   0x00000054   Data   RW          917    .data               shell.o
    0x20000108   COMPRESSED   0x00000028   Data   RW         1070    .data               main.o
    0x20000130   COMPRESSED   0x0000003c   Data   RW         1199    .data               cm_backtrace.o
    0x2000016c   COMPRESSED   0x00000004   Data   RW         1243    .data               system_stm32f1xx.o
    0x20000170   COMPRESSED   0x00000040   Data   RW         1358    .data               tasks.o
    0x200001b0   COMPRESSED   0x00000014   Data   RW         1380    .data               timers.o
    0x200001c4   COMPRESSED   0x00000020   Data   RW         1410    .data               heap_4.o
    0x200001e4   COMPRESSED   0x0000000c   Data   RW         1425    .data               port.o
    0x200001f0   COMPRESSED   0x00000009   Data   RW         1719    .data               stm32f1xx_hal.o
    0x200001f9   COMPRESSED   0x00000003   PAD
    0x200001fc   COMPRESSED   0x00000004   Data   RW         1987    .data               mc_w.l(strtok.o)
    0x20000200   COMPRESSED   0x00000004   Data   RW         2301    .data               mc_w.l(stdout.o)
    0x20000204   COMPRESSED   0x00000004   Data   RW         2341    .data               mc_w.l(errno.o)
    0x20000208        -       0x00000400   Zero   RW          343    .bss                eeprom.o
    0x20000608        -       0x00000084   Zero   RW          412    .bss                temperatureinside.o
    0x2000068c        -       0x0000026a   Zero   RW          534    .bss                bsp_usart1.o
    0x200008f6   COMPRESSED   0x00000002   PAD
    0x200008f8        -       0x00000078   Zero   RW          628    .bss                pwm.o
    0x20000970        -       0x00000038   Zero   RW          659    .bss                bsp_i2cs0.o
    0x200009a8        -       0x00000038   Zero   RW          727    .bss                bsp_i2cs1.o
    0x200009e0        -       0x0000000c   Zero   RW          818    .bss                tm1637.o
    0x200009ec        -       0x0000000c   Zero   RW          851    .bss                bsp_wdg.o
    0x200009f8        -       0x00000024   Zero   RW          881    .bss                bsp_rtc.o
    0x20000a1c        -       0x0000001d   Zero   RW          914    .bss                shell.o
    0x20000a39   COMPRESSED   0x00000003   PAD
    0x20000a3c        -       0x00000134   Zero   RW          987    .bss                shell_port.o
    0x20000b70        -       0x000000c8   Zero   RW         1067    .bss                main.o
    0x20000c38        -       0x00000134   Zero   RW         1196    .bss                cm_backtrace.o
    0x20000d6c        -       0x00000040   Zero   RW         1321    .bss                queue.o
    0x20000dac        -       0x000004c4   Zero   RW         1357    .bss                tasks.o
    0x20001270        -       0x00000028   Zero   RW         1379    .bss                timers.o
    0x20001298        -       0x00007800   Zero   RW         1409    .bss                heap_4.o
    0x20008a98        -       0x00000400   Zero   RW         1231    STACK               startup_stm32f103xe.o


==============================================================================

Image component sizes


      Code (inc. data)   RO Data    RW Data    ZI Data      Debug   Object Name

       952        122         96          0          0     541370   api_utc.o
       556         60        214          0          0       4235   bsp_gpio.o
       320         14          0          0          0       2240   bsp_i2c.o
       156          0          0          0          0       1904   bsp_i2ccomm.o
       936         20          4          4         56       4929   bsp_i2cs0.o
       936         20          4          4         56       4929   bsp_i2cs1.o
       364         88          4          8          0       2211   bsp_key.o
       672        190         47          0         36       2586   bsp_rtc.o
       740         12          0          5          0       5572   bsp_uartcomm.o
       256         16          0        128        618      13937   bsp_usart1.o
       440        110        314          4         12       1909   bsp_wdg.o
      3012        576       2461         60        308       9241   cm_backtrace.o
        12          0          0          0          0        356   cmb_fault.o
       964        184        112          1       1024      10862   eeprom.o
         0          0          0          0          0      11824   event_groups.o
       572          0          0          0          0      12713   fifo.o
       952        550        137          0          0       2802   gpio_shell.o
       832         32          0         32      30720       4258   heap_4.o
        36          8         12          0          0       2175   initcall.o
       148          0          0          0          0       2014   list.o
      1202        348        299         40        200       7209   main.o
       826         38          0         12          0       7838   port.o
       192          8          0          8          0      18734   print_monitor.o
      1384        280         61          8        120       4883   pwm.o
      4216         20          0          0         64      22657   queue.o
      4992        142        750         84         29      25950   shell.o
       842          8          0          0          0       3728   shell_ext.o
        76         12          0          0        308       1565   shell_port.o
        36          8        304          0       1024        748   startup_stm32f103xe.o
       444         38          0          9          0       7577   stm32f1xx_hal.o
      3516         96          0          0          0       9590   stm32f1xx_hal_adc.o
      2576         70          0          0          0       6634   stm32f1xx_hal_adc_ex.o
       744         20          0          0          0      30634   stm32f1xx_hal_cortex.o
      3840         42          0          0          0       6673   stm32f1xx_hal_dma.o
      1268         40          0          0          0       3923   stm32f1xx_hal_gpio.o
     18832        302          0          0          0      41286   stm32f1xx_hal_i2c.o
       108          0          0          0          0       1437   stm32f1xx_hal_iwdg.o
       520         30          0          0          0       2108   stm32f1xx_hal_msp.o
       520         20          0          0          0       4163   stm32f1xx_hal_pwr.o
      2380         88         18          0          0       5535   stm32f1xx_hal_rcc.o
       656         28         18          0          0       2228   stm32f1xx_hal_rcc_ex.o
      3066         34          0          0          0      11225   stm32f1xx_hal_rtc.o
       748          6          0          0          0       4561   stm32f1xx_hal_rtc_ex.o
     15164        258          0          0          0      42090   stm32f1xx_hal_tim.o
      5880        152          0          0          0      16883   stm32f1xx_hal_tim_ex.o
      6480         46          0          0          0      22504   stm32f1xx_hal_uart.o
       128         20          0          0          0       1926   stm32f1xx_it.o
       164         20         24          4          0       1401   system_stm32f1xx.o
      8120        390          0         64       1220      37541   tasks.o
       472         64         48          1        132       3754   temperatureinside.o
      1784         70          0         20         40      25608   timers.o
      1144         52         26          2         12       7175   tm1637.o

    ----------------------------------------------------------------------
    105186       4752       5004        508      35984    1031835   Object Totals
         0          0         32          0          0          0   (incl. Generated)
        10          0         19         10          5          0   (incl. Padding)

    ----------------------------------------------------------------------

      Code (inc. data)   RO Data    RW Data    ZI Data      Debug   Library Member Name

        56          8          0          0          0         84   __0sscanf.o
        86          0          0          0          0          0   __dczerorl2.o
        28          0          0          0          0         68   _chval.o
       816          6          0          0          0        112   _scanf.o
       332          0          0          0          0         96   _scanf_int.o
        64          0          0          0          0         84   _sgetc.o
       158          0          0          0          0         92   _strtoul.o
        26          0          0          0          0         80   atoi.o
         8          4        133          0          0         68   ctype_o.o
         0          0          0          0          0          0   entry.o
         0          0          0          0          0          0   entry10a.o
         0          0          0          0          0          0   entry11a.o
         4          0          0          0          0          0   entry12b.o
         8          4          0          0          0          0   entry2.o
         4          0          0          0          0          0   entry5.o
         0          0          0          0          0          0   entry7b.o
         0          0          0          0          0          0   entry8b.o
         8          4          0          0          0          0   entry9a.o
         8          4          0          4          0         68   errno.o
        30          0          0          0          0          0   handlers.o
        36          8          0          0          0         68   init.o
        18          0          0          0          0         76   isspace_o.o
         0          0          0          0          0          0   iusefp.o
        30          0          0          0          0         68   llshl.o
        36          0          0          0          0         68   llsshr.o
        32          0          0          0          0         68   llushr.o
        36          0          0          0          0         68   memcpya.o
        36          0          0          0          0        108   memseta.o
      2342        102          0          0          0        764   printfa.o
        40          8          0          0          0         84   scanf_char.o
         0          0          0          4          0          0   stdout.o
        28          0          0          0          0         76   strcmp.o
        14          0          0          0          0         68   strlen.o
        30          0          0          0          0         80   strncmp.o
        24          0          0          0          0         76   strncpy.o
        68          6          0          4          0         80   strtok.o
       112          0          0          0          0         88   strtol.o
        44          0          0          0          0         80   uidiv.o
        98          0          0          0          0         92   uldiv.o
        48          0          0          0          0         68   cdrcmple.o
        56          0          0          0          0         88   d2f.o
       334          0          0          0          0        148   dadd.o
       222          0          0          0          0        100   ddiv.o
       186          0          0          0          0        176   depilogue.o
        62          0          0          0          0         80   dfixi.o
        48          0          0          0          0         68   dfixul.o
        34          0          0          0          0         76   dflti.o
       228          0          0          0          0         96   dmul.o
        38          0          0          0          0         68   f2d.o
       124          0          0          0          0         88   fdiv.o
       110          0          0          0          0        168   fepilogue.o
        50          0          0          0          0         68   ffixi.o
        18          0          0          0          0         68   fflti.o
        10          0          0          0          0         68   ffltui.o
       100          0          0          0          0         76   fmul.o

    ----------------------------------------------------------------------
      6338        154        136         12          0       4268   Library Totals
        10          0          3          0          0          0   (incl. Padding)

    ----------------------------------------------------------------------

      Code (inc. data)   RO Data    RW Data    ZI Data      Debug   Library Name

      4660        154        133         12          0       2764   mc_w.l
      1668          0          0          0          0       1504   mf_w.l

    ----------------------------------------------------------------------
      6338        154        136         12          0       4268   Library Totals

    ----------------------------------------------------------------------

==============================================================================


      Code (inc. data)   RO Data    RW Data    ZI Data      Debug   

    111524       4906       5140        520      35984    1028847   Grand Totals
    111524       4906       5140        132      35984    1028847   ELF Image Totals (compressed)
    111524       4906       5140        132          0          0   ROM Totals

==============================================================================

    Total RO  Size (Code + RO Data)               116664 ( 113.93kB)
    Total RW  Size (RW Data + ZI Data)             36504 (  35.65kB)
    Total ROM Size (Code + RO Data + RW Data)     116796 ( 114.06kB)

==============================================================================

