Component: ARM Compiler 5.06 update 7 (build 960) Tool: armlink [4d3601]

==============================================================================

Section Cross References

    api_utc.o(.text) refers to strlen.o(.text) for strlen
    api_utc.o(.text) refers to strtok.o(.text) for strtok
    api_utc.o(.text) refers to memcpya.o(.text) for __aeabi_memcpy4
    api_utc.o(.text) refers to strcmp.o(.text) for strcmp
    api_utc.o(.text) refers to printfa.o(i.__0printf) for __2printf
    api_utc.o(.text) refers to atoi.o(.text) for atoi
    api_utc.o(.text) refers to api_utc.o(.constdata) for .constdata
    api_utc.o(.text) refers to main.o(.data) for g_debugLevel
    api_utc.o(.constdata) refers to api_utc.o(.conststring) for .conststring
    fifo.o(.text) refers to port.o(.text) for vPortEnterCritical
    print_monitor.o(.text) refers to queue.o(.text) for xQueueGenericCreate
    print_monitor.o(.text) refers to tasks.o(.text) for vTaskDelay
    print_monitor.o(.text) refers to bsp_uartcomm.o(.text) for UART_sendContinueDMA
    print_monitor.o(.text) refers to port.o(.emb_text) for vPortGetIPSR
    print_monitor.o(.text) refers to print_monitor.o(.data) for g_Queue_uartResend
    i2cforward.o(.text) refers to port.o(.text) for vPortEnterCritical
    i2cforward.o(.text) refers to tasks.o(.text) for vTaskDelay
    i2cforward.o(.text) refers to memcpya.o(.text) for __aeabi_memcpy
    i2cforward.o(.text) refers to fifo.o(i.FIFO_Empty) for FIFO_Empty
    i2cforward.o(.text) refers to bsp_i2c.o(.text) for i2c_write_bytes
    i2cforward.o(.text) refers to printfa.o(i.__0printf) for __2printf
    i2cforward.o(.text) refers to main.o(.bss) for hi2c1
    i2cforward.o(.text) refers to i2cforward.o(.data) for g_I2cRecvBuf
    i2cforward.o(.text) refers to bsp_usart1.o(.data) for g_UARTPara
    i2cforward.o(.text) refers to i2cforward.o(.bss) for g_I2cSendBuf
    eeprom.o(.text) refers to bsp_i2ccomm.o(.text) for I2C_Rx
    eeprom.o(.text) refers to tasks.o(.text) for vTaskDelay
    eeprom.o(.text) refers to strtol.o(.text) for strtol
    eeprom.o(.text) refers to printfa.o(i.__0printf) for __2printf
    eeprom.o(.text) refers to eeprom.o(.data) for I2C1_EEPROM_ADDR
    eeprom.o(.text) refers to eeprom.o(.conststring) for .conststring
    eeprom.o(.text) refers to eeprom.o(.bss) for EEPROM_Buf
    eeprom.o(shellCommand) refers to eeprom.o(.constdata) for shellCmdee
    eeprom.o(shellCommand) refers to eeprom.o(.text) for cmd_EEPROM
    bsp_uartcomm.o(.text) refers to fifo.o(i.FIFO_Empty) for FIFO_Empty
    bsp_uartcomm.o(.text) refers to fifo.o(.text) for FIFO_Read
    bsp_uartcomm.o(.text) refers to stm32f1xx_hal_uart.o(.text) for HAL_UART_Transmit_IT
    bsp_uartcomm.o(.text) refers to tasks.o(.text) for xTaskGetSchedulerState
    bsp_uartcomm.o(.text) refers to print_monitor.o(.text) for PrintMonitor_PostdMsg
    bsp_uartcomm.o(.text) refers to bsp_uartcomm.o(i.UART_sendByte) for UART_sendByte
    bsp_uartcomm.o(.text) refers to port.o(.text) for vPortEnterCritical
    bsp_uartcomm.o(.text) refers to bsp_usart1.o(.text) for UART1_init
    bsp_uartcomm.o(.text) refers to bsp_uartcomm.o(.data) for g_pUARTSHandler
    bsp_gpio.o(.text) refers to stm32f1xx_hal_gpio.o(.text) for HAL_GPIO_Init
    bsp_gpio.o(.text) refers to printfa.o(i.__0printf) for __2printf
    bsp_gpio.o(.text) refers to bsp_gpio.o(.constdata) for g_gpioConfigComm
    bsp_gpio.o(.constdata) refers to bsp_gpio.o(.conststring) for .conststring
    bsp_usart1.o(.text) refers to fifo.o(.text) for FIFO_Init
    bsp_usart1.o(.text) refers to bsp_uartcomm.o(.text) for com_registHandler
    bsp_usart1.o(.text) refers to stm32f1xx_hal_uart.o(.text) for HAL_UART_Init
    bsp_usart1.o(.text) refers to print_monitor.o(.text) for PrintMonitorInit
    bsp_usart1.o(.text) refers to bsp_usart1.o(.bss) for g_buffSend
    bsp_usart1.o(.text) refers to bsp_usart1.o(.data) for g_UARTPara
    bsp_i2c.o(.text) refers to stm32f1xx_hal_i2c.o(.text) for HAL_I2C_Init
    bsp_i2c.o(.text) refers to main.o(i.Error_Handler) for Error_Handler
    bsp_i2c.o(.text) refers to i2cforward.o(.text) for HAL_I2C_SlaveRxCpltCallback
    bsp_i2c.o(.text) refers to tasks.o(.text) for vTaskDelay
    bsp_i2c.o(.text) refers to stm32f1xx_hal_cortex.o(.text) for HAL_NVIC_EnableIRQ
    bsp_i2c.o(.text) refers to main.o(.bss) for hi2c1
    initcall.o(.initcall.2.app.init) refers to initcall.o(.text) for DemoAppInitStart
    pwm.o(.text) refers to printfa.o(i.__0printf) for __2printf
    pwm.o(.text) refers to stm32f1xx_hal_tim.o(.text) for HAL_TIM_PWM_Stop
    pwm.o(.text) refers to bsp_gpio.o(.text) for GPIO_ReInitGPIO
    pwm.o(.text) refers to main.o(i.Error_Handler) for Error_Handler
    pwm.o(.text) refers to stm32f1xx_hal_cortex.o(.text) for HAL_NVIC_SetPriority
    pwm.o(.text) refers to strtol.o(.text) for strtol
    pwm.o(.text) refers to pwm.o(.constdata) for g_tablePreScale
    pwm.o(.text) refers to main.o(.data) for g_debugLevel
    pwm.o(.text) refers to pwm.o(.bss) for PwmCfg
[...]
    Reboot                                   0x08003db5   Thumb Code     8  main.o(.text)
    HAL_MspInit                              0x08003f19   Thumb Code    58  stm32f1xx_hal_msp.o(.text)
    HAL_I2C_MspInit                          0x08003f53   Thumb Code   138  stm32f1xx_hal_msp.o(.text)
    HAL_I2C_MspDeInit                        0x08003fdd   Thumb Code    60  stm32f1xx_hal_msp.o(.text)
    HAL_UART_MspInit                         0x08004019   Thumb Code   186  stm32f1xx_hal_msp.o(.text)
    HAL_UART_MspDeInit                       0x080040d3   Thumb Code    48  stm32f1xx_hal_msp.o(.text)
    NMI_Handler                              0x08004121   Thumb Code     4  stm32f1xx_it.o(.text)
    MemManage_Handler                        0x08004129   Thumb Code     4  stm32f1xx_it.o(.text)
    BusFault_Handler                         0x0800412d   Thumb Code     4  stm32f1xx_it.o(.text)
    UsageFault_Handler                       0x08004131   Thumb Code     4  stm32f1xx_it.o(.text)
    DebugMon_Handler                         0x08004135   Thumb Code     2  stm32f1xx_it.o(.text)
    SysTick_Handler                          0x08004137   Thumb Code    20  stm32f1xx_it.o(.text)
    DMA1_Channel4_IRQHandler                 0x0800414b   Thumb Code    10  stm32f1xx_it.o(.text)
    DMA1_Channel6_IRQHandler                 0x08004155   Thumb Code    10  stm32f1xx_it.o(.text)
    I2C1_EV_IRQHandler                       0x0800415f   Thumb Code    10  stm32f1xx_it.o(.text)
    I2C1_ER_IRQHandler                       0x08004169   Thumb Code    10  stm32f1xx_it.o(.text)
    USART1_IRQHandler                        0x08004173   Thumb Code    16  stm32f1xx_it.o(.text)
    cm_backtrace_init                        0x08004195   Thumb Code   102  cm_backtrace.o(.text)
    cm_backtrace_firmware_info               0x080041fb   Thumb Code    24  cm_backtrace.o(.text)
    cm_backtrace_call_stack                  0x0800430b   Thumb Code   276  cm_backtrace.o(.text)
    cm_backtrace_assert                      0x08004495   Thumb Code   150  cm_backtrace.o(.text)
    HardFault_Handler_bt                     0x08004959   Thumb Code   598  cm_backtrace.o(.text)
    HardFault_Handler                        0x08004d49   Thumb Code    12  cmb_fault.o(.text)
    Reset_Handler                            0x08004d55   Thumb Code     8  startup_stm32f103xe.o(.text)
    ADC1_2_IRQHandler                        0x08004d6f   Thumb Code     0  startup_stm32f103xe.o(.text)
    ADC3_IRQHandler                          0x08004d6f   Thumb Code     0  startup_stm32f103xe.o(.text)
    CAN1_RX1_IRQHandler                      0x08004d6f   Thumb Code     0  startup_stm32f103xe.o(.text)
    CAN1_SCE_IRQHandler                      0x08004d6f   Thumb Code     0  startup_stm32f103xe.o(.text)
    DMA1_Channel1_IRQHandler                 0x08004d6f   Thumb Code     0  startup_stm32f103xe.o(.text)
    DMA1_Channel2_IRQHandler                 0x08004d6f   Thumb Code     0  startup_stm32f103xe.o(.text)
    DMA1_Channel3_IRQHandler                 0x08004d6f   Thumb Code     0  startup_stm32f103xe.o(.text)
    DMA1_Channel5_IRQHandler                 0x08004d6f   Thumb Code     0  startup_stm32f103xe.o(.text)
    DMA1_Channel7_IRQHandler                 0x08004d6f   Thumb Code     0  startup_stm32f103xe.o(.text)
    DMA2_Channel1_IRQHandler                 0x08004d6f   Thumb Code     0  startup_stm32f103xe.o(.text)
    DMA2_Channel2_IRQHandler                 0x08004d6f   Thumb Code     0  startup_stm32f103xe.o(.text)
    DMA2_Channel3_IRQHandler                 0x08004d6f   Thumb Code     0  startup_stm32f103xe.o(.text)
    DMA2_Channel4_5_IRQHandler               0x08004d6f   Thumb Code     0  startup_stm32f103xe.o(.text)
    EXTI0_IRQHandler                         0x08004d6f   Thumb Code     0  startup_stm32f103xe.o(.text)
    EXTI15_10_IRQHandler                     0x08004d6f   Thumb Code     0  startup_stm32f103xe.o(.text)
    EXTI1_IRQHandler                         0x08004d6f   Thumb Code     0  startup_stm32f103xe.o(.text)
    EXTI2_IRQHandler                         0x08004d6f   Thumb Code     0  startup_stm32f103xe.o(.text)
    EXTI3_IRQHandler                         0x08004d6f   Thumb Code     0  startup_stm32f103xe.o(.text)
    EXTI4_IRQHandler                         0x08004d6f   Thumb Code     0  startup_stm32f103xe.o(.text)
    EXTI9_5_IRQHandler                       0x08004d6f   Thumb Code     0  startup_stm32f103xe.o(.text)
    FLASH_IRQHandler                         0x08004d6f   Thumb Code     0  startup_stm32f103xe.o(.text)
    FSMC_IRQHandler                          0x08004d6f   Thumb Code     0  startup_stm32f103xe.o(.text)
    I2C2_ER_IRQHandler                       0x08004d6f   Thumb Code     0  startup_stm32f103xe.o(.text)
    I2C2_EV_IRQHandler                       0x08004d6f   Thumb Code     0  startup_stm32f103xe.o(.text)
    PVD_IRQHandler                           0x08004d6f   Thumb Code     0  startup_stm32f103xe.o(.text)
    RCC_IRQHandler                           0x08004d6f   Thumb Code     0  startup_stm32f103xe.o(.text)
    RTC_Alarm_IRQHandler                     0x08004d6f   Thumb Code     0  startup_stm32f103xe.o(.text)
    RTC_IRQHandler                           0x08004d6f   Thumb Code     0  startup_stm32f103xe.o(.text)
    SDIO_IRQHandler                          0x08004d6f   Thumb Code     0  startup_stm32f103xe.o(.text)
    SPI1_IRQHandler                          0x08004d6f   Thumb Code     0  startup_stm32f103xe.o(.text)
    SPI2_IRQHandler                          0x08004d6f   Thumb Code     0  startup_stm32f103xe.o(.text)
    SPI3_IRQHandler                          0x08004d6f   Thumb Code     0  startup_stm32f103xe.o(.text)
    TAMPER_IRQHandler                        0x08004d6f   Thumb Code     0  startup_stm32f103xe.o(.text)
    TIM1_BRK_IRQHandler                      0x08004d6f   Thumb Code     0  startup_stm32f103xe.o(.text)
    TIM1_CC_IRQHandler                       0x08004d6f   Thumb Code     0  startup_stm32f103xe.o(.text)
    TIM1_TRG_COM_IRQHandler                  0x08004d6f   Thumb Code     0  startup_stm32f103xe.o(.text)
    TIM2_IRQHandler                          0x08004d6f   Thumb Code     0  startup_stm32f103xe.o(.text)
    TIM3_IRQHandler                          0x08004d6f   Thumb Code     0  startup_stm32f103xe.o(.text)
    TIM4_IRQHandler                          0x08004d6f   Thumb Code     0  startup_stm32f103xe.o(.text)
    TIM5_IRQHandler                          0x08004d6f   Thumb Code     0  startup_stm32f103xe.o(.text)
    TIM6_IRQHandler                          0x08004d6f   Thumb Code     0  startup_stm32f103xe.o(.text)
    TIM7_IRQHandler                          0x08004d6f   Thumb Code     0  startup_stm32f103xe.o(.text)
    TIM8_BRK_IRQHandler                      0x08004d6f   Thumb Code     0  startup_stm32f103xe.o(.text)
    TIM8_CC_IRQHandler                       0x08004d6f   Thumb Code     0  startup_stm32f103xe.o(.text)
    TIM8_TRG_COM_IRQHandler                  0x08004d6f   Thumb Code     0  startup_stm32f103xe.o(.text)
    TIM8_UP_IRQHandler                       0x08004d6f   Thumb Code     0  startup_stm32f103xe.o(.text)
    UART4_IRQHandler                         0x08004d6f   Thumb Code     0  startup_stm32f103xe.o(.text)
    UART5_IRQHandler                         0x08004d6f   Thumb Code     0  startup_stm32f103xe.o(.text)
    USART2_IRQHandler                        0x08004d6f   Thumb Code     0  startup_stm32f103xe.o(.text)
    USART3_IRQHandler                        0x08004d6f   Thumb Code     0  startup_stm32f103xe.o(.text)
    USBWakeUp_IRQHandler                     0x08004d6f   Thumb Code     0  startup_stm32f103xe.o(.text)
    USB_HP_CAN1_TX_IRQHandler                0x08004d6f   Thumb Code     0  startup_stm32f103xe.o(.text)
    USB_LP_CAN1_RX0_IRQHandler               0x08004d6f   Thumb Code     0  startup_stm32f103xe.o(.text)
    WWDG_IRQHandler                          0x08004d6f   Thumb Code     0  startup_stm32f103xe.o(.text)
    SystemInit                               0x08004d79   Thumb Code     2  system_stm32f1xx.o(.text)
    SystemCoreClockUpdate                    0x08004d7b   Thumb Code   142  system_stm32f1xx.o(.text)
    vListInitialise                          0x08004e1d   Thumb Code    26  list.o(.text)
    vListInitialiseItem                      0x08004e37   Thumb Code     6  list.o(.text)
    vListInsertEnd                           0x08004e3d   Thumb Code    24  list.o(.text)
    vListInsert                              0x08004e55   Thumb Code    52  list.o(.text)
    uxListRemove                             0x08004e89   Thumb Code    40  list.o(.text)
    xQueueGenericReset                       0x08004eb1   Thumb Code   214  queue.o(.text)
    xQueueGenericCreate                      0x08004fb1   Thumb Code   102  queue.o(.text)
    xQueueGenericSend                        0x08005131   Thumb Code   420  queue.o(.text)
    xQueueCreateMutex                        0x080052f3   Thumb Code    38  queue.o(.text)
    xQueueGetMutexHolder                     0x08005319   Thumb Code    52  queue.o(.text)
    xQueueGetMutexHolderFromISR              0x0800534d   Thumb Code    38  queue.o(.text)
    xQueueGiveMutexRecursive                 0x08005373   Thumb Code    72  queue.o(.text)
    xQueueSemaphoreTake                      0x080053e9   Thumb Code   434  queue.o(.text)
    xQueueTakeMutexRecursive                 0x0800559b   Thumb Code    78  queue.o(.text)
    xQueueCreateCountingSemaphore            0x080055e9   Thumb Code    60  queue.o(.text)
    xQueueGenericSendFromISR                 0x08005625   Thumb Code   288  queue.o(.text)
    xQueueGiveFromISR                        0x08005745   Thumb Code   260  queue.o(.text)
    xQueueReceive                            0x08005879   Thumb Code   356  queue.o(.text)
    xQueuePeek                               0x080059dd   Thumb Code   362  queue.o(.text)
    xQueueReceiveFromISR                     0x08005b47   Thumb Code   238  queue.o(.text)
    xQueuePeekFromISR                        0x08005c35   Thumb Code   176  queue.o(.text)
    uxQueueMessagesWaiting                   0x08005ce5   Thumb Code    46  queue.o(.text)
    uxQueueSpacesAvailable                   0x08005d13   Thumb Code    48  queue.o(.text)
    uxQueueMessagesWaitingFromISR            0x08005d43   Thumb Code    34  queue.o(.text)
    vQueueUnregisterQueue                    0x08005d65   Thumb Code    68  queue.o(.text)
    vQueueDelete                             0x08005da9   Thumb Code    44  queue.o(.text)
    uxQueueGetQueueNumber                    0x08005dd5   Thumb Code     6  queue.o(.text)
    vQueueSetQueueNumber                     0x08005ddb   Thumb Code     4  queue.o(.text)
    ucQueueGetQueueType                      0x08005ddf   Thumb Code     8  queue.o(.text)
    xQueueIsQueueEmptyFromISR                0x08005de7   Thumb Code    42  queue.o(.text)
    xQueueIsQueueFullFromISR                 0x08005e11   Thumb Code    46  queue.o(.text)
    vQueueAddToRegistry                      0x08005e3f   Thumb Code    90  queue.o(.text)
    pcQueueGetName                           0x08005e99   Thumb Code    64  queue.o(.text)
    vQueueWaitForMessageRestricted           0x08005ed9   Thumb Code    74  queue.o(.text)
    xTaskCreate                              0x0800611f   Thumb Code    96  tasks.o(.text)
    vTaskDelete                              0x080061b9   Thumb Code   168  tasks.o(.text)
    xTaskIncrementTick                       0x08006261   Thumb Code   478  tasks.o(.text)
    xTaskResumeAll                           0x0800643f   Thumb Code   336  tasks.o(.text)
    vTaskSuspendAll                          0x0800661b   Thumb Code    12  tasks.o(.text)
    xTaskDelayUntil                          0x08006627   Thumb Code   202  tasks.o(.text)
    vTaskDelay                               0x080066f1   Thumb Code    82  tasks.o(.text)
    eTaskGetState                            0x08006743   Thumb Code   198  tasks.o(.text)
    uxTaskPriorityGet                        0x08006809   Thumb Code    30  tasks.o(.text)
    uxTaskPriorityGetFromISR                 0x08006827   Thumb Code    62  tasks.o(.text)
    vTaskPrioritySet                         0x08006865   Thumb Code   292  tasks.o(.text)
    vTaskSwitchContext                       0x08006989   Thumb Code   122  tasks.o(.text)
    vTaskSuspend                             0x08006a03   Thumb Code   190  tasks.o(.text)
    vTaskResume                              0x08006b11   Thumb Code   224  tasks.o(.text)
    xTaskResumeFromISR                       0x08006bf1   Thumb Code   216  tasks.o(.text)
    vTaskStartScheduler                      0x08006d29   Thumb Code   124  tasks.o(.text)
    vTaskEndScheduler                        0x08006da5   Thumb Code    32  tasks.o(.text)
    xTaskGetTickCount                        0x08006dc5   Thumb Code     6  tasks.o(.text)
    xTaskGetTickCountFromISR                 0x08006dcb   Thumb Code    16  tasks.o(.text)
    uxTaskGetNumberOfTasks                   0x08006ddb   Thumb Code     6  tasks.o(.text)
    pcTaskGetName                            0x08006de1   Thumb Code    44  tasks.o(.text)
    vTaskGetInfo                             0x08006e23   Thumb Code   126  tasks.o(.text)
    uxTaskGetSystemState                     0x08006f0b   Thumb Code   152  tasks.o(.text)
    xTaskCatchUpTicks                        0x08006fa3   Thumb Code    64  tasks.o(.text)
    vTaskPlaceOnEventList                    0x08006fe3   Thumb Code   142  tasks.o(.text)
    vTaskPlaceOnUnorderedEventList           0x08007071   Thumb Code   134  tasks.o(.text)
    vTaskPlaceOnEventListRestricted          0x080070f7   Thumb Code    94  tasks.o(.text)
    xTaskRemoveFromEventList                 0x08007155   Thumb Code   262  tasks.o(.text)
    vTaskRemoveFromUnorderedEventList        0x0800725b   Thumb Code   248  tasks.o(.text)
    vTaskSetTimeOutState                     0x08007353   Thumb Code    50  tasks.o(.text)
    vTaskInternalSetTimeOutState             0x08007385   Thumb Code    14  tasks.o(.text)
    xTaskCheckForTimeOut                     0x08007393   Thumb Code   136  tasks.o(.text)
    vTaskMissedYield                         0x0800741b   Thumb Code     8  tasks.o(.text)
    uxTaskGetTaskNumber                      0x08007423   Thumb Code    14  tasks.o(.text)
    vTaskSetTaskNumber                       0x08007431   Thumb Code     8  tasks.o(.text)
    uxTaskGetStackHighWaterMark              0x08007439   Thumb Code    34  tasks.o(.text)
    xTaskGetCurrentTaskHandle                0x0800745b   Thumb Code     6  tasks.o(.text)
    xTaskGetSchedulerState                   0x08007461   Thumb Code    60  tasks.o(.text)
    xTaskPriorityInherit                     0x0800749d   Thumb Code   202  tasks.o(.text)
    xTaskPriorityDisinherit                  0x08007567   Thumb Code   202  tasks.o(.text)
    vTaskPriorityDisinheritAfterTimeout      0x08007631   Thumb Code   246  tasks.o(.text)
    uxTaskResetEventItemValue                0x08007727   Thumb Code    24  tasks.o(.text)
    pvTaskIncrementMutexHeldCount            0x0800773f   Thumb Code    26  tasks.o(.text)
    ulTaskGenericNotifyTake                  0x08007759   Thumb Code   160  tasks.o(.text)
    xTaskGenericNotifyWait                   0x080077f9   Thumb Code   212  tasks.o(.text)
    xTaskGenericNotify                       0x080078cd   Thumb Code   440  tasks.o(.text)
    xTaskGenericNotifyFromISR                0x08007a85   Thumb Code   548  tasks.o(.text)
    vTaskGenericNotifyGiveFromISR            0x08007ca9   Thumb Code   370  tasks.o(.text)
    xTaskGenericNotifyStateClear             0x08007e1b   Thumb Code    90  tasks.o(.text)
    ulTaskGenericNotifyValueClear            0x08007e75   Thumb Code    58  tasks.o(.text)
    vTaskStackAddr                           0x08007eaf   Thumb Code     8  tasks.o(.text)
    vTaskStackSize                           0x08007eb7   Thumb Code     8  tasks.o(.text)
    vTaskName                                0x08007ebf   Thumb Code     8  tasks.o(.text)
    xTimerCreateTimerTask                    0x0800822b   Thumb Code    64  timers.o(.text)
    xTimerCreate                             0x080082c3   Thumb Code   106  timers.o(.text)
    xTimerGenericCommand                     0x0800832d   Thumb Code   128  timers.o(.text)
    xTimerGetTimerDaemonTaskHandle           0x080083ad   Thumb Code    42  timers.o(.text)
    xTimerGetPeriod                          0x080083d7   Thumb Code    32  timers.o(.text)
    vTimerSetReloadMode                      0x080083f7   Thumb Code    70  timers.o(.text)
    uxTimerGetReloadMode                     0x0800843d   Thumb Code    58  timers.o(.text)
    xTimerGetExpiryTime                      0x08008477   Thumb Code    34  timers.o(.text)
    pcTimerGetName                           0x08008499   Thumb Code    32  timers.o(.text)
    xTimerIsTimerActive                      0x080084b9   Thumb Code    58  timers.o(.text)
    pvTimerGetTimerID                        0x080084f3   Thumb Code    44  timers.o(.text)
    vTimerSetTimerID                         0x0800851f   Thumb Code    44  timers.o(.text)
    xTimerPendFunctionCallFromISR            0x0800854b   Thumb Code    48  timers.o(.text)
    xTimerPendFunctionCall                   0x0800857b   Thumb Code    76  timers.o(.text)
    uxTimerGetTimerNumber                    0x080085c7   Thumb Code     6  timers.o(.text)
    vTimerSetTimerNumber                     0x080085cd   Thumb Code     4  timers.o(.text)
    pvPortMalloc                             0x0800869b   Thumb Code   338  heap_4.o(.text)
    vPortFree                                0x080087ed   Thumb Code   150  heap_4.o(.text)
    xPortGetFreeHeapSize                     0x08008883   Thumb Code     6  heap_4.o(.text)
    xPortGetMinimumEverFreeHeapSize          0x08008889   Thumb Code     6  heap_4.o(.text)
    vPortInitialiseBlocks                    0x0800888f   Thumb Code     2  heap_4.o(.text)
    vPortGetHeapStats                        0x08008891   Thumb Code   104  heap_4.o(.text)
    pxPortInitialiseStack                    0x08008955   Thumb Code    30  port.o(.text)
    xPortStartScheduler                      0x08008973   Thumb Code   228  port.o(.text)
    vPortEndScheduler                        0x08008a57   Thumb Code    42  port.o(.text)
    vPortEnterCritical                       0x08008a81   Thumb Code    78  port.o(.text)
    vPortExitCritical                        0x08008acf   Thumb Code    56  port.o(.text)
    xPortSysTickHandler                      0x08008b07   Thumb Code    48  port.o(.text)
    vPortValidateInterruptPriority           0x08008b37   Thumb Code   108  port.o(.text)
    HAL_GPIO_Init                            0x08008bbd   Thumb Code   792  stm32f1xx_hal_gpio.o(.text)
    HAL_GPIO_DeInit                          0x08008ed5   Thumb Code   312  stm32f1xx_hal_gpio.o(.text)
    HAL_GPIO_ReadPin                         0x0800900d   Thumb Code    16  stm32f1xx_hal_gpio.o(.text)
    HAL_GPIO_WritePin                        0x0800901d   Thumb Code    12  stm32f1xx_hal_gpio.o(.text)
    HAL_GPIO_TogglePin                       0x08009029   Thumb Code    20  stm32f1xx_hal_gpio.o(.text)
    HAL_GPIO_LockPin                         0x0800903d   Thumb Code    46  stm32f1xx_hal_gpio.o(.text)
    HAL_GPIO_EXTI_Callback                   0x0800906b   Thumb Code     2  stm32f1xx_hal_gpio.o(.text)
    HAL_GPIO_EXTI_IRQHandler                 0x0800906d   Thumb Code    28  stm32f1xx_hal_gpio.o(.text)
    HAL_DMA_Init                             0x080090b1   Thumb Code   132  stm32f1xx_hal_dma.o(.text)
    HAL_DMA_DeInit                           0x08009135   Thumb Code   132  stm32f1xx_hal_dma.o(.text)
    HAL_DMA_Start                            0x080091e5   Thumb Code   114  stm32f1xx_hal_dma.o(.text)
    HAL_DMA_Start_IT                         0x08009257   Thumb Code   156  stm32f1xx_hal_dma.o(.text)
    HAL_DMA_Abort                            0x080092f3   Thumb Code    86  stm32f1xx_hal_dma.o(.text)
    HAL_DMA_Abort_IT                         0x08009349   Thumb Code   422  stm32f1xx_hal_dma.o(.text)
    HAL_DMA_PollForTransfer                  0x080094ef   Thumb Code  1616  stm32f1xx_hal_dma.o(.text)
    HAL_DMA_IRQHandler                       0x08009b3f   Thumb Code   920  stm32f1xx_hal_dma.o(.text)
    HAL_DMA_RegisterCallback                 0x08009ed7   Thumb Code    90  stm32f1xx_hal_dma.o(.text)
    HAL_DMA_UnRegisterCallback               0x08009f31   Thumb Code   106  stm32f1xx_hal_dma.o(.text)
    HAL_DMA_GetState                         0x08009f9b   Thumb Code     8  stm32f1xx_hal_dma.o(.text)
    HAL_DMA_GetError                         0x08009fa3   Thumb Code     6  stm32f1xx_hal_dma.o(.text)
    TIM_Base_SetConfig                       0x08009fb1   Thumb Code   134  stm32f1xx_hal_tim.o(.text)
    HAL_TIM_Base_MspInit                     0x0800a037   Thumb Code     2  stm32f1xx_hal_tim.o(.text)
    HAL_TIM_Base_Init                        0x0800a039   Thumb Code   102  stm32f1xx_hal_tim.o(.text)
    HAL_TIM_Base_MspDeInit                   0x0800a09f   Thumb Code     2  stm32f1xx_hal_tim.o(.text)
    HAL_TIM_Base_DeInit                      0x0800a0a1   Thumb Code   120  stm32f1xx_hal_tim.o(.text)
    HAL_TIM_Base_Start                       0x0800a119   Thumb Code   110  stm32f1xx_hal_tim.o(.text)
    HAL_TIM_Base_Stop                        0x0800a187   Thumb Code    50  stm32f1xx_hal_tim.o(.text)
    HAL_TIM_Base_Start_IT                    0x0800a1b9   Thumb Code   122  stm32f1xx_hal_tim.o(.text)
    HAL_TIM_Base_Stop_IT                     0x0800a233   Thumb Code    62  stm32f1xx_hal_tim.o(.text)
    HAL_TIM_ErrorCallback                    0x0800a271   Thumb Code     2  stm32f1xx_hal_tim.o(.text)
    TIM_DMAError                             0x0800a273   Thumb Code    94  stm32f1xx_hal_tim.o(.text)
    HAL_TIM_PeriodElapsedHalfCpltCallback    0x0800a2d1   Thumb Code     2  stm32f1xx_hal_tim.o(.text)
    HAL_TIM_PeriodElapsedCallback            0x0800a2e1   Thumb Code     2  stm32f1xx_hal_tim.o(.text)
    HAL_TIM_Base_Start_DMA                   0x0800a2fd   Thumb Code   224  stm32f1xx_hal_tim.o(.text)
    HAL_TIM_Base_Stop_DMA                    0x0800a3dd   Thumb Code    70  stm32f1xx_hal_tim.o(.text)
    HAL_TIM_OC_MspInit                       0x0800a423   Thumb Code     2  stm32f1xx_hal_tim.o(.text)
    HAL_TIM_OC_Init                          0x0800a425   Thumb Code   102  stm32f1xx_hal_tim.o(.text)
    HAL_TIM_OC_MspDeInit                     0x0800a48b   Thumb Code     2  stm32f1xx_hal_tim.o(.text)
    HAL_TIM_OC_DeInit                        0x0800a48d   Thumb Code   120  stm32f1xx_hal_tim.o(.text)
    TIM_CCxChannelCmd                        0x0800a505   Thumb Code    34  stm32f1xx_hal_tim.o(.text)
    HAL_TIM_OC_Start                         0x0800a527   Thumb Code   222  stm32f1xx_hal_tim.o(.text)
    HAL_TIM_OC_Stop                          0x0800a605   Thumb Code   160  stm32f1xx_hal_tim.o(.text)
    HAL_TIM_OC_Start_IT                      0x0800a6a5   Thumb Code   304  stm32f1xx_hal_tim.o(.text)
    HAL_TIM_OC_Stop_IT                       0x0800a7d5   Thumb Code   244  stm32f1xx_hal_tim.o(.text)
    HAL_TIM_PWM_PulseFinishedHalfCpltCallback 0x0800a8c9   Thumb Code     2  stm32f1xx_hal_tim.o(.text)
    TIM_DMADelayPulseHalfCplt                0x0800a8cb   Thumb Code    64  stm32f1xx_hal_tim.o(.text)
    HAL_TIM_PWM_PulseFinishedCallback        0x0800a90b   Thumb Code     2  stm32f1xx_hal_tim.o(.text)
    HAL_TIM_OC_Start_DMA                     0x0800a989   Thumb Code   548  stm32f1xx_hal_tim.o(.text)
    HAL_TIM_OC_Stop_DMA                      0x0800abad   Thumb Code   268  stm32f1xx_hal_tim.o(.text)
    HAL_TIM_PWM_MspInit                      0x0800acb9   Thumb Code     2  stm32f1xx_hal_tim.o(.text)
    HAL_TIM_PWM_Init                         0x0800acbb   Thumb Code   102  stm32f1xx_hal_tim.o(.text)
    HAL_TIM_PWM_MspDeInit                    0x0800ad21   Thumb Code     2  stm32f1xx_hal_tim.o(.text)
    HAL_TIM_PWM_DeInit                       0x0800ad23   Thumb Code   120  stm32f1xx_hal_tim.o(.text)
    HAL_TIM_PWM_Start                        0x0800ad9b   Thumb Code   248  stm32f1xx_hal_tim.o(.text)
    HAL_TIM_PWM_Stop                         0x0800ae93   Thumb Code   160  stm32f1xx_hal_tim.o(.text)
    HAL_TIM_PWM_Start_IT                     0x0800af33   Thumb Code   304  stm32f1xx_hal_tim.o(.text)
    HAL_TIM_PWM_Stop_IT                      0x0800b063   Thumb Code   244  stm32f1xx_hal_tim.o(.text)
    HAL_TIM_PWM_Start_DMA                    0x0800b157   Thumb Code   568  stm32f1xx_hal_tim.o(.text)
    HAL_TIM_PWM_Stop_DMA                     0x0800b38f   Thumb Code   268  stm32f1xx_hal_tim.o(.text)
    HAL_TIM_IC_MspInit                       0x0800b49b   Thumb Code     2  stm32f1xx_hal_tim.o(.text)
    HAL_TIM_IC_Init                          0x0800b49d   Thumb Code   102  stm32f1xx_hal_tim.o(.text)
    HAL_TIM_IC_MspDeInit                     0x0800b503   Thumb Code     2  stm32f1xx_hal_tim.o(.text)
    HAL_TIM_IC_DeInit                        0x0800b505   Thumb Code   120  stm32f1xx_hal_tim.o(.text)
    HAL_TIM_IC_Start                         0x0800b57d   Thumb Code   302  stm32f1xx_hal_tim.o(.text)
    HAL_TIM_IC_Stop                          0x0800b6ab   Thumb Code   138  stm32f1xx_hal_tim.o(.text)
    HAL_TIM_IC_Start_IT                      0x0800b735   Thumb Code   356  stm32f1xx_hal_tim.o(.text)
    HAL_TIM_IC_Stop_IT                       0x0800b899   Thumb Code   222  stm32f1xx_hal_tim.o(.text)
    HAL_TIM_IC_CaptureHalfCpltCallback       0x0800b977   Thumb Code     2  stm32f1xx_hal_tim.o(.text)
    TIM_DMACaptureHalfCplt                   0x0800b979   Thumb Code    64  stm32f1xx_hal_tim.o(.text)
    HAL_TIM_IC_CaptureCallback               0x0800b9b9   Thumb Code     2  stm32f1xx_hal_tim.o(.text)
    TIM_DMACaptureCplt                       0x0800b9bb   Thumb Code   122  stm32f1xx_hal_tim.o(.text)
    HAL_TIM_IC_Start_DMA                     0x0800ba35   Thumb Code   588  stm32f1xx_hal_tim.o(.text)
    HAL_TIM_IC_Stop_DMA                      0x0800bc81   Thumb Code   244  stm32f1xx_hal_tim.o(.text)
    HAL_TIM_OnePulse_MspInit                 0x0800bd75   Thumb Code     2  stm32f1xx_hal_tim.o(.text)
    HAL_TIM_OnePulse_Init                    0x0800bd77   Thumb Code   102  stm32f1xx_hal_tim.o(.text)
    HAL_TIM_OnePulse_MspDeInit               0x0800bddd   Thumb Code     2  stm32f1xx_hal_tim.o(.text)
    HAL_TIM_OnePulse_DeInit                  0x0800bddf   Thumb Code    96  stm32f1xx_hal_tim.o(.text)
    HAL_TIM_OnePulse_Start                   0x0800be3f   Thumb Code   132  stm32f1xx_hal_tim.o(.text)
    HAL_TIM_OnePulse_Stop                    0x0800bec3   Thumb Code   178  stm32f1xx_hal_tim.o(.text)
    HAL_TIM_OnePulse_Start_IT                0x0800bf75   Thumb Code   156  stm32f1xx_hal_tim.o(.text)
    HAL_TIM_OnePulse_Stop_IT                 0x0800c011   Thumb Code   176  stm32f1xx_hal_tim.o(.text)
    HAL_TIM_Encoder_MspInit                  0x0800c0c1   Thumb Code     2  stm32f1xx_hal_tim.o(.text)
    HAL_TIM_Encoder_Init                     0x0800c0c3   Thumb Code   196  stm32f1xx_hal_tim.o(.text)
    HAL_TIM_Encoder_MspDeInit                0x0800c187   Thumb Code     2  stm32f1xx_hal_tim.o(.text)
    HAL_TIM_Encoder_DeInit                   0x0800c189   Thumb Code    96  stm32f1xx_hal_tim.o(.text)
    HAL_TIM_Encoder_Start                    0x0800c1e9   Thumb Code   204  stm32f1xx_hal_tim.o(.text)
    HAL_TIM_Encoder_Stop                     0x0800c2b5   Thumb Code   214  stm32f1xx_hal_tim.o(.text)
    HAL_TIM_Encoder_Start_IT                 0x0800c38b   Thumb Code   260  stm32f1xx_hal_tim.o(.text)
    HAL_TIM_Encoder_Stop_IT                  0x0800c48f   Thumb Code   256  stm32f1xx_hal_tim.o(.text)
    HAL_TIM_Encoder_Start_DMA                0x0800c58f   Thumb Code   560  stm32f1xx_hal_tim.o(.text)
    HAL_TIM_Encoder_Stop_DMA                 0x0800c7bf   Thumb Code   280  stm32f1xx_hal_tim.o(.text)
    HAL_TIM_TriggerCallback                  0x0800c8d7   Thumb Code     2  stm32f1xx_hal_tim.o(.text)
    HAL_TIM_OC_DelayElapsedCallback          0x0800c8d9   Thumb Code     2  stm32f1xx_hal_tim.o(.text)
    HAL_TIM_IRQHandler                       0x0800c8db   Thumb Code   410  stm32f1xx_hal_tim.o(.text)
    TIM_OC2_SetConfig                        0x0800cb2f   Thumb Code   114  stm32f1xx_hal_tim.o(.text)
    HAL_TIM_OC_ConfigChannel                 0x0800cc09   Thumb Code   112  stm32f1xx_hal_tim.o(.text)
    TIM_TI1_SetConfig                        0x0800cd27   Thumb Code   102  stm32f1xx_hal_tim.o(.text)
    HAL_TIM_IC_ConfigChannel                 0x0800cd8d   Thumb Code   222  stm32f1xx_hal_tim.o(.text)
    HAL_TIM_PWM_ConfigChannel                0x0800ce6b   Thumb Code   282  stm32f1xx_hal_tim.o(.text)
    HAL_TIM_OnePulse_ConfigChannel           0x0800cf85   Thumb Code   310  stm32f1xx_hal_tim.o(.text)
    HAL_TIM_TriggerHalfCpltCallback          0x0800d0bb   Thumb Code     2  stm32f1xx_hal_tim.o(.text)
    HAL_TIM_DMABurst_MultiWriteStart         0x0800d0e5   Thumb Code   438  stm32f1xx_hal_tim.o(.text)
    HAL_TIM_DMABurst_WriteStart              0x0800d29b   Thumb Code    42  stm32f1xx_hal_tim.o(.text)
    HAL_TIM_DMABurst_WriteStop               0x0800d2c5   Thumb Code   140  stm32f1xx_hal_tim.o(.text)
    HAL_TIM_DMABurst_MultiReadStart          0x0800d351   Thumb Code   438  stm32f1xx_hal_tim.o(.text)
    HAL_TIM_DMABurst_ReadStart               0x0800d507   Thumb Code    86  stm32f1xx_hal_tim.o(.text)
    HAL_TIM_DMABurst_ReadStop                0x0800d55d   Thumb Code   140  stm32f1xx_hal_tim.o(.text)
    HAL_TIM_GenerateEvent                    0x0800d5e9   Thumb Code    54  stm32f1xx_hal_tim.o(.text)
    TIM_ETR_SetConfig                        0x0800d61f   Thumb Code    22  stm32f1xx_hal_tim.o(.text)
    HAL_TIM_ConfigOCrefClear                 0x0800d635   Thumb Code   278  stm32f1xx_hal_tim.o(.text)
    HAL_TIM_ConfigClockSource                0x0800d7ab   Thumb Code   268  stm32f1xx_hal_tim.o(.text)
    HAL_TIM_ConfigTI1Input                   0x0800d8b7   Thumb Code    22  stm32f1xx_hal_tim.o(.text)
    HAL_TIM_SlaveConfigSynchro               0x0800d97f   Thumb Code   108  stm32f1xx_hal_tim.o(.text)
    HAL_TIM_SlaveConfigSynchro_IT            0x0800d9eb   Thumb Code   108  stm32f1xx_hal_tim.o(.text)
    HAL_TIM_ReadCapturedValue                0x0800da57   Thumb Code    50  stm32f1xx_hal_tim.o(.text)
    HAL_TIM_Base_GetState                    0x0800da89   Thumb Code     8  stm32f1xx_hal_tim.o(.text)
    HAL_TIM_OC_GetState                      0x0800da91   Thumb Code     8  stm32f1xx_hal_tim.o(.text)
    HAL_TIM_PWM_GetState                     0x0800da99   Thumb Code     8  stm32f1xx_hal_tim.o(.text)
    HAL_TIM_IC_GetState                      0x0800daa1   Thumb Code     8  stm32f1xx_hal_tim.o(.text)
    HAL_TIM_OnePulse_GetState                0x0800daa9   Thumb Code     8  stm32f1xx_hal_tim.o(.text)
    HAL_TIM_Encoder_GetState                 0x0800dab1   Thumb Code     8  stm32f1xx_hal_tim.o(.text)
    HAL_TIM_GetActiveChannel                 0x0800dab9   Thumb Code     6  stm32f1xx_hal_tim.o(.text)
    HAL_TIM_GetChannelState                  0x0800dabf   Thumb Code    38  stm32f1xx_hal_tim.o(.text)
    HAL_TIM_DMABurstState                    0x0800dae5   Thumb Code     8  stm32f1xx_hal_tim.o(.text)
    HAL_TIMEx_HallSensor_MspInit             0x0800daed   Thumb Code     2  stm32f1xx_hal_tim_ex.o(.text)
    HAL_TIMEx_HallSensor_Init                0x0800daef   Thumb Code   234  stm32f1xx_hal_tim_ex.o(.text)
    HAL_TIMEx_HallSensor_MspDeInit           0x0800dbd9   Thumb Code     2  stm32f1xx_hal_tim_ex.o(.text)
    HAL_TIMEx_HallSensor_DeInit              0x0800dbdb   Thumb Code    96  stm32f1xx_hal_tim_ex.o(.text)
    HAL_TIMEx_HallSensor_Start               0x0800dc3b   Thumb Code   172  stm32f1xx_hal_tim_ex.o(.text)
    HAL_TIMEx_HallSensor_Stop                0x0800dce7   Thumb Code    78  stm32f1xx_hal_tim_ex.o(.text)
    HAL_TIMEx_HallSensor_Start_IT            0x0800dd35   Thumb Code   184  stm32f1xx_hal_tim_ex.o(.text)
    HAL_TIMEx_HallSensor_Stop_IT             0x0800dded   Thumb Code    90  stm32f1xx_hal_tim_ex.o(.text)
    HAL_TIMEx_HallSensor_Start_DMA           0x0800de47   Thumb Code   224  stm32f1xx_hal_tim_ex.o(.text)
    HAL_TIMEx_HallSensor_Stop_DMA            0x0800df27   Thumb Code    84  stm32f1xx_hal_tim_ex.o(.text)
    HAL_TIMEx_OCN_Start                      0x0800df9d   Thumb Code   198  stm32f1xx_hal_tim_ex.o(.text)
    HAL_TIMEx_OCN_Stop                       0x0800e063   Thumb Code   170  stm32f1xx_hal_tim_ex.o(.text)
    HAL_TIMEx_OCN_Start_IT                   0x0800e10d   Thumb Code   278  stm32f1xx_hal_tim_ex.o(.text)
    HAL_TIMEx_OCN_Stop_IT                    0x0800e223   Thumb Code   230  stm32f1xx_hal_tim_ex.o(.text)
    HAL_TIMEx_OCN_Start_DMA                  0x0800e3b5   Thumb Code   448  stm32f1xx_hal_tim_ex.o(.text)
    HAL_TIMEx_OCN_Stop_DMA                   0x0800e575   Thumb Code   252  stm32f1xx_hal_tim_ex.o(.text)
    HAL_TIMEx_PWMN_Start                     0x0800e671   Thumb Code   198  stm32f1xx_hal_tim_ex.o(.text)
    HAL_TIMEx_PWMN_Stop                      0x0800e737   Thumb Code   136  stm32f1xx_hal_tim_ex.o(.text)
    HAL_TIMEx_PWMN_Start_IT                  0x0800e7bf   Thumb Code   278  stm32f1xx_hal_tim_ex.o(.text)
    HAL_TIMEx_PWMN_Stop_IT                   0x0800e8d5   Thumb Code   230  stm32f1xx_hal_tim_ex.o(.text)
    HAL_TIMEx_PWMN_Start_DMA                 0x0800e9bb   Thumb Code   480  stm32f1xx_hal_tim_ex.o(.text)
    HAL_TIMEx_PWMN_Stop_DMA                  0x0800eb9b   Thumb Code   220  stm32f1xx_hal_tim_ex.o(.text)
    HAL_TIMEx_OnePulseN_Start                0x0800ec77   Thumb Code   118  stm32f1xx_hal_tim_ex.o(.text)
    HAL_TIMEx_OnePulseN_Stop                 0x0800eced   Thumb Code   138  stm32f1xx_hal_tim_ex.o(.text)
    HAL_TIMEx_OnePulseN_Start_IT             0x0800ed77   Thumb Code   142  stm32f1xx_hal_tim_ex.o(.text)
    HAL_TIMEx_OnePulseN_Stop_IT              0x0800ee05   Thumb Code   162  stm32f1xx_hal_tim_ex.o(.text)
    HAL_TIMEx_ConfigCommutEvent              0x0800eea7   Thumb Code   168  stm32f1xx_hal_tim_ex.o(.text)
    HAL_TIMEx_ConfigCommutEvent_IT           0x0800ef4f   Thumb Code   134  stm32f1xx_hal_tim_ex.o(.text)
    HAL_TIMEx_CommutHalfCpltCallback         0x0800efd5   Thumb Code     2  stm32f1xx_hal_tim_ex.o(.text)
    TIMEx_DMACommutationHalfCplt             0x0800efd7   Thumb Code    20  stm32f1xx_hal_tim_ex.o(.text)
    HAL_TIMEx_CommutCallback                 0x0800efeb   Thumb Code     2  stm32f1xx_hal_tim_ex.o(.text)
    TIMEx_DMACommutationCplt                 0x0800efed   Thumb Code    20  stm32f1xx_hal_tim_ex.o(.text)
    HAL_TIMEx_ConfigCommutEvent_DMA          0x0800f001   Thumb Code   156  stm32f1xx_hal_tim_ex.o(.text)
    HAL_TIMEx_MasterConfigSynchronization    0x0800f09d   Thumb Code   134  stm32f1xx_hal_tim_ex.o(.text)
    HAL_TIMEx_ConfigBreakDeadTime            0x0800f123   Thumb Code   116  stm32f1xx_hal_tim_ex.o(.text)
    HAL_TIMEx_RemapConfig                    0x0800f197   Thumb Code     6  stm32f1xx_hal_tim_ex.o(.text)
    HAL_TIMEx_BreakCallback                  0x0800f19d   Thumb Code     2  stm32f1xx_hal_tim_ex.o(.text)
    HAL_TIMEx_HallSensor_GetState            0x0800f19f   Thumb Code     8  stm32f1xx_hal_tim_ex.o(.text)
    HAL_TIMEx_GetChannelNState               0x0800f1a7   Thumb Code    38  stm32f1xx_hal_tim_ex.o(.text)
    HAL_UART_Init                            0x0800f2df   Thumb Code   118  stm32f1xx_hal_uart.o(.text)
    HAL_HalfDuplex_Init                      0x0800f355   Thumb Code   122  stm32f1xx_hal_uart.o(.text)
    HAL_LIN_Init                             0x0800f3cf   Thumb Code   146  stm32f1xx_hal_uart.o(.text)
    HAL_MultiProcessor_Init                  0x0800f461   Thumb Code   158  stm32f1xx_hal_uart.o(.text)
    HAL_UART_DeInit                          0x0800f501   Thumb Code    62  stm32f1xx_hal_uart.o(.text)
    HAL_UART_Transmit                        0x0800f5d1   Thumb Code   182  stm32f1xx_hal_uart.o(.text)
    HAL_UART_Receive                         0x0800f687   Thumb Code   188  stm32f1xx_hal_uart.o(.text)
    HAL_UART_Transmit_IT                     0x0800f743   Thumb Code    56  stm32f1xx_hal_uart.o(.text)
    UART_Start_Receive_IT                    0x0800f77b   Thumb Code    64  stm32f1xx_hal_uart.o(.text)
    HAL_UART_Receive_IT                      0x0800f7bb   Thumb Code    44  stm32f1xx_hal_uart.o(.text)
    HAL_UART_ErrorCallback                   0x0800f7e7   Thumb Code     2  stm32f1xx_hal_uart.o(.text)
    HAL_UART_TxHalfCpltCallback              0x0800f8cb   Thumb Code     2  stm32f1xx_hal_uart.o(.text)
    HAL_UART_Transmit_DMA                    0x0800f935   Thumb Code   128  stm32f1xx_hal_uart.o(.text)
    HAL_UART_RxHalfCpltCallback              0x0800f9b5   Thumb Code     2  stm32f1xx_hal_uart.o(.text)
    HAL_UARTEx_RxEventCallback               0x0800f9b7   Thumb Code     2  stm32f1xx_hal_uart.o(.text)
    HAL_UART_RxCpltCallback                  0x0800f9dd   Thumb Code     2  stm32f1xx_hal_uart.o(.text)
    UART_Start_Receive_DMA                   0x0800fa93   Thumb Code   186  stm32f1xx_hal_uart.o(.text)
    HAL_UART_Receive_DMA                     0x0800fb4d   Thumb Code    44  stm32f1xx_hal_uart.o(.text)
    HAL_UART_DMAPause                        0x0800fb79   Thumb Code   166  stm32f1xx_hal_uart.o(.text)
    HAL_UART_DMAResume                       0x0800fc1f   Thumb Code   170  stm32f1xx_hal_uart.o(.text)
    HAL_UART_DMAStop                         0x0800fcc9   Thumb Code   160  stm32f1xx_hal_uart.o(.text)
    HAL_UARTEx_ReceiveToIdle                 0x0800fd69   Thumb Code   296  stm32f1xx_hal_uart.o(.text)
    HAL_UARTEx_ReceiveToIdle_IT              0x0800fe91   Thumb Code   114  stm32f1xx_hal_uart.o(.text)
    HAL_UARTEx_ReceiveToIdle_DMA             0x0800ff03   Thumb Code   114  stm32f1xx_hal_uart.o(.text)
    HAL_UARTEx_GetRxEventType                0x0800ff75   Thumb Code     6  stm32f1xx_hal_uart.o(.text)
    HAL_UART_Abort                           0x0800ff7b   Thumb Code   278  stm32f1xx_hal_uart.o(.text)
    HAL_UART_AbortTransmit                   0x08010091   Thumb Code   124  stm32f1xx_hal_uart.o(.text)
    HAL_UART_AbortReceive                    0x0801010d   Thumb Code   194  stm32f1xx_hal_uart.o(.text)
    HAL_UART_AbortCpltCallback               0x080101cf   Thumb Code     2  stm32f1xx_hal_uart.o(.text)
    HAL_UART_Abort_IT                        0x08010241   Thumb Code   320  stm32f1xx_hal_uart.o(.text)
    HAL_UART_AbortTransmitCpltCallback       0x08010381   Thumb Code     2  stm32f1xx_hal_uart.o(.text)
    HAL_UART_AbortTransmit_IT                0x0801039b   Thumb Code   138  stm32f1xx_hal_uart.o(.text)
    HAL_UART_AbortReceiveCpltCallback        0x08010425   Thumb Code     2  stm32f1xx_hal_uart.o(.text)
    HAL_UART_AbortReceive_IT                 0x08010443   Thumb Code   212  stm32f1xx_hal_uart.o(.text)
    HAL_UART_IRQHandler                      0x080106b7   Thumb Code   740  stm32f1xx_hal_uart.o(.text)
    HAL_LIN_SendBreak                        0x0801099b   Thumb Code    80  stm32f1xx_hal_uart.o(.text)
    HAL_MultiProcessor_EnterMuteMode         0x080109eb   Thumb Code    82  stm32f1xx_hal_uart.o(.text)
    HAL_MultiProcessor_ExitMuteMode          0x08010a3d   Thumb Code    82  stm32f1xx_hal_uart.o(.text)
    HAL_HalfDuplex_EnableTransmitter         0x08010a8f   Thumb Code    68  stm32f1xx_hal_uart.o(.text)
    HAL_HalfDuplex_EnableReceiver            0x08010ad3   Thumb Code    68  stm32f1xx_hal_uart.o(.text)
    HAL_UART_GetState                        0x08010b17   Thumb Code    20  stm32f1xx_hal_uart.o(.text)
    HAL_UART_GetError                        0x08010b2b   Thumb Code     6  stm32f1xx_hal_uart.o(.text)
    HAL_InitTick                             0x08010b37   Thumb Code    64  stm32f1xx_hal.o(.text)
    HAL_Init                                 0x08010b77   Thumb Code    34  stm32f1xx_hal.o(.text)
    HAL_MspDeInit                            0x08010b99   Thumb Code     2  stm32f1xx_hal.o(.text)
    HAL_DeInit                               0x08010b9b   Thumb Code    30  stm32f1xx_hal.o(.text)
    HAL_IncTick                              0x08010bb9   Thumb Code    16  stm32f1xx_hal.o(.text)
    HAL_GetTick                              0x08010bc9   Thumb Code     6  stm32f1xx_hal.o(.text)
    HAL_GetTickPrio                          0x08010bcf   Thumb Code     6  stm32f1xx_hal.o(.text)
    HAL_SetTickFreq                          0x08010bd5   Thumb Code    40  stm32f1xx_hal.o(.text)
    HAL_GetTickFreq                          0x08010bfd   Thumb Code     6  stm32f1xx_hal.o(.text)
    HAL_Delay                                0x08010c03   Thumb Code    36  stm32f1xx_hal.o(.text)
    HAL_SuspendTick                          0x08010c27   Thumb Code    18  stm32f1xx_hal.o(.text)
    HAL_ResumeTick                           0x08010c39   Thumb Code    18  stm32f1xx_hal.o(.text)
    HAL_GetHalVersion                        0x08010c4b   Thumb Code     4  stm32f1xx_hal.o(.text)
    HAL_GetREVID                             0x08010c4f   Thumb Code     8  stm32f1xx_hal.o(.text)
    HAL_GetDEVID                             0x08010c57   Thumb Code    10  stm32f1xx_hal.o(.text)
    HAL_GetUIDw0                             0x08010c61   Thumb Code     6  stm32f1xx_hal.o(.text)
    HAL_GetUIDw1                             0x08010c67   Thumb Code     8  stm32f1xx_hal.o(.text)
    HAL_GetUIDw2                             0x08010c6f   Thumb Code     8  stm32f1xx_hal.o(.text)
    HAL_DBGMCU_EnableDBGSleepMode            0x08010c77   Thumb Code    14  stm32f1xx_hal.o(.text)
    HAL_DBGMCU_DisableDBGSleepMode           0x08010c85   Thumb Code    14  stm32f1xx_hal.o(.text)
    HAL_DBGMCU_EnableDBGStopMode             0x08010c93   Thumb Code    14  stm32f1xx_hal.o(.text)
    HAL_DBGMCU_DisableDBGStopMode            0x08010ca1   Thumb Code    14  stm32f1xx_hal.o(.text)
    HAL_DBGMCU_EnableDBGStandbyMode          0x08010caf   Thumb Code    14  stm32f1xx_hal.o(.text)
    HAL_DBGMCU_DisableDBGStandbyMode         0x08010cbd   Thumb Code    14  stm32f1xx_hal.o(.text)
    HAL_NVIC_SetPriorityGrouping             0x08010d11   Thumb Code    36  stm32f1xx_hal_cortex.o(.text)
    HAL_NVIC_SetPriority                     0x08010d35   Thumb Code   124  stm32f1xx_hal_cortex.o(.text)
    HAL_NVIC_EnableIRQ                       0x08010db1   Thumb Code    40  stm32f1xx_hal_cortex.o(.text)
    HAL_NVIC_DisableIRQ                      0x08010dd9   Thumb Code    38  stm32f1xx_hal_cortex.o(.text)
    HAL_NVIC_SystemReset                     0x08010dff   Thumb Code    40  stm32f1xx_hal_cortex.o(.text)
    HAL_SYSTICK_Config                       0x08010e27   Thumb Code    52  stm32f1xx_hal_cortex.o(.text)
    HAL_NVIC_GetPriorityGrouping             0x08010e5b   Thumb Code     8  stm32f1xx_hal_cortex.o(.text)
    HAL_NVIC_GetPriority                     0x08010e63   Thumb Code   138  stm32f1xx_hal_cortex.o(.text)
    HAL_NVIC_SetPendingIRQ                   0x08010eed   Thumb Code    32  stm32f1xx_hal_cortex.o(.text)
    HAL_NVIC_GetPendingIRQ                   0x08010f0d   Thumb Code    46  stm32f1xx_hal_cortex.o(.text)
    HAL_NVIC_ClearPendingIRQ                 0x08010f3b   Thumb Code    30  stm32f1xx_hal_cortex.o(.text)
    HAL_NVIC_GetActive                       0x08010f59   Thumb Code    46  stm32f1xx_hal_cortex.o(.text)
    HAL_SYSTICK_CLKSourceConfig              0x08010f87   Thumb Code    40  stm32f1xx_hal_cortex.o(.text)
    HAL_SYSTICK_Callback                     0x08010faf   Thumb Code     2  stm32f1xx_hal_cortex.o(.text)
    HAL_SYSTICK_IRQHandler                   0x08010fb1   Thumb Code     8  stm32f1xx_hal_cortex.o(.text)
    HAL_RCC_DeInit                           0x08010fd9   Thumb Code   254  stm32f1xx_hal_rcc.o(.text)
    HAL_RCC_OscConfig                        0x080110fb   Thumb Code  1126  stm32f1xx_hal_rcc.o(.text)
    HAL_RCC_GetSysClockFreq                  0x08011561   Thumb Code    92  stm32f1xx_hal_rcc.o(.text)
    HAL_RCC_ClockConfig                      0x080115bd   Thumb Code   376  stm32f1xx_hal_rcc.o(.text)
    HAL_RCC_MCOConfig                        0x08011735   Thumb Code    90  stm32f1xx_hal_rcc.o(.text)
    HAL_RCC_EnableCSS                        0x0801178f   Thumb Code     8  stm32f1xx_hal_rcc.o(.text)
    HAL_RCC_DisableCSS                       0x08011797   Thumb Code     8  stm32f1xx_hal_rcc.o(.text)
    HAL_RCC_GetHCLKFreq                      0x0801179f   Thumb Code     6  stm32f1xx_hal_rcc.o(.text)
    HAL_RCC_GetPCLK1Freq                     0x080117a5   Thumb Code    22  stm32f1xx_hal_rcc.o(.text)
    HAL_RCC_GetPCLK2Freq                     0x080117bb   Thumb Code    70  stm32f1xx_hal_rcc.o(.text)
    HAL_RCC_GetOscConfig                     0x08011801   Thumb Code   196  stm32f1xx_hal_rcc.o(.text)
    HAL_RCC_GetClockConfig                   0x080118c5   Thumb Code    58  stm32f1xx_hal_rcc.o(.text)
    HAL_RCC_CSSCallback                      0x080118ff   Thumb Code     2  stm32f1xx_hal_rcc.o(.text)
    HAL_RCC_NMI_IRQHandler                   0x08011901   Thumb Code    26  stm32f1xx_hal_rcc.o(.text)
    HAL_I2C_AddrCallback                     0x08011927   Thumb Code     2  stm32f1xx_hal_i2c.o(.text)
    HAL_I2C_AbortCpltCallback                0x08011929   Thumb Code     2  stm32f1xx_hal_i2c.o(.text)
    HAL_I2C_ErrorCallback                    0x0801192b   Thumb Code     2  stm32f1xx_hal_i2c.o(.text)
    HAL_I2C_MemRxCpltCallback                0x0801192d   Thumb Code     2  stm32f1xx_hal_i2c.o(.text)
    HAL_I2C_MemTxCpltCallback                0x0801192f   Thumb Code     2  stm32f1xx_hal_i2c.o(.text)
    HAL_I2C_ListenCpltCallback               0x08011931   Thumb Code     2  stm32f1xx_hal_i2c.o(.text)
    HAL_I2C_SlaveTxCpltCallback              0x08011935   Thumb Code     2  stm32f1xx_hal_i2c.o(.text)
    HAL_I2C_MasterRxCpltCallback             0x08011937   Thumb Code     2  stm32f1xx_hal_i2c.o(.text)
    HAL_I2C_MasterTxCpltCallback             0x08011939   Thumb Code     2  stm32f1xx_hal_i2c.o(.text)
    HAL_I2C_Init                             0x0801193b   Thumb Code   494  stm32f1xx_hal_i2c.o(.text)
    HAL_I2C_DeInit                           0x08011b2b   Thumb Code    74  stm32f1xx_hal_i2c.o(.text)
    HAL_I2C_RegisterCallback                 0x08011b75   Thumb Code   194  stm32f1xx_hal_i2c.o(.text)
    HAL_I2C_UnRegisterCallback               0x08011c37   Thumb Code   204  stm32f1xx_hal_i2c.o(.text)
    HAL_I2C_RegisterAddrCallback             0x08011d03   Thumb Code   142  stm32f1xx_hal_i2c.o(.text)
    HAL_I2C_UnRegisterAddrCallback           0x08011d91   Thumb Code    64  stm32f1xx_hal_i2c.o(.text)
    HAL_I2C_Master_Transmit                  0x0801216f   Thumb Code   374  stm32f1xx_hal_i2c.o(.text)
    HAL_I2C_Master_Receive                   0x080124a3   Thumb Code   872  stm32f1xx_hal_i2c.o(.text)
    HAL_I2C_Slave_Transmit                   0x0801280b   Thumb Code   400  stm32f1xx_hal_i2c.o(.text)
    HAL_I2C_Slave_Receive                    0x080129fd   Thumb Code   390  stm32f1xx_hal_i2c.o(.text)
    HAL_I2C_Master_Transmit_IT               0x08012b83   Thumb Code   224  stm32f1xx_hal_i2c.o(.text)
    HAL_I2C_Master_Receive_IT                0x08012c63   Thumb Code   236  stm32f1xx_hal_i2c.o(.text)
    HAL_I2C_Slave_Transmit_IT                0x08012d4f   Thumb Code   146  stm32f1xx_hal_i2c.o(.text)
    HAL_I2C_Slave_Receive_IT                 0x08012de1   Thumb Code   160  stm32f1xx_hal_i2c.o(.text)
    HAL_I2C_Master_Transmit_DMA              0x08012ff7   Thumb Code   434  stm32f1xx_hal_i2c.o(.text)
    HAL_I2C_Master_Receive_DMA               0x080131a9   Thumb Code   434  stm32f1xx_hal_i2c.o(.text)
    HAL_I2C_Slave_Transmit_DMA               0x0801335b   Thumb Code   304  stm32f1xx_hal_i2c.o(.text)
    HAL_I2C_Slave_Receive_DMA                0x0801348b   Thumb Code   286  stm32f1xx_hal_i2c.o(.text)
    HAL_I2C_Mem_Write                        0x08013685   Thumb Code   348  stm32f1xx_hal_i2c.o(.text)
    HAL_I2C_Mem_Read                         0x08013953   Thumb Code   854  stm32f1xx_hal_i2c.o(.text)
    HAL_I2C_Mem_Write_IT                     0x08013ca9   Thumb Code   256  stm32f1xx_hal_i2c.o(.text)
    HAL_I2C_Mem_Read_IT                      0x08013da9   Thumb Code   254  stm32f1xx_hal_i2c.o(.text)
    HAL_I2C_Mem_Write_DMA                    0x08013ea7   Thumb Code   514  stm32f1xx_hal_i2c.o(.text)
    HAL_I2C_Mem_Read_DMA                     0x080140a9   Thumb Code   608  stm32f1xx_hal_i2c.o(.text)
    HAL_I2C_IsDeviceReady                    0x08014309   Thumb Code   430  stm32f1xx_hal_i2c.o(.text)
    HAL_I2C_Master_Seq_Transmit_IT           0x080144b7   Thumb Code   304  stm32f1xx_hal_i2c.o(.text)
    HAL_I2C_Master_Seq_Transmit_DMA          0x080145e7   Thumb Code   536  stm32f1xx_hal_i2c.o(.text)
    HAL_I2C_Master_Seq_Receive_IT            0x080147ff   Thumb Code   360  stm32f1xx_hal_i2c.o(.text)
    HAL_I2C_Master_Seq_Receive_DMA           0x08014967   Thumb Code   674  stm32f1xx_hal_i2c.o(.text)
    HAL_I2C_Slave_Seq_Transmit_IT            0x08014c09   Thumb Code   158  stm32f1xx_hal_i2c.o(.text)
    HAL_I2C_Slave_Seq_Transmit_DMA           0x08014d99   Thumb Code   462  stm32f1xx_hal_i2c.o(.text)
    HAL_I2C_Slave_Seq_Receive_IT             0x08014f67   Thumb Code   158  stm32f1xx_hal_i2c.o(.text)
    HAL_I2C_Slave_Seq_Receive_DMA            0x08015005   Thumb Code   446  stm32f1xx_hal_i2c.o(.text)
    HAL_I2C_EnableListen_IT                  0x080151c3   Thumb Code    70  stm32f1xx_hal_i2c.o(.text)
    HAL_I2C_DisableListen_IT                 0x08015209   Thumb Code    70  stm32f1xx_hal_i2c.o(.text)
    HAL_I2C_Master_Abort_IT                  0x080153f3   Thumb Code   138  stm32f1xx_hal_i2c.o(.text)
    HAL_I2C_ER_IRQHandler                    0x080161b9   Thumb Code   224  stm32f1xx_hal_i2c.o(.text)
    HAL_I2C_GetState                         0x08016299   Thumb Code     8  stm32f1xx_hal_i2c.o(.text)
    HAL_I2C_GetMode                          0x080162a1   Thumb Code     8  stm32f1xx_hal_i2c.o(.text)
    HAL_I2C_GetError                         0x080162a9   Thumb Code     6  stm32f1xx_hal_i2c.o(.text)
    HAL_RTCEx_SetTamper                      0x080162b5   Thumb Code    98  stm32f1xx_hal_rtc_ex.o(.text)
    HAL_RTCEx_SetTamper_IT                   0x08016317   Thumb Code   110  stm32f1xx_hal_rtc_ex.o(.text)
    HAL_RTCEx_DeactivateTamper               0x08016385   Thumb Code    94  stm32f1xx_hal_rtc_ex.o(.text)
    HAL_RTCEx_TamperIRQHandler               0x080163e3   Thumb Code    56  stm32f1xx_hal_rtc_ex.o(.text)
    HAL_RTCEx_Tamper1EventCallback           0x0801641b   Thumb Code     2  stm32f1xx_hal_rtc_ex.o(.text)
    HAL_RTCEx_PollForTamper1Event            0x0801641d   Thumb Code    80  stm32f1xx_hal_rtc_ex.o(.text)
    HAL_RTCEx_SetSecond_IT                   0x0801646d   Thumb Code    58  stm32f1xx_hal_rtc_ex.o(.text)
    HAL_RTCEx_DeactivateSecond               0x080164a7   Thumb Code    58  stm32f1xx_hal_rtc_ex.o(.text)
    HAL_RTCEx_RTCEventCallback               0x080164e1   Thumb Code     2  stm32f1xx_hal_rtc_ex.o(.text)
    HAL_RTCEx_RTCEventErrorCallback          0x080164e3   Thumb Code     2  stm32f1xx_hal_rtc_ex.o(.text)
    HAL_RTCEx_RTCIRQHandler                  0x080164e5   Thumb Code    78  stm32f1xx_hal_rtc_ex.o(.text)
    HAL_RTCEx_BKUPWrite                      0x08016533   Thumb Code    20  stm32f1xx_hal_rtc_ex.o(.text)
    HAL_RTCEx_BKUPRead                       0x08016547   Thumb Code    22  stm32f1xx_hal_rtc_ex.o(.text)
    HAL_RTCEx_SetSmoothCalib                 0x0801655d   Thumb Code    62  stm32f1xx_hal_rtc_ex.o(.text)
    __aeabi_llsr                             0x080165a1   Thumb Code    32  llushr.o(.text)
    _ll_ushift_r                             0x080165a1   Thumb Code     0  llushr.o(.text)
    __aeabi_memcpy                           0x080165c1   Thumb Code    36  memcpya.o(.text)
    __aeabi_memcpy4                          0x080165c1   Thumb Code     0  memcpya.o(.text)
    __aeabi_memcpy8                          0x080165c1   Thumb Code     0  memcpya.o(.text)
    __aeabi_memset                           0x080165e5   Thumb Code    14  memseta.o(.text)
    __aeabi_memset4                          0x080165e5   Thumb Code     0  memseta.o(.text)
    __aeabi_memset8                          0x080165e5   Thumb Code     0  memseta.o(.text)
    __aeabi_memclr                           0x080165f3   Thumb Code     4  memseta.o(.text)
    __aeabi_memclr4                          0x080165f3   Thumb Code     0  memseta.o(.text)
    __aeabi_memclr8                          0x080165f3   Thumb Code     0  memseta.o(.text)
    memset                                   0x080165f7   Thumb Code    18  memseta.o(.text)
    strncpy                                  0x08016609   Thumb Code    24  strncpy.o(.text)
    strlen                                   0x08016621   Thumb Code    14  strlen.o(.text)
    strcmp                                   0x0801662f   Thumb Code    28  strcmp.o(.text)
    strncmp                                  0x0801664b   Thumb Code    30  strncmp.o(.text)
    strtok                                   0x08016669   Thumb Code    62  strtok.o(.text)
    strtol                                   0x080166ad   Thumb Code   112  strtol.o(.text)
    atoi                                     0x0801671d   Thumb Code    26  atoi.o(.text)
    __aeabi_fmul                             0x08016737   Thumb Code   100  fmul.o(.text)
    __aeabi_fdiv                             0x0801679b   Thumb Code   124  fdiv.o(.text)
    __aeabi_i2f                              0x08016817   Thumb Code    18  fflti.o(.text)
    __aeabi_ui2f                             0x08016829   Thumb Code    10  ffltui.o(.text)
    __aeabi_uidiv                            0x08016833   Thumb Code     0  uidiv.o(.text)
    __aeabi_uidivmod                         0x08016833   Thumb Code    44  uidiv.o(.text)
    __aeabi_uldivmod                         0x0801685f   Thumb Code    98  uldiv.o(.text)
    __rt_ctype_table                         0x080168c1   Thumb Code     4  ctype_o.o(.text)
    _strtoul                                 0x080168c9   Thumb Code   158  _strtoul.o(.text)
    __I$use$fp                               0x08016967   Thumb Code     0  iusefp.o(.text)
    _float_round                             0x08016967   Thumb Code    18  fepilogue.o(.text)
    _float_epilogue                          0x08016979   Thumb Code    92  fepilogue.o(.text)
    __aeabi_dadd                             0x080169d5   Thumb Code   322  dadd.o(.text)
    __aeabi_dsub                             0x08016b17   Thumb Code     6  dadd.o(.text)
    __aeabi_drsub                            0x08016b1d   Thumb Code     6  dadd.o(.text)
    __aeabi_dmul                             0x08016b23   Thumb Code   228  dmul.o(.text)
    __aeabi_ddiv                             0x08016c07   Thumb Code   222  ddiv.o(.text)
    __aeabi_d2ulz                            0x08016ce5   Thumb Code    48  dfixul.o(.text)
    __aeabi_cdrcmple                         0x08016d15   Thumb Code    48  cdrcmple.o(.text)
    __scatterload                            0x08016d45   Thumb Code    28  init.o(.text)
    __scatterload_rt2                        0x08016d45   Thumb Code     0  init.o(.text)
    __aeabi_llsl                             0x08016d69   Thumb Code    30  llshl.o(.text)
    _ll_shift_l                              0x08016d69   Thumb Code     0  llshl.o(.text)
    __aeabi_lasr                             0x08016d87   Thumb Code    36  llsshr.o(.text)
    _ll_sshift_r                             0x08016d87   Thumb Code     0  llsshr.o(.text)
    _chval                                   0x08016dab   Thumb Code    28  _chval.o(.text)
    _double_round                            0x08016dc7   Thumb Code    30  depilogue.o(.text)
    _double_epilogue                         0x08016de5   Thumb Code   156  depilogue.o(.text)
    __decompress                             0x08016e81   Thumb Code     0  __dczerorl2.o(.text)
    __decompress1                            0x08016e81   Thumb Code    86  __dczerorl2.o(.text)
    Error_Handler                            0x08016ed7   Thumb Code     6  main.o(i.Error_Handler)
    FIFO_Empty                               0x08016edd   Thumb Code    14  fifo.o(i.FIFO_Empty)
    UART_sendByte                            0x08016eeb   Thumb Code    16  bsp_uartcomm.o(i.UART_sendByte)
    __0printf                                0x08016efd   Thumb Code    22  printfa.o(i.__0printf)
    __1printf                                0x08016efd   Thumb Code     0  printfa.o(i.__0printf)
    __2printf                                0x08016efd   Thumb Code     0  printfa.o(i.__0printf)
    __c89printf                              0x08016efd   Thumb Code     0  printfa.o(i.__0printf)
    printf                                   0x08016efd   Thumb Code     0  printfa.o(i.__0printf)
    __0sprintf                               0x08016f1d   Thumb Code    34  printfa.o(i.__0sprintf)
    __1sprintf                               0x08016f1d   Thumb Code     0  printfa.o(i.__0sprintf)
    __2sprintf                               0x08016f1d   Thumb Code     0  printfa.o(i.__0sprintf)
    __c89sprintf                             0x08016f1d   Thumb Code     0  printfa.o(i.__0sprintf)
    sprintf                                  0x08016f1d   Thumb Code     0  printfa.o(i.__0sprintf)
    __0vsnprintf                             0x08016f45   Thumb Code    46  printfa.o(i.__0vsnprintf)
    __1vsnprintf                             0x08016f45   Thumb Code     0  printfa.o(i.__0vsnprintf)
    __2vsnprintf                             0x08016f45   Thumb Code     0  printfa.o(i.__0vsnprintf)
    __c89vsnprintf                           0x08016f45   Thumb Code     0  printfa.o(i.__0vsnprintf)
    vsnprintf                                0x08016f45   Thumb Code     0  printfa.o(i.__0vsnprintf)
    __aeabi_errno_addr                       0x08016f79   Thumb Code     4  errno.o(i.__aeabi_errno_addr)
    __rt_errno_addr                          0x08016f79   Thumb Code     0  errno.o(i.__aeabi_errno_addr)
    __scatterload_copy                       0x08016f81   Thumb Code    14  handlers.o(i.__scatterload_copy)
    __scatterload_null                       0x08016f8f   Thumb Code     2  handlers.o(i.__scatterload_null)
    __scatterload_zeroinit                   0x08016f91   Thumb Code    14  handlers.o(i.__scatterload_zeroinit)
    shellCmdee                               0x0801787c   Data           3  eeprom.o(.constdata)
    shellDescee                              0x0801787f   Data          18  eeprom.o(.constdata)
    shellCmdpwm                              0x08017954   Data           4  pwm.o(.constdata)
    shellDescpwm                             0x08017958   Data          13  pwm.o(.constdata)
    shellCmdDefaultUser                      0x08017965   Data           6  shell.o(.constdata)
    shellPasswordDefaultUser                 0x0801796b   Data           5  shell.o(.constdata)
    shellDesDefaultUser                      0x08017970   Data          13  shell.o(.constdata)
    shellDesc0x1B5B4100                      0x0801797d   Data           3  shell.o(.constdata)
    shellDesc0x1B5B4200                      0x08017980   Data           5  shell.o(.constdata)
    shellDesc0x1B5B4300                      0x08017985   Data           6  shell.o(.constdata)
    shellDesc0x1B5B4400                      0x0801798b   Data           5  shell.o(.constdata)
    shellDesc0x09000000                      0x08017990   Data           4  shell.o(.constdata)
    shellDesc0x08000000                      0x08017994   Data          10  shell.o(.constdata)
    shellDesc0x7F000000                      0x0801799e   Data          10  shell.o(.constdata)
    shellDesc0x1B5B337E                      0x080179a8   Data           7  shell.o(.constdata)
    shellDesc0x0D000000                      0x080179af   Data           6  shell.o(.constdata)
    shellDesc0x0D0A0000                      0x080179b5   Data           6  shell.o(.constdata)
    shellCmdhelp                             0x080179bb   Data           5  shell.o(.constdata)
    shellDeschelp                            0x080179c0   Data          30  shell.o(.constdata)
    shellCmdcmds                             0x080179de   Data           5  shell.o(.constdata)
    shellDesccmds                            0x080179e3   Data          13  shell.o(.constdata)
    shellCmdclear                            0x080179f0   Data           6  shell.o(.constdata)
    shellDescclear                           0x080179f6   Data          14  shell.o(.constdata)
    shellCmdgpio                             0x08017a1c   Data           5  gpio_shell.o(.constdata)
    shellDescgpio                            0x08017a21   Data          13  gpio_shell.o(.constdata)
    shellCmdreboot                           0x08017a2e   Data           7  main.o(.constdata)
    shellDescreboot                          0x08017a35   Data          11  main.o(.constdata)
    shellCmdhf                               0x08017ad8   Data           3  cm_backtrace.o(.constdata)
    shellDeschf                              0x08017adb   Data          22  cm_backtrace.o(.constdata)
    AHBPrescTable                            0x08017b54   Data          16  system_stm32f1xx.o(.constdata)
    APBPrescTable                            0x08017b64   Data           8  system_stm32f1xx.o(.constdata)
    __ctype_table                            0x08017b7e   Data         129  ctype_o.o(.constdata)
    Region$$Table$$Base                      0x080187dc   Number         0  anon$$obj.o(Region$$Table)
    Region$$Table$$Limit                     0x080187fc   Number         0  anon$$obj.o(Region$$Table)
    shellCommand$$Base                       0x080187fc   Number         0  eeprom.o(shellCommand)
    shellCommandee                           0x080187fc   Data          16  eeprom.o(shellCommand)
    shellCommandpwm                          0x0801880c   Data          16  pwm.o(shellCommand)
    shellUserDefault                         0x0801881c   Data          16  shell.o(shellCommand)
    shellKey0x1B5B4100                       0x0801882c   Data          16  shell.o(shellCommand)
    shellKey0x1B5B4200                       0x0801883c   Data          16  shell.o(shellCommand)
    shellKey0x1B5B4300                       0x0801884c   Data          16  shell.o(shellCommand)
    shellKey0x1B5B4400                       0x0801885c   Data          16  shell.o(shellCommand)
    shellKey0x09000000                       0x0801886c   Data          16  shell.o(shellCommand)
    shellKey0x08000000                       0x0801887c   Data          16  shell.o(shellCommand)
    shellKey0x7F000000                       0x0801888c   Data          16  shell.o(shellCommand)
    shellKey0x1B5B337E                       0x0801889c   Data          16  shell.o(shellCommand)
    shellKey0x0D000000                       0x080188ac   Data          16  shell.o(shellCommand)
    shellKey0x0D0A0000                       0x080188bc   Data          16  shell.o(shellCommand)
    shellCommandhelp                         0x080188cc   Data          16  shell.o(shellCommand)
    shellCommandcmds                         0x080188dc   Data          16  shell.o(shellCommand)
    shellCommandclear                        0x080188ec   Data          16  shell.o(shellCommand)
    shellCommandgpio                         0x080188fc   Data          16  gpio_shell.o(shellCommand)
    shellCommandreboot                       0x0801890c   Data          16  main.o(shellCommand)
    shellCommandhf                           0x0801891c   Data          16  cm_backtrace.o(shellCommand)
    Image$$ER_IROM1$$Limit                   0x0801892c   Number         0  anon$$obj.o ABSOLUTE
    Image$$MY_REGION$$Base                   0x0801892c   Number         0  anon$$obj.o ABSOLUTE
    shellCommand$$Limit                      0x0801892c   Number         0  cm_backtrace.o(shellCommand)
    Image$$MY_REGION$$Limit                  0x08018940   Number         0  anon$$obj.o ABSOLUTE
    I2C1_EEPROM_ADDR                         0x20000005   Data           1  eeprom.o(.data)
    g_isPrintUseFifo                         0x2000000c   Data           1  bsp_uartcomm.o(.data)
    g_uart1Handle                            0x20000010   Data          72  bsp_usart1.o(.data)
    g_UARTPara                               0x20000058   Data          56  bsp_usart1.o(.data)
    xHigherPriorityTaskWoken_YES             0x200000f0   Data           4  main.o(.data)
    xHigherPriorityTaskWoken_NO              0x200000f4   Data           4  main.o(.data)
    g_debugLevel                             0x200000f8   Data           4  main.o(.data)
    gp_xHandle_Task_uartMonitor              0x200000fc   Data           4  main.o(.data)
    gp_xHandle_Task_shell                    0x20000100   Data           4  main.o(.data)
    SystemCoreClock                          0x20000154   Data           4  system_stm32f1xx.o(.data)
    pxCurrentTCB                             0x20000158   Data           4  tasks.o(.data)
    uxTopUsedPriority                        0x20000190   Data           4  tasks.o(.data)
    uwTick                                   0x200001d8   Data           4  stm32f1xx_hal.o(.data)
    uwTickPrio                               0x200001dc   Data           4  stm32f1xx_hal.o(.data)
    uwTickFreq                               0x200001e0   Data           1  stm32f1xx_hal.o(.data)
    __stdout                                 0x200001e8   Data           4  stdout.o(.data)
    g_hdma_usart1_tx                         0x200006b8   Data          68  bsp_usart1.o(.bss)
    PwmCfg                                   0x20000924   Data          20  pwm.o(.bss)
    TimHandle                                0x20000938   Data          72  pwm.o(.bss)
    sConfig                                  0x20000980   Data          28  pwm.o(.bss)
    GPIO_SDA_In_I2CS0                        0x2000099c   Data          28  bsp_i2cs0.o(.bss)
    GPIO_SDA_Out_I2CS0                       0x200009b8   Data          28  bsp_i2cs0.o(.bss)
    shell                                    0x200009f4   Data         108  shell_port.o(.bss)
    hi2c1                                    0x20000b28   Data         132  main.o(.bss)
    hdma_i2c1_tx                             0x20000bac   Data          68  main.o(.bss)
    xQueueRegistry                           0x20000d24   Data          64  queue.o(.bss)
    STACK$$Base                              0x20008a50   Number         0  startup_stm32f103xe.o(STACK)
    STACK$$Limit                             0x20008e50   Number         0  startup_stm32f103xe.o(STACK)
    __initial_sp                             0x20008e50   Data           0  startup_stm32f103xe.o(STACK)



==============================================================================

Memory Map of the image

  Image Entry point : 0x08000131

  Load Region LR_IROM1 (Base: 0x08000000, Size: 0x00018b30, Max: 0x00040000, ABSOLUTE, COMPRESSED[0x000189c0])

    Execution Region ER_IROM1 (Exec base: 0x08000000, Load base: 0x08000000, Size: 0x0001892c, Max: 0x00040000, ABSOLUTE)

    Exec Addr    Load Addr    Size         Type   Attr      Idx    E Section Name        Object

    0x08000000   0x08000000   0x00000130   Data   RO         1011    RESET               startup_stm32f103xe.o
    0x08000130   0x08000130   0x00000000   Code   RO         1673  * .ARM.Collect$$$$00000000  mc_w.l(entry.o)
    0x08000130   0x08000130   0x00000004   Code   RO         1973    .ARM.Collect$$$$00000001  mc_w.l(entry2.o)
    0x08000134   0x08000134   0x00000004   Code   RO         1976    .ARM.Collect$$$$00000004  mc_w.l(entry5.o)
    0x08000138   0x08000138   0x00000000   Code   RO         1978    .ARM.Collect$$$$00000008  mc_w.l(entry7b.o)
    0x08000138   0x08000138   0x00000000   Code   RO         1980    .ARM.Collect$$$$0000000A  mc_w.l(entry8b.o)
    0x08000138   0x08000138   0x00000008   Code   RO         1981    .ARM.Collect$$$$0000000B  mc_w.l(entry9a.o)
    0x08000140   0x08000140   0x00000004   Code   RO         1988    .ARM.Collect$$$$0000000E  mc_w.l(entry12b.o)
    0x08000144   0x08000144   0x00000000   Code   RO         1983    .ARM.Collect$$$$0000000F  mc_w.l(entry10a.o)
    0x08000144   0x08000144   0x00000000   Code   RO         1985    .ARM.Collect$$$$00000011  mc_w.l(entry11a.o)
    0x08000144   0x08000144   0x00000004   Code   RO         1974    .ARM.Collect$$$$00002712  mc_w.l(entry2.o)
    0x08000148   0x08000148   0x00000010   Code   RO          969    .emb_text           cm_backtrace.o
    0x08000158   0x08000158   0x00000096   Code   RO         1201    .emb_text           port.o
    0x080001ee   0x080001ee   0x00000002   PAD
    0x080001f0   0x080001f0   0x000003b8   Code   RO            4    .text               api_utc.o
    0x080005a8   0x080005a8   0x0000022e   Code   RO          170    .text               fifo.o
    0x080007d6   0x080007d6   0x00000002   PAD
    0x080007d8   0x080007d8   0x000000b4   Code   RO          239    .text               print_monitor.o
    0x0800088c   0x0800088c   0x00000288   Code   RO          286    .text               i2cforward.o
    0x08000b14   0x08000b14   0x000003c4   Code   RO          328    .text               eeprom.o
    0x08000ed8   0x08000ed8   0x000002f8   Code   RO          397    .text               bsp_uartcomm.o
    0x080011d0   0x080011d0   0x0000022c   Code   RO          435    .text               bsp_gpio.o
    0x080013fc   0x080013fc   0x000000e8   Code   RO          475    .text               bsp_usart1.o
    0x080014e4   0x080014e4   0x00000140   Code   RO          526    .text               bsp_i2c.o
    0x08001624   0x08001624   0x00000024   Code   RO          554    .text               initcall.o
    0x08001648   0x08001648   0x00000568   Code   RO          575    .text               pwm.o
    0x08001bb0   0x08001bb0   0x000003b4   Code   RO          612    .text               bsp_i2cs0.o
    0x08001f64   0x08001f64   0x00000070   Code   RO          647    .text               bsp_i2ccomm.o
    0x08001fd4   0x08001fd4   0x00001370   Code   RO          681    .text               shell.o
    0x08003344   0x08003344   0x0000034a   Code   RO          733    .text               shell_ext.o
    0x0800368e   0x0800368e   0x00000002   PAD
    0x08003690   0x08003690   0x0000004c   Code   RO          757    .text               shell_port.o
    0x080036dc   0x080036dc   0x000003b4   Code   RO          788    .text               gpio_shell.o
    0x08003a90   0x08003a90   0x00000488   Code   RO          841    .text               main.o
    0x08003f18   0x08003f18   0x00000208   Code   RO          919    .text               stm32f1xx_hal_msp.o
    0x08004120   0x08004120   0x00000074   Code   RO          944    .text               stm32f1xx_it.o
    0x08004194   0x08004194   0x00000bb4   Code   RO          973    .text               cm_backtrace.o
    0x08004d48   0x08004d48   0x0000000c   Code   RO         1005    .text               cmb_fault.o
    0x08004d54   0x08004d54   0x00000024   Code   RO         1012    .text               startup_stm32f103xe.o
    0x08004d78   0x08004d78   0x000000a4   Code   RO         1019    .text               system_stm32f1xx.o
    0x08004e1c   0x08004e1c   0x00000094   Code   RO         1086    .text               list.o
    0x08004eb0   0x08004eb0   0x00001078   Code   RO         1098    .text               queue.o
    0x08005f28   0x08005f28   0x00001fb8   Code   RO         1134    .text               tasks.o
    0x08007ee0   0x08007ee0   0x000006f8   Code   RO         1156    .text               timers.o
    0x080085d8   0x080085d8   0x00000340   Code   RO         1186    .text               heap_4.o
    0x08008918   0x08008918   0x000002a4   Code   RO         1202    .text               port.o
    0x08008bbc   0x08008bbc   0x000004f4   Code   RO         1258    .text               stm32f1xx_hal_gpio.o
    0x080090b0   0x080090b0   0x00000f00   Code   RO         1282    .text               stm32f1xx_hal_dma.o
    0x08009fb0   0x08009fb0   0x00003b3c   Code   RO         1400    .text               stm32f1xx_hal_tim.o
    0x0800daec   0x0800daec   0x000016f8   Code   RO         1424    .text               stm32f1xx_hal_tim_ex.o
    0x0800f1e4   0x0800f1e4   0x00001950   Code   RO         1448    .text               stm32f1xx_hal_uart.o
    0x08010b34   0x08010b34   0x000001bc   Code   RO         1496    .text               stm32f1xx_hal.o
    0x08010cf0   0x08010cf0   0x000002e8   Code   RO         1526    .text               stm32f1xx_hal_cortex.o
    0x08010fd8   0x08010fd8   0x0000094c   Code   RO         1578    .text               stm32f1xx_hal_rcc.o
    0x08011924   0x08011924   0x00004990   Code   RO         1628    .text               stm32f1xx_hal_i2c.o
    0x080162b4   0x080162b4   0x000002ec   Code   RO         1652    .text               stm32f1xx_hal_rtc_ex.o
    0x080165a0   0x080165a0   0x00000020   Code   RO         1676    .text               mc_w.l(llushr.o)
    0x080165c0   0x080165c0   0x00000024   Code   RO         1678    .text               mc_w.l(memcpya.o)
    0x080165e4   0x080165e4   0x00000024   Code   RO         1682    .text               mc_w.l(memseta.o)
    0x08016608   0x08016608   0x00000018   Code   RO         1684    .text               mc_w.l(strncpy.o)
    0x08016620   0x08016620   0x0000000e   Code   RO         1686    .text               mc_w.l(strlen.o)
    0x0801662e   0x0801662e   0x0000001c   Code   RO         1688    .text               mc_w.l(strcmp.o)
    0x0801664a   0x0801664a   0x0000001e   Code   RO         1690    .text               mc_w.l(strncmp.o)
    0x08016668   0x08016668   0x00000044   Code   RO         1692    .text               mc_w.l(strtok.o)
    0x080166ac   0x080166ac   0x00000070   Code   RO         1961    .text               mc_w.l(strtol.o)
    0x0801671c   0x0801671c   0x0000001a   Code   RO         1963    .text               mc_w.l(atoi.o)
    0x08016736   0x08016736   0x00000064   Code   RO         1965    .text               mf_w.l(fmul.o)
    0x0801679a   0x0801679a   0x0000007c   Code   RO         1967    .text               mf_w.l(fdiv.o)
    0x08016816   0x08016816   0x00000012   Code   RO         1969    .text               mf_w.l(fflti.o)
    0x08016828   0x08016828   0x0000000a   Code   RO         1971    .text               mf_w.l(ffltui.o)
    0x08016832   0x08016832   0x0000002c   Code   RO         1990    .text               mc_w.l(uidiv.o)
    0x0801685e   0x0801685e   0x00000062   Code   RO         1992    .text               mc_w.l(uldiv.o)
    0x080168c0   0x080168c0   0x00000008   Code   RO         1994    .text               mc_w.l(ctype_o.o)
    0x080168c8   0x080168c8   0x0000009e   Code   RO         2029    .text               mc_w.l(_strtoul.o)
    0x08016966   0x08016966   0x00000000   Code   RO         2031    .text               mc_w.l(iusefp.o)
    0x08016966   0x08016966   0x0000006e   Code   RO         2032    .text               mf_w.l(fepilogue.o)
    0x080169d4   0x080169d4   0x0000014e   Code   RO         2034    .text               mf_w.l(dadd.o)
    0x08016b22   0x08016b22   0x000000e4   Code   RO         2036    .text               mf_w.l(dmul.o)
    0x08016c06   0x08016c06   0x000000de   Code   RO         2038    .text               mf_w.l(ddiv.o)
    0x08016ce4   0x08016ce4   0x00000030   Code   RO         2040    .text               mf_w.l(dfixul.o)
    0x08016d14   0x08016d14   0x00000030   Code   RO         2042    .text               mf_w.l(cdrcmple.o)
    0x08016d44   0x08016d44   0x00000024   Code   RO         2044    .text               mc_w.l(init.o)
    0x08016d68   0x08016d68   0x0000001e   Code   RO         2046    .text               mc_w.l(llshl.o)
    0x08016d86   0x08016d86   0x00000024   Code   RO         2048    .text               mc_w.l(llsshr.o)
    0x08016daa   0x08016daa   0x0000001c   Code   RO         2050    .text               mc_w.l(_chval.o)
    0x08016dc6   0x08016dc6   0x000000ba   Code   RO         2052    .text               mf_w.l(depilogue.o)
    0x08016e80   0x08016e80   0x00000056   Code   RO         2062    .text               mc_w.l(__dczerorl2.o)
    0x08016ed6   0x08016ed6   0x00000006   Code   RO          869    i.Error_Handler     main.o
    0x08016edc   0x08016edc   0x0000000e   Code   RO          188    i.FIFO_Empty        fifo.o
    0x08016eea   0x08016eea   0x00000010   Code   RO          418    i.UART_sendByte     bsp_uartcomm.o
    0x08016efa   0x08016efa   0x00000002   PAD
    0x08016efc   0x08016efc   0x00000020   Code   RO         1933    i.__0printf         mc_w.l(printfa.o)
    0x08016f1c   0x08016f1c   0x00000028   Code   RO         1935    i.__0sprintf        mc_w.l(printfa.o)
    0x08016f44   0x08016f44   0x00000034   Code   RO         1938    i.__0vsnprintf      mc_w.l(printfa.o)
    0x08016f78   0x08016f78   0x00000008   Code   RO         2022    i.__aeabi_errno_addr  mc_w.l(errno.o)
    0x08016f80   0x08016f80   0x0000000e   Code   RO         2056    i.__scatterload_copy  mc_w.l(handlers.o)
    0x08016f8e   0x08016f8e   0x00000002   Code   RO         2057    i.__scatterload_null  mc_w.l(handlers.o)
    0x08016f90   0x08016f90   0x0000000e   Code   RO         2058    i.__scatterload_zeroinit  mc_w.l(handlers.o)
    0x08016f9e   0x08016f9e   0x00000002   PAD
    0x08016fa0   0x08016fa0   0x00000184   Code   RO         1940    i._fp_digits        mc_w.l(printfa.o)
    0x08017124   0x08017124   0x000006b4   Code   RO         1941    i._printf_core      mc_w.l(printfa.o)
    0x080177d8   0x080177d8   0x00000024   Code   RO         1942    i._printf_post_padding  mc_w.l(printfa.o)
    0x080177fc   0x080177fc   0x0000002e   Code   RO         1943    i._printf_pre_padding  mc_w.l(printfa.o)
    0x0801782a   0x0801782a   0x00000016   Code   RO         1944    i._snputc           mc_w.l(printfa.o)
    0x08017840   0x08017840   0x0000000a   Code   RO         1945    i._sputc            mc_w.l(printfa.o)
    0x0801784a   0x0801784a   0x00000002   PAD
    0x0801784c   0x0801784c   0x00000030   Data   RO            5    .constdata          api_utc.o
    0x0801787c   0x0801787c   0x00000015   Data   RO          330    .constdata          eeprom.o
    0x08017891   0x08017891   0x00000003   PAD
    0x08017894   0x08017894   0x000000a8   Data   RO          436    .constdata          bsp_gpio.o
    0x0801793c   0x0801793c   0x00000029   Data   RO          577    .constdata          pwm.o
    0x08017965   0x08017965   0x0000009f   Data   RO          683    .constdata          shell.o
    0x08017a04   0x08017a04   0x0000002a   Data   RO          789    .constdata          gpio_shell.o
    0x08017a2e   0x08017a2e   0x00000012   Data   RO          843    .constdata          main.o
    0x08017a40   0x08017a40   0x00000114   Data   RO          975    .constdata          cm_backtrace.o
    0x08017b54   0x08017b54   0x00000018   Data   RO         1020    .constdata          system_stm32f1xx.o
    0x08017b6c   0x08017b6c   0x00000012   Data   RO         1579    .constdata          stm32f1xx_hal_rcc.o
    0x08017b7e   0x08017b7e   0x00000081   Data   RO         1995    .constdata          mc_w.l(ctype_o.o)
    0x08017bff   0x08017bff   0x00000001   PAD
    0x08017c00   0x08017c00   0x00000004   Data   RO         1996    .constdata          mc_w.l(ctype_o.o)
    0x08017c04   0x08017c04   0x00000030   Data   RO            6    .conststring        api_utc.o
    0x08017c34   0x08017c34   0x0000004b   Data   RO          331    .conststring        eeprom.o
    0x08017c7f   0x08017c7f   0x00000001   PAD
    0x08017c80   0x08017c80   0x00000026   Data   RO          437    .conststring        bsp_gpio.o
    0x08017ca6   0x08017ca6   0x00000002   PAD
    0x08017ca8   0x08017ca8   0x00000159   Data   RO          684    .conststring        shell.o
    0x08017e01   0x08017e01   0x00000003   PAD
    0x08017e04   0x08017e04   0x0000004f   Data   RO          790    .conststring        gpio_shell.o
    0x08017e53   0x08017e53   0x00000001   PAD
    0x08017e54   0x08017e54   0x00000109   Data   RO          844    .conststring        main.o
    0x08017f5d   0x08017f5d   0x00000003   PAD
    0x08017f60   0x08017f60   0x00000879   Data   RO          976    .conststring        cm_backtrace.o
    0x080187d9   0x080187d9   0x00000003   PAD
    0x080187dc   0x080187dc   0x00000020   Data   RO         2054    Region$$Table       anon$$obj.o
    0x080187fc   0x080187fc   0x00000010   Data   RO          333    shellCommand        eeprom.o
    0x0801880c   0x0801880c   0x00000010   Data   RO          580    shellCommand        pwm.o
    0x0801881c   0x0801881c   0x000000e0   Data   RO          686    shellCommand        shell.o
    0x080188fc   0x080188fc   0x00000010   Data   RO          791    shellCommand        gpio_shell.o
    0x0801890c   0x0801890c   0x00000010   Data   RO          846    shellCommand        main.o
    0x0801891c   0x0801891c   0x00000010   Data   RO          978    shellCommand        cm_backtrace.o


    Execution Region MY_REGION (Exec base: 0x0801892c, Load base: 0x0801892c, Size: 0x00000014, Max: 0xffffffff, ABSOLUTE)

    Exec Addr    Load Addr    Size         Type   Attr      Idx    E Section Name        Object

    0x0801892c   0x0801892c   0x00000004   Data   RO          579    .initcall.1.core.init  pwm.o
    0x08018930   0x08018930   0x0000000c   Data   RO          555    .initcall.2.app.init  initcall.o
    0x0801893c   0x0801893c   0x00000004   Data   RO          615    .initcall.2.app.init  bsp_i2cs0.o


    Execution Region RW_IRAM1 (Exec base: 0x20000000, Load base: 0x08018940, Size: 0x00008e50, Max: 0x0000c000, ABSOLUTE, COMPRESSED[0x00000080])

    Exec Addr    Load Addr    Size         Type   Attr      Idx    E Section Name        Object

    0x20000000   COMPRESSED   0x00000004   Data   RW          240    .data               print_monitor.o
    0x20000004   COMPRESSED   0x00000001   Data   RW          288    .data               i2cforward.o
    0x20000005   COMPRESSED   0x00000001   Data   RW          332    .data               eeprom.o
    0x20000006   COMPRESSED   0x00000002   PAD
    0x20000008   COMPRESSED   0x00000005   Data   RW          398    .data               bsp_uartcomm.o
    0x2000000d   COMPRESSED   0x00000003   PAD
    0x20000010   COMPRESSED   0x00000080   Data   RW          477    .data               bsp_usart1.o
    0x20000090   COMPRESSED   0x00000008   Data   RW          578    .data               pwm.o
    0x20000098   COMPRESSED   0x00000004   Data   RW          614    .data               bsp_i2cs0.o
    0x2000009c   COMPRESSED   0x00000054   Data   RW          685    .data               shell.o
    0x200000f0   COMPRESSED   0x00000028   Data   RW          845    .data               main.o
    0x20000118   COMPRESSED   0x0000003c   Data   RW          977    .data               cm_backtrace.o
    0x20000154   COMPRESSED   0x00000004   Data   RW         1021    .data               system_stm32f1xx.o
    0x20000158   COMPRESSED   0x00000040   Data   RW         1136    .data               tasks.o
    0x20000198   COMPRESSED   0x00000014   Data   RW         1158    .data               timers.o
    0x200001ac   COMPRESSED   0x00000020   Data   RW         1188    .data               heap_4.o
    0x200001cc   COMPRESSED   0x0000000c   Data   RW         1203    .data               port.o
    0x200001d8   COMPRESSED   0x00000009   Data   RW         1497    .data               stm32f1xx_hal.o
    0x200001e1   COMPRESSED   0x00000003   PAD
    0x200001e4   COMPRESSED   0x00000004   Data   RW         1693    .data               mc_w.l(strtok.o)
    0x200001e8   COMPRESSED   0x00000004   Data   RW         1989    .data               mc_w.l(stdout.o)
    0x200001ec   COMPRESSED   0x00000004   Data   RW         2025    .data               mc_w.l(errno.o)
    0x200001f0        -       0x000000c8   Zero   RW          287    .bss                i2cforward.o
    0x200002b8        -       0x00000400   Zero   RW          329    .bss                eeprom.o
    0x200006b8        -       0x0000026a   Zero   RW          476    .bss                bsp_usart1.o
    0x20000922   COMPRESSED   0x00000002   PAD
    0x20000924        -       0x00000078   Zero   RW          576    .bss                pwm.o
    0x2000099c        -       0x00000038   Zero   RW          613    .bss                bsp_i2cs0.o
    0x200009d4        -       0x0000001d   Zero   RW          682    .bss                shell.o
    0x200009f1   COMPRESSED   0x00000003   PAD
    0x200009f4        -       0x00000134   Zero   RW          758    .bss                shell_port.o
    0x20000b28        -       0x000000c8   Zero   RW          842    .bss                main.o
    0x20000bf0        -       0x00000134   Zero   RW          974    .bss                cm_backtrace.o
    0x20000d24        -       0x00000040   Zero   RW         1099    .bss                queue.o
    0x20000d64        -       0x000004c4   Zero   RW         1135    .bss                tasks.o
    0x20001228        -       0x00000028   Zero   RW         1157    .bss                timers.o
    0x20001250        -       0x00007800   Zero   RW         1187    .bss                heap_4.o
    0x20008a50        -       0x00000400   Zero   RW         1009    STACK               startup_stm32f103xe.o


==============================================================================

Image component sizes


      Code (inc. data)   RO Data    RW Data    ZI Data      Debug   Object Name

       952        122         96          0          0     514042   api_utc.o
       556         62        206          0          0       4259   bsp_gpio.o
       320         14          0          0          0       2240   bsp_i2c.o
       112          0          0          0          0       1652   bsp_i2ccomm.o
       948         20          4          4         56       5208   bsp_i2cs0.o
       776         12          0          5          0       5700   bsp_uartcomm.o
       232         18          0        128        618      13929   bsp_usart1.o
      3012        576       2461         60        308       9241   cm_backtrace.o
        12          0          0          0          0        356   cmb_fault.o
       964        184        112          1       1024      10834   eeprom.o
         0          0          0          0          0      11824   event_groups.o
       572          0          0          0          0      12685   fifo.o
       948        548        137          0          0       2778   gpio_shell.o
       832         32          0         32      30720       4258   heap_4.o
       648         24          0          1        200       4036   i2cforward.o
        36          8         12          0          0       2175   initcall.o
       148          0          0          0          0       2014   list.o
      1166        348        299         40        200       7145   main.o
       826         38          0         12          0       7838   port.o
       180          4          0          4          0      17510   print_monitor.o
      1384        280         61          8        120       5483   pwm.o
      4216         20          0          0         64      22657   queue.o
      4976        140        728         84         29      25672   shell.o
       842          8          0          0          0       3728   shell_ext.o
        76         12          0          0        308       1565   shell_port.o
        36          8        304          0       1024        748   startup_stm32f103xe.o
       444         38          0          9          0       7577   stm32f1xx_hal.o
       744         20          0          0          0      30634   stm32f1xx_hal_cortex.o
      3840         42          0          0          0       6673   stm32f1xx_hal_dma.o
      1268         40          0          0          0       3923   stm32f1xx_hal_gpio.o
     18832        302          0          0          0      41286   stm32f1xx_hal_i2c.o
       520         30          0          0          0       2108   stm32f1xx_hal_msp.o
      2380         88         18          0          0       5535   stm32f1xx_hal_rcc.o
       748          6          0          0          0       4561   stm32f1xx_hal_rtc_ex.o
     15164        258          0          0          0      42090   stm32f1xx_hal_tim.o
      5880        152          0          0          0      16883   stm32f1xx_hal_tim_ex.o
      6480         46          0          0          0      22504   stm32f1xx_hal_uart.o
       116         18          0          0          0       1785   stm32f1xx_it.o
       164         20         24          4          0       1401   system_stm32f1xx.o
      8120        390          0         64       1220      37541   tasks.o
      1784         70          0         20         40      25608   timers.o

    ----------------------------------------------------------------------
     91262       3998       4510        484      35936     949686   Object Totals
         0          0         32          0          0          0   (incl. Generated)
         8          0         16          8          5          0   (incl. Padding)

    ----------------------------------------------------------------------

      Code (inc. data)   RO Data    RW Data    ZI Data      Debug   Library Member Name

        86          0          0          0          0          0   __dczerorl2.o
        28          0          0          0          0         68   _chval.o
       158          0          0          0          0         92   _strtoul.o
        26          0          0          0          0         80   atoi.o
         8          4        133          0          0         68   ctype_o.o
         0          0          0          0          0          0   entry.o
         0          0          0          0          0          0   entry10a.o
         0          0          0          0          0          0   entry11a.o
         4          0          0          0          0          0   entry12b.o
         8          4          0          0          0          0   entry2.o
         4          0          0          0          0          0   entry5.o
         0          0          0          0          0          0   entry7b.o
         0          0          0          0          0          0   entry8b.o
         8          4          0          0          0          0   entry9a.o
         8          4          0          4          0         68   errno.o
        30          0          0          0          0          0   handlers.o
        36          8          0          0          0         68   init.o
         0          0          0          0          0          0   iusefp.o
        30          0          0          0          0         68   llshl.o
        36          0          0          0          0         68   llsshr.o
        32          0          0          0          0         68   llushr.o
        36          0          0          0          0         68   memcpya.o
        36          0          0          0          0        108   memseta.o
      2342        102          0          0          0        764   printfa.o
         0          0          0          4          0          0   stdout.o
        28          0          0          0          0         76   strcmp.o
        14          0          0          0          0         68   strlen.o
        30          0          0          0          0         80   strncmp.o
        24          0          0          0          0         76   strncpy.o
        68          6          0          4          0         80   strtok.o
       112          0          0          0          0         88   strtol.o
        44          0          0          0          0         80   uidiv.o
        98          0          0          0          0         92   uldiv.o
        48          0          0          0          0         68   cdrcmple.o
       334          0          0          0          0        148   dadd.o
       222          0          0          0          0        100   ddiv.o
       186          0          0          0          0        176   depilogue.o
        48          0          0          0          0         68   dfixul.o
       228          0          0          0          0         96   dmul.o
       124          0          0          0          0         88   fdiv.o
       110          0          0          0          0        168   fepilogue.o
        18          0          0          0          0         68   fflti.o
        10          0          0          0          0         68   ffltui.o
       100          0          0          0          0         76   fmul.o

    ----------------------------------------------------------------------
      4766        132        134         12          0       3352   Library Totals
         4          0          1          0          0          0   (incl. Padding)

    ----------------------------------------------------------------------

      Code (inc. data)   RO Data    RW Data    ZI Data      Debug   Library Name

      3334        132        133         12          0       2228   mc_w.l
      1428          0          0          0          0       1124   mf_w.l

    ----------------------------------------------------------------------
      4766        132        134         12          0       3352   Library Totals

    ----------------------------------------------------------------------

==============================================================================


      Code (inc. data)   RO Data    RW Data    ZI Data      Debug   

     96028       4130       4644        496      35936     947498   Grand Totals
     96028       4130       4644        128      35936     947498   ELF Image Totals (compressed)
     96028       4130       4644        128          0          0   ROM Totals

==============================================================================

    Total RO  Size (Code + RO Data)               100672 (  98.31kB)
    Total RW  Size (RW Data + ZI Data)             36432 (  35.58kB)
    Total ROM Size (Code + RO Data + RW Data)     100800 (  98.44kB)

==============================================================================

