Component: ARM Compiler 5.06 update 7 (build 960) Tool: armlink [4d3601]

==============================================================================

Section Cross References

    api_utc.o(.text) refers to strlen.o(.text) for strlen
    api_utc.o(.text) refers to strtok.o(.text) for strtok
    api_utc.o(.text) refers to memcpya.o(.text) for __aeabi_memcpy4
    api_utc.o(.text) refers to strcmp.o(.text) for strcmp
    api_utc.o(.text) refers to printfa.o(i.__0printf) for __2printf
    api_utc.o(.text) refers to atoi.o(.text) for atoi
    api_utc.o(.text) refers to api_utc.o(.constdata) for .constdata
    api_utc.o(.text) refers to main.o(.data) for g_debugLevel
    api_utc.o(.constdata) refers to api_utc.o(.conststring) for .conststring
    fifo.o(.text) refers to port.o(.text) for vPortEnterCritical
    print_monitor.o(.text) refers to queue.o(.text) for xQueueGenericCreate
    print_monitor.o(.text) refers to tasks.o(.text) for vTaskDelay
    print_monitor.o(.text) refers to bsp_uartcomm.o(.text) for UART_sendContinueDMA
    print_monitor.o(.text) refers to port.o(.emb_text) for vPortGetIPSR
    print_monitor.o(.text) refers to print_monitor.o(.data) for g_Queue_uartResend
    i2cforward.o(.text) refers to port.o(.text) for vPortEnterCritical
    i2cforward.o(.text) refers to tasks.o(.text) for vTaskDelay
    i2cforward.o(.text) refers to memcpya.o(.text) for __aeabi_memcpy
    i2cforward.o(.text) refers to fifo.o(i.FIFO_Empty) for FIFO_Empty
    i2cforward.o(.text) refers to printfa.o(i.__0printf) for __2printf
    i2cforward.o(.text) refers to main.o(.bss) for hi2c1
    i2cforward.o(.text) refers to i2cforward.o(.data) for g_I2cRecvBuf
    i2cforward.o(.text) refers to bsp_usart1.o(.data) for g_UARTPara
    i2cforward.o(.text) refers to i2cforward.o(.bss) for g_I2cSendBuf
    bsp_uartcomm.o(.text) refers to fifo.o(i.FIFO_Empty) for FIFO_Empty
    bsp_uartcomm.o(.text) refers to fifo.o(.text) for FIFO_Read
    bsp_uartcomm.o(.text) refers to stm32f1xx_hal_uart.o(.text) for HAL_UART_Transmit_IT
    bsp_uartcomm.o(.text) refers to tasks.o(.text) for xTaskGetSchedulerState
    bsp_uartcomm.o(.text) refers to print_monitor.o(.text) for PrintMonitor_PostdMsg
    bsp_uartcomm.o(.text) refers to bsp_uartcomm.o(i.UART_sendByte) for UART_sendByte
    bsp_uartcomm.o(.text) refers to port.o(.text) for vPortEnterCritical
    bsp_uartcomm.o(.text) refers to bsp_usart1.o(.text) for UART1_init
    bsp_uartcomm.o(.text) refers to bsp_uartcomm.o(.data) for g_pUARTSHandler
    bsp_gpio.o(.text) refers to stm32f1xx_hal_gpio.o(.text) for HAL_GPIO_Init
    bsp_gpio.o(.text) refers to printfa.o(i.__0printf) for __2printf
    bsp_gpio.o(.text) refers to bsp_gpio.o(.constdata) for g_gpioConfigComm
    bsp_gpio.o(.constdata) refers to bsp_gpio.o(.conststring) for .conststring
    bsp_usart1.o(.text) refers to fifo.o(.text) for FIFO_Init
    bsp_usart1.o(.text) refers to bsp_uartcomm.o(.text) for com_registHandler
    bsp_usart1.o(.text) refers to stm32f1xx_hal_uart.o(.text) for HAL_UART_Init
    bsp_usart1.o(.text) refers to print_monitor.o(.text) for PrintMonitorInit
    bsp_usart1.o(.text) refers to bsp_usart1.o(.bss) for g_buffSend
    bsp_usart1.o(.text) refers to bsp_usart1.o(.data) for g_UARTPara
    bsp_i2c.o(.text) refers to stm32f1xx_hal_i2c.o(.text) for HAL_I2C_Init
    bsp_i2c.o(.text) refers to main.o(i.Error_Handler) for Error_Handler
    bsp_i2c.o(.text) refers to i2cforward.o(.text) for HAL_I2C_SlaveRxCpltCallback
    bsp_i2c.o(.text) refers to tasks.o(.text) for vTaskDelay
    bsp_i2c.o(.text) refers to main.o(.bss) for hi2c1
    shell.o(.text) refers to strcmp.o(.text) for strcmp
    shell.o(.text) refers to strncmp.o(.text) for strncmp
    shell.o(.text) refers to strlen.o(.text) for strlen
    shell.o(.text) refers to printfa.o(i.__0vsnprintf) for vsnprintf
    shell.o(.text) refers to shell.o(.data) for shellText
    shell.o(.text) refers to shell.o(.bss) for buffer
    shell.o(.text) refers to tasks.o(.text) for vTaskDelay
    shell.o(.text) refers to shell_ext.o(.text) for shellExtRun
    shell.o(.text) refers to stm32f1xx_hal.o(.text) for HAL_GetTick
    shell.o(.text) refers to shell_port.o(.text) for userShellInit
    shell.o(.data) refers to shell.o(.conststring) for .conststring
    shell.o(shellCommand) refers to shell.o(.constdata) for shellCmdDefaultUser
    shell.o(shellCommand) refers to shell.o(.text) for shellUp
    shell_ext.o(.text) refers to fflti.o(.text) for __aeabi_i2f
    shell_ext.o(.text) refers to ffltui.o(.text) for __aeabi_ui2f
    shell_ext.o(.text) refers to fdiv.o(.text) for __aeabi_fdiv
    shell_ext.o(.text) refers to fmul.o(.text) for __aeabi_fmul
    shell_ext.o(.text) refers to shell.o(.text) for shellSeekCommand
    shell_ext.o(.text) refers to memseta.o(.text) for __aeabi_memclr4
    shell_port.o(.text) refers to bsp_uartcomm.o(i.UART_sendByte) for UART_sendByte
    shell_port.o(.text) refers to bsp_uartcomm.o(.text) for UART_getByte
[...]
    xMinimumEverFreeBytesRemaining           0x200001b4   Data           4  heap_4.o(.data)
    xNumberOfSuccessfulAllocations           0x200001b8   Data           4  heap_4.o(.data)
    xNumberOfSuccessfulFrees                 0x200001bc   Data           4  heap_4.o(.data)
    xBlockAllocatedBit                       0x200001c0   Data           4  heap_4.o(.data)
    .data                                    0x200001c4   Section       12  port.o(.data)
    uxCriticalNesting                        0x200001c4   Data           4  port.o(.data)
    ucMaxSysCallPriority                     0x200001c8   Data           1  port.o(.data)
    ulMaxPRIGROUPValue                       0x200001cc   Data           4  port.o(.data)
    .data                                    0x200001d0   Section        9  stm32f1xx_hal.o(.data)
    .data                                    0x200001dc   Section        4  strtok.o(.data)
    state                                    0x200001dc   Data           4  strtok.o(.data)
    .data                                    0x200001e0   Section        4  stdout.o(.data)
    .data                                    0x200001e4   Section        4  errno.o(.data)
    _errno                                   0x200001e4   Data           4  errno.o(.data)
    .bss                                     0x200001e8   Section      200  i2cforward.o(.bss)
    g_I2cSendBuf                             0x200001e8   Data         200  i2cforward.o(.bss)
    .bss                                     0x200002b0   Section      618  bsp_usart1.o(.bss)
    g_buffSend                               0x200002f4   Data         350  bsp_usart1.o(.bss)
    g_buffRec                                0x20000452   Data         200  bsp_usart1.o(.bss)
    .bss                                     0x2000051c   Section       29  shell.o(.bss)
    shellList                                0x2000051c   Data          20  shell.o(.bss)
    buffer                                   0x20000530   Data           9  shell.o(.bss)
    .bss                                     0x2000053c   Section      308  shell_port.o(.bss)
    shellBuffer                              0x200005a8   Data         200  shell_port.o(.bss)
    .bss                                     0x20000670   Section      200  main.o(.bss)
    .bss                                     0x20000738   Section      308  cm_backtrace.o(.bss)
    fw_name                                  0x20000738   Data          32  cm_backtrace.o(.bss)
    hw_ver                                   0x20000758   Data          32  cm_backtrace.o(.bss)
    sw_ver                                   0x20000778   Data          32  cm_backtrace.o(.bss)
    call_stack_info                          0x20000798   Data         144  cm_backtrace.o(.bss)
    regs                                     0x20000828   Data          68  cm_backtrace.o(.bss)
    .bss                                     0x2000086c   Section       64  queue.o(.bss)
    .bss                                     0x200008ac   Section     1220  tasks.o(.bss)
    pxReadyTasksLists                        0x200008ac   Data        1120  tasks.o(.bss)
    xDelayedTaskList1                        0x20000d0c   Data          20  tasks.o(.bss)
    xDelayedTaskList2                        0x20000d20   Data          20  tasks.o(.bss)
    xPendingReadyList                        0x20000d34   Data          20  tasks.o(.bss)
    xTasksWaitingTermination                 0x20000d48   Data          20  tasks.o(.bss)
    xSuspendedTaskList                       0x20000d5c   Data          20  tasks.o(.bss)
    .bss                                     0x20000d70   Section       40  timers.o(.bss)
    xActiveTimerList1                        0x20000d70   Data          20  timers.o(.bss)
    xActiveTimerList2                        0x20000d84   Data          20  timers.o(.bss)
    .bss                                     0x20000d98   Section    30720  heap_4.o(.bss)
    ucHeap                                   0x20000d98   Data       30720  heap_4.o(.bss)
    STACK                                    0x20008598   Section     1024  startup_stm32f103xe.o(STACK)

    Global Symbols

    Symbol Name                              Value     Ov Type        Size  Object(Section)

    BuildAttributes$$THM_ISAv4$P$D$K$B$S$PE$A:L22UL41UL21$X:L11$S22US41US21$IEEE1$IW$USESV6$~STKCKD$USESV7$~SHL$OTIME$ROPI$EBA8$MICROLIB$REQ8$PRES8$EABIv2 0x00000000   Number         0  anon$$obj.o ABSOLUTE
    __ARM_use_no_argv                        0x00000000   Number         0  main.o ABSOLUTE
    _printf_a                                0x00000000   Number         0  stubs.o ABSOLUTE
    _printf_c                                0x00000000   Number         0  stubs.o ABSOLUTE
    _printf_charcount                        0x00000000   Number         0  stubs.o ABSOLUTE
    _printf_d                                0x00000000   Number         0  stubs.o ABSOLUTE
    _printf_e                                0x00000000   Number         0  stubs.o ABSOLUTE
    _printf_f                                0x00000000   Number         0  stubs.o ABSOLUTE
    _printf_flags                            0x00000000   Number         0  stubs.o ABSOLUTE
    _printf_fp_dec                           0x00000000   Number         0  stubs.o ABSOLUTE
    _printf_fp_hex                           0x00000000   Number         0  stubs.o ABSOLUTE
    _printf_g                                0x00000000   Number         0  stubs.o ABSOLUTE
    _printf_i                                0x00000000   Number         0  stubs.o ABSOLUTE
    _printf_int_dec                          0x00000000   Number         0  stubs.o ABSOLUTE
    _printf_l                                0x00000000   Number         0  stubs.o ABSOLUTE
    _printf_lc                               0x00000000   Number         0  stubs.o ABSOLUTE
    _printf_ll                               0x00000000   Number         0  stubs.o ABSOLUTE
    _printf_lld                              0x00000000   Number         0  stubs.o ABSOLUTE
    _printf_lli                              0x00000000   Number         0  stubs.o ABSOLUTE
    _printf_llo                              0x00000000   Number         0  stubs.o ABSOLUTE
    _printf_llu                              0x00000000   Number         0  stubs.o ABSOLUTE
    _printf_llx                              0x00000000   Number         0  stubs.o ABSOLUTE
    _printf_longlong_dec                     0x00000000   Number         0  stubs.o ABSOLUTE
    _printf_longlong_hex                     0x00000000   Number         0  stubs.o ABSOLUTE
    _printf_longlong_oct                     0x00000000   Number         0  stubs.o ABSOLUTE
    _printf_ls                               0x00000000   Number         0  stubs.o ABSOLUTE
    _printf_mbtowc                           0x00000000   Number         0  stubs.o ABSOLUTE
    _printf_n                                0x00000000   Number         0  stubs.o ABSOLUTE
    _printf_o                                0x00000000   Number         0  stubs.o ABSOLUTE
    _printf_p                                0x00000000   Number         0  stubs.o ABSOLUTE
    _printf_percent                          0x00000000   Number         0  stubs.o ABSOLUTE
    _printf_pre_padding                      0x00000000   Number         0  stubs.o ABSOLUTE
    _printf_return_value                     0x00000000   Number         0  stubs.o ABSOLUTE
    _printf_s                                0x00000000   Number         0  stubs.o ABSOLUTE
    _printf_sizespec                         0x00000000   Number         0  stubs.o ABSOLUTE
    _printf_str                              0x00000000   Number         0  stubs.o ABSOLUTE
    _printf_truncate_signed                  0x00000000   Number         0  stubs.o ABSOLUTE
    _printf_truncate_unsigned                0x00000000   Number         0  stubs.o ABSOLUTE
    _printf_u                                0x00000000   Number         0  stubs.o ABSOLUTE
    _printf_wc                               0x00000000   Number         0  stubs.o ABSOLUTE
    _printf_wctomb                           0x00000000   Number         0  stubs.o ABSOLUTE
    _printf_widthprec                        0x00000000   Number         0  stubs.o ABSOLUTE
    _printf_x                                0x00000000   Number         0  stubs.o ABSOLUTE
    __arm_fini_                               - Undefined Weak Reference
    __cpp_initialize__aeabi_                  - Undefined Weak Reference
    __cxa_finalize                            - Undefined Weak Reference
    _clock_init                               - Undefined Weak Reference
    _microlib_exit                            - Undefined Weak Reference
    __Vectors_Size                           0x00000130   Number         0  startup_stm32f103xe.o ABSOLUTE
    Image$$ER_IROM1$$Base                    0x08000000   Number         0  anon$$obj.o ABSOLUTE
    __Vectors                                0x08000000   Data           4  startup_stm32f103xe.o(RESET)
    __Vectors_End                            0x08000130   Data           0  startup_stm32f103xe.o(RESET)
    __main                                   0x08000131   Thumb Code     0  entry.o(.ARM.Collect$$$$00000000)
    _main_stk                                0x08000131   Thumb Code     0  entry2.o(.ARM.Collect$$$$00000001)
    _main_scatterload                        0x08000135   Thumb Code     0  entry5.o(.ARM.Collect$$$$00000004)
    __main_after_scatterload                 0x08000139   Thumb Code     0  entry5.o(.ARM.Collect$$$$00000004)
    _main_clock                              0x08000139   Thumb Code     0  entry7b.o(.ARM.Collect$$$$00000008)
    _main_cpp_init                           0x08000139   Thumb Code     0  entry8b.o(.ARM.Collect$$$$0000000A)
    _main_init                               0x08000139   Thumb Code     0  entry9a.o(.ARM.Collect$$$$0000000B)
    __rt_lib_shutdown_fini                   0x08000141   Thumb Code     0  entry12b.o(.ARM.Collect$$$$0000000E)
    __rt_final_cpp                           0x08000145   Thumb Code     0  entry10a.o(.ARM.Collect$$$$0000000F)
    __rt_final_exit                          0x08000145   Thumb Code     0  entry11a.o(.ARM.Collect$$$$00000011)
    __asm___14_cm_backtrace_c_13c737ea__cmb_get_msp 0x08000149   Thumb Code     6  cm_backtrace.o(.emb_text)
    __asm___14_cm_backtrace_c_13c737ea__cmb_get_psp 0x0800014f   Thumb Code     6  cm_backtrace.o(.emb_text)
    __asm___14_cm_backtrace_c_13c737ea__cmb_get_sp 0x08000155   Thumb Code     4  cm_backtrace.o(.emb_text)
    SVC_Handler                              0x08000159   Thumb Code    32  port.o(.emb_text)
    __asm___6_port_c_39a90d8d__prvStartFirstTask 0x0800017d   Thumb Code    28  port.o(.emb_text)
    PendSV_Handler                           0x0800019d   Thumb Code    72  port.o(.emb_text)
    vPortGetIPSR                             0x080001e9   Thumb Code     6  port.o(.emb_text)
    split                                    0x080002a7   Thumb Code    80  api_utc.o(.text)
    currentSecsSinceEpoch                    0x08000499   Thumb Code   130  api_utc.o(.text)
    FIFO_Init                                0x080005a9   Thumb Code    22  fifo.o(.text)
    FIFO_Write                               0x080005bf   Thumb Code   106  fifo.o(.text)
    FIFO_Writes                              0x08000629   Thumb Code   128  fifo.o(.text)
    FIFO_Read                                0x080006a9   Thumb Code   124  fifo.o(.text)
    FIFO_ReadN                               0x08000725   Thumb Code   172  fifo.o(.text)
    PrintMonitorInit                         0x080007d9   Thumb Code    18  print_monitor.o(.text)
    Task_uartMonitor                         0x080007eb   Thumb Code    40  print_monitor.o(.text)
    PrintMonitor_PostdMsg                    0x08000813   Thumb Code   118  print_monitor.o(.text)
    i2cSend_split                            0x080008e1   Thumb Code   158  i2cforward.o(.text)
    Task_I2cForWard                          0x08000a89   Thumb Code    56  i2cforward.o(.text)
    HAL_I2C_SlaveRxCpltCallback              0x08000ac1   Thumb Code    30  i2cforward.o(.text)
    UART_sendContinueIT                      0x08000b2d   Thumb Code    82  bsp_uartcomm.o(.text)
    UART_sendData                            0x08000b7f   Thumb Code   164  bsp_uartcomm.o(.text)
    fputc                                    0x08000c23   Thumb Code    54  bsp_uartcomm.o(.text)
    com_registHandler                        0x08000c59   Thumb Code    58  bsp_uartcomm.o(.text)
    UART_getByte                             0x08000c93   Thumb Code    40  bsp_uartcomm.o(.text)
    UART_getData                             0x08000cbb   Thumb Code    52  bsp_uartcomm.o(.text)
    UART_sendContinueDMA                     0x08000cef   Thumb Code   236  bsp_uartcomm.o(.text)
    UART_init                                0x08000ddb   Thumb Code     8  bsp_uartcomm.o(.text)
    GPIO_getPinStatus                        0x08000ea9   Thumb Code    34  bsp_gpio.o(.text)
    GPIO_isPinActive                         0x08000ecb   Thumb Code    62  bsp_gpio.o(.text)
    GPIO_getPinName                          0x08000f09   Thumb Code    28  bsp_gpio.o(.text)
    GPIO_printIdexAndName                    0x08000f25   Thumb Code    40  bsp_gpio.o(.text)
    GPIO_setPinStatus                        0x08000f4d   Thumb Code    78  bsp_gpio.o(.text)
    GPIO_Init                                0x08000f9b   Thumb Code    16  bsp_gpio.o(.text)
    UART1_init                               0x08000fe9   Thumb Code    84  bsp_usart1.o(.text)
    HAL_UART_TxCpltCallback                  0x08001085   Thumb Code    18  bsp_usart1.o(.text)
    UART_RxCpltCallback                      0x08001097   Thumb Code    40  bsp_usart1.o(.text)
    i2c_int                                  0x08001105   Thumb Code     8  bsp_i2c.o(.text)
    HAL_I2C_EV_IRQHandler                    0x0800110d   Thumb Code   144  bsp_i2c.o(.text)
    i2c_write_bytes                          0x0800119d   Thumb Code    64  bsp_i2c.o(.text)
    shellWriteString                         0x080011e9   Thumb Code    40  shell.o(.text)
    shellToHex                               0x08001265   Thumb Code    56  shell.o(.text)
    shellCheckPermission                     0x080012e9   Thumb Code    54  shell.o(.text)
    shellSeekCommand                         0x0800131f   Thumb Code   122  shell.o(.text)
    shellInit                                0x0800141f   Thumb Code   144  shell.o(.text)
    shellGetCurrent                          0x080014af   Thumb Code    48  shell.o(.text)
    shellPrint                               0x0800153d   Thumb Code    50  shell.o(.text)
    shellToDec                               0x0800156f   Thumb Code    86  shell.o(.text)
    shellListItem                            0x08001665   Thumb Code   240  shell.o(.text)
    shellListCommand                         0x08001755   Thumb Code    90  shell.o(.text)
    shellListVar                             0x080017af   Thumb Code    84  shell.o(.text)
    shellListUser                            0x08001803   Thumb Code    84  shell.o(.text)
    shellListKey                             0x08001857   Thumb Code    84  shell.o(.text)
    shellListAll                             0x080018ab   Thumb Code    12  shell.o(.text)
    shellDeleteCommandLine                   0x080018b7   Thumb Code    28  shell.o(.text)
    shellClearCommandLine                    0x080018d3   Thumb Code    40  shell.o(.text)
    shellInsertByte                          0x080018fb   Thumb Code   226  shell.o(.text)
    shellDeleteByte                          0x080019dd   Thumb Code   232  shell.o(.text)
    shellGetVarValue                         0x08001bbb   Thumb Code    84  shell.o(.text)
    shellSetVarValue                         0x08001caf   Thumb Code   140  shell.o(.text)
    shellSetVar                              0x08001d3b   Thumb Code   106  shell.o(.text)
    shellRunCommand                          0x08001e0f   Thumb Code   174  shell.o(.text)
    shellNormalInput                         0x08002065   Thumb Code    28  shell.o(.text)
    shellExec                                0x08002081   Thumb Code   110  shell.o(.text)
    shellUp                                  0x080020ef   Thumb Code    14  shell.o(.text)
    shellDown                                0x080020fd   Thumb Code    16  shell.o(.text)
    shellRight                               0x0800210d   Thumb Code    30  shell.o(.text)
    shellLeft                                0x0800212b   Thumb Code    26  shell.o(.text)
    shellTab                                 0x08002145   Thumb Code   378  shell.o(.text)
    shellBackspace                           0x080022bf   Thumb Code    14  shell.o(.text)
    shellDelete                              0x080022cd   Thumb Code    16  shell.o(.text)
    shellEnter                               0x080022dd   Thumb Code    20  shell.o(.text)
    shellHelp                                0x080022f1   Thumb Code   118  shell.o(.text)
    shellHandler                             0x08002367   Thumb Code   246  shell.o(.text)
    shellTask                                0x0800245d   Thumb Code    46  shell.o(.text)
    shellUsers                               0x0800248b   Thumb Code    18  shell.o(.text)
    shellCmds                                0x0800249d   Thumb Code    18  shell.o(.text)
    shellVars                                0x080024af   Thumb Code    34  shell.o(.text)
    shellKeys                                0x080024d1   Thumb Code    18  shell.o(.text)
    shellClear                               0x080024e3   Thumb Code    22  shell.o(.text)
    shellRun                                 0x080024f9   Thumb Code    86  shell.o(.text)
    shellExtParsePara                        0x0800277f   Thumb Code    86  shell_ext.o(.text)
    shellExtRun                              0x080027d5   Thumb Code   202  shell_ext.o(.text)
    userShellWrite                           0x080028a1   Thumb Code    14  shell_port.o(.text)
    userShellRead                            0x080028af   Thumb Code    22  shell_port.o(.text)
    userShellInit                            0x080028c5   Thumb Code    28  shell_port.o(.text)
    SystemClock_Config                       0x08002ce3   Thumb Code   114  main.o(.text)
    main                                     0x08002d55   Thumb Code   190  main.o(.text)
    PrintTaskStackHead                       0x08002e13   Thumb Code   344  main.o(.text)
    vApplicationIdleHook                     0x08002f6b   Thumb Code    44  main.o(.text)
    vPortSetupTimerInterrupt                 0x08002f97   Thumb Code     2  main.o(.text)
    Reboot                                   0x08002f99   Thumb Code     8  main.o(.text)
    HAL_MspInit                              0x080030dd   Thumb Code    58  stm32f1xx_hal_msp.o(.text)
    HAL_I2C_MspInit                          0x08003117   Thumb Code   138  stm32f1xx_hal_msp.o(.text)
    HAL_I2C_MspDeInit                        0x080031a1   Thumb Code    60  stm32f1xx_hal_msp.o(.text)
    HAL_UART_MspInit                         0x080031dd   Thumb Code   186  stm32f1xx_hal_msp.o(.text)
    HAL_UART_MspDeInit                       0x08003297   Thumb Code    48  stm32f1xx_hal_msp.o(.text)
    NMI_Handler                              0x080032e5   Thumb Code     4  stm32f1xx_it.o(.text)
    MemManage_Handler                        0x080032ed   Thumb Code     4  stm32f1xx_it.o(.text)
    BusFault_Handler                         0x080032f1   Thumb Code     4  stm32f1xx_it.o(.text)
    UsageFault_Handler                       0x080032f5   Thumb Code     4  stm32f1xx_it.o(.text)
    DebugMon_Handler                         0x080032f9   Thumb Code     2  stm32f1xx_it.o(.text)
    SysTick_Handler                          0x080032fb   Thumb Code    20  stm32f1xx_it.o(.text)
    DMA1_Channel4_IRQHandler                 0x0800330f   Thumb Code    10  stm32f1xx_it.o(.text)
    DMA1_Channel6_IRQHandler                 0x08003319   Thumb Code    10  stm32f1xx_it.o(.text)
    I2C1_EV_IRQHandler                       0x08003323   Thumb Code    10  stm32f1xx_it.o(.text)
    I2C1_ER_IRQHandler                       0x0800332d   Thumb Code    10  stm32f1xx_it.o(.text)
    USART1_IRQHandler                        0x08003337   Thumb Code    16  stm32f1xx_it.o(.text)
    cm_backtrace_init                        0x08003359   Thumb Code   102  cm_backtrace.o(.text)
    cm_backtrace_firmware_info               0x080033bf   Thumb Code    24  cm_backtrace.o(.text)
    cm_backtrace_call_stack                  0x080034cf   Thumb Code   276  cm_backtrace.o(.text)
    cm_backtrace_assert                      0x08003659   Thumb Code   150  cm_backtrace.o(.text)
    HardFault_Handler_bt                     0x08003b1d   Thumb Code   598  cm_backtrace.o(.text)
    HardFault_Handler                        0x08003f0d   Thumb Code    12  cmb_fault.o(.text)
    Reset_Handler                            0x08003f19   Thumb Code     8  startup_stm32f103xe.o(.text)
    ADC1_2_IRQHandler                        0x08003f33   Thumb Code     0  startup_stm32f103xe.o(.text)
    ADC3_IRQHandler                          0x08003f33   Thumb Code     0  startup_stm32f103xe.o(.text)
    CAN1_RX1_IRQHandler                      0x08003f33   Thumb Code     0  startup_stm32f103xe.o(.text)
    CAN1_SCE_IRQHandler                      0x08003f33   Thumb Code     0  startup_stm32f103xe.o(.text)
    DMA1_Channel1_IRQHandler                 0x08003f33   Thumb Code     0  startup_stm32f103xe.o(.text)
    DMA1_Channel2_IRQHandler                 0x08003f33   Thumb Code     0  startup_stm32f103xe.o(.text)
    DMA1_Channel3_IRQHandler                 0x08003f33   Thumb Code     0  startup_stm32f103xe.o(.text)
    DMA1_Channel5_IRQHandler                 0x08003f33   Thumb Code     0  startup_stm32f103xe.o(.text)
    DMA1_Channel7_IRQHandler                 0x08003f33   Thumb Code     0  startup_stm32f103xe.o(.text)
    DMA2_Channel1_IRQHandler                 0x08003f33   Thumb Code     0  startup_stm32f103xe.o(.text)
    DMA2_Channel2_IRQHandler                 0x08003f33   Thumb Code     0  startup_stm32f103xe.o(.text)
    DMA2_Channel3_IRQHandler                 0x08003f33   Thumb Code     0  startup_stm32f103xe.o(.text)
    DMA2_Channel4_5_IRQHandler               0x08003f33   Thumb Code     0  startup_stm32f103xe.o(.text)
    EXTI0_IRQHandler                         0x08003f33   Thumb Code     0  startup_stm32f103xe.o(.text)
    EXTI15_10_IRQHandler                     0x08003f33   Thumb Code     0  startup_stm32f103xe.o(.text)
    EXTI1_IRQHandler                         0x08003f33   Thumb Code     0  startup_stm32f103xe.o(.text)
    EXTI2_IRQHandler                         0x08003f33   Thumb Code     0  startup_stm32f103xe.o(.text)
    EXTI3_IRQHandler                         0x08003f33   Thumb Code     0  startup_stm32f103xe.o(.text)
    EXTI4_IRQHandler                         0x08003f33   Thumb Code     0  startup_stm32f103xe.o(.text)
    EXTI9_5_IRQHandler                       0x08003f33   Thumb Code     0  startup_stm32f103xe.o(.text)
    FLASH_IRQHandler                         0x08003f33   Thumb Code     0  startup_stm32f103xe.o(.text)
    FSMC_IRQHandler                          0x08003f33   Thumb Code     0  startup_stm32f103xe.o(.text)
    I2C2_ER_IRQHandler                       0x08003f33   Thumb Code     0  startup_stm32f103xe.o(.text)
    I2C2_EV_IRQHandler                       0x08003f33   Thumb Code     0  startup_stm32f103xe.o(.text)
    PVD_IRQHandler                           0x08003f33   Thumb Code     0  startup_stm32f103xe.o(.text)
    RCC_IRQHandler                           0x08003f33   Thumb Code     0  startup_stm32f103xe.o(.text)
    RTC_Alarm_IRQHandler                     0x08003f33   Thumb Code     0  startup_stm32f103xe.o(.text)
    RTC_IRQHandler                           0x08003f33   Thumb Code     0  startup_stm32f103xe.o(.text)
    SDIO_IRQHandler                          0x08003f33   Thumb Code     0  startup_stm32f103xe.o(.text)
    SPI1_IRQHandler                          0x08003f33   Thumb Code     0  startup_stm32f103xe.o(.text)
    SPI2_IRQHandler                          0x08003f33   Thumb Code     0  startup_stm32f103xe.o(.text)
    SPI3_IRQHandler                          0x08003f33   Thumb Code     0  startup_stm32f103xe.o(.text)
    TAMPER_IRQHandler                        0x08003f33   Thumb Code     0  startup_stm32f103xe.o(.text)
    TIM1_BRK_IRQHandler                      0x08003f33   Thumb Code     0  startup_stm32f103xe.o(.text)
    TIM1_CC_IRQHandler                       0x08003f33   Thumb Code     0  startup_stm32f103xe.o(.text)
    TIM1_TRG_COM_IRQHandler                  0x08003f33   Thumb Code     0  startup_stm32f103xe.o(.text)
    TIM1_UP_IRQHandler                       0x08003f33   Thumb Code     0  startup_stm32f103xe.o(.text)
    TIM2_IRQHandler                          0x08003f33   Thumb Code     0  startup_stm32f103xe.o(.text)
    TIM3_IRQHandler                          0x08003f33   Thumb Code     0  startup_stm32f103xe.o(.text)
    TIM4_IRQHandler                          0x08003f33   Thumb Code     0  startup_stm32f103xe.o(.text)
    TIM5_IRQHandler                          0x08003f33   Thumb Code     0  startup_stm32f103xe.o(.text)
    TIM6_IRQHandler                          0x08003f33   Thumb Code     0  startup_stm32f103xe.o(.text)
    TIM7_IRQHandler                          0x08003f33   Thumb Code     0  startup_stm32f103xe.o(.text)
    TIM8_BRK_IRQHandler                      0x08003f33   Thumb Code     0  startup_stm32f103xe.o(.text)
    TIM8_CC_IRQHandler                       0x08003f33   Thumb Code     0  startup_stm32f103xe.o(.text)
    TIM8_TRG_COM_IRQHandler                  0x08003f33   Thumb Code     0  startup_stm32f103xe.o(.text)
    TIM8_UP_IRQHandler                       0x08003f33   Thumb Code     0  startup_stm32f103xe.o(.text)
    UART4_IRQHandler                         0x08003f33   Thumb Code     0  startup_stm32f103xe.o(.text)
    UART5_IRQHandler                         0x08003f33   Thumb Code     0  startup_stm32f103xe.o(.text)
    USART2_IRQHandler                        0x08003f33   Thumb Code     0  startup_stm32f103xe.o(.text)
    USART3_IRQHandler                        0x08003f33   Thumb Code     0  startup_stm32f103xe.o(.text)
    USBWakeUp_IRQHandler                     0x08003f33   Thumb Code     0  startup_stm32f103xe.o(.text)
    USB_HP_CAN1_TX_IRQHandler                0x08003f33   Thumb Code     0  startup_stm32f103xe.o(.text)
    USB_LP_CAN1_RX0_IRQHandler               0x08003f33   Thumb Code     0  startup_stm32f103xe.o(.text)
    WWDG_IRQHandler                          0x08003f33   Thumb Code     0  startup_stm32f103xe.o(.text)
    SystemInit                               0x08003f3d   Thumb Code     2  system_stm32f1xx_1.o(.text)
    SystemCoreClockUpdate                    0x08003f3f   Thumb Code   142  system_stm32f1xx_1.o(.text)
    vListInitialise                          0x08003fe1   Thumb Code    26  list.o(.text)
    vListInitialiseItem                      0x08003ffb   Thumb Code     6  list.o(.text)
    vListInsertEnd                           0x08004001   Thumb Code    24  list.o(.text)
    vListInsert                              0x08004019   Thumb Code    52  list.o(.text)
    uxListRemove                             0x0800404d   Thumb Code    40  list.o(.text)
    xQueueGenericReset                       0x08004075   Thumb Code   214  queue.o(.text)
    xQueueGenericCreate                      0x08004175   Thumb Code   102  queue.o(.text)
    xQueueGenericSend                        0x080042f5   Thumb Code   420  queue.o(.text)
    xQueueCreateMutex                        0x080044b7   Thumb Code    38  queue.o(.text)
    xQueueGetMutexHolder                     0x080044dd   Thumb Code    52  queue.o(.text)
    xQueueGetMutexHolderFromISR              0x08004511   Thumb Code    38  queue.o(.text)
    xQueueGiveMutexRecursive                 0x08004537   Thumb Code    72  queue.o(.text)
    xQueueSemaphoreTake                      0x080045ad   Thumb Code   434  queue.o(.text)
    xQueueTakeMutexRecursive                 0x0800475f   Thumb Code    78  queue.o(.text)
    xQueueCreateCountingSemaphore            0x080047ad   Thumb Code    60  queue.o(.text)
    xQueueGenericSendFromISR                 0x080047e9   Thumb Code   288  queue.o(.text)
    xQueueGiveFromISR                        0x08004909   Thumb Code   260  queue.o(.text)
    xQueueReceive                            0x08004a3d   Thumb Code   356  queue.o(.text)
    xQueuePeek                               0x08004ba1   Thumb Code   362  queue.o(.text)
    xQueueReceiveFromISR                     0x08004d0b   Thumb Code   238  queue.o(.text)
    xQueuePeekFromISR                        0x08004df9   Thumb Code   176  queue.o(.text)
    uxQueueMessagesWaiting                   0x08004ea9   Thumb Code    46  queue.o(.text)
    uxQueueSpacesAvailable                   0x08004ed7   Thumb Code    48  queue.o(.text)
    uxQueueMessagesWaitingFromISR            0x08004f07   Thumb Code    34  queue.o(.text)
    vQueueUnregisterQueue                    0x08004f29   Thumb Code    68  queue.o(.text)
    vQueueDelete                             0x08004f6d   Thumb Code    44  queue.o(.text)
    uxQueueGetQueueNumber                    0x08004f99   Thumb Code     6  queue.o(.text)
    vQueueSetQueueNumber                     0x08004f9f   Thumb Code     4  queue.o(.text)
    ucQueueGetQueueType                      0x08004fa3   Thumb Code     8  queue.o(.text)
    xQueueIsQueueEmptyFromISR                0x08004fab   Thumb Code    42  queue.o(.text)
    xQueueIsQueueFullFromISR                 0x08004fd5   Thumb Code    46  queue.o(.text)
    vQueueAddToRegistry                      0x08005003   Thumb Code    90  queue.o(.text)
    pcQueueGetName                           0x0800505d   Thumb Code    64  queue.o(.text)
    vQueueWaitForMessageRestricted           0x0800509d   Thumb Code    74  queue.o(.text)
    xTaskCreate                              0x080052e3   Thumb Code    96  tasks.o(.text)
    vTaskDelete                              0x0800537d   Thumb Code   168  tasks.o(.text)
    xTaskIncrementTick                       0x08005425   Thumb Code   478  tasks.o(.text)
    xTaskResumeAll                           0x08005603   Thumb Code   336  tasks.o(.text)
    vTaskSuspendAll                          0x080057df   Thumb Code    12  tasks.o(.text)
    xTaskDelayUntil                          0x080057eb   Thumb Code   202  tasks.o(.text)
    vTaskDelay                               0x080058b5   Thumb Code    82  tasks.o(.text)
    eTaskGetState                            0x08005907   Thumb Code   198  tasks.o(.text)
    uxTaskPriorityGet                        0x080059cd   Thumb Code    30  tasks.o(.text)
    uxTaskPriorityGetFromISR                 0x080059eb   Thumb Code    62  tasks.o(.text)
    vTaskPrioritySet                         0x08005a29   Thumb Code   292  tasks.o(.text)
    vTaskSwitchContext                       0x08005b4d   Thumb Code   122  tasks.o(.text)
    vTaskSuspend                             0x08005bc7   Thumb Code   190  tasks.o(.text)
    vTaskResume                              0x08005cd5   Thumb Code   224  tasks.o(.text)
    xTaskResumeFromISR                       0x08005db5   Thumb Code   216  tasks.o(.text)
    vTaskStartScheduler                      0x08005eed   Thumb Code   124  tasks.o(.text)
    vTaskEndScheduler                        0x08005f69   Thumb Code    32  tasks.o(.text)
    xTaskGetTickCount                        0x08005f89   Thumb Code     6  tasks.o(.text)
    xTaskGetTickCountFromISR                 0x08005f8f   Thumb Code    16  tasks.o(.text)
    uxTaskGetNumberOfTasks                   0x08005f9f   Thumb Code     6  tasks.o(.text)
    pcTaskGetName                            0x08005fa5   Thumb Code    44  tasks.o(.text)
    vTaskGetInfo                             0x08005fe7   Thumb Code   126  tasks.o(.text)
    uxTaskGetSystemState                     0x080060cf   Thumb Code   152  tasks.o(.text)
    xTaskCatchUpTicks                        0x08006167   Thumb Code    64  tasks.o(.text)
    vTaskPlaceOnEventList                    0x080061a7   Thumb Code   142  tasks.o(.text)
    vTaskPlaceOnUnorderedEventList           0x08006235   Thumb Code   134  tasks.o(.text)
    vTaskPlaceOnEventListRestricted          0x080062bb   Thumb Code    94  tasks.o(.text)
    xTaskRemoveFromEventList                 0x08006319   Thumb Code   262  tasks.o(.text)
    vTaskRemoveFromUnorderedEventList        0x0800641f   Thumb Code   248  tasks.o(.text)
    vTaskSetTimeOutState                     0x08006517   Thumb Code    50  tasks.o(.text)
    vTaskInternalSetTimeOutState             0x08006549   Thumb Code    14  tasks.o(.text)
    xTaskCheckForTimeOut                     0x08006557   Thumb Code   136  tasks.o(.text)
    vTaskMissedYield                         0x080065df   Thumb Code     8  tasks.o(.text)
    uxTaskGetTaskNumber                      0x080065e7   Thumb Code    14  tasks.o(.text)
    vTaskSetTaskNumber                       0x080065f5   Thumb Code     8  tasks.o(.text)
    uxTaskGetStackHighWaterMark              0x080065fd   Thumb Code    34  tasks.o(.text)
    xTaskGetCurrentTaskHandle                0x0800661f   Thumb Code     6  tasks.o(.text)
    xTaskGetSchedulerState                   0x08006625   Thumb Code    60  tasks.o(.text)
    xTaskPriorityInherit                     0x08006661   Thumb Code   202  tasks.o(.text)
    xTaskPriorityDisinherit                  0x0800672b   Thumb Code   202  tasks.o(.text)
    vTaskPriorityDisinheritAfterTimeout      0x080067f5   Thumb Code   246  tasks.o(.text)
    uxTaskResetEventItemValue                0x080068eb   Thumb Code    24  tasks.o(.text)
    pvTaskIncrementMutexHeldCount            0x08006903   Thumb Code    26  tasks.o(.text)
    ulTaskGenericNotifyTake                  0x0800691d   Thumb Code   160  tasks.o(.text)
    xTaskGenericNotifyWait                   0x080069bd   Thumb Code   212  tasks.o(.text)
    xTaskGenericNotify                       0x08006a91   Thumb Code   440  tasks.o(.text)
    xTaskGenericNotifyFromISR                0x08006c49   Thumb Code   548  tasks.o(.text)
    vTaskGenericNotifyGiveFromISR            0x08006e6d   Thumb Code   370  tasks.o(.text)
    xTaskGenericNotifyStateClear             0x08006fdf   Thumb Code    90  tasks.o(.text)
    ulTaskGenericNotifyValueClear            0x08007039   Thumb Code    58  tasks.o(.text)
    vTaskStackAddr                           0x08007073   Thumb Code     8  tasks.o(.text)
    vTaskStackSize                           0x0800707b   Thumb Code     8  tasks.o(.text)
    vTaskName                                0x08007083   Thumb Code     8  tasks.o(.text)
    xTimerCreateTimerTask                    0x080073ef   Thumb Code    64  timers.o(.text)
    xTimerCreate                             0x08007487   Thumb Code   106  timers.o(.text)
    xTimerGenericCommand                     0x080074f1   Thumb Code   128  timers.o(.text)
    xTimerGetTimerDaemonTaskHandle           0x08007571   Thumb Code    42  timers.o(.text)
    xTimerGetPeriod                          0x0800759b   Thumb Code    32  timers.o(.text)
    vTimerSetReloadMode                      0x080075bb   Thumb Code    70  timers.o(.text)
    uxTimerGetReloadMode                     0x08007601   Thumb Code    58  timers.o(.text)
    xTimerGetExpiryTime                      0x0800763b   Thumb Code    34  timers.o(.text)
    pcTimerGetName                           0x0800765d   Thumb Code    32  timers.o(.text)
    xTimerIsTimerActive                      0x0800767d   Thumb Code    58  timers.o(.text)
    pvTimerGetTimerID                        0x080076b7   Thumb Code    44  timers.o(.text)
    vTimerSetTimerID                         0x080076e3   Thumb Code    44  timers.o(.text)
    xTimerPendFunctionCallFromISR            0x0800770f   Thumb Code    48  timers.o(.text)
    xTimerPendFunctionCall                   0x0800773f   Thumb Code    76  timers.o(.text)
    uxTimerGetTimerNumber                    0x0800778b   Thumb Code     6  timers.o(.text)
    vTimerSetTimerNumber                     0x08007791   Thumb Code     4  timers.o(.text)
    pvPortMalloc                             0x0800785f   Thumb Code   338  heap_4.o(.text)
    vPortFree                                0x080079b1   Thumb Code   150  heap_4.o(.text)
    xPortGetFreeHeapSize                     0x08007a47   Thumb Code     6  heap_4.o(.text)
    xPortGetMinimumEverFreeHeapSize          0x08007a4d   Thumb Code     6  heap_4.o(.text)
    vPortInitialiseBlocks                    0x08007a53   Thumb Code     2  heap_4.o(.text)
    vPortGetHeapStats                        0x08007a55   Thumb Code   104  heap_4.o(.text)
    pxPortInitialiseStack                    0x08007b19   Thumb Code    30  port.o(.text)
    xPortStartScheduler                      0x08007b37   Thumb Code   228  port.o(.text)
    vPortEndScheduler                        0x08007c1b   Thumb Code    42  port.o(.text)
    vPortEnterCritical                       0x08007c45   Thumb Code    78  port.o(.text)
    vPortExitCritical                        0x08007c93   Thumb Code    56  port.o(.text)
    xPortSysTickHandler                      0x08007ccb   Thumb Code    52  port.o(.text)
    vPortValidateInterruptPriority           0x08007cff   Thumb Code   108  port.o(.text)
    HAL_GPIO_Init                            0x08007d85   Thumb Code   792  stm32f1xx_hal_gpio.o(.text)
    HAL_GPIO_DeInit                          0x0800809d   Thumb Code   312  stm32f1xx_hal_gpio.o(.text)
    HAL_GPIO_ReadPin                         0x080081d5   Thumb Code    16  stm32f1xx_hal_gpio.o(.text)
    HAL_GPIO_WritePin                        0x080081e5   Thumb Code    12  stm32f1xx_hal_gpio.o(.text)
    HAL_GPIO_TogglePin                       0x080081f1   Thumb Code    20  stm32f1xx_hal_gpio.o(.text)
    HAL_GPIO_LockPin                         0x08008205   Thumb Code    46  stm32f1xx_hal_gpio.o(.text)
    HAL_GPIO_EXTI_Callback                   0x08008233   Thumb Code     2  stm32f1xx_hal_gpio.o(.text)
    HAL_GPIO_EXTI_IRQHandler                 0x08008235   Thumb Code    28  stm32f1xx_hal_gpio.o(.text)
    HAL_DMA_Init                             0x08008279   Thumb Code   132  stm32f1xx_hal_dma.o(.text)
    HAL_DMA_DeInit                           0x080082fd   Thumb Code   132  stm32f1xx_hal_dma.o(.text)
    HAL_DMA_Start                            0x080083ad   Thumb Code   114  stm32f1xx_hal_dma.o(.text)
    HAL_DMA_Start_IT                         0x0800841f   Thumb Code   156  stm32f1xx_hal_dma.o(.text)
    HAL_DMA_Abort                            0x080084bb   Thumb Code    86  stm32f1xx_hal_dma.o(.text)
    HAL_DMA_Abort_IT                         0x08008511   Thumb Code   422  stm32f1xx_hal_dma.o(.text)
    HAL_DMA_PollForTransfer                  0x080086b7   Thumb Code  1616  stm32f1xx_hal_dma.o(.text)
    HAL_DMA_IRQHandler                       0x08008d07   Thumb Code   920  stm32f1xx_hal_dma.o(.text)
    HAL_DMA_RegisterCallback                 0x0800909f   Thumb Code    90  stm32f1xx_hal_dma.o(.text)
    HAL_DMA_UnRegisterCallback               0x080090f9   Thumb Code   106  stm32f1xx_hal_dma.o(.text)
    HAL_DMA_GetState                         0x08009163   Thumb Code     8  stm32f1xx_hal_dma.o(.text)
    HAL_DMA_GetError                         0x0800916b   Thumb Code     6  stm32f1xx_hal_dma.o(.text)
    HAL_UART_Init                            0x08009273   Thumb Code   118  stm32f1xx_hal_uart.o(.text)
    HAL_HalfDuplex_Init                      0x080092e9   Thumb Code   122  stm32f1xx_hal_uart.o(.text)
    HAL_LIN_Init                             0x08009363   Thumb Code   146  stm32f1xx_hal_uart.o(.text)
    HAL_MultiProcessor_Init                  0x080093f5   Thumb Code   158  stm32f1xx_hal_uart.o(.text)
    HAL_UART_DeInit                          0x08009495   Thumb Code    62  stm32f1xx_hal_uart.o(.text)
    HAL_UART_Transmit                        0x08009565   Thumb Code   182  stm32f1xx_hal_uart.o(.text)
    HAL_UART_Receive                         0x0800961b   Thumb Code   188  stm32f1xx_hal_uart.o(.text)
    HAL_UART_Transmit_IT                     0x080096d7   Thumb Code    56  stm32f1xx_hal_uart.o(.text)
    UART_Start_Receive_IT                    0x0800970f   Thumb Code    64  stm32f1xx_hal_uart.o(.text)
    HAL_UART_Receive_IT                      0x0800974f   Thumb Code    44  stm32f1xx_hal_uart.o(.text)
    HAL_UART_ErrorCallback                   0x0800977b   Thumb Code     2  stm32f1xx_hal_uart.o(.text)
    HAL_UART_TxHalfCpltCallback              0x0800985f   Thumb Code     2  stm32f1xx_hal_uart.o(.text)
    HAL_UART_Transmit_DMA                    0x080098c9   Thumb Code   128  stm32f1xx_hal_uart.o(.text)
    HAL_UART_RxHalfCpltCallback              0x08009949   Thumb Code     2  stm32f1xx_hal_uart.o(.text)
    HAL_UARTEx_RxEventCallback               0x0800994b   Thumb Code     2  stm32f1xx_hal_uart.o(.text)
    HAL_UART_RxCpltCallback                  0x08009971   Thumb Code     2  stm32f1xx_hal_uart.o(.text)
    UART_Start_Receive_DMA                   0x08009a27   Thumb Code   186  stm32f1xx_hal_uart.o(.text)
    HAL_UART_Receive_DMA                     0x08009ae1   Thumb Code    44  stm32f1xx_hal_uart.o(.text)
    HAL_UART_DMAPause                        0x08009b0d   Thumb Code   166  stm32f1xx_hal_uart.o(.text)
    HAL_UART_DMAResume                       0x08009bb3   Thumb Code   170  stm32f1xx_hal_uart.o(.text)
    HAL_UART_DMAStop                         0x08009c5d   Thumb Code   160  stm32f1xx_hal_uart.o(.text)
    HAL_UARTEx_ReceiveToIdle                 0x08009cfd   Thumb Code   296  stm32f1xx_hal_uart.o(.text)
    HAL_UARTEx_ReceiveToIdle_IT              0x08009e25   Thumb Code   114  stm32f1xx_hal_uart.o(.text)
    HAL_UARTEx_ReceiveToIdle_DMA             0x08009e97   Thumb Code   114  stm32f1xx_hal_uart.o(.text)
    HAL_UARTEx_GetRxEventType                0x08009f09   Thumb Code     6  stm32f1xx_hal_uart.o(.text)
    HAL_UART_Abort                           0x08009f0f   Thumb Code   278  stm32f1xx_hal_uart.o(.text)
    HAL_UART_AbortTransmit                   0x0800a025   Thumb Code   124  stm32f1xx_hal_uart.o(.text)
    HAL_UART_AbortReceive                    0x0800a0a1   Thumb Code   194  stm32f1xx_hal_uart.o(.text)
    HAL_UART_AbortCpltCallback               0x0800a163   Thumb Code     2  stm32f1xx_hal_uart.o(.text)
    HAL_UART_Abort_IT                        0x0800a1d5   Thumb Code   320  stm32f1xx_hal_uart.o(.text)
    HAL_UART_AbortTransmitCpltCallback       0x0800a315   Thumb Code     2  stm32f1xx_hal_uart.o(.text)
    HAL_UART_AbortTransmit_IT                0x0800a32f   Thumb Code   138  stm32f1xx_hal_uart.o(.text)
    HAL_UART_AbortReceiveCpltCallback        0x0800a3b9   Thumb Code     2  stm32f1xx_hal_uart.o(.text)
    HAL_UART_AbortReceive_IT                 0x0800a3d7   Thumb Code   212  stm32f1xx_hal_uart.o(.text)
    HAL_UART_IRQHandler                      0x0800a64b   Thumb Code   740  stm32f1xx_hal_uart.o(.text)
    HAL_LIN_SendBreak                        0x0800a92f   Thumb Code    80  stm32f1xx_hal_uart.o(.text)
    HAL_MultiProcessor_EnterMuteMode         0x0800a97f   Thumb Code    82  stm32f1xx_hal_uart.o(.text)
    HAL_MultiProcessor_ExitMuteMode          0x0800a9d1   Thumb Code    82  stm32f1xx_hal_uart.o(.text)
    HAL_HalfDuplex_EnableTransmitter         0x0800aa23   Thumb Code    68  stm32f1xx_hal_uart.o(.text)
    HAL_HalfDuplex_EnableReceiver            0x0800aa67   Thumb Code    68  stm32f1xx_hal_uart.o(.text)
    HAL_UART_GetState                        0x0800aaab   Thumb Code    20  stm32f1xx_hal_uart.o(.text)
    HAL_UART_GetError                        0x0800aabf   Thumb Code     6  stm32f1xx_hal_uart.o(.text)
    HAL_InitTick                             0x0800aacb   Thumb Code    64  stm32f1xx_hal.o(.text)
    HAL_Init                                 0x0800ab0b   Thumb Code    34  stm32f1xx_hal.o(.text)
    HAL_MspDeInit                            0x0800ab2d   Thumb Code     2  stm32f1xx_hal.o(.text)
    HAL_DeInit                               0x0800ab2f   Thumb Code    30  stm32f1xx_hal.o(.text)
    HAL_IncTick                              0x0800ab4d   Thumb Code    16  stm32f1xx_hal.o(.text)
    HAL_GetTick                              0x0800ab5d   Thumb Code     6  stm32f1xx_hal.o(.text)
    HAL_GetTickPrio                          0x0800ab63   Thumb Code     6  stm32f1xx_hal.o(.text)
    HAL_SetTickFreq                          0x0800ab69   Thumb Code    40  stm32f1xx_hal.o(.text)
    HAL_GetTickFreq                          0x0800ab91   Thumb Code     6  stm32f1xx_hal.o(.text)
    HAL_Delay                                0x0800ab97   Thumb Code    36  stm32f1xx_hal.o(.text)
    HAL_SuspendTick                          0x0800abbb   Thumb Code    18  stm32f1xx_hal.o(.text)
    HAL_ResumeTick                           0x0800abcd   Thumb Code    18  stm32f1xx_hal.o(.text)
    HAL_GetHalVersion                        0x0800abdf   Thumb Code     4  stm32f1xx_hal.o(.text)
    HAL_GetREVID                             0x0800abe3   Thumb Code     8  stm32f1xx_hal.o(.text)
    HAL_GetDEVID                             0x0800abeb   Thumb Code    10  stm32f1xx_hal.o(.text)
    HAL_GetUIDw0                             0x0800abf5   Thumb Code     6  stm32f1xx_hal.o(.text)
    HAL_GetUIDw1                             0x0800abfb   Thumb Code     8  stm32f1xx_hal.o(.text)
    HAL_GetUIDw2                             0x0800ac03   Thumb Code     8  stm32f1xx_hal.o(.text)
    HAL_DBGMCU_EnableDBGSleepMode            0x0800ac0b   Thumb Code    14  stm32f1xx_hal.o(.text)
    HAL_DBGMCU_DisableDBGSleepMode           0x0800ac19   Thumb Code    14  stm32f1xx_hal.o(.text)
    HAL_DBGMCU_EnableDBGStopMode             0x0800ac27   Thumb Code    14  stm32f1xx_hal.o(.text)
    HAL_DBGMCU_DisableDBGStopMode            0x0800ac35   Thumb Code    14  stm32f1xx_hal.o(.text)
    HAL_DBGMCU_EnableDBGStandbyMode          0x0800ac43   Thumb Code    14  stm32f1xx_hal.o(.text)
    HAL_DBGMCU_DisableDBGStandbyMode         0x0800ac51   Thumb Code    14  stm32f1xx_hal.o(.text)
    HAL_NVIC_SetPriorityGrouping             0x0800aca5   Thumb Code    36  stm32f1xx_hal_cortex.o(.text)
    HAL_NVIC_SetPriority                     0x0800acc9   Thumb Code   124  stm32f1xx_hal_cortex.o(.text)
    HAL_NVIC_EnableIRQ                       0x0800ad45   Thumb Code    40  stm32f1xx_hal_cortex.o(.text)
    HAL_NVIC_DisableIRQ                      0x0800ad6d   Thumb Code    38  stm32f1xx_hal_cortex.o(.text)
    HAL_NVIC_SystemReset                     0x0800ad93   Thumb Code    40  stm32f1xx_hal_cortex.o(.text)
    HAL_SYSTICK_Config                       0x0800adbb   Thumb Code    52  stm32f1xx_hal_cortex.o(.text)
    HAL_NVIC_GetPriorityGrouping             0x0800adef   Thumb Code     8  stm32f1xx_hal_cortex.o(.text)
    HAL_NVIC_GetPriority                     0x0800adf7   Thumb Code   138  stm32f1xx_hal_cortex.o(.text)
    HAL_NVIC_SetPendingIRQ                   0x0800ae81   Thumb Code    32  stm32f1xx_hal_cortex.o(.text)
    HAL_NVIC_GetPendingIRQ                   0x0800aea1   Thumb Code    46  stm32f1xx_hal_cortex.o(.text)
    HAL_NVIC_ClearPendingIRQ                 0x0800aecf   Thumb Code    30  stm32f1xx_hal_cortex.o(.text)
    HAL_NVIC_GetActive                       0x0800aeed   Thumb Code    46  stm32f1xx_hal_cortex.o(.text)
    HAL_SYSTICK_CLKSourceConfig              0x0800af1b   Thumb Code    40  stm32f1xx_hal_cortex.o(.text)
    HAL_SYSTICK_Callback                     0x0800af43   Thumb Code     2  stm32f1xx_hal_cortex.o(.text)
    HAL_SYSTICK_IRQHandler                   0x0800af45   Thumb Code     8  stm32f1xx_hal_cortex.o(.text)
    HAL_RCC_DeInit                           0x0800af6d   Thumb Code   254  stm32f1xx_hal_rcc.o(.text)
    HAL_RCC_OscConfig                        0x0800b08f   Thumb Code  1126  stm32f1xx_hal_rcc.o(.text)
    HAL_RCC_GetSysClockFreq                  0x0800b4f5   Thumb Code    92  stm32f1xx_hal_rcc.o(.text)
    HAL_RCC_ClockConfig                      0x0800b551   Thumb Code   376  stm32f1xx_hal_rcc.o(.text)
    HAL_RCC_MCOConfig                        0x0800b6c9   Thumb Code    90  stm32f1xx_hal_rcc.o(.text)
    HAL_RCC_EnableCSS                        0x0800b723   Thumb Code     8  stm32f1xx_hal_rcc.o(.text)
    HAL_RCC_DisableCSS                       0x0800b72b   Thumb Code     8  stm32f1xx_hal_rcc.o(.text)
    HAL_RCC_GetHCLKFreq                      0x0800b733   Thumb Code     6  stm32f1xx_hal_rcc.o(.text)
    HAL_RCC_GetPCLK1Freq                     0x0800b739   Thumb Code    22  stm32f1xx_hal_rcc.o(.text)
    HAL_RCC_GetPCLK2Freq                     0x0800b74f   Thumb Code    70  stm32f1xx_hal_rcc.o(.text)
    HAL_RCC_GetOscConfig                     0x0800b795   Thumb Code   196  stm32f1xx_hal_rcc.o(.text)
    HAL_RCC_GetClockConfig                   0x0800b859   Thumb Code    58  stm32f1xx_hal_rcc.o(.text)
    HAL_RCC_CSSCallback                      0x0800b893   Thumb Code     2  stm32f1xx_hal_rcc.o(.text)
    HAL_RCC_NMI_IRQHandler                   0x0800b895   Thumb Code    26  stm32f1xx_hal_rcc.o(.text)
    HAL_I2C_AddrCallback                     0x0800b8bb   Thumb Code     2  stm32f1xx_hal_i2c.o(.text)
    HAL_I2C_AbortCpltCallback                0x0800b8bd   Thumb Code     2  stm32f1xx_hal_i2c.o(.text)
    HAL_I2C_ErrorCallback                    0x0800b8bf   Thumb Code     2  stm32f1xx_hal_i2c.o(.text)
    HAL_I2C_MemRxCpltCallback                0x0800b8c1   Thumb Code     2  stm32f1xx_hal_i2c.o(.text)
    HAL_I2C_MemTxCpltCallback                0x0800b8c3   Thumb Code     2  stm32f1xx_hal_i2c.o(.text)
    HAL_I2C_ListenCpltCallback               0x0800b8c5   Thumb Code     2  stm32f1xx_hal_i2c.o(.text)
    HAL_I2C_SlaveTxCpltCallback              0x0800b8c9   Thumb Code     2  stm32f1xx_hal_i2c.o(.text)
    HAL_I2C_MasterRxCpltCallback             0x0800b8cb   Thumb Code     2  stm32f1xx_hal_i2c.o(.text)
    HAL_I2C_MasterTxCpltCallback             0x0800b8cd   Thumb Code     2  stm32f1xx_hal_i2c.o(.text)
    HAL_I2C_Init                             0x0800b8cf   Thumb Code   494  stm32f1xx_hal_i2c.o(.text)
    HAL_I2C_DeInit                           0x0800babf   Thumb Code    74  stm32f1xx_hal_i2c.o(.text)
    HAL_I2C_RegisterCallback                 0x0800bb09   Thumb Code   194  stm32f1xx_hal_i2c.o(.text)
    HAL_I2C_UnRegisterCallback               0x0800bbcb   Thumb Code   204  stm32f1xx_hal_i2c.o(.text)
    HAL_I2C_RegisterAddrCallback             0x0800bc97   Thumb Code   142  stm32f1xx_hal_i2c.o(.text)
    HAL_I2C_UnRegisterAddrCallback           0x0800bd25   Thumb Code    64  stm32f1xx_hal_i2c.o(.text)
    HAL_I2C_Master_Transmit                  0x0800c103   Thumb Code   374  stm32f1xx_hal_i2c.o(.text)
    HAL_I2C_Master_Receive                   0x0800c437   Thumb Code   872  stm32f1xx_hal_i2c.o(.text)
    HAL_I2C_Slave_Transmit                   0x0800c79f   Thumb Code   400  stm32f1xx_hal_i2c.o(.text)
    HAL_I2C_Slave_Receive                    0x0800c991   Thumb Code   390  stm32f1xx_hal_i2c.o(.text)
    HAL_I2C_Master_Transmit_IT               0x0800cb17   Thumb Code   224  stm32f1xx_hal_i2c.o(.text)
    HAL_I2C_Master_Receive_IT                0x0800cbf7   Thumb Code   236  stm32f1xx_hal_i2c.o(.text)
    HAL_I2C_Slave_Transmit_IT                0x0800cce3   Thumb Code   146  stm32f1xx_hal_i2c.o(.text)
    HAL_I2C_Slave_Receive_IT                 0x0800cd75   Thumb Code   160  stm32f1xx_hal_i2c.o(.text)
    HAL_I2C_Master_Transmit_DMA              0x0800cf8b   Thumb Code   434  stm32f1xx_hal_i2c.o(.text)
    HAL_I2C_Master_Receive_DMA               0x0800d13d   Thumb Code   434  stm32f1xx_hal_i2c.o(.text)
    HAL_I2C_Slave_Transmit_DMA               0x0800d2ef   Thumb Code   304  stm32f1xx_hal_i2c.o(.text)
    HAL_I2C_Slave_Receive_DMA                0x0800d41f   Thumb Code   286  stm32f1xx_hal_i2c.o(.text)
    HAL_I2C_Mem_Write                        0x0800d619   Thumb Code   348  stm32f1xx_hal_i2c.o(.text)
    HAL_I2C_Mem_Read                         0x0800d8e7   Thumb Code   854  stm32f1xx_hal_i2c.o(.text)
    HAL_I2C_Mem_Write_IT                     0x0800dc3d   Thumb Code   256  stm32f1xx_hal_i2c.o(.text)
    HAL_I2C_Mem_Read_IT                      0x0800dd3d   Thumb Code   254  stm32f1xx_hal_i2c.o(.text)
    HAL_I2C_Mem_Write_DMA                    0x0800de3b   Thumb Code   514  stm32f1xx_hal_i2c.o(.text)
    HAL_I2C_Mem_Read_DMA                     0x0800e03d   Thumb Code   608  stm32f1xx_hal_i2c.o(.text)
    HAL_I2C_IsDeviceReady                    0x0800e29d   Thumb Code   430  stm32f1xx_hal_i2c.o(.text)
    HAL_I2C_Master_Seq_Transmit_IT           0x0800e44b   Thumb Code   304  stm32f1xx_hal_i2c.o(.text)
    HAL_I2C_Master_Seq_Transmit_DMA          0x0800e57b   Thumb Code   536  stm32f1xx_hal_i2c.o(.text)
    HAL_I2C_Master_Seq_Receive_IT            0x0800e793   Thumb Code   360  stm32f1xx_hal_i2c.o(.text)
    HAL_I2C_Master_Seq_Receive_DMA           0x0800e8fb   Thumb Code   674  stm32f1xx_hal_i2c.o(.text)
    HAL_I2C_Slave_Seq_Transmit_IT            0x0800eb9d   Thumb Code   158  stm32f1xx_hal_i2c.o(.text)
    HAL_I2C_Slave_Seq_Transmit_DMA           0x0800ed2d   Thumb Code   462  stm32f1xx_hal_i2c.o(.text)
    HAL_I2C_Slave_Seq_Receive_IT             0x0800eefb   Thumb Code   158  stm32f1xx_hal_i2c.o(.text)
    HAL_I2C_Slave_Seq_Receive_DMA            0x0800ef99   Thumb Code   446  stm32f1xx_hal_i2c.o(.text)
    HAL_I2C_EnableListen_IT                  0x0800f157   Thumb Code    70  stm32f1xx_hal_i2c.o(.text)
    HAL_I2C_DisableListen_IT                 0x0800f19d   Thumb Code    70  stm32f1xx_hal_i2c.o(.text)
    HAL_I2C_Master_Abort_IT                  0x0800f387   Thumb Code   138  stm32f1xx_hal_i2c.o(.text)
    HAL_I2C_ER_IRQHandler                    0x0801014d   Thumb Code   224  stm32f1xx_hal_i2c.o(.text)
    HAL_I2C_GetState                         0x0801022d   Thumb Code     8  stm32f1xx_hal_i2c.o(.text)
    HAL_I2C_GetMode                          0x08010235   Thumb Code     8  stm32f1xx_hal_i2c.o(.text)
    HAL_I2C_GetError                         0x0801023d   Thumb Code     6  stm32f1xx_hal_i2c.o(.text)
    HAL_RTCEx_SetTamper                      0x08010249   Thumb Code    98  stm32f1xx_hal_rtc_ex.o(.text)
    HAL_RTCEx_SetTamper_IT                   0x080102ab   Thumb Code   110  stm32f1xx_hal_rtc_ex.o(.text)
    HAL_RTCEx_DeactivateTamper               0x08010319   Thumb Code    94  stm32f1xx_hal_rtc_ex.o(.text)
    HAL_RTCEx_TamperIRQHandler               0x08010377   Thumb Code    56  stm32f1xx_hal_rtc_ex.o(.text)
    HAL_RTCEx_Tamper1EventCallback           0x080103af   Thumb Code     2  stm32f1xx_hal_rtc_ex.o(.text)
    HAL_RTCEx_PollForTamper1Event            0x080103b1   Thumb Code    80  stm32f1xx_hal_rtc_ex.o(.text)
    HAL_RTCEx_SetSecond_IT                   0x08010401   Thumb Code    58  stm32f1xx_hal_rtc_ex.o(.text)
    HAL_RTCEx_DeactivateSecond               0x0801043b   Thumb Code    58  stm32f1xx_hal_rtc_ex.o(.text)
    HAL_RTCEx_RTCEventCallback               0x08010475   Thumb Code     2  stm32f1xx_hal_rtc_ex.o(.text)
    HAL_RTCEx_RTCEventErrorCallback          0x08010477   Thumb Code     2  stm32f1xx_hal_rtc_ex.o(.text)
    HAL_RTCEx_RTCIRQHandler                  0x08010479   Thumb Code    78  stm32f1xx_hal_rtc_ex.o(.text)
    HAL_RTCEx_BKUPWrite                      0x080104c7   Thumb Code    20  stm32f1xx_hal_rtc_ex.o(.text)
    HAL_RTCEx_BKUPRead                       0x080104db   Thumb Code    22  stm32f1xx_hal_rtc_ex.o(.text)
    HAL_RTCEx_SetSmoothCalib                 0x080104f1   Thumb Code    62  stm32f1xx_hal_rtc_ex.o(.text)
    __aeabi_llsr                             0x08010535   Thumb Code    32  llushr.o(.text)
    _ll_ushift_r                             0x08010535   Thumb Code     0  llushr.o(.text)
    __aeabi_memcpy                           0x08010555   Thumb Code    36  memcpya.o(.text)
    __aeabi_memcpy4                          0x08010555   Thumb Code     0  memcpya.o(.text)
    __aeabi_memcpy8                          0x08010555   Thumb Code     0  memcpya.o(.text)
    __aeabi_memset                           0x08010579   Thumb Code    14  memseta.o(.text)
    __aeabi_memset4                          0x08010579   Thumb Code     0  memseta.o(.text)
    __aeabi_memset8                          0x08010579   Thumb Code     0  memseta.o(.text)
    __aeabi_memclr                           0x08010587   Thumb Code     4  memseta.o(.text)
    __aeabi_memclr4                          0x08010587   Thumb Code     0  memseta.o(.text)
    __aeabi_memclr8                          0x08010587   Thumb Code     0  memseta.o(.text)
    memset                                   0x0801058b   Thumb Code    18  memseta.o(.text)
    strncpy                                  0x0801059d   Thumb Code    24  strncpy.o(.text)
    strlen                                   0x080105b5   Thumb Code    14  strlen.o(.text)
    strcmp                                   0x080105c3   Thumb Code    28  strcmp.o(.text)
    strncmp                                  0x080105df   Thumb Code    30  strncmp.o(.text)
    strtok                                   0x080105fd   Thumb Code    62  strtok.o(.text)
    atoi                                     0x08010641   Thumb Code    26  atoi.o(.text)
    __aeabi_fmul                             0x0801065b   Thumb Code   100  fmul.o(.text)
    __aeabi_fdiv                             0x080106bf   Thumb Code   124  fdiv.o(.text)
    __aeabi_i2f                              0x0801073b   Thumb Code    18  fflti.o(.text)
    __aeabi_ui2f                             0x0801074d   Thumb Code    10  ffltui.o(.text)
    __aeabi_uidiv                            0x08010757   Thumb Code     0  uidiv.o(.text)
    __aeabi_uidivmod                         0x08010757   Thumb Code    44  uidiv.o(.text)
    __aeabi_uldivmod                         0x08010783   Thumb Code    98  uldiv.o(.text)
    strtol                                   0x080107e5   Thumb Code   112  strtol.o(.text)
    __I$use$fp                               0x08010855   Thumb Code     0  iusefp.o(.text)
    _float_round                             0x08010855   Thumb Code    18  fepilogue.o(.text)
    _float_epilogue                          0x08010867   Thumb Code    92  fepilogue.o(.text)
    __aeabi_dadd                             0x080108c3   Thumb Code   322  dadd.o(.text)
    __aeabi_dsub                             0x08010a05   Thumb Code     6  dadd.o(.text)
    __aeabi_drsub                            0x08010a0b   Thumb Code     6  dadd.o(.text)
    __aeabi_dmul                             0x08010a11   Thumb Code   228  dmul.o(.text)
    __aeabi_ddiv                             0x08010af5   Thumb Code   222  ddiv.o(.text)
    __aeabi_d2ulz                            0x08010bd3   Thumb Code    48  dfixul.o(.text)
    __aeabi_cdrcmple                         0x08010c05   Thumb Code    48  cdrcmple.o(.text)
    __scatterload                            0x08010c35   Thumb Code    28  init.o(.text)
    __scatterload_rt2                        0x08010c35   Thumb Code     0  init.o(.text)
    __aeabi_llsl                             0x08010c59   Thumb Code    30  llshl.o(.text)
    _ll_shift_l                              0x08010c59   Thumb Code     0  llshl.o(.text)
    __aeabi_lasr                             0x08010c77   Thumb Code    36  llsshr.o(.text)
    _ll_sshift_r                             0x08010c77   Thumb Code     0  llsshr.o(.text)
    __rt_ctype_table                         0x08010c9d   Thumb Code     4  ctype_o.o(.text)
    _strtoul                                 0x08010ca5   Thumb Code   158  _strtoul.o(.text)
    _double_round                            0x08010d43   Thumb Code    30  depilogue.o(.text)
    _double_epilogue                         0x08010d61   Thumb Code   156  depilogue.o(.text)
    _chval                                   0x08010dfd   Thumb Code    28  _chval.o(.text)
    __decompress                             0x08010e19   Thumb Code     0  __dczerorl2.o(.text)
    __decompress1                            0x08010e19   Thumb Code    86  __dczerorl2.o(.text)
    Error_Handler                            0x08010e6f   Thumb Code     6  main.o(i.Error_Handler)
    FIFO_Empty                               0x08010e75   Thumb Code    14  fifo.o(i.FIFO_Empty)
    UART_sendByte                            0x08010e83   Thumb Code    16  bsp_uartcomm.o(i.UART_sendByte)
    __0printf                                0x08010e95   Thumb Code    22  printfa.o(i.__0printf)
    __1printf                                0x08010e95   Thumb Code     0  printfa.o(i.__0printf)
    __2printf                                0x08010e95   Thumb Code     0  printfa.o(i.__0printf)
    __c89printf                              0x08010e95   Thumb Code     0  printfa.o(i.__0printf)
    printf                                   0x08010e95   Thumb Code     0  printfa.o(i.__0printf)
    __0sprintf                               0x08010eb5   Thumb Code    34  printfa.o(i.__0sprintf)
    __1sprintf                               0x08010eb5   Thumb Code     0  printfa.o(i.__0sprintf)
    __2sprintf                               0x08010eb5   Thumb Code     0  printfa.o(i.__0sprintf)
    __c89sprintf                             0x08010eb5   Thumb Code     0  printfa.o(i.__0sprintf)
    sprintf                                  0x08010eb5   Thumb Code     0  printfa.o(i.__0sprintf)
    __0vsnprintf                             0x08010edd   Thumb Code    46  printfa.o(i.__0vsnprintf)
    __1vsnprintf                             0x08010edd   Thumb Code     0  printfa.o(i.__0vsnprintf)
    __2vsnprintf                             0x08010edd   Thumb Code     0  printfa.o(i.__0vsnprintf)
    __c89vsnprintf                           0x08010edd   Thumb Code     0  printfa.o(i.__0vsnprintf)
    vsnprintf                                0x08010edd   Thumb Code     0  printfa.o(i.__0vsnprintf)
    __aeabi_errno_addr                       0x08010f11   Thumb Code     4  errno.o(i.__aeabi_errno_addr)
    __rt_errno_addr                          0x08010f11   Thumb Code     0  errno.o(i.__aeabi_errno_addr)
    __scatterload_copy                       0x08010f19   Thumb Code    14  handlers.o(i.__scatterload_copy)
    __scatterload_null                       0x08010f27   Thumb Code     2  handlers.o(i.__scatterload_null)
    __scatterload_zeroinit                   0x08010f29   Thumb Code    14  handlers.o(i.__scatterload_zeroinit)
    shellCmdDefaultUser                      0x0801184c   Data           6  shell.o(.constdata)
    shellPasswordDefaultUser                 0x08011852   Data           5  shell.o(.constdata)
    shellDesDefaultUser                      0x08011857   Data          13  shell.o(.constdata)
    shellDesc0x1B5B4100                      0x08011864   Data           3  shell.o(.constdata)
    shellDesc0x1B5B4200                      0x08011867   Data           5  shell.o(.constdata)
    shellDesc0x1B5B4300                      0x0801186c   Data           6  shell.o(.constdata)
    shellDesc0x1B5B4400                      0x08011872   Data           5  shell.o(.constdata)
    shellDesc0x09000000                      0x08011877   Data           4  shell.o(.constdata)
    shellDesc0x08000000                      0x0801187b   Data          10  shell.o(.constdata)
    shellDesc0x7F000000                      0x08011885   Data          10  shell.o(.constdata)
    shellDesc0x1B5B337E                      0x0801188f   Data           7  shell.o(.constdata)
    shellDesc0x0D000000                      0x08011896   Data           6  shell.o(.constdata)
    shellDesc0x0D0A0000                      0x0801189c   Data           6  shell.o(.constdata)
    shellCmdhelp                             0x080118a2   Data           5  shell.o(.constdata)
    shellDeschelp                            0x080118a7   Data          30  shell.o(.constdata)
    shellCmdcmds                             0x080118c5   Data           5  shell.o(.constdata)
    shellDesccmds                            0x080118ca   Data          13  shell.o(.constdata)
    shellCmdclear                            0x080118d7   Data           6  shell.o(.constdata)
    shellDescclear                           0x080118dd   Data          14  shell.o(.constdata)
    shellCmdgpio                             0x08011904   Data           5  gpio_shell.o(.constdata)
    shellDescgpio                            0x08011909   Data          13  gpio_shell.o(.constdata)
    shellCmdreboot                           0x08011916   Data           7  main.o(.constdata)
    shellDescreboot                          0x0801191d   Data          11  main.o(.constdata)
    shellCmdhf                               0x080119c0   Data           3  cm_backtrace.o(.constdata)
    shellDeschf                              0x080119c3   Data          22  cm_backtrace.o(.constdata)
    AHBPrescTable                            0x08011a3c   Data          16  system_stm32f1xx_1.o(.constdata)
    APBPrescTable                            0x08011a4c   Data           8  system_stm32f1xx_1.o(.constdata)
    __ctype_table                            0x08011a66   Data         129  ctype_o.o(.constdata)
    Region$$Table$$Base                      0x08012658   Number         0  anon$$obj.o(Region$$Table)
    Region$$Table$$Limit                     0x08012678   Number         0  anon$$obj.o(Region$$Table)
    shellCommand$$Base                       0x08012678   Number         0  shell.o(shellCommand)
    shellUserDefault                         0x08012678   Data          16  shell.o(shellCommand)
    shellKey0x1B5B4100                       0x08012688   Data          16  shell.o(shellCommand)
    shellKey0x1B5B4200                       0x08012698   Data          16  shell.o(shellCommand)
    shellKey0x1B5B4300                       0x080126a8   Data          16  shell.o(shellCommand)
    shellKey0x1B5B4400                       0x080126b8   Data          16  shell.o(shellCommand)
    shellKey0x09000000                       0x080126c8   Data          16  shell.o(shellCommand)
    shellKey0x08000000                       0x080126d8   Data          16  shell.o(shellCommand)
    shellKey0x7F000000                       0x080126e8   Data          16  shell.o(shellCommand)
    shellKey0x1B5B337E                       0x080126f8   Data          16  shell.o(shellCommand)
    shellKey0x0D000000                       0x08012708   Data          16  shell.o(shellCommand)
    shellKey0x0D0A0000                       0x08012718   Data          16  shell.o(shellCommand)
    shellCommandhelp                         0x08012728   Data          16  shell.o(shellCommand)
    shellCommandcmds                         0x08012738   Data          16  shell.o(shellCommand)
    shellCommandclear                        0x08012748   Data          16  shell.o(shellCommand)
    shellCommandgpio                         0x08012758   Data          16  gpio_shell.o(shellCommand)
    shellCommandreboot                       0x08012768   Data          16  main.o(shellCommand)
    shellCommandhf                           0x08012778   Data          16  cm_backtrace.o(shellCommand)
    Image$$ER_IROM1$$Limit                   0x08012788   Number         0  anon$$obj.o ABSOLUTE
    shellCommand$$Limit                      0x08012788   Number         0  cm_backtrace.o(shellCommand)
    g_isPrintUseFifo                         0x2000000c   Data           1  bsp_uartcomm.o(.data)
    g_uart1Handle                            0x20000010   Data          72  bsp_usart1.o(.data)
    g_UARTPara                               0x20000058   Data          56  bsp_usart1.o(.data)
    xHigherPriorityTaskWoken_YES             0x200000e8   Data           4  main.o(.data)
    xHigherPriorityTaskWoken_NO              0x200000ec   Data           4  main.o(.data)
    g_debugLevel                             0x200000f0   Data           4  main.o(.data)
    gp_xHandle_Task_uartMonitor              0x200000f4   Data           4  main.o(.data)
    gp_xHandle_Task_shell                    0x200000f8   Data           4  main.o(.data)
    SystemCoreClock                          0x2000014c   Data           4  system_stm32f1xx_1.o(.data)
    pxCurrentTCB                             0x20000150   Data           4  tasks.o(.data)
    uxTopUsedPriority                        0x20000188   Data           4  tasks.o(.data)
    uwTick                                   0x200001d0   Data           4  stm32f1xx_hal.o(.data)
    uwTickPrio                               0x200001d4   Data           4  stm32f1xx_hal.o(.data)
    uwTickFreq                               0x200001d8   Data           1  stm32f1xx_hal.o(.data)
    __stdout                                 0x200001e0   Data           4  stdout.o(.data)
    g_hdma_usart1_tx                         0x200002b0   Data          68  bsp_usart1.o(.bss)
    shell                                    0x2000053c   Data         108  shell_port.o(.bss)
    hi2c1                                    0x20000670   Data         132  main.o(.bss)
    hdma_i2c1_tx                             0x200006f4   Data          68  main.o(.bss)
    xQueueRegistry                           0x2000086c   Data          64  queue.o(.bss)
    STACK$$Base                              0x20008598   Number         0  startup_stm32f103xe.o(STACK)
    STACK$$Limit                             0x20008998   Number         0  startup_stm32f103xe.o(STACK)
    __initial_sp                             0x20008998   Data           0  startup_stm32f103xe.o(STACK)



==============================================================================

Memory Map of the image

  Image Entry point : 0x08000131

  Load Region LR_IROM1 (Base: 0x08000000, Size: 0x00012970, Max: 0x00040000, ABSOLUTE, COMPRESSED[0x00012800])

    Execution Region ER_IROM1 (Exec base: 0x08000000, Load base: 0x08000000, Size: 0x00012788, Max: 0x00040000, ABSOLUTE)

    Exec Addr    Load Addr    Size         Type   Attr      Idx    E Section Name        Object

    0x08000000   0x08000000   0x00000130   Data   RO          841    RESET               startup_stm32f103xe.o
    0x08000130   0x08000130   0x00000000   Code   RO         1491  * .ARM.Collect$$$$00000000  mc_w.l(entry.o)
    0x08000130   0x08000130   0x00000004   Code   RO         1789    .ARM.Collect$$$$00000001  mc_w.l(entry2.o)
    0x08000134   0x08000134   0x00000004   Code   RO         1792    .ARM.Collect$$$$00000004  mc_w.l(entry5.o)
    0x08000138   0x08000138   0x00000000   Code   RO         1794    .ARM.Collect$$$$00000008  mc_w.l(entry7b.o)
    0x08000138   0x08000138   0x00000000   Code   RO         1796    .ARM.Collect$$$$0000000A  mc_w.l(entry8b.o)
    0x08000138   0x08000138   0x00000008   Code   RO         1797    .ARM.Collect$$$$0000000B  mc_w.l(entry9a.o)
    0x08000140   0x08000140   0x00000004   Code   RO         1804    .ARM.Collect$$$$0000000E  mc_w.l(entry12b.o)
    0x08000144   0x08000144   0x00000000   Code   RO         1799    .ARM.Collect$$$$0000000F  mc_w.l(entry10a.o)
    0x08000144   0x08000144   0x00000000   Code   RO         1801    .ARM.Collect$$$$00000011  mc_w.l(entry11a.o)
    0x08000144   0x08000144   0x00000004   Code   RO         1790    .ARM.Collect$$$$00002712  mc_w.l(entry2.o)
    0x08000148   0x08000148   0x00000010   Code   RO          777    .emb_text           cm_backtrace.o
    0x08000158   0x08000158   0x00000096   Code   RO         1031    .emb_text           port.o
    0x080001ee   0x080001ee   0x00000002   PAD
    0x080001f0   0x080001f0   0x000003b8   Code   RO            4    .text               api_utc.o
    0x080005a8   0x080005a8   0x0000022e   Code   RO          164    .text               fifo.o
    0x080007d6   0x080007d6   0x00000002   PAD
    0x080007d8   0x080007d8   0x000000b4   Code   RO          233    .text               print_monitor.o
    0x0800088c   0x0800088c   0x00000270   Code   RO          280    .text               i2cforward.o
    0x08000afc   0x08000afc   0x000002f8   Code   RO          322    .text               bsp_uartcomm.o
    0x08000df4   0x08000df4   0x000001f4   Code   RO          360    .text               bsp_gpio.o
    0x08000fe8   0x08000fe8   0x000000e8   Code   RO          403    .text               bsp_usart1.o
    0x080010d0   0x080010d0   0x00000118   Code   RO          454    .text               bsp_i2c.o
    0x080011e8   0x080011e8   0x0000136c   Code   RO          485    .text               shell.o
    0x08002554   0x08002554   0x0000034a   Code   RO          537    .text               shell_ext.o
    0x0800289e   0x0800289e   0x00000002   PAD
    0x080028a0   0x080028a0   0x0000004c   Code   RO          561    .text               shell_port.o
    0x080028ec   0x080028ec   0x000003b4   Code   RO          592    .text               gpio_shell.o
    0x08002ca0   0x08002ca0   0x0000043c   Code   RO          645    .text               main.o
    0x080030dc   0x080030dc   0x00000208   Code   RO          727    .text               stm32f1xx_hal_msp.o
    0x080032e4   0x080032e4   0x00000074   Code   RO          752    .text               stm32f1xx_it.o
    0x08003358   0x08003358   0x00000bb4   Code   RO          781    .text               cm_backtrace.o
    0x08003f0c   0x08003f0c   0x0000000c   Code   RO          835    .text               cmb_fault.o
    0x08003f18   0x08003f18   0x00000024   Code   RO          842    .text               startup_stm32f103xe.o
    0x08003f3c   0x08003f3c   0x000000a4   Code   RO          849    .text               system_stm32f1xx_1.o
    0x08003fe0   0x08003fe0   0x00000094   Code   RO          916    .text               list.o
    0x08004074   0x08004074   0x00001078   Code   RO          928    .text               queue.o
    0x080050ec   0x080050ec   0x00001fb8   Code   RO          964    .text               tasks.o
    0x080070a4   0x080070a4   0x000006f8   Code   RO          986    .text               timers.o
    0x0800779c   0x0800779c   0x00000340   Code   RO         1016    .text               heap_4.o
    0x08007adc   0x08007adc   0x000002a8   Code   RO         1032    .text               port.o
    0x08007d84   0x08007d84   0x000004f4   Code   RO         1088    .text               stm32f1xx_hal_gpio.o
    0x08008278   0x08008278   0x00000f00   Code   RO         1112    .text               stm32f1xx_hal_dma.o
    0x08009178   0x08009178   0x00001950   Code   RO         1266    .text               stm32f1xx_hal_uart.o
    0x0800aac8   0x0800aac8   0x000001bc   Code   RO         1314    .text               stm32f1xx_hal.o
    0x0800ac84   0x0800ac84   0x000002e8   Code   RO         1344    .text               stm32f1xx_hal_cortex.o
    0x0800af6c   0x0800af6c   0x0000094c   Code   RO         1396    .text               stm32f1xx_hal_rcc.o
    0x0800b8b8   0x0800b8b8   0x00004990   Code   RO         1446    .text               stm32f1xx_hal_i2c.o
    0x08010248   0x08010248   0x000002ec   Code   RO         1470    .text               stm32f1xx_hal_rtc_ex.o
    0x08010534   0x08010534   0x00000020   Code   RO         1494    .text               mc_w.l(llushr.o)
    0x08010554   0x08010554   0x00000024   Code   RO         1496    .text               mc_w.l(memcpya.o)
    0x08010578   0x08010578   0x00000024   Code   RO         1500    .text               mc_w.l(memseta.o)
    0x0801059c   0x0801059c   0x00000018   Code   RO         1502    .text               mc_w.l(strncpy.o)
    0x080105b4   0x080105b4   0x0000000e   Code   RO         1504    .text               mc_w.l(strlen.o)
    0x080105c2   0x080105c2   0x0000001c   Code   RO         1506    .text               mc_w.l(strcmp.o)
    0x080105de   0x080105de   0x0000001e   Code   RO         1508    .text               mc_w.l(strncmp.o)
    0x080105fc   0x080105fc   0x00000044   Code   RO         1510    .text               mc_w.l(strtok.o)
    0x08010640   0x08010640   0x0000001a   Code   RO         1779    .text               mc_w.l(atoi.o)
    0x0801065a   0x0801065a   0x00000064   Code   RO         1781    .text               mf_w.l(fmul.o)
    0x080106be   0x080106be   0x0000007c   Code   RO         1783    .text               mf_w.l(fdiv.o)
    0x0801073a   0x0801073a   0x00000012   Code   RO         1785    .text               mf_w.l(fflti.o)
    0x0801074c   0x0801074c   0x0000000a   Code   RO         1787    .text               mf_w.l(ffltui.o)
    0x08010756   0x08010756   0x0000002c   Code   RO         1806    .text               mc_w.l(uidiv.o)
    0x08010782   0x08010782   0x00000062   Code   RO         1808    .text               mc_w.l(uldiv.o)
    0x080107e4   0x080107e4   0x00000070   Code   RO         1817    .text               mc_w.l(strtol.o)
    0x08010854   0x08010854   0x00000000   Code   RO         1819    .text               mc_w.l(iusefp.o)
    0x08010854   0x08010854   0x0000006e   Code   RO         1820    .text               mf_w.l(fepilogue.o)
    0x080108c2   0x080108c2   0x0000014e   Code   RO         1822    .text               mf_w.l(dadd.o)
    0x08010a10   0x08010a10   0x000000e4   Code   RO         1824    .text               mf_w.l(dmul.o)
    0x08010af4   0x08010af4   0x000000de   Code   RO         1826    .text               mf_w.l(ddiv.o)
    0x08010bd2   0x08010bd2   0x00000030   Code   RO         1828    .text               mf_w.l(dfixul.o)
    0x08010c02   0x08010c02   0x00000002   PAD
    0x08010c04   0x08010c04   0x00000030   Code   RO         1830    .text               mf_w.l(cdrcmple.o)
    0x08010c34   0x08010c34   0x00000024   Code   RO         1832    .text               mc_w.l(init.o)
    0x08010c58   0x08010c58   0x0000001e   Code   RO         1834    .text               mc_w.l(llshl.o)
    0x08010c76   0x08010c76   0x00000024   Code   RO         1836    .text               mc_w.l(llsshr.o)
    0x08010c9a   0x08010c9a   0x00000002   PAD
    0x08010c9c   0x08010c9c   0x00000008   Code   RO         1838    .text               mc_w.l(ctype_o.o)
    0x08010ca4   0x08010ca4   0x0000009e   Code   RO         1866    .text               mc_w.l(_strtoul.o)
    0x08010d42   0x08010d42   0x000000ba   Code   RO         1868    .text               mf_w.l(depilogue.o)
    0x08010dfc   0x08010dfc   0x0000001c   Code   RO         1870    .text               mc_w.l(_chval.o)
    0x08010e18   0x08010e18   0x00000056   Code   RO         1880    .text               mc_w.l(__dczerorl2.o)
    0x08010e6e   0x08010e6e   0x00000006   Code   RO          673    i.Error_Handler     main.o
    0x08010e74   0x08010e74   0x0000000e   Code   RO          182    i.FIFO_Empty        fifo.o
    0x08010e82   0x08010e82   0x00000010   Code   RO          343    i.UART_sendByte     bsp_uartcomm.o
    0x08010e92   0x08010e92   0x00000002   PAD
    0x08010e94   0x08010e94   0x00000020   Code   RO         1751    i.__0printf         mc_w.l(printfa.o)
    0x08010eb4   0x08010eb4   0x00000028   Code   RO         1753    i.__0sprintf        mc_w.l(printfa.o)
    0x08010edc   0x08010edc   0x00000034   Code   RO         1756    i.__0vsnprintf      mc_w.l(printfa.o)
    0x08010f10   0x08010f10   0x00000008   Code   RO         1810    i.__aeabi_errno_addr  mc_w.l(errno.o)
    0x08010f18   0x08010f18   0x0000000e   Code   RO         1874    i.__scatterload_copy  mc_w.l(handlers.o)
    0x08010f26   0x08010f26   0x00000002   Code   RO         1875    i.__scatterload_null  mc_w.l(handlers.o)
    0x08010f28   0x08010f28   0x0000000e   Code   RO         1876    i.__scatterload_zeroinit  mc_w.l(handlers.o)
    0x08010f36   0x08010f36   0x00000002   PAD
    0x08010f38   0x08010f38   0x00000184   Code   RO         1758    i._fp_digits        mc_w.l(printfa.o)
    0x080110bc   0x080110bc   0x000006b4   Code   RO         1759    i._printf_core      mc_w.l(printfa.o)
    0x08011770   0x08011770   0x00000024   Code   RO         1760    i._printf_post_padding  mc_w.l(printfa.o)
    0x08011794   0x08011794   0x0000002e   Code   RO         1761    i._printf_pre_padding  mc_w.l(printfa.o)
    0x080117c2   0x080117c2   0x00000016   Code   RO         1762    i._snputc           mc_w.l(printfa.o)
    0x080117d8   0x080117d8   0x0000000a   Code   RO         1763    i._sputc            mc_w.l(printfa.o)
    0x080117e2   0x080117e2   0x00000002   PAD
    0x080117e4   0x080117e4   0x00000030   Data   RO            5    .constdata          api_utc.o
    0x08011814   0x08011814   0x00000038   Data   RO          361    .constdata          bsp_gpio.o
    0x0801184c   0x0801184c   0x0000009f   Data   RO          487    .constdata          shell.o
    0x080118eb   0x080118eb   0x00000001   PAD
    0x080118ec   0x080118ec   0x0000002a   Data   RO          593    .constdata          gpio_shell.o
    0x08011916   0x08011916   0x00000012   Data   RO          647    .constdata          main.o
    0x08011928   0x08011928   0x00000114   Data   RO          783    .constdata          cm_backtrace.o
    0x08011a3c   0x08011a3c   0x00000018   Data   RO          850    .constdata          system_stm32f1xx_1.o
    0x08011a54   0x08011a54   0x00000012   Data   RO         1397    .constdata          stm32f1xx_hal_rcc.o
    0x08011a66   0x08011a66   0x00000081   Data   RO         1839    .constdata          mc_w.l(ctype_o.o)
    0x08011ae7   0x08011ae7   0x00000001   PAD
    0x08011ae8   0x08011ae8   0x00000004   Data   RO         1840    .constdata          mc_w.l(ctype_o.o)
    0x08011aec   0x08011aec   0x00000030   Data   RO            6    .conststring        api_utc.o
    0x08011b1c   0x08011b1c   0x00000008   Data   RO          362    .conststring        bsp_gpio.o
    0x08011b24   0x08011b24   0x00000159   Data   RO          488    .conststring        shell.o
    0x08011c7d   0x08011c7d   0x00000003   PAD
    0x08011c80   0x08011c80   0x0000004f   Data   RO          594    .conststring        gpio_shell.o
    0x08011ccf   0x08011ccf   0x00000001   PAD
    0x08011cd0   0x08011cd0   0x00000109   Data   RO          648    .conststring        main.o
    0x08011dd9   0x08011dd9   0x00000003   PAD
    0x08011ddc   0x08011ddc   0x00000879   Data   RO          784    .conststring        cm_backtrace.o
    0x08012655   0x08012655   0x00000003   PAD
    0x08012658   0x08012658   0x00000020   Data   RO         1872    Region$$Table       anon$$obj.o
    0x08012678   0x08012678   0x000000e0   Data   RO          490    shellCommand        shell.o
    0x08012758   0x08012758   0x00000010   Data   RO          595    shellCommand        gpio_shell.o
    0x08012768   0x08012768   0x00000010   Data   RO          650    shellCommand        main.o
    0x08012778   0x08012778   0x00000010   Data   RO          786    shellCommand        cm_backtrace.o


    Execution Region RW_IRAM1 (Exec base: 0x20000000, Load base: 0x08012788, Size: 0x00008998, Max: 0x0000c000, ABSOLUTE, COMPRESSED[0x00000078])

    Exec Addr    Load Addr    Size         Type   Attr      Idx    E Section Name        Object

    0x20000000   COMPRESSED   0x00000004   Data   RW          234    .data               print_monitor.o
    0x20000004   COMPRESSED   0x00000001   Data   RW          282    .data               i2cforward.o
    0x20000005   COMPRESSED   0x00000003   PAD
    0x20000008   COMPRESSED   0x00000005   Data   RW          323    .data               bsp_uartcomm.o
    0x2000000d   COMPRESSED   0x00000003   PAD
    0x20000010   COMPRESSED   0x00000080   Data   RW          405    .data               bsp_usart1.o
    0x20000090   COMPRESSED   0x00000054   Data   RW          489    .data               shell.o
    0x200000e4   COMPRESSED   0x00000004   PAD
    0x200000e8   COMPRESSED   0x00000025   Data   RW          649    .data               main.o
    0x2000010d   COMPRESSED   0x00000003   PAD
    0x20000110   COMPRESSED   0x0000003c   Data   RW          785    .data               cm_backtrace.o
    0x2000014c   COMPRESSED   0x00000004   Data   RW          851    .data               system_stm32f1xx_1.o
    0x20000150   COMPRESSED   0x00000040   Data   RW          966    .data               tasks.o
    0x20000190   COMPRESSED   0x00000014   Data   RW          988    .data               timers.o
    0x200001a4   COMPRESSED   0x00000020   Data   RW         1018    .data               heap_4.o
    0x200001c4   COMPRESSED   0x0000000c   Data   RW         1033    .data               port.o
    0x200001d0   COMPRESSED   0x00000009   Data   RW         1315    .data               stm32f1xx_hal.o
    0x200001d9   COMPRESSED   0x00000003   PAD
    0x200001dc   COMPRESSED   0x00000004   Data   RW         1511    .data               mc_w.l(strtok.o)
    0x200001e0   COMPRESSED   0x00000004   Data   RW         1805    .data               mc_w.l(stdout.o)
    0x200001e4   COMPRESSED   0x00000004   Data   RW         1813    .data               mc_w.l(errno.o)
    0x200001e8        -       0x000000c8   Zero   RW          281    .bss                i2cforward.o
    0x200002b0        -       0x0000026a   Zero   RW          404    .bss                bsp_usart1.o
    0x2000051a   COMPRESSED   0x00000002   PAD
    0x2000051c        -       0x0000001d   Zero   RW          486    .bss                shell.o
    0x20000539   COMPRESSED   0x00000003   PAD
    0x2000053c        -       0x00000134   Zero   RW          562    .bss                shell_port.o
    0x20000670        -       0x000000c8   Zero   RW          646    .bss                main.o
    0x20000738        -       0x00000134   Zero   RW          782    .bss                cm_backtrace.o
    0x2000086c        -       0x00000040   Zero   RW          929    .bss                queue.o
    0x200008ac        -       0x000004c4   Zero   RW          965    .bss                tasks.o
    0x20000d70        -       0x00000028   Zero   RW          987    .bss                timers.o
    0x20000d98        -       0x00007800   Zero   RW         1017    .bss                heap_4.o
    0x20008598        -       0x00000400   Zero   RW          839    STACK               startup_stm32f103xe.o


==============================================================================

Image component sizes


      Code (inc. data)   RO Data    RW Data    ZI Data      Debug   Object Name

       952        122         96          0          0     482330   api_utc.o
       500         62         64          0          0       9367   bsp_gpio.o
       280         12          0          0          0       2288   bsp_i2c.o
       776         12          0          5          0       5860   bsp_uartcomm.o
       232         18          0        128        618      14057   bsp_usart1.o
      3012        576       2461         60        308      11973   cm_backtrace.o
        12          0          0          0          0        388   cmb_fault.o
         0          0          0          0          0      11920   event_groups.o
       572          0          0          0          0      12869   fifo.o
       948        548        137          0          0       2870   gpio_shell.o
       832         32          0         32      30720       4350   heap_4.o
       624         24          0          1        200       4116   i2cforward.o
       148          0          0          0          0       2078   list.o
      1090        316        299         37        200       7317   main.o
       830         38          0         12          0       7998   port.o
       180          4          0          4          0      15554   print_monitor.o
      4216         20          0          0         64      22785   queue.o
      4972        138        728         84         29      25824   shell.o
       842          8          0          0          0       3792   shell_ext.o
        76         12          0          0        308       1657   shell_port.o
        36          8        304          0       1024        776   startup_stm32f103xe.o
       444         38          0          9          0       7701   stm32f1xx_hal.o
       744         20          0          0          0      30698   stm32f1xx_hal_cortex.o
      3840         42          0          0          0       6733   stm32f1xx_hal_dma.o
      1268         40          0          0          0       3987   stm32f1xx_hal_gpio.o
     18832        302          0          0          0      41342   stm32f1xx_hal_i2c.o
       520         30          0          0          0       2168   stm32f1xx_hal_msp.o
      2380         88         18          0          0       5595   stm32f1xx_hal_rcc.o
       748          6          0          0          0       4621   stm32f1xx_hal_rtc_ex.o
      6480         46          0          0          0      22568   stm32f1xx_hal_uart.o
       116         18          0          0          0       1817   stm32f1xx_it.o
       164         20         24          4          0       1465   system_stm32f1xx_1.o
      8120        390          0         64       1220      37665   tasks.o
      1784         70          0         20         40      25828   timers.o

    ----------------------------------------------------------------------
     66578       3060       4174        476      34736     842357   Object Totals
         0          0         32          0          0          0   (incl. Generated)
         8          0         11         16          5          0   (incl. Padding)

    ----------------------------------------------------------------------

      Code (inc. data)   RO Data    RW Data    ZI Data      Debug   Library Member Name

        86          0          0          0          0          0   __dczerorl2.o
        28          0          0          0          0         68   _chval.o
       158          0          0          0          0         92   _strtoul.o
        26          0          0          0          0         80   atoi.o
         8          4        133          0          0         68   ctype_o.o
         0          0          0          0          0          0   entry.o
         0          0          0          0          0          0   entry10a.o
         0          0          0          0          0          0   entry11a.o
         4          0          0          0          0          0   entry12b.o
         8          4          0          0          0          0   entry2.o
         4          0          0          0          0          0   entry5.o
         0          0          0          0          0          0   entry7b.o
         0          0          0          0          0          0   entry8b.o
         8          4          0          0          0          0   entry9a.o
         8          4          0          4          0         68   errno.o
        30          0          0          0          0          0   handlers.o
        36          8          0          0          0         68   init.o
         0          0          0          0          0          0   iusefp.o
        30          0          0          0          0         68   llshl.o
        36          0          0          0          0         68   llsshr.o
        32          0          0          0          0         68   llushr.o
        36          0          0          0          0         68   memcpya.o
        36          0          0          0          0        108   memseta.o
      2342        102          0          0          0        764   printfa.o
         0          0          0          4          0          0   stdout.o
        28          0          0          0          0         76   strcmp.o
        14          0          0          0          0         68   strlen.o
        30          0          0          0          0         80   strncmp.o
        24          0          0          0          0         76   strncpy.o
        68          6          0          4          0         80   strtok.o
       112          0          0          0          0         88   strtol.o
        44          0          0          0          0         80   uidiv.o
        98          0          0          0          0         92   uldiv.o
        48          0          0          0          0         68   cdrcmple.o
       334          0          0          0          0        148   dadd.o
       222          0          0          0          0        100   ddiv.o
       186          0          0          0          0        176   depilogue.o
        48          0          0          0          0         68   dfixul.o
       228          0          0          0          0         96   dmul.o
       124          0          0          0          0         88   fdiv.o
       110          0          0          0          0        168   fepilogue.o
        18          0          0          0          0         68   fflti.o
        10          0          0          0          0         68   ffltui.o
       100          0          0          0          0         76   fmul.o

    ----------------------------------------------------------------------
      4770        132        134         12          0       3352   Library Totals
         8          0          1          0          0          0   (incl. Padding)

    ----------------------------------------------------------------------

      Code (inc. data)   RO Data    RW Data    ZI Data      Debug   Library Name

      3334        132        133         12          0       2228   mc_w.l
      1428          0          0          0          0       1124   mf_w.l

    ----------------------------------------------------------------------
      4770        132        134         12          0       3352   Library Totals

    ----------------------------------------------------------------------

==============================================================================


      Code (inc. data)   RO Data    RW Data    ZI Data      Debug   

     71348       3192       4308        488      34736     840949   Grand Totals
     71348       3192       4308        120      34736     840949   ELF Image Totals (compressed)
     71348       3192       4308        120          0          0   ROM Totals

==============================================================================

    Total RO  Size (Code + RO Data)                75656 (  73.88kB)
    Total RW  Size (RW Data + ZI Data)             35224 (  34.40kB)
    Total ROM Size (Code + RO Data + RW Data)      75776 (  74.00kB)

==============================================================================

