Component: ARM Compiler 5.06 update 7 (build 960) Tool: armlink [4d3601]

==============================================================================

Section Cross References

    api_utc.o(i.currentSecsSinceEpoch) refers to strlen.o(.text) for strlen
    api_utc.o(i.currentSecsSinceEpoch) refers to memcpya.o(.text) for __aeabi_memcpy
    api_utc.o(i.currentSecsSinceEpoch) refers to api_utc.o(i.split) for split
    api_utc.o(i.currentSecsSinceEpoch) refers to printfa.o(i.__0printf) for __2printf
    api_utc.o(i.currentSecsSinceEpoch) refers to atoi.o(.text) for atoi
    api_utc.o(i.currentSecsSinceEpoch) refers to strcmp.o(.text) for strcmp
    api_utc.o(i.currentSecsSinceEpoch) refers to api_utc.o(i.julianDayFromDate) for julianDayFromDate
    api_utc.o(i.currentSecsSinceEpoch) refers to main.o(.data) for g_debugLevel
    api_utc.o(i.currentSecsSinceEpoch) refers to api_utc.o(.constdata) for .constdata
    api_utc.o(i.split) refers to strlen.o(.text) for strlen
    api_utc.o(i.split) refers to strtok.o(.text) for strtok
    api_utc.o(.constdata) refers to api_utc.o(.conststring) for .conststring
    fifo.o(i.FIFO_Read) refers to port.o(i.vPortEnterCritical) for vPortEnterCritical
    fifo.o(i.FIFO_Read) refers to port.o(i.vPortExitCritical) for vPortExitCritical
    fifo.o(i.FIFO_ReadN) refers to port.o(i.vPortEnterCritical) for vPortEnterCritical
    fifo.o(i.FIFO_ReadN) refers to port.o(i.vPortExitCritical) for vPortExitCritical
    fifo.o(i.FIFO_Write) refers to port.o(i.vPortEnterCritical) for vPortEnterCritical
    fifo.o(i.FIFO_Write) refers to port.o(i.vPortExitCritical) for vPortExitCritical
    fifo.o(i.FIFO_Writes) refers to port.o(i.vPortEnterCritical) for vPortEnterCritical
    fifo.o(i.FIFO_Writes) refers to port.o(i.vPortExitCritical) for vPortExitCritical
    spi_communication.o(i.SPI_ProtocolInit) refers to spi_communication.o(i.SPI_ProtocolReset) for SPI_ProtocolReset
    spi_communication.o(i.SPI_ProtocolReset) refers to memseta.o(.text) for __aeabi_memclr4
    spi_communication.o(i.SPI_ProtocolReset) refers to spi_communication.o(.data) for .data
    spi_communication.o(i.SPI_ProtocolReset) refers to spi_communication.o(.bss) for .bss
    spi_communication.o(i.SPI_ProtocolReset) refers to spi_communication.o(.MY_SECTION) for .MY_SECTION
    output_wave.o(i.HAL_GPIO_EXTI_Callback) refers to port.o(i.vPortEnterCritical) for vPortEnterCritical
    output_wave.o(i.HAL_GPIO_EXTI_Callback) refers to main.o(i.Get_dealyTimer_cnt) for Get_dealyTimer_cnt
    output_wave.o(i.HAL_GPIO_EXTI_Callback) refers to bsp_gpio.o(i.GPIO_isPinActive) for GPIO_isPinActive
    output_wave.o(i.HAL_GPIO_EXTI_Callback) refers to stm32h7xx_hal_cortex.o(i.HAL_NVIC_SystemReset) for HAL_NVIC_SystemReset
    output_wave.o(i.HAL_GPIO_EXTI_Callback) refers to port.o(i.vPortExitCritical) for vPortExitCritical
    output_wave.o(i.HAL_GPIO_EXTI_Callback) refers to output_wave.o(.data) for .data
    output_wave.o(i.Task_outputWave) refers to queue.o(i.xQueueGenericCreate) for xQueueGenericCreate
    output_wave.o(i.Task_outputWave) refers to queue.o(i.xQueueCreateMutex) for xQueueCreateMutex
    output_wave.o(i.Task_outputWave) refers to stm32h7xx_hal_gpio.o(i.HAL_GPIO_WritePin) for HAL_GPIO_WritePin
    output_wave.o(i.Task_outputWave) refers to queue.o(i.xQueueSemaphoreTake) for xQueueSemaphoreTake
    output_wave.o(i.Task_outputWave) refers to bsp_spi1_slave.o(i.bsp_spi_DiagSendStart) for bsp_spi_DiagSendStart
    output_wave.o(i.Task_outputWave) refers to tasks.o(i.vTaskSuspendAll) for vTaskSuspendAll
    output_wave.o(i.Task_outputWave) refers to bsp_gpio.o(i.GPIO_Set_BUSY) for GPIO_Set_BUSY
    output_wave.o(i.Task_outputWave) refers to bsp_gpio.o(i.GPIO_isPinActive) for GPIO_isPinActive
    output_wave.o(i.Task_outputWave) refers to bsp_gpio.o(i.GPIO_Set_PIC_LED) for GPIO_Set_PIC_LED
    output_wave.o(i.Task_outputWave) refers to bsp_gpio.o(i.GPIO_Set_SPOT) for GPIO_Set_SPOT
    output_wave.o(i.Task_outputWave) refers to bsp_gpio.o(i.GPIO_SetDAC) for GPIO_SetDAC
    output_wave.o(i.Task_outputWave) refers to bsp_gpio.o(i.GPIO_Set_DIRECTION) for GPIO_Set_DIRECTION
    output_wave.o(i.Task_outputWave) refers to main.o(i.Get_dealyTimer_cnt) for Get_dealyTimer_cnt
    output_wave.o(i.Task_outputWave) refers to stm32h7xx_hal_gpio.o(i.HAL_GPIO_ReadPin) for HAL_GPIO_ReadPin
    output_wave.o(i.Task_outputWave) refers to bsp_gpio.o(i.GPIO_Set_INTRPT) for GPIO_Set_INTRPT
    output_wave.o(i.Task_outputWave) refers to bsp_spi1_slave.o(i.bsp_spi_DiagSendFinished) for bsp_spi_DiagSendFinished
    output_wave.o(i.Task_outputWave) refers to queue.o(i.xQueueGenericSend) for xQueueGenericSend
    output_wave.o(i.Task_outputWave) refers to tasks.o(i.xTaskResumeAll) for xTaskResumeAll
    output_wave.o(i.Task_outputWave) refers to output_wave.o(.data) for .data
    output_wave.o(i.Task_outputWave) refers to system_stm32h7xx.o(.data) for SystemCoreClock
[...]
    __aeabi_memcpy8                          0x0800042b   Thumb Code     0  memcpya.o(.text)
    __aeabi_memset                           0x0800044f   Thumb Code    14  memseta.o(.text)
    __aeabi_memset4                          0x0800044f   Thumb Code     0  memseta.o(.text)
    __aeabi_memset8                          0x0800044f   Thumb Code     0  memseta.o(.text)
    __aeabi_memclr                           0x0800045d   Thumb Code     4  memseta.o(.text)
    __aeabi_memclr4                          0x0800045d   Thumb Code     0  memseta.o(.text)
    __aeabi_memclr8                          0x0800045d   Thumb Code     0  memseta.o(.text)
    memset                                   0x08000461   Thumb Code    18  memseta.o(.text)
    strncpy                                  0x08000473   Thumb Code    24  strncpy.o(.text)
    strlen                                   0x0800048b   Thumb Code    14  strlen.o(.text)
    strcmp                                   0x08000499   Thumb Code    28  strcmp.o(.text)
    strncmp                                  0x080004b5   Thumb Code    30  strncmp.o(.text)
    strtok                                   0x080004d5   Thumb Code    62  strtok.o(.text)
    atoi                                     0x08000519   Thumb Code    26  atoi.o(.text)
    __aeabi_f2d                              0x08000533   Thumb Code    38  f2d.o(.text)
    __aeabi_uidiv                            0x08000559   Thumb Code     0  uidiv.o(.text)
    __aeabi_uidivmod                         0x08000559   Thumb Code    44  uidiv.o(.text)
    __aeabi_llsl                             0x08000585   Thumb Code    30  llshl.o(.text)
    _ll_shift_l                              0x08000585   Thumb Code     0  llshl.o(.text)
    __aeabi_llsr                             0x080005a3   Thumb Code    32  llushr.o(.text)
    _ll_ushift_r                             0x080005a3   Thumb Code     0  llushr.o(.text)
    strtol                                   0x080005c3   Thumb Code   112  strtol.o(.text)
    __I$use$fp                               0x08000633   Thumb Code     0  iusefp.o(.text)
    __aeabi_dadd                             0x08000633   Thumb Code   322  dadd.o(.text)
    __aeabi_dsub                             0x08000775   Thumb Code     6  dadd.o(.text)
    __aeabi_drsub                            0x0800077b   Thumb Code     6  dadd.o(.text)
    __aeabi_dmul                             0x08000781   Thumb Code   228  dmul.o(.text)
    __aeabi_ddiv                             0x08000865   Thumb Code   222  ddiv.o(.text)
    __aeabi_d2ulz                            0x08000943   Thumb Code    48  dfixul.o(.text)
    __aeabi_cdrcmple                         0x08000975   Thumb Code    48  cdrcmple.o(.text)
    __scatterload                            0x080009a5   Thumb Code    28  init.o(.text)
    __scatterload_rt2                        0x080009a5   Thumb Code     0  init.o(.text)
    __aeabi_lasr                             0x080009c9   Thumb Code    36  llsshr.o(.text)
    _ll_sshift_r                             0x080009c9   Thumb Code     0  llsshr.o(.text)
    __rt_ctype_table                         0x080009ed   Thumb Code     4  ctype_o.o(.text)
    _strtoul                                 0x080009f5   Thumb Code   158  _strtoul.o(.text)
    _double_round                            0x08000a93   Thumb Code    30  depilogue.o(.text)
    _double_epilogue                         0x08000ab1   Thumb Code   156  depilogue.o(.text)
    _chval                                   0x08000b4d   Thumb Code    28  _chval.o(.text)
    __decompress                             0x08000b69   Thumb Code     0  __dczerorl2.o(.text)
    __decompress1                            0x08000b69   Thumb Code    86  __dczerorl2.o(.text)
    ADC_ConfigureBoostMode                   0x08000bc1   Thumb Code   180  stm32h7xx_hal_adc.o(i.ADC_ConfigureBoostMode)
    ADC_ConversionStop                       0x08000c85   Thumb Code   242  stm32h7xx_hal_adc.o(i.ADC_ConversionStop)
    ADC_DMAConvCplt                          0x08000d7d   Thumb Code   128  stm32h7xx_hal_adc.o(i.ADC_DMAConvCplt)
    ADC_DMAError                             0x08000dfd   Thumb Code    26  stm32h7xx_hal_adc.o(i.ADC_DMAError)
    ADC_DMAHalfConvCplt                      0x08000e17   Thumb Code    10  stm32h7xx_hal_adc.o(i.ADC_DMAHalfConvCplt)
    ADC_Disable                              0x08000e21   Thumb Code   124  stm32h7xx_hal_adc.o(i.ADC_Disable)
    ADC_Enable                               0x08000e9d   Thumb Code   160  stm32h7xx_hal_adc.o(i.ADC_Enable)
    ADC_get_value                            0x08000f49   Thumb Code    52  bsp_adc.o(i.ADC_get_value)
    ADC_init                                 0x08000f89   Thumb Code   170  bsp_adc.o(i.ADC_init)
    BusFault_Handler                         0x08001049   Thumb Code     2  stm32h7xx_it.o(i.BusFault_Handler)
    DMA1_Stream1_IRQHandler                  0x0800104d   Thumb Code     6  stm32h7xx_it.o(i.DMA1_Stream1_IRQHandler)
    DMA1_Stream7_IRQHandler                  0x08001059   Thumb Code     8  stm32h7xx_it.o(i.DMA1_Stream7_IRQHandler)
    DebugMon_Handler                         0x08001545   Thumb Code     2  stm32h7xx_it.o(i.DebugMon_Handler)
    EXTI15_10_IRQHandler                     0x08001547   Thumb Code     8  stm32h7xx_it.o(i.EXTI15_10_IRQHandler)
    Error_Handler                            0x0800154f   Thumb Code     4  main.o(i.Error_Handler)
    FIFO_Init                                0x08001553   Thumb Code    18  fifo.o(i.FIFO_Init)
    FIFO_Read                                0x08001565   Thumb Code   100  fifo.o(i.FIFO_Read)
    FIFO_Write                               0x080015c9   Thumb Code   102  fifo.o(i.FIFO_Write)
    FIFO_Writes                              0x0800162f   Thumb Code   120  fifo.o(i.FIFO_Writes)
    GPIO_Init                                0x080016a9   Thumb Code   148  bsp_gpio.o(i.GPIO_Init)
    GPIO_SetDAC                              0x08001745   Thumb Code   148  bsp_gpio.o(i.GPIO_SetDAC)
    GPIO_Set_BUSY                            0x080017dd   Thumb Code    24  bsp_gpio.o(i.GPIO_Set_BUSY)
    GPIO_Set_DIRECTION                       0x080017f9   Thumb Code    24  bsp_gpio.o(i.GPIO_Set_DIRECTION)
    GPIO_Set_INTRPT                          0x08001815   Thumb Code    24  bsp_gpio.o(i.GPIO_Set_INTRPT)
    GPIO_Set_PIC_LED                         0x08001831   Thumb Code    24  bsp_gpio.o(i.GPIO_Set_PIC_LED)
    GPIO_Set_SPOT                            0x0800184d   Thumb Code    24  bsp_gpio.o(i.GPIO_Set_SPOT)
    GPIO_getPinName                          0x08001869   Thumb Code    22  bsp_gpio.o(i.GPIO_getPinName)
    GPIO_isPinActive                         0x08001885   Thumb Code    74  bsp_gpio.o(i.GPIO_isPinActive)
    GPIO_printIdexAndName                    0x080018d5   Thumb Code    34  bsp_gpio.o(i.GPIO_printIdexAndName)
    GPIO_setPinStatus                        0x08001931   Thumb Code    60  bsp_gpio.o(i.GPIO_setPinStatus)
    Get_dealyTimer_cnt                       0x08001b05   Thumb Code     8  main.o(i.Get_dealyTimer_cnt)
    HAL_ADCEx_Calibration_Start              0x08001b11   Thumb Code   156  stm32h7xx_hal_adc_ex.o(i.HAL_ADCEx_Calibration_Start)
    HAL_ADC_ConfigChannel                    0x08001bb5   Thumb Code  1022  stm32h7xx_hal_adc.o(i.HAL_ADC_ConfigChannel)
    HAL_ADC_ConvCpltCallback                 0x08001fd5   Thumb Code     2  stm32h7xx_hal_adc.o(i.HAL_ADC_ConvCpltCallback)
    HAL_ADC_ConvHalfCpltCallback             0x08001fd7   Thumb Code     2  stm32h7xx_hal_adc.o(i.HAL_ADC_ConvHalfCpltCallback)
    HAL_ADC_DeInit                           0x08001fd9   Thumb Code   398  stm32h7xx_hal_adc.o(i.HAL_ADC_DeInit)
    HAL_ADC_ErrorCallback                    0x08002181   Thumb Code     2  stm32h7xx_hal_adc.o(i.HAL_ADC_ErrorCallback)
    HAL_ADC_Init                             0x08002185   Thumb Code   428  stm32h7xx_hal_adc.o(i.HAL_ADC_Init)
    HAL_ADC_MspDeInit                        0x08002351   Thumb Code    36  stm32h7xx_hal_msp.o(i.HAL_ADC_MspDeInit)
    HAL_ADC_MspInit                          0x08002381   Thumb Code   160  stm32h7xx_hal_msp.o(i.HAL_ADC_MspInit)
    HAL_ADC_Start_DMA                        0x0800243d   Thumb Code   254  stm32h7xx_hal_adc.o(i.HAL_ADC_Start_DMA)
    HAL_DMA_DeInit                           0x08002555   Thumb Code   612  stm32h7xx_hal_dma.o(i.HAL_DMA_DeInit)
    HAL_DMA_GetError                         0x08002839   Thumb Code     4  stm32h7xx_hal_dma.o(i.HAL_DMA_GetError)
    HAL_DMA_IRQHandler                       0x0800283d   Thumb Code  1822  stm32h7xx_hal_dma.o(i.HAL_DMA_IRQHandler)
    HAL_DMA_Init                             0x08002fd1   Thumb Code   980  stm32h7xx_hal_dma.o(i.HAL_DMA_Init)
    HAL_DMA_Start_IT                         0x08003431   Thumb Code   588  stm32h7xx_hal_dma.o(i.HAL_DMA_Start_IT)
    HAL_GPIO_DeInit                          0x080036dd   Thumb Code   346  stm32h7xx_hal_gpio.o(i.HAL_GPIO_DeInit)
    HAL_GPIO_EXTI_Callback                   0x08003841   Thumb Code   120  output_wave.o(i.HAL_GPIO_EXTI_Callback)
    HAL_GPIO_EXTI_IRQHandler                 0x080038bd   Thumb Code    26  stm32h7xx_hal_gpio.o(i.HAL_GPIO_EXTI_IRQHandler)
    HAL_GPIO_Init                            0x080038d9   Thumb Code   498  stm32h7xx_hal_gpio.o(i.HAL_GPIO_Init)
    HAL_GPIO_ReadPin                         0x08003ad5   Thumb Code    10  stm32h7xx_hal_gpio.o(i.HAL_GPIO_ReadPin)
    HAL_GPIO_WritePin                        0x08003adf   Thumb Code    10  stm32h7xx_hal_gpio.o(i.HAL_GPIO_WritePin)
    HAL_GetTick                              0x08003ae9   Thumb Code     6  stm32h7xx_hal.o(i.HAL_GetTick)
    HAL_IncTick                              0x08003af5   Thumb Code    12  stm32h7xx_hal.o(i.HAL_IncTick)
    HAL_Init                                 0x08003b05   Thumb Code    76  stm32h7xx_hal.o(i.HAL_Init)
    HAL_InitTick                             0x08003b61   Thumb Code   130  stm32h7xx_hal_timebase_tim.o(i.HAL_InitTick)
    HAL_MPU_ConfigRegion                     0x08003bf9   Thumb Code    76  stm32h7xx_hal_cortex.o(i.HAL_MPU_ConfigRegion)
    HAL_MPU_Disable                          0x08003c4d   Thumb Code    22  stm32h7xx_hal_cortex.o(i.HAL_MPU_Disable)
    HAL_MPU_Enable                           0x08003c6d   Thumb Code    28  stm32h7xx_hal_cortex.o(i.HAL_MPU_Enable)
    HAL_MspInit                              0x08003c91   Thumb Code    32  stm32h7xx_hal_msp.o(i.HAL_MspInit)
    HAL_NVIC_EnableIRQ                       0x08003cb5   Thumb Code    30  stm32h7xx_hal_cortex.o(i.HAL_NVIC_EnableIRQ)
    HAL_NVIC_SetPriority                     0x08003cd5   Thumb Code    94  stm32h7xx_hal_cortex.o(i.HAL_NVIC_SetPriority)
    HAL_NVIC_SetPriorityGrouping             0x08003d39   Thumb Code    30  stm32h7xx_hal_cortex.o(i.HAL_NVIC_SetPriorityGrouping)
    HAL_NVIC_SystemReset                     0x08003d5d   Thumb Code    26  stm32h7xx_hal_cortex.o(i.HAL_NVIC_SystemReset)
    HAL_PWREx_ConfigSupply                   0x08003d81   Thumb Code    82  stm32h7xx_hal_pwr_ex.o(i.HAL_PWREx_ConfigSupply)
    HAL_PWR_EnableBkUpAccess                 0x08003ddd   Thumb Code    12  stm32h7xx_hal_pwr.o(i.HAL_PWR_EnableBkUpAccess)
    HAL_RCCEx_GetD3PCLK1Freq                 0x08003ded   Thumb Code    26  stm32h7xx_hal_rcc_ex.o(i.HAL_RCCEx_GetD3PCLK1Freq)
    HAL_RCCEx_GetPLL1ClockFreq               0x08003e11   Thumb Code   382  stm32h7xx_hal_rcc_ex.o(i.HAL_RCCEx_GetPLL1ClockFreq)
    HAL_RCCEx_GetPLL2ClockFreq               0x08003fb9   Thumb Code   380  stm32h7xx_hal_rcc_ex.o(i.HAL_RCCEx_GetPLL2ClockFreq)
    HAL_RCCEx_GetPLL3ClockFreq               0x0800415d   Thumb Code   380  stm32h7xx_hal_rcc_ex.o(i.HAL_RCCEx_GetPLL3ClockFreq)
    HAL_RCCEx_GetPeriphCLKFreq               0x08004301   Thumb Code  1162  stm32h7xx_hal_rcc_ex.o(i.HAL_RCCEx_GetPeriphCLKFreq)
    HAL_RCCEx_PeriphCLKConfig                0x08004795   Thumb Code  2670  stm32h7xx_hal_rcc_ex.o(i.HAL_RCCEx_PeriphCLKConfig)
    HAL_RCC_ClockConfig                      0x08005209   Thumb Code   632  stm32h7xx_hal_rcc.o(i.HAL_RCC_ClockConfig)
    HAL_RCC_GetClockConfig                   0x080054a9   Thumb Code    80  stm32h7xx_hal_rcc.o(i.HAL_RCC_GetClockConfig)
    HAL_RCC_GetHCLKFreq                      0x0800550d   Thumb Code    56  stm32h7xx_hal_rcc.o(i.HAL_RCC_GetHCLKFreq)
    HAL_RCC_GetPCLK1Freq                     0x08005555   Thumb Code    72  stm32h7xx_hal_rcc.o(i.HAL_RCC_GetPCLK1Freq)
    HAL_RCC_GetPCLK2Freq                     0x080055b1   Thumb Code    72  stm32h7xx_hal_rcc.o(i.HAL_RCC_GetPCLK2Freq)
    HAL_RCC_GetSysClockFreq                  0x0800560d   Thumb Code   368  stm32h7xx_hal_rcc.o(i.HAL_RCC_GetSysClockFreq)
    HAL_RCC_OscConfig                        0x080057ad   Thumb Code  1714  stm32h7xx_hal_rcc.o(i.HAL_RCC_OscConfig)
    HAL_RTCEx_BKUPRead                       0x08005e65   Thumb Code    12  stm32h7xx_hal_rtc_ex.o(i.HAL_RTCEx_BKUPRead)
    HAL_RTCEx_BKUPWrite                      0x08005e71   Thumb Code    12  stm32h7xx_hal_rtc_ex.o(i.HAL_RTCEx_BKUPWrite)
    HAL_SPI_ErrorCallback                    0x08005e7d   Thumb Code     2  stm32h7xx_hal_spi.o(i.HAL_SPI_ErrorCallback)
    HAL_SPI_IRQHandler                       0x08005e81   Thumb Code   292  bsp_spi1_slave.o(i.HAL_SPI_IRQHandler)
    HAL_SPI_Init                             0x08005fb5   Thumb Code   368  stm32h7xx_hal_spi.o(i.HAL_SPI_Init)
    HAL_SPI_MspInit                          0x08006131   Thumb Code   192  stm32h7xx_hal_msp.o(i.HAL_SPI_MspInit)
    HAL_SPI_Receive_IT                       0x08006205   Thumb Code   204  stm32h7xx_hal_spi.o(i.HAL_SPI_Receive_IT)
    HAL_SPI_Transmit_DMA                     0x080062dd   Thumb Code   382  stm32h7xx_hal_spi.o(i.HAL_SPI_Transmit_DMA)
    HAL_SPI_TxCpltCallback                   0x08006469   Thumb Code     2  stm32h7xx_hal_spi.o(i.HAL_SPI_TxCpltCallback)
    HAL_SPI_TxHalfCpltCallback               0x0800646b   Thumb Code     2  stm32h7xx_hal_spi.o(i.HAL_SPI_TxHalfCpltCallback)
    HAL_TIMEx_MasterConfigSynchronization    0x0800646d   Thumb Code   160  stm32h7xx_hal_tim_ex.o(i.HAL_TIMEx_MasterConfigSynchronization)
    HAL_TIM_Base_Init                        0x08006515   Thumb Code    98  stm32h7xx_hal_tim.o(i.HAL_TIM_Base_Init)
    HAL_TIM_Base_MspInit                     0x08006577   Thumb Code     2  stm32h7xx_hal_tim.o(i.HAL_TIM_Base_MspInit)
    HAL_TIM_Base_Start                       0x08006579   Thumb Code   126  stm32h7xx_hal_tim.o(i.HAL_TIM_Base_Start)
    HAL_TIM_Base_Start_IT                    0x080065fd   Thumb Code   136  stm32h7xx_hal_tim.o(i.HAL_TIM_Base_Start_IT)
    HAL_TIM_ConfigClockSource                0x08006689   Thumb Code   416  stm32h7xx_hal_tim.o(i.HAL_TIM_ConfigClockSource)
    HAL_UARTEx_DisableFifoMode               0x08006829   Thumb Code    62  stm32h7xx_hal_uart_ex.o(i.HAL_UARTEx_DisableFifoMode)
    HAL_UARTEx_SetRxFifoThreshold            0x08006867   Thumb Code    76  stm32h7xx_hal_uart_ex.o(i.HAL_UARTEx_SetRxFifoThreshold)
    HAL_UARTEx_SetTxFifoThreshold            0x080068b3   Thumb Code    76  stm32h7xx_hal_uart_ex.o(i.HAL_UARTEx_SetTxFifoThreshold)
    HAL_UART_ErrorCallback                   0x080068ff   Thumb Code     2  stm32h7xx_hal_uart.o(i.HAL_UART_ErrorCallback)
    HAL_UART_IRQHandler                      0x08006901   Thumb Code    52  bsp_usart2.o(i.HAL_UART_IRQHandler)
    HAL_UART_Init                            0x08006939   Thumb Code   110  stm32h7xx_hal_uart.o(i.HAL_UART_Init)
    HAL_UART_MspInit                         0x080069a9   Thumb Code   200  stm32h7xx_hal_msp.o(i.HAL_UART_MspInit)
    HAL_UART_Transmit                        0x08006a85   Thumb Code   198  stm32h7xx_hal_uart.o(i.HAL_UART_Transmit)
    HAL_UART_Transmit_DMA                    0x08006b4d   Thumb Code   142  stm32h7xx_hal_uart.o(i.HAL_UART_Transmit_DMA)
    HAL_UART_TxCpltCallback                  0x08006be9   Thumb Code     2  stm32h7xx_hal_uart.o(i.HAL_UART_TxCpltCallback)
    HAL_UART_TxHalfCpltCallback              0x08006beb   Thumb Code     2  stm32h7xx_hal_uart.o(i.HAL_UART_TxHalfCpltCallback)
    HardFault_Handler_bt                     0x08006bed   Thumb Code   562  cm_backtrace.o(i.HardFault_Handler_bt)
    MemManage_Handler                        0x0800703d   Thumb Code     2  stm32h7xx_it.o(i.MemManage_Handler)
    NMI_Handler                              0x0800703f   Thumb Code     2  stm32h7xx_it.o(i.NMI_Handler)
    Reboot                                   0x080072b1   Thumb Code     4  main.o(i.Reboot)
    SPI1_IRQHandler                          0x080072b5   Thumb Code     6  stm32h7xx_it.o(i.SPI1_IRQHandler)
    SPI1_Init                                0x080072c1   Thumb Code   106  bsp_spi1_slave.o(i.SPI1_Init)
    SPI_ProtocolInit                         0x08007453   Thumb Code    24  spi_communication.o(i.SPI_ProtocolInit)
    SPI_ProtocolParsing                      0x0800746d   Thumb Code   476  spi_communication.o(i.SPI_ProtocolParsing)
    SPI_RecOver                              0x080076c5   Thumb Code     2  output_wave.o(i.SPI_RecOver)
    SystemClock_Config                       0x08007755   Thumb Code   158  main.o(i.SystemClock_Config)
    SystemInit                               0x080077fd   Thumb Code   156  system_stm32h7xx.o(i.SystemInit)
    TIM7_IRQHandler                          0x080078c9   Thumb Code    50  stm32h7xx_it.o(i.TIM7_IRQHandler)
    TIM_Base_SetConfig                       0x08007901   Thumb Code   190  stm32h7xx_hal_tim.o(i.TIM_Base_SetConfig)
    Task_outputWave                          0x080079e1   Thumb Code   586  output_wave.o(i.Task_outputWave)
    Task_uartMonitor                         0x08007c4d   Thumb Code    44  uart_monitor.o(i.Task_uartMonitor)
    UART2_init                               0x08007c81   Thumb Code   234  bsp_usart2.o(i.UART2_init)
    UART_AdvFeatureConfig                    0x08007e15   Thumb Code   218  stm32h7xx_hal_uart.o(i.UART_AdvFeatureConfig)
    UART_CheckIdleState                      0x08007eef   Thumb Code   186  stm32h7xx_hal_uart.o(i.UART_CheckIdleState)
    UART_SetConfig                           0x080080c9   Thumb Code  1108  stm32h7xx_hal_uart.o(i.UART_SetConfig)
    UART_WaitOnFlagUntilTimeout              0x0800851d   Thumb Code   176  stm32h7xx_hal_uart.o(i.UART_WaitOnFlagUntilTimeout)
    UART_getByte                             0x080085cd   Thumb Code    30  bsp_uartcomm.o(i.UART_getByte)
    UART_init                                0x080085eb   Thumb Code     4  bsp_uartcomm.o(i.UART_init)
    UART_sendByte                            0x080085ef   Thumb Code    96  bsp_uartcomm.o(i.UART_sendByte)
    UART_sendContinue                        0x0800864f   Thumb Code   142  bsp_uartcomm.o(i.UART_sendContinue)
    USART2_IRQHandler                        0x080086dd   Thumb Code     6  stm32h7xx_it.o(i.USART2_IRQHandler)
    UsageFault_Handler                       0x080086e9   Thumb Code     2  stm32h7xx_it.o(i.UsageFault_Handler)
    __0printf                                0x080086ed   Thumb Code    22  printfa.o(i.__0printf)
    __1printf                                0x080086ed   Thumb Code     0  printfa.o(i.__0printf)
    __2printf                                0x080086ed   Thumb Code     0  printfa.o(i.__0printf)
    __c89printf                              0x080086ed   Thumb Code     0  printfa.o(i.__0printf)
    printf                                   0x080086ed   Thumb Code     0  printfa.o(i.__0printf)
    __0sprintf                               0x0800870d   Thumb Code    34  printfa.o(i.__0sprintf)
    __1sprintf                               0x0800870d   Thumb Code     0  printfa.o(i.__0sprintf)
    __2sprintf                               0x0800870d   Thumb Code     0  printfa.o(i.__0sprintf)
    __c89sprintf                             0x0800870d   Thumb Code     0  printfa.o(i.__0sprintf)
    sprintf                                  0x0800870d   Thumb Code     0  printfa.o(i.__0sprintf)
    __aeabi_errno_addr                       0x08008735   Thumb Code     4  errno.o(i.__aeabi_errno_addr)
    __rt_errno_addr                          0x08008735   Thumb Code     0  errno.o(i.__aeabi_errno_addr)
    __scatterload_copy                       0x0800873d   Thumb Code    14  handlers.o(i.__scatterload_copy)
    __scatterload_null                       0x0800874b   Thumb Code     2  handlers.o(i.__scatterload_null)
    __scatterload_zeroinit                   0x0800874d   Thumb Code    14  handlers.o(i.__scatterload_zeroinit)
    bsp_spi_DiagSendFinished                 0x08009061   Thumb Code    48  bsp_spi1_slave.o(i.bsp_spi_DiagSendFinished)
    bsp_spi_DiagSendStart                    0x08009095   Thumb Code    12  bsp_spi1_slave.o(i.bsp_spi_DiagSendStart)
    cm_backtrace_call_stack                  0x080090a5   Thumb Code   264  cm_backtrace.o(i.cm_backtrace_call_stack)
    cm_backtrace_firmware_info               0x080091b5   Thumb Code    30  cm_backtrace.o(i.cm_backtrace_firmware_info)
    cm_backtrace_init                        0x080091e1   Thumb Code    86  cm_backtrace.o(i.cm_backtrace_init)
    com_getHandler                           0x08009261   Thumb Code    30  bsp_uartcomm.o(i.com_getHandler)
    com_registHandler                        0x08009285   Thumb Code    44  bsp_uartcomm.o(i.com_registHandler)
    currentSecsSinceEpoch                    0x080092b5   Thumb Code   366  api_utc.o(i.currentSecsSinceEpoch)
    fputc                                    0x080097b9   Thumb Code    58  bsp_uartcomm.o(i.fputc)
    main                                     0x08009a75   Thumb Code   430  main.o(i.main)
    pvPortMalloc                             0x0800a2f9   Thumb Code   316  heap_4.o(i.pvPortMalloc)
    pvTaskIncrementMutexHeldCount            0x0800a441   Thumb Code    18  tasks.o(i.pvTaskIncrementMutexHeldCount)
    pxPortInitialiseStack                    0x0800a459   Thumb Code    38  port.o(i.pxPortInitialiseStack)
    shellBackspace                           0x0800a565   Thumb Code     6  shell.o(i.shellBackspace)
    shellClear                               0x0800a56d   Thumb Code    24  shell.o(i.shellClear)
    shellClearCommandLine                    0x0800a589   Thumb Code    56  shell.o(i.shellClearCommandLine)
    shellCmds                                0x0800a5c5   Thumb Code    20  shell.o(i.shellCmds)
    shellDelete                              0x0800a5d9   Thumb Code     8  shell.o(i.shellDelete)
    shellDeleteByte                          0x0800a5e1   Thumb Code   216  shell.o(i.shellDeleteByte)
    shellDeleteCommandLine                   0x0800a6bd   Thumb Code    28  shell.o(i.shellDeleteCommandLine)
    shellDown                                0x0800a6dd   Thumb Code     8  shell.o(i.shellDown)
    shellEnter                               0x0800a6e5   Thumb Code    20  shell.o(i.shellEnter)
    shellExec                                0x0800a6f9   Thumb Code   390  shell.o(i.shellExec)
    shellExtParsePara                        0x0800a889   Thumb Code   542  shell_ext.o(i.shellExtParsePara)
    shellExtRun                              0x0800aaa7   Thumb Code   254  shell_ext.o(i.shellExtRun)
    shellGetCurrent                          0x0800abf1   Thumb Code    42  shell.o(i.shellGetCurrent)
    shellGetVarValue                         0x0800ac21   Thumb Code    66  shell.o(i.shellGetVarValue)
    shellHandler                             0x0800ac65   Thumb Code   260  shell.o(i.shellHandler)
    shellHelp                                0x0800ad6d   Thumb Code    98  shell.o(i.shellHelp)
    shellInit                                0x0800ae85   Thumb Code   222  shell.o(i.shellInit)
    shellInsertByte                          0x0800af7d   Thumb Code   218  shell.o(i.shellInsertByte)
    shellLeft                                0x0800b05d   Thumb Code    26  shell.o(i.shellLeft)
    shellListCommand                         0x0800b079   Thumb Code   124  shell.o(i.shellListCommand)
    shellListItem                            0x0800b0fd   Thumb Code   242  shell.o(i.shellListItem)
    shellRight                               0x0800b1fd   Thumb Code    24  shell.o(i.shellRight)
    shellRunCommand                          0x0800b215   Thumb Code   282  shell.o(i.shellRunCommand)
    shellSeekCommand                         0x0800b335   Thumb Code   138  shell.o(i.shellSeekCommand)
    shellTab                                 0x0800b4f1   Thumb Code   484  shell.o(i.shellTab)
    shellTask                                0x0800b6e1   Thumb Code    40  shell.o(i.shellTask)
    shellToDec                               0x0800b709   Thumb Code   106  shell.o(i.shellToDec)
    shellUp                                  0x0800b779   Thumb Code     6  shell.o(i.shellUp)
    shellWriteString                         0x0800b88d   Thumb Code    42  shell.o(i.shellWriteString)
    split                                    0x0800b9a5   Thumb Code    76  api_utc.o(i.split)
    uart_PostdMsg                            0x0800b9f1   Thumb Code    82  uart_monitor.o(i.uart_PostdMsg)
    userShellInit                            0x0800ba95   Thumb Code    20  shell_port.o(i.userShellInit)
    userShellRead                            0x0800bab5   Thumb Code    18  shell_port.o(i.userShellRead)
    userShellWrite                           0x0800bacd   Thumb Code     8  shell_port.o(i.userShellWrite)
    uxListRemove                             0x0800bad9   Thumb Code    38  list.o(i.uxListRemove)
    vApplicationIdleHook                     0x0800bb01   Thumb Code    44  main.o(i.vApplicationIdleHook)
    vListInitialise                          0x0800bb31   Thumb Code    22  list.o(i.vListInitialise)
    vListInitialiseItem                      0x0800bb47   Thumb Code     6  list.o(i.vListInitialiseItem)
    vListInsert                              0x0800bb4d   Thumb Code    58  list.o(i.vListInsert)
    vPortEnterCritical                       0x0800bb89   Thumb Code    64  port.o(i.vPortEnterCritical)
    vPortExitCritical                        0x0800bbd1   Thumb Code    42  port.o(i.vPortExitCritical)
    vPortFree                                0x0800bc01   Thumb Code   104  heap_4.o(i.vPortFree)
    vPortSetupTimerInterrupt                 0x0800bc6d   Thumb Code     2  main.o(i.vPortSetupTimerInterrupt)
    vPortValidateInterruptPriority           0x0800bc71   Thumb Code    82  port.o(i.vPortValidateInterruptPriority)
    vQueueAddToRegistry                      0x0800bccd   Thumb Code    88  queue.o(i.vQueueAddToRegistry)
    vQueueWaitForMessageRestricted           0x0800bd29   Thumb Code    74  queue.o(i.vQueueWaitForMessageRestricted)
    vTaskDelay                               0x0800bd75   Thumb Code    70  tasks.o(i.vTaskDelay)
    vTaskInternalSetTimeOutState             0x0800bdc5   Thumb Code    12  tasks.o(i.vTaskInternalSetTimeOutState)
    vTaskMissedYield                         0x0800bdd5   Thumb Code     8  tasks.o(i.vTaskMissedYield)
    vTaskName                                0x0800bde1   Thumb Code     8  tasks.o(i.vTaskName)
    vTaskPlaceOnEventList                    0x0800bded   Thumb Code    50  tasks.o(i.vTaskPlaceOnEventList)
    vTaskPlaceOnEventListRestricted          0x0800be25   Thumb Code    82  tasks.o(i.vTaskPlaceOnEventListRestricted)
    vTaskPriorityDisinheritAfterTimeout      0x0800be7d   Thumb Code   186  tasks.o(i.vTaskPriorityDisinheritAfterTimeout)
    vTaskStackAddr                           0x0800bf41   Thumb Code     8  tasks.o(i.vTaskStackAddr)
    vTaskStackSize                           0x0800bf4d   Thumb Code     8  tasks.o(i.vTaskStackSize)
    vTaskStartScheduler                      0x0800bf59   Thumb Code   108  tasks.o(i.vTaskStartScheduler)
    vTaskSuspendAll                          0x0800bfd9   Thumb Code    10  tasks.o(i.vTaskSuspendAll)
    vTaskSwitchContext                       0x0800bfe9   Thumb Code   102  tasks.o(i.vTaskSwitchContext)
    xPortStartScheduler                      0x0800c059   Thumb Code   194  port.o(i.xPortStartScheduler)
    xPortSysTickHandler                      0x0800c12d   Thumb Code    42  port.o(i.xPortSysTickHandler)
    xQueueCreateMutex                        0x0800c15d   Thumb Code    36  queue.o(i.xQueueCreateMutex)
    xQueueGenericCreate                      0x0800c181   Thumb Code   102  queue.o(i.xQueueGenericCreate)
    xQueueGenericReset                       0x0800c1e9   Thumb Code   176  queue.o(i.xQueueGenericReset)
    xQueueGenericSend                        0x0800c29d   Thumb Code   478  queue.o(i.xQueueGenericSend)
    xQueueGiveFromISR                        0x0800c481   Thumb Code   200  queue.o(i.xQueueGiveFromISR)
    xQueueReceive                            0x0800c549   Thumb Code   376  queue.o(i.xQueueReceive)
    xQueueReceiveFromISR                     0x0800c6c5   Thumb Code   210  queue.o(i.xQueueReceiveFromISR)
    xQueueSemaphoreTake                      0x0800c799   Thumb Code   432  queue.o(i.xQueueSemaphoreTake)
    xTaskCheckForTimeOut                     0x0800c94d   Thumb Code   142  tasks.o(i.xTaskCheckForTimeOut)
    xTaskCreate                              0x0800c9e1   Thumb Code   418  tasks.o(i.xTaskCreate)
    xTaskGetSchedulerState                   0x0800cba5   Thumb Code    24  tasks.o(i.xTaskGetSchedulerState)
    xTaskGetTickCount                        0x0800cbc1   Thumb Code     6  tasks.o(i.xTaskGetTickCount)
    xTaskIncrementTick                       0x0800cbcd   Thumb Code   324  tasks.o(i.xTaskIncrementTick)
    xTaskPriorityDisinherit                  0x0800cd19   Thumb Code   164  tasks.o(i.xTaskPriorityDisinherit)
    xTaskPriorityInherit                     0x0800cdc5   Thumb Code   156  tasks.o(i.xTaskPriorityInherit)
    xTaskRemoveFromEventList                 0x0800ce69   Thumb Code   242  tasks.o(i.xTaskRemoveFromEventList)
    xTaskResumeAll                           0x0800cf69   Thumb Code   308  tasks.o(i.xTaskResumeAll)
    xTimerCreateTimerTask                    0x0800d0ad   Thumb Code   112  timers.o(i.xTimerCreateTimerTask)
    shellCmdspi                              0x0800d170   Data           4  bsp_spi1_slave.o(.constdata)
    shellDescspi                             0x0800d174   Data          30  bsp_spi1_slave.o(.constdata)
    shellCmdDefaultUser                      0x0800d414   Data           6  shell.o(.constdata)
    shellPasswordDefaultUser                 0x0800d41a   Data           5  shell.o(.constdata)
    shellDesDefaultUser                      0x0800d41f   Data          13  shell.o(.constdata)
    shellDesc0x1B5B4100                      0x0800d42c   Data           3  shell.o(.constdata)
    shellDesc0x1B5B4200                      0x0800d42f   Data           5  shell.o(.constdata)
    shellDesc0x1B5B4300                      0x0800d434   Data           6  shell.o(.constdata)
    shellDesc0x1B5B4400                      0x0800d43a   Data           5  shell.o(.constdata)
    shellDesc0x09000000                      0x0800d43f   Data           4  shell.o(.constdata)
    shellDesc0x08000000                      0x0800d443   Data          10  shell.o(.constdata)
    shellDesc0x7F000000                      0x0800d44d   Data          10  shell.o(.constdata)
    shellDesc0x1B5B337E                      0x0800d457   Data           7  shell.o(.constdata)
    shellDesc0x0D000000                      0x0800d45e   Data           6  shell.o(.constdata)
    shellDesc0x0D0A0000                      0x0800d464   Data           6  shell.o(.constdata)
    shellCmdhelp                             0x0800d46a   Data           5  shell.o(.constdata)
    shellDeschelp                            0x0800d46f   Data          30  shell.o(.constdata)
    shellCmdcmds                             0x0800d48d   Data           5  shell.o(.constdata)
    shellDesccmds                            0x0800d492   Data          13  shell.o(.constdata)
    shellCmdclear                            0x0800d49f   Data           6  shell.o(.constdata)
    shellDescclear                           0x0800d4a5   Data          14  shell.o(.constdata)
    shellCmdgpio                             0x0800d4cc   Data           5  gpio_shell.o(.constdata)
    shellDescgpio                            0x0800d4d1   Data          13  gpio_shell.o(.constdata)
    shellCmdadc                              0x0800d4de   Data           4  adc_shell.o(.constdata)
    shellDescadc                             0x0800d4e2   Data          15  adc_shell.o(.constdata)
    shellCmdreboot                           0x0800d4f1   Data           7  main.o(.constdata)
    shellDescreboot                          0x0800d4f8   Data          11  main.o(.constdata)
    shellCmdhf                               0x0800d600   Data           3  cm_backtrace.o(.constdata)
    shellDeschf                              0x0800d603   Data          22  cm_backtrace.o(.constdata)
    UARTPrescTable                           0x0800d622   Data          24  stm32h7xx_hal_uart.o(.constdata)
    D1CorePrescTable                         0x0800d64a   Data          16  system_stm32h7xx.o(.constdata)
    __ctype_table                            0x0800d65a   Data         129  ctype_o.o(.constdata)
    Region$$Table$$Base                      0x0800e350   Number         0  anon$$obj.o(Region$$Table)
    Region$$Table$$Limit                     0x0800e380   Number         0  anon$$obj.o(Region$$Table)
    shellCommand$$Base                       0x0800e380   Number         0  bsp_spi1_slave.o(shellCommand)
    shellCommandspi                          0x0800e380   Data          16  bsp_spi1_slave.o(shellCommand)
    shellUserDefault                         0x0800e390   Data          16  shell.o(shellCommand)
    shellKey0x1B5B4100                       0x0800e3a0   Data          16  shell.o(shellCommand)
    shellKey0x1B5B4200                       0x0800e3b0   Data          16  shell.o(shellCommand)
    shellKey0x1B5B4300                       0x0800e3c0   Data          16  shell.o(shellCommand)
    shellKey0x1B5B4400                       0x0800e3d0   Data          16  shell.o(shellCommand)
    shellKey0x09000000                       0x0800e3e0   Data          16  shell.o(shellCommand)
    shellKey0x08000000                       0x0800e3f0   Data          16  shell.o(shellCommand)
    shellKey0x7F000000                       0x0800e400   Data          16  shell.o(shellCommand)
    shellKey0x1B5B337E                       0x0800e410   Data          16  shell.o(shellCommand)
    shellKey0x0D000000                       0x0800e420   Data          16  shell.o(shellCommand)
    shellKey0x0D0A0000                       0x0800e430   Data          16  shell.o(shellCommand)
    shellCommandhelp                         0x0800e440   Data          16  shell.o(shellCommand)
    shellCommandcmds                         0x0800e450   Data          16  shell.o(shellCommand)
    shellCommandclear                        0x0800e460   Data          16  shell.o(shellCommand)
    shellCommandgpio                         0x0800e470   Data          16  gpio_shell.o(shellCommand)
    shellCommandadc                          0x0800e480   Data          16  adc_shell.o(shellCommand)
    shellCommandreboot                       0x0800e490   Data          16  main.o(shellCommand)
    shellCommandhf                           0x0800e4a0   Data          16  cm_backtrace.o(shellCommand)
    Image$$ER_IROM1$$Limit                   0x0800e4b0   Number         0  anon$$obj.o ABSOLUTE
    shellCommand$$Limit                      0x0800e4b0   Number         0  cm_backtrace.o(shellCommand)
    g_protocolWriteBack                      0x20000002   Data           2  spi_communication.o(.data)
    g_sem_recvedWaveData                     0x20000020   Data           4  output_wave.o(.data)
    g_sem_isSending                          0x20000024   Data           4  output_wave.o(.data)
    g_sem_uartResend                         0x2000002c   Data           4  uart_monitor.o(.data)
    g_isPrintNoBlock                         0x20000030   Data           1  bsp_uartcomm.o(.data)
    g_uart2Handle                            0x20000078   Data         148  bsp_usart2.o(.data)
    xHigherPriorityTaskWoken_YES             0x20000194   Data           4  main.o(.data)
    xHigherPriorityTaskWoken_NO              0x20000198   Data           4  main.o(.data)
    g_debugLevel                             0x200001a4   Data           4  main.o(.data)
    gp_xHandle_Task_outputWave               0x200001a8   Data           4  main.o(.data)
    gp_xHandle_Task_uartMonitor              0x200001ac   Data           4  main.o(.data)
    gp_xHandle_Task_shell                    0x200001b0   Data           4  main.o(.data)
    uwTickFreq                               0x20000200   Data           1  stm32h7xx_hal.o(.data)
    uwTickPrio                               0x20000204   Data           4  stm32h7xx_hal.o(.data)
    uwTick                                   0x20000208   Data           4  stm32h7xx_hal.o(.data)
    SystemCoreClock                          0x2000020c   Data           4  system_stm32h7xx.o(.data)
    SystemD2Clock                            0x20000210   Data           4  system_stm32h7xx.o(.data)
    pxCurrentTCB                             0x20000214   Data           4  tasks.o(.data)
    uxTopUsedPriority                        0x20000244   Data           4  tasks.o(.data)
    __stdout                                 0x20000298   Data           4  stdout.o(.data)
    g_protocolCmd                            0x200002a0   Data          12  spi_communication.o(.bss)
    g_protocolData                           0x200002ac   Data       94020  spi_communication.o(.bss)
    g_hspi1                                  0x200171f0   Data         136  bsp_spi1_slave.o(.bss)
    g_diagnosis                              0x20017278   Data          40  bsp_spi1_slave.o(.bss)
    g_hdma_spi1_tx                           0x200172a0   Data         120  bsp_spi1_slave.o(.bss)
    g_hdma_usart2_tx                         0x20017318   Data         120  bsp_usart2.o(.bss)
    AdcHandle                                0x20017458   Data         100  bsp_adc.o(.bss)
    sConfig                                  0x200174bc   Data          28  bsp_adc.o(.bss)
    shell                                    0x200174f8   Data         108  shell_port.o(.bss)
    g_htim5                                  0x2001762c   Data          76  main.o(.bss)
    htim7                                    0x200176f0   Data          76  stm32h7xx_hal_timebase_tim.o(.bss)
    xQueueRegistry                           0x20017870   Data          64  queue.o(.bss)
    STACK$$Base                              0x2001f5a0   Number         0  startup_stm32h7a3xx.o(STACK)
    STACK$$Limit                             0x2001f9a0   Number         0  startup_stm32h7a3xx.o(STACK)
    __initial_sp                             0x2001f9a0   Data           0  startup_stm32h7a3xx.o(STACK)
    g_protocolDataOri                        0x24000000   Data       94020  spi_communication.o(.MY_SECTION)



==============================================================================

Memory Map of the image

  Image Entry point : 0x080002ad

  Load Region LR_IROM1 (Base: 0x08000000, Size: 0x00025ec0, Max: 0x00080000, ABSOLUTE, COMPRESSED[0x0000e848])

    Execution Region ER_IROM1 (Exec base: 0x08000000, Load base: 0x08000000, Size: 0x0000e4b0, Max: 0x00080000, ABSOLUTE)

    Exec Addr    Load Addr    Size         Type   Attr      Idx    E Section Name        Object

    0x08000000   0x08000000   0x000002ac   Data   RO         1832    RESET               startup_stm32h7a3xx.o
    0x080002ac   0x080002ac   0x00000000   Code   RO         8067  * .ARM.Collect$$$$00000000  mc_w.l(entry.o)
    0x080002ac   0x080002ac   0x00000004   Code   RO         8359    .ARM.Collect$$$$00000001  mc_w.l(entry2.o)
    0x080002b0   0x080002b0   0x00000004   Code   RO         8362    .ARM.Collect$$$$00000004  mc_w.l(entry5.o)
    0x080002b4   0x080002b4   0x00000000   Code   RO         8364    .ARM.Collect$$$$00000008  mc_w.l(entry7b.o)
    0x080002b4   0x080002b4   0x00000000   Code   RO         8366    .ARM.Collect$$$$0000000A  mc_w.l(entry8b.o)
    0x080002b4   0x080002b4   0x00000008   Code   RO         8367    .ARM.Collect$$$$0000000B  mc_w.l(entry9a.o)
    0x080002bc   0x080002bc   0x00000004   Code   RO         8374    .ARM.Collect$$$$0000000E  mc_w.l(entry12b.o)
    0x080002c0   0x080002c0   0x00000000   Code   RO         8369    .ARM.Collect$$$$0000000F  mc_w.l(entry10a.o)
    0x080002c0   0x080002c0   0x00000000   Code   RO         8371    .ARM.Collect$$$$00000011  mc_w.l(entry11a.o)
    0x080002c0   0x080002c0   0x00000004   Code   RO         8360    .ARM.Collect$$$$00002712  mc_w.l(entry2.o)
    0x080002c4   0x080002c4   0x00000010   Code   RO         1721    .emb_text           cm_backtrace.o
    0x080002d4   0x080002d4   0x000000c2   Code   RO         7996    .emb_text           port.o
    0x08000396   0x08000396   0x00000002   PAD
    0x08000398   0x08000398   0x0000000c   Code   RO         1826    .text               cmb_fault.o
    0x080003a4   0x080003a4   0x00000024   Code   RO         1833    .text               startup_stm32h7a3xx.o
    0x080003c8   0x080003c8   0x00000062   Code   RO         8070    .text               mc_w.l(uldiv.o)
    0x0800042a   0x0800042a   0x00000024   Code   RO         8072    .text               mc_w.l(memcpya.o)
    0x0800044e   0x0800044e   0x00000024   Code   RO         8076    .text               mc_w.l(memseta.o)
    0x08000472   0x08000472   0x00000018   Code   RO         8078    .text               mc_w.l(strncpy.o)
    0x0800048a   0x0800048a   0x0000000e   Code   RO         8080    .text               mc_w.l(strlen.o)
    0x08000498   0x08000498   0x0000001c   Code   RO         8082    .text               mc_w.l(strcmp.o)
    0x080004b4   0x080004b4   0x0000001e   Code   RO         8084    .text               mc_w.l(strncmp.o)
    0x080004d2   0x080004d2   0x00000002   PAD
    0x080004d4   0x080004d4   0x00000044   Code   RO         8086    .text               mc_w.l(strtok.o)
    0x08000518   0x08000518   0x0000001a   Code   RO         8355    .text               mc_w.l(atoi.o)
    0x08000532   0x08000532   0x00000026   Code   RO         8357    .text               mf_w.l(f2d.o)
    0x08000558   0x08000558   0x0000002c   Code   RO         8376    .text               mc_w.l(uidiv.o)
    0x08000584   0x08000584   0x0000001e   Code   RO         8378    .text               mc_w.l(llshl.o)
    0x080005a2   0x080005a2   0x00000020   Code   RO         8380    .text               mc_w.l(llushr.o)
    0x080005c2   0x080005c2   0x00000070   Code   RO         8389    .text               mc_w.l(strtol.o)
    0x08000632   0x08000632   0x00000000   Code   RO         8391    .text               mc_w.l(iusefp.o)
    0x08000632   0x08000632   0x0000014e   Code   RO         8392    .text               mf_w.l(dadd.o)
    0x08000780   0x08000780   0x000000e4   Code   RO         8394    .text               mf_w.l(dmul.o)
    0x08000864   0x08000864   0x000000de   Code   RO         8396    .text               mf_w.l(ddiv.o)
    0x08000942   0x08000942   0x00000030   Code   RO         8398    .text               mf_w.l(dfixul.o)
    0x08000972   0x08000972   0x00000002   PAD
    0x08000974   0x08000974   0x00000030   Code   RO         8400    .text               mf_w.l(cdrcmple.o)
    0x080009a4   0x080009a4   0x00000024   Code   RO         8402    .text               mc_w.l(init.o)
    0x080009c8   0x080009c8   0x00000024   Code   RO         8404    .text               mc_w.l(llsshr.o)
    0x080009ec   0x080009ec   0x00000008   Code   RO         8406    .text               mc_w.l(ctype_o.o)
    0x080009f4   0x080009f4   0x0000009e   Code   RO         8434    .text               mc_w.l(_strtoul.o)
    0x08000a92   0x08000a92   0x000000ba   Code   RO         8436    .text               mf_w.l(depilogue.o)
    0x08000b4c   0x08000b4c   0x0000001c   Code   RO         8438    .text               mc_w.l(_chval.o)
    0x08000b68   0x08000b68   0x00000056   Code   RO         8448    .text               mc_w.l(__dczerorl2.o)
    0x08000bbe   0x08000bbe   0x00000002   PAD
    0x08000bc0   0x08000bc0   0x000000c4   Code   RO         6078    i.ADC_ConfigureBoostMode  stm32h7xx_hal_adc.o
    0x08000c84   0x08000c84   0x000000f8   Code   RO         6079    i.ADC_ConversionStop  stm32h7xx_hal_adc.o
    0x08000d7c   0x08000d7c   0x00000080   Code   RO         6080    i.ADC_DMAConvCplt   stm32h7xx_hal_adc.o
    0x08000dfc   0x08000dfc   0x0000001a   Code   RO         6081    i.ADC_DMAError      stm32h7xx_hal_adc.o
    0x08000e16   0x08000e16   0x0000000a   Code   RO         6082    i.ADC_DMAHalfConvCplt  stm32h7xx_hal_adc.o
    0x08000e20   0x08000e20   0x0000007c   Code   RO         6083    i.ADC_Disable       stm32h7xx_hal_adc.o
    0x08000e9c   0x08000e9c   0x000000ac   Code   RO         6084    i.ADC_Enable        stm32h7xx_hal_adc.o
    0x08000f48   0x08000f48   0x00000040   Code   RO          869    i.ADC_get_value     bsp_adc.o
    0x08000f88   0x08000f88   0x000000c0   Code   RO          870    i.ADC_init          bsp_adc.o
    0x08001048   0x08001048   0x00000002   Code   RO         1521    i.BusFault_Handler  stm32h7xx_it.o
    0x0800104a   0x0800104a   0x00000002   PAD
    0x0800104c   0x0800104c   0x0000000c   Code   RO         1522    i.DMA1_Stream1_IRQHandler  stm32h7xx_it.o
    0x08001058   0x08001058   0x0000000c   Code   RO         1523    i.DMA1_Stream7_IRQHandler  stm32h7xx_it.o
    0x08001064   0x08001064   0x000000e0   Code   RO         2604    i.DMA_CalcBaseAndBitshift  stm32h7xx_hal_dma.o
    0x08001144   0x08001144   0x000000dc   Code   RO         2605    i.DMA_CalcDMAMUXChannelBaseAndMask  stm32h7xx_hal_dma.o
    0x08001220   0x08001220   0x000000a0   Code   RO         2606    i.DMA_CalcDMAMUXRequestGenBaseAndMask  stm32h7xx_hal_dma.o
    0x080012c0   0x080012c0   0x00000284   Code   RO         2607    i.DMA_SetConfig     stm32h7xx_hal_dma.o
    0x08001544   0x08001544   0x00000002   Code   RO         1524    i.DebugMon_Handler  stm32h7xx_it.o
    0x08001546   0x08001546   0x00000008   Code   RO         1525    i.EXTI15_10_IRQHandler  stm32h7xx_it.o
    0x0800154e   0x0800154e   0x00000004   Code   RO         1464    i.Error_Handler     main.o
    0x08001552   0x08001552   0x00000012   Code   RO          223    i.FIFO_Init         fifo.o
    0x08001564   0x08001564   0x00000064   Code   RO          224    i.FIFO_Read         fifo.o
    0x080015c8   0x080015c8   0x00000066   Code   RO          226    i.FIFO_Write        fifo.o
    0x0800162e   0x0800162e   0x00000078   Code   RO          227    i.FIFO_Writes       fifo.o
    0x080016a6   0x080016a6   0x00000002   PAD
    0x080016a8   0x080016a8   0x0000009c   Code   RO          699    i.GPIO_Init         bsp_gpio.o
    0x08001744   0x08001744   0x00000098   Code   RO          751    i.GPIO_SetDAC       bsp_gpio.o
    0x080017dc   0x080017dc   0x0000001c   Code   RO          769    i.GPIO_Set_BUSY     bsp_gpio.o
    0x080017f8   0x080017f8   0x0000001c   Code   RO          775    i.GPIO_Set_DIRECTION  bsp_gpio.o
    0x08001814   0x08001814   0x0000001c   Code   RO          763    i.GPIO_Set_INTRPT   bsp_gpio.o
    0x08001830   0x08001830   0x0000001c   Code   RO          757    i.GPIO_Set_PIC_LED  bsp_gpio.o
    0x0800184c   0x0800184c   0x0000001c   Code   RO          781    i.GPIO_Set_SPOT     bsp_gpio.o
    0x08001868   0x08001868   0x0000001c   Code   RO          700    i.GPIO_getPinName   bsp_gpio.o
    0x08001884   0x08001884   0x00000050   Code   RO          702    i.GPIO_isPinActive  bsp_gpio.o
    0x080018d4   0x080018d4   0x0000005c   Code   RO          703    i.GPIO_printIdexAndName  bsp_gpio.o
    0x08001930   0x08001930   0x00000040   Code   RO          704    i.GPIO_setPinStatus  bsp_gpio.o
    0x08001970   0x08001970   0x00000194   Code   RO         1304    i.GPIO_shell        gpio_shell.o
    0x08001b04   0x08001b04   0x0000000c   Code   RO         1469    i.Get_dealyTimer_cnt  main.o
    0x08001b10   0x08001b10   0x000000a4   Code   RO         6280    i.HAL_ADCEx_Calibration_Start  stm32h7xx_hal_adc_ex.o
    0x08001bb4   0x08001bb4   0x00000420   Code   RO         6086    i.HAL_ADC_ConfigChannel  stm32h7xx_hal_adc.o
    0x08001fd4   0x08001fd4   0x00000002   Code   RO         6087    i.HAL_ADC_ConvCpltCallback  stm32h7xx_hal_adc.o
    0x08001fd6   0x08001fd6   0x00000002   Code   RO         6088    i.HAL_ADC_ConvHalfCpltCallback  stm32h7xx_hal_adc.o
    0x08001fd8   0x08001fd8   0x000001a8   Code   RO         6089    i.HAL_ADC_DeInit    stm32h7xx_hal_adc.o
    0x08002180   0x08002180   0x00000002   Code   RO         6090    i.HAL_ADC_ErrorCallback  stm32h7xx_hal_adc.o
    0x08002182   0x08002182   0x00000002   PAD
    0x08002184   0x08002184   0x000001cc   Code   RO         6095    i.HAL_ADC_Init      stm32h7xx_hal_adc.o
    0x08002350   0x08002350   0x00000030   Code   RO         1619    i.HAL_ADC_MspDeInit  stm32h7xx_hal_msp.o
    0x08002380   0x08002380   0x000000bc   Code   RO         1620    i.HAL_ADC_MspInit   stm32h7xx_hal_msp.o
    0x0800243c   0x0800243c   0x00000118   Code   RO         6102    i.HAL_ADC_Start_DMA  stm32h7xx_hal_adc.o
    0x08002554   0x08002554   0x000002e4   Code   RO         2610    i.HAL_DMA_DeInit    stm32h7xx_hal_dma.o
    0x08002838   0x08002838   0x00000004   Code   RO         2611    i.HAL_DMA_GetError  stm32h7xx_hal_dma.o
    0x0800283c   0x0800283c   0x00000794   Code   RO         2613    i.HAL_DMA_IRQHandler  stm32h7xx_hal_dma.o
    0x08002fd0   0x08002fd0   0x00000460   Code   RO         2614    i.HAL_DMA_Init      stm32h7xx_hal_dma.o
    0x08003430   0x08003430   0x000002ac   Code   RO         2618    i.HAL_DMA_Start_IT  stm32h7xx_hal_dma.o
    0x080036dc   0x080036dc   0x00000164   Code   RO         2454    i.HAL_GPIO_DeInit   stm32h7xx_hal_gpio.o
    0x08003840   0x08003840   0x0000007c   Code   RO          399    i.HAL_GPIO_EXTI_Callback  output_wave.o
    0x080038bc   0x080038bc   0x0000001a   Code   RO         2456    i.HAL_GPIO_EXTI_IRQHandler  stm32h7xx_hal_gpio.o
    0x080038d6   0x080038d6   0x00000002   PAD
    0x080038d8   0x080038d8   0x000001fc   Code   RO         2457    i.HAL_GPIO_Init     stm32h7xx_hal_gpio.o
    0x08003ad4   0x08003ad4   0x0000000a   Code   RO         2459    i.HAL_GPIO_ReadPin  stm32h7xx_hal_gpio.o
    0x08003ade   0x08003ade   0x0000000a   Code   RO         2461    i.HAL_GPIO_WritePin  stm32h7xx_hal_gpio.o
    0x08003ae8   0x08003ae8   0x0000000c   Code   RO         3360    i.HAL_GetTick       stm32h7xx_hal.o
    0x08003af4   0x08003af4   0x00000010   Code   RO         3366    i.HAL_IncTick       stm32h7xx_hal.o
    0x08003b04   0x08003b04   0x0000005c   Code   RO         3367    i.HAL_Init          stm32h7xx_hal.o
    0x08003b60   0x08003b60   0x00000098   Code   RO         1685    i.HAL_InitTick      stm32h7xx_hal_timebase_tim.o
    0x08003bf8   0x08003bf8   0x00000054   Code   RO         1841    i.HAL_MPU_ConfigRegion  stm32h7xx_hal_cortex.o
    0x08003c4c   0x08003c4c   0x00000020   Code   RO         1842    i.HAL_MPU_Disable   stm32h7xx_hal_cortex.o
    0x08003c6c   0x08003c6c   0x00000024   Code   RO         1844    i.HAL_MPU_Enable    stm32h7xx_hal_cortex.o
    0x08003c90   0x08003c90   0x00000024   Code   RO         1621    i.HAL_MspInit       stm32h7xx_hal_msp.o
    0x08003cb4   0x08003cb4   0x0000001e   Code   RO         1848    i.HAL_NVIC_EnableIRQ  stm32h7xx_hal_cortex.o
    0x08003cd2   0x08003cd2   0x00000002   PAD
    0x08003cd4   0x08003cd4   0x00000064   Code   RO         1854    i.HAL_NVIC_SetPriority  stm32h7xx_hal_cortex.o
    0x08003d38   0x08003d38   0x00000024   Code   RO         1855    i.HAL_NVIC_SetPriorityGrouping  stm32h7xx_hal_cortex.o
    0x08003d5c   0x08003d5c   0x00000024   Code   RO         1856    i.HAL_NVIC_SystemReset  stm32h7xx_hal_cortex.o
    0x08003d80   0x08003d80   0x0000005c   Code   RO         3048    i.HAL_PWREx_ConfigSupply  stm32h7xx_hal_pwr_ex.o
    0x08003ddc   0x08003ddc   0x00000010   Code   RO         2930    i.HAL_PWR_EnableBkUpAccess  stm32h7xx_hal_pwr.o
    0x08003dec   0x08003dec   0x00000024   Code   RO         2104    i.HAL_RCCEx_GetD3PCLK1Freq  stm32h7xx_hal_rcc_ex.o
    0x08003e10   0x08003e10   0x000001a8   Code   RO         2105    i.HAL_RCCEx_GetPLL1ClockFreq  stm32h7xx_hal_rcc_ex.o
    0x08003fb8   0x08003fb8   0x000001a4   Code   RO         2106    i.HAL_RCCEx_GetPLL2ClockFreq  stm32h7xx_hal_rcc_ex.o
    0x0800415c   0x0800415c   0x000001a4   Code   RO         2107    i.HAL_RCCEx_GetPLL3ClockFreq  stm32h7xx_hal_rcc_ex.o
    0x08004300   0x08004300   0x00000494   Code   RO         2109    i.HAL_RCCEx_GetPeriphCLKFreq  stm32h7xx_hal_rcc_ex.o
    0x08004794   0x08004794   0x00000a74   Code   RO         2113    i.HAL_RCCEx_PeriphCLKConfig  stm32h7xx_hal_rcc_ex.o
    0x08005208   0x08005208   0x000002a0   Code   RO         1989    i.HAL_RCC_ClockConfig  stm32h7xx_hal_rcc.o
    0x080054a8   0x080054a8   0x00000064   Code   RO         1993    i.HAL_RCC_GetClockConfig  stm32h7xx_hal_rcc.o
    0x0800550c   0x0800550c   0x00000048   Code   RO         1994    i.HAL_RCC_GetHCLKFreq  stm32h7xx_hal_rcc.o
    0x08005554   0x08005554   0x0000005c   Code   RO         1996    i.HAL_RCC_GetPCLK1Freq  stm32h7xx_hal_rcc.o
    0x080055b0   0x080055b0   0x0000005c   Code   RO         1997    i.HAL_RCC_GetPCLK2Freq  stm32h7xx_hal_rcc.o
    0x0800560c   0x0800560c   0x000001a0   Code   RO         1998    i.HAL_RCC_GetSysClockFreq  stm32h7xx_hal_rcc.o
    0x080057ac   0x080057ac   0x000006b8   Code   RO         2001    i.HAL_RCC_OscConfig  stm32h7xx_hal_rcc.o
    0x08005e64   0x08005e64   0x0000000c   Code   RO         6480    i.HAL_RTCEx_BKUPRead  stm32h7xx_hal_rtc_ex.o
    0x08005e70   0x08005e70   0x0000000c   Code   RO         6481    i.HAL_RTCEx_BKUPWrite  stm32h7xx_hal_rtc_ex.o
    0x08005e7c   0x08005e7c   0x00000002   Code   RO         5228    i.HAL_SPI_ErrorCallback  stm32h7xx_hal_spi.o
    0x08005e7e   0x08005e7e   0x00000002   PAD
    0x08005e80   0x08005e80   0x00000134   Code   RO          611    i.HAL_SPI_IRQHandler  bsp_spi1_slave.o
    0x08005fb4   0x08005fb4   0x0000017c   Code   RO         5232    i.HAL_SPI_Init      stm32h7xx_hal_spi.o
    0x08006130   0x08006130   0x000000d4   Code   RO         1623    i.HAL_SPI_MspInit   stm32h7xx_hal_msp.o
    0x08006204   0x08006204   0x000000d8   Code   RO         5237    i.HAL_SPI_Receive_IT  stm32h7xx_hal_spi.o
    0x080062dc   0x080062dc   0x0000018c   Code   RO         5245    i.HAL_SPI_Transmit_DMA  stm32h7xx_hal_spi.o
    0x08006468   0x08006468   0x00000002   Code   RO         5247    i.HAL_SPI_TxCpltCallback  stm32h7xx_hal_spi.o
    0x0800646a   0x0800646a   0x00000002   Code   RO         5248    i.HAL_SPI_TxHalfCpltCallback  stm32h7xx_hal_spi.o
    0x0800646c   0x0800646c   0x000000a8   Code   RO         4941    i.HAL_TIMEx_MasterConfigSynchronization  stm32h7xx_hal_tim_ex.o
    0x08006514   0x08006514   0x00000062   Code   RO         4240    i.HAL_TIM_Base_Init  stm32h7xx_hal_tim.o
    0x08006576   0x08006576   0x00000002   Code   RO         4242    i.HAL_TIM_Base_MspInit  stm32h7xx_hal_tim.o
    0x08006578   0x08006578   0x00000084   Code   RO         4243    i.HAL_TIM_Base_Start  stm32h7xx_hal_tim.o
    0x080065fc   0x080065fc   0x0000008c   Code   RO         4245    i.HAL_TIM_Base_Start_IT  stm32h7xx_hal_tim.o
    0x08006688   0x08006688   0x000001a0   Code   RO         4249    i.HAL_TIM_ConfigClockSource  stm32h7xx_hal_tim.o
    0x08006828   0x08006828   0x0000003e   Code   RO         5960    i.HAL_UARTEx_DisableFifoMode  stm32h7xx_hal_uart_ex.o
    0x08006866   0x08006866   0x0000004c   Code   RO         5969    i.HAL_UARTEx_SetRxFifoThreshold  stm32h7xx_hal_uart_ex.o
    0x080068b2   0x080068b2   0x0000004c   Code   RO         5970    i.HAL_UARTEx_SetTxFifoThreshold  stm32h7xx_hal_uart_ex.o
    0x080068fe   0x080068fe   0x00000002   Code   RO         5570    i.HAL_UART_ErrorCallback  stm32h7xx_hal_uart.o
    0x08006900   0x08006900   0x00000038   Code   RO          812    i.HAL_UART_IRQHandler  bsp_usart2.o
    0x08006938   0x08006938   0x0000006e   Code   RO         5574    i.HAL_UART_Init     stm32h7xx_hal_uart.o
    0x080069a6   0x080069a6   0x00000002   PAD
    0x080069a8   0x080069a8   0x000000dc   Code   RO         1625    i.HAL_UART_MspInit  stm32h7xx_hal_msp.o
    0x08006a84   0x08006a84   0x000000c6   Code   RO         5583    i.HAL_UART_Transmit  stm32h7xx_hal_uart.o
    0x08006b4a   0x08006b4a   0x00000002   PAD
    0x08006b4c   0x08006b4c   0x0000009c   Code   RO         5584    i.HAL_UART_Transmit_DMA  stm32h7xx_hal_uart.o
    0x08006be8   0x08006be8   0x00000002   Code   RO         5586    i.HAL_UART_TxCpltCallback  stm32h7xx_hal_uart.o
    0x08006bea   0x08006bea   0x00000002   Code   RO         5587    i.HAL_UART_TxHalfCpltCallback  stm32h7xx_hal_uart.o
    0x08006bec   0x08006bec   0x00000330   Code   RO         1725    i.HardFault_Handler_bt  cm_backtrace.o
    0x08006f1c   0x08006f1c   0x00000120   Code   RO         1726    i.HardFault_shell   cm_backtrace.o
    0x0800703c   0x0800703c   0x00000002   Code   RO         1527    i.MemManage_Handler  stm32h7xx_it.o
    0x0800703e   0x0800703e   0x00000002   Code   RO         1528    i.NMI_Handler       stm32h7xx_it.o
    0x08007040   0x08007040   0x00000138   Code   RO         2115    i.RCCEx_PLL2_Config  stm32h7xx_hal_rcc_ex.o
    0x08007178   0x08007178   0x00000138   Code   RO         2116    i.RCCEx_PLL3_Config  stm32h7xx_hal_rcc_ex.o
    0x080072b0   0x080072b0   0x00000004   Code   RO         1398    i.Reboot            main.o
    0x080072b4   0x080072b4   0x0000000c   Code   RO         1529    i.SPI1_IRQHandler   stm32h7xx_it.o
    0x080072c0   0x080072c0   0x00000078   Code   RO          612    i.SPI1_Init         bsp_spi1_slave.o
    0x08007338   0x08007338   0x000000b8   Code   RO         5252    i.SPI_CloseTransfer  stm32h7xx_hal_spi.o
    0x080073f0   0x080073f0   0x0000002e   Code   RO         5254    i.SPI_DMAError      stm32h7xx_hal_spi.o
    0x0800741e   0x0800741e   0x0000000a   Code   RO         5256    i.SPI_DMAHalfTransmitCplt  stm32h7xx_hal_spi.o
    0x08007428   0x08007428   0x0000002a   Code   RO         5260    i.SPI_DMATransmitCplt  stm32h7xx_hal_spi.o
    0x08007452   0x08007452   0x00000018   Code   RO          316    i.SPI_ProtocolInit  spi_communication.o
    0x0800746a   0x0800746a   0x00000002   PAD
    0x0800746c   0x0800746c   0x00000204   Code   RO          344    i.SPI_ProtocolParsing  spi_communication.o
    0x08007670   0x08007670   0x00000054   Code   RO          317    i.SPI_ProtocolReset  spi_communication.o
    0x080076c4   0x080076c4   0x00000002   Code   RO          400    i.SPI_RecOver       output_wave.o
    0x080076c6   0x080076c6   0x0000002e   Code   RO         5263    i.SPI_RxISR_16BIT   stm32h7xx_hal_spi.o
    0x080076f4   0x080076f4   0x0000002e   Code   RO         5264    i.SPI_RxISR_32BIT   stm32h7xx_hal_spi.o
    0x08007722   0x08007722   0x00000030   Code   RO         5265    i.SPI_RxISR_8BIT    stm32h7xx_hal_spi.o
    0x08007752   0x08007752   0x00000002   PAD
    0x08007754   0x08007754   0x000000a8   Code   RO         1399    i.SystemClock_Config  main.o
    0x080077fc   0x080077fc   0x000000cc   Code   RO         6957    i.SystemInit        system_stm32h7xx.o
    0x080078c8   0x080078c8   0x00000038   Code   RO         1530    i.TIM7_IRQHandler   stm32h7xx_it.o
    0x08007900   0x08007900   0x000000e0   Code   RO         4333    i.TIM_Base_SetConfig  stm32h7xx_hal_tim.o
    0x080079e0   0x080079e0   0x0000026c   Code   RO          401    i.Task_outputWave   output_wave.o
    0x08007c4c   0x08007c4c   0x00000034   Code   RO          465    i.Task_uartMonitor  uart_monitor.o
    0x08007c80   0x08007c80   0x00000140   Code   RO          813    i.UART2_init        bsp_usart2.o
    0x08007dc0   0x08007dc0   0x00000054   Code   RO         5974    i.UARTEx_SetNbDataToProcess  stm32h7xx_hal_uart_ex.o
    0x08007e14   0x08007e14   0x000000da   Code   RO         5588    i.UART_AdvFeatureConfig  stm32h7xx_hal_uart.o
    0x08007eee   0x08007eee   0x000000ba   Code   RO         5589    i.UART_CheckIdleState  stm32h7xx_hal_uart.o
    0x08007fa8   0x08007fa8   0x00000080   Code   RO         5591    i.UART_DMAError     stm32h7xx_hal_uart.o
    0x08008028   0x08008028   0x00000044   Code   RO         5596    i.UART_DMATransmitCplt  stm32h7xx_hal_uart.o
    0x0800806c   0x0800806c   0x0000000a   Code   RO         5598    i.UART_DMATxHalfCplt  stm32h7xx_hal_uart.o
    0x08008076   0x08008076   0x00000050   Code   RO         5600    i.UART_EndRxTransfer  stm32h7xx_hal_uart.o
    0x080080c6   0x080080c6   0x00000002   PAD
    0x080080c8   0x080080c8   0x00000454   Code   RO         5605    i.UART_SetConfig    stm32h7xx_hal_uart.o
    0x0800851c   0x0800851c   0x000000b0   Code   RO         5612    i.UART_WaitOnFlagUntilTimeout  stm32h7xx_hal_uart.o
    0x080085cc   0x080085cc   0x0000001e   Code   RO          506    i.UART_getByte      bsp_uartcomm.o
    0x080085ea   0x080085ea   0x00000004   Code   RO          508    i.UART_init         bsp_uartcomm.o
    0x080085ee   0x080085ee   0x00000060   Code   RO          578    i.UART_sendByte     bsp_uartcomm.o
    0x0800864e   0x0800864e   0x0000008e   Code   RO          509    i.UART_sendContinue  bsp_uartcomm.o
    0x080086dc   0x080086dc   0x0000000c   Code   RO         1531    i.USART2_IRQHandler  stm32h7xx_it.o
    0x080086e8   0x080086e8   0x00000002   Code   RO         1532    i.UsageFault_Handler  stm32h7xx_it.o
    0x080086ea   0x080086ea   0x00000002   PAD
    0x080086ec   0x080086ec   0x00000020   Code   RO         8327    i.__0printf         mc_w.l(printfa.o)
    0x0800870c   0x0800870c   0x00000028   Code   RO         8329    i.__0sprintf        mc_w.l(printfa.o)
    0x08008734   0x08008734   0x00000008   Code   RO         8382    i.__aeabi_errno_addr  mc_w.l(errno.o)
    0x0800873c   0x0800873c   0x0000000e   Code   RO         8442    i.__scatterload_copy  mc_w.l(handlers.o)
    0x0800874a   0x0800874a   0x00000002   Code   RO         8443    i.__scatterload_null  mc_w.l(handlers.o)
    0x0800874c   0x0800874c   0x0000000e   Code   RO         8444    i.__scatterload_zeroinit  mc_w.l(handlers.o)
    0x0800875a   0x0800875a   0x00000002   PAD
    0x0800875c   0x0800875c   0x00000184   Code   RO         8334    i._fp_digits        mc_w.l(printfa.o)
    0x080088e0   0x080088e0   0x000006b4   Code   RO         8335    i._printf_core      mc_w.l(printfa.o)
    0x08008f94   0x08008f94   0x00000024   Code   RO         8336    i._printf_post_padding  mc_w.l(printfa.o)
    0x08008fb8   0x08008fb8   0x0000002e   Code   RO         8337    i._printf_pre_padding  mc_w.l(printfa.o)
    0x08008fe6   0x08008fe6   0x0000000a   Code   RO         8339    i._sputc            mc_w.l(printfa.o)
    0x08008ff0   0x08008ff0   0x00000070   Code   RO         1368    i.adc_shell         adc_shell.o
    0x08009060   0x08009060   0x00000034   Code   RO          660    i.bsp_spi_DiagSendFinished  bsp_spi1_slave.o
    0x08009094   0x08009094   0x00000010   Code   RO          654    i.bsp_spi_DiagSendStart  bsp_spi1_slave.o
    0x080090a4   0x080090a4   0x00000110   Code   RO         1728    i.cm_backtrace_call_stack  cm_backtrace.o
    0x080091b4   0x080091b4   0x0000002c   Code   RO         1729    i.cm_backtrace_firmware_info  cm_backtrace.o
    0x080091e0   0x080091e0   0x00000080   Code   RO         1730    i.cm_backtrace_init  cm_backtrace.o
    0x08009260   0x08009260   0x00000024   Code   RO          513    i.com_getHandler    bsp_uartcomm.o
    0x08009284   0x08009284   0x00000030   Code   RO          514    i.com_registHandler  bsp_uartcomm.o
    0x080092b4   0x080092b4   0x000001c4   Code   RO            4    i.currentSecsSinceEpoch  api_utc.o
    0x08009478   0x08009478   0x000000c8   Code   RO         1731    i.dump_stack        cm_backtrace.o
    0x08009540   0x08009540   0x00000278   Code   RO         1732    i.fault_diagnosis   cm_backtrace.o
    0x080097b8   0x080097b8   0x00000044   Code   RO          515    i.fputc             bsp_uartcomm.o
    0x080097fc   0x080097fc   0x00000124   Code   RO         1305    i.getGPIOActive     gpio_shell.o
    0x08009920   0x08009920   0x0000007c   Code   RO         1733    i.get_cur_thread_stack_info  cm_backtrace.o
    0x0800999c   0x0800999c   0x000000d8   Code   RO            5    i.julianDayFromDate  api_utc.o
    0x08009a74   0x08009a74   0x0000028c   Code   RO         1401    i.main              main.o
    0x08009d00   0x08009d00   0x000000b4   Code   RO         1734    i.print_call_stack  cm_backtrace.o
    0x08009db4   0x08009db4   0x0000007c   Code   RO         7468    i.prvAddCurrentTaskToDelayedList  tasks.o
    0x08009e30   0x08009e30   0x00000068   Code   RO         7469    i.prvIdleTask       tasks.o
    0x08009e98   0x08009e98   0x00000064   Code   RO         7946    i.prvInsertBlockIntoFreeList  heap_4.o
    0x08009efc   0x08009efc   0x00000070   Code   RO         7812    i.prvReloadTimer    timers.o
    0x08009f6c   0x08009f6c   0x00000078   Code   RO         7813    i.prvSampleTimeNow  timers.o
    0x08009fe4   0x08009fe4   0x00000030   Code   RO         7997    i.prvTaskExitError  port.o
    0x0800a014   0x0800a014   0x00000278   Code   RO         7814    i.prvTimerTask      timers.o
    0x0800a28c   0x0800a28c   0x0000006c   Code   RO         7139    i.prvUnlockQueue    queue.o
    0x0800a2f8   0x0800a2f8   0x00000148   Code   RO         7947    i.pvPortMalloc      heap_4.o
    0x0800a440   0x0800a440   0x00000018   Code   RO         7471    i.pvTaskIncrementMutexHeldCount  tasks.o
    0x0800a458   0x0800a458   0x0000002c   Code   RO         7998    i.pxPortInitialiseStack  port.o
    0x0800a484   0x0800a484   0x000000e0   Code   RO         1306    i.setGPIOActiveHandler  gpio_shell.o
    0x0800a564   0x0800a564   0x00000006   Code   RO          910    i.shellBackspace    shell.o
    0x0800a56a   0x0800a56a   0x00000002   PAD
    0x0800a56c   0x0800a56c   0x0000001c   Code   RO          912    i.shellClear        shell.o
    0x0800a588   0x0800a588   0x0000003c   Code   RO          913    i.shellClearCommandLine  shell.o
    0x0800a5c4   0x0800a5c4   0x00000014   Code   RO          914    i.shellCmds         shell.o
    0x0800a5d8   0x0800a5d8   0x00000008   Code   RO          915    i.shellDelete       shell.o
    0x0800a5e0   0x0800a5e0   0x000000dc   Code   RO          916    i.shellDeleteByte   shell.o
    0x0800a6bc   0x0800a6bc   0x00000020   Code   RO          917    i.shellDeleteCommandLine  shell.o
    0x0800a6dc   0x0800a6dc   0x00000008   Code   RO          918    i.shellDown         shell.o
    0x0800a6e4   0x0800a6e4   0x00000014   Code   RO          919    i.shellEnter        shell.o
    0x0800a6f8   0x0800a6f8   0x00000190   Code   RO          920    i.shellExec         shell.o
    0x0800a888   0x0800a888   0x0000021e   Code   RO         1231    i.shellExtParsePara  shell_ext.o
    0x0800aaa6   0x0800aaa6   0x000000fe   Code   RO         1232    i.shellExtRun       shell_ext.o
    0x0800aba4   0x0800aba4   0x0000004c   Code   RO          921    i.shellGetCommandName  shell.o
    0x0800abf0   0x0800abf0   0x00000030   Code   RO          922    i.shellGetCurrent   shell.o
    0x0800ac20   0x0800ac20   0x00000042   Code   RO          923    i.shellGetVarValue  shell.o
    0x0800ac62   0x0800ac62   0x00000002   PAD
    0x0800ac64   0x0800ac64   0x00000108   Code   RO          924    i.shellHandler      shell.o
    0x0800ad6c   0x0800ad6c   0x0000006c   Code   RO          925    i.shellHelp         shell.o
    0x0800add8   0x0800add8   0x000000ac   Code   RO          926    i.shellHistory      shell.o
    0x0800ae84   0x0800ae84   0x000000f8   Code   RO          927    i.shellInit         shell.o
    0x0800af7c   0x0800af7c   0x000000e0   Code   RO          928    i.shellInsertByte   shell.o
    0x0800b05c   0x0800b05c   0x0000001a   Code   RO          930    i.shellLeft         shell.o
    0x0800b076   0x0800b076   0x00000002   PAD
    0x0800b078   0x0800b078   0x00000084   Code   RO          932    i.shellListCommand  shell.o
    0x0800b0fc   0x0800b0fc   0x00000100   Code   RO          933    i.shellListItem     shell.o
    0x0800b1fc   0x0800b1fc   0x00000018   Code   RO          939    i.shellRight        shell.o
    0x0800b214   0x0800b214   0x00000120   Code   RO          941    i.shellRunCommand   shell.o
    0x0800b334   0x0800b334   0x0000008a   Code   RO          942    i.shellSeekCommand  shell.o
    0x0800b3be   0x0800b3be   0x00000002   PAD
    0x0800b3c0   0x0800b3c0   0x00000114   Code   RO          945    i.shellShowVar      shell.o
    0x0800b4d4   0x0800b4d4   0x0000001c   Code   RO          946    i.shellStringCopy   shell.o
    0x0800b4f0   0x0800b4f0   0x000001f0   Code   RO          947    i.shellTab          shell.o
    0x0800b6e0   0x0800b6e0   0x00000028   Code   RO          948    i.shellTask         shell.o
    0x0800b708   0x0800b708   0x00000070   Code   RO          949    i.shellToDec        shell.o
    0x0800b778   0x0800b778   0x00000006   Code   RO          951    i.shellUp           shell.o
    0x0800b77e   0x0800b77e   0x00000002   PAD
    0x0800b780   0x0800b780   0x00000068   Code   RO          954    i.shellWriteCommandLine  shell.o
    0x0800b7e8   0x0800b7e8   0x000000a4   Code   RO          955    i.shellWriteReturnValue  shell.o
    0x0800b88c   0x0800b88c   0x0000002a   Code   RO          956    i.shellWriteString  shell.o
    0x0800b8b6   0x0800b8b6   0x00000002   PAD
    0x0800b8b8   0x0800b8b8   0x000000ec   Code   RO          614    i.spi_shell         bsp_spi1_slave.o
    0x0800b9a4   0x0800b9a4   0x0000004c   Code   RO            6    i.split             api_utc.o
    0x0800b9f0   0x0800b9f0   0x000000a4   Code   RO          466    i.uart_PostdMsg     uart_monitor.o
    0x0800ba94   0x0800ba94   0x00000020   Code   RO         1261    i.userShellInit     shell_port.o
    0x0800bab4   0x0800bab4   0x00000018   Code   RO         1262    i.userShellRead     shell_port.o
    0x0800bacc   0x0800bacc   0x0000000c   Code   RO         1263    i.userShellWrite    shell_port.o
    0x0800bad8   0x0800bad8   0x00000026   Code   RO         7101    i.uxListRemove      list.o
    0x0800bafe   0x0800bafe   0x00000002   PAD
    0x0800bb00   0x0800bb00   0x00000030   Code   RO         1402    i.vApplicationIdleHook  main.o
    0x0800bb30   0x0800bb30   0x00000016   Code   RO         7102    i.vListInitialise   list.o
    0x0800bb46   0x0800bb46   0x00000006   Code   RO         7103    i.vListInitialiseItem  list.o
    0x0800bb4c   0x0800bb4c   0x0000003a   Code   RO         7104    i.vListInsert       list.o
    0x0800bb86   0x0800bb86   0x00000002   PAD
    0x0800bb88   0x0800bb88   0x00000048   Code   RO         8000    i.vPortEnterCritical  port.o
    0x0800bbd0   0x0800bbd0   0x00000030   Code   RO         8001    i.vPortExitCritical  port.o
    0x0800bc00   0x0800bc00   0x0000006c   Code   RO         7948    i.vPortFree         heap_4.o
    0x0800bc6c   0x0800bc6c   0x00000002   Code   RO         1403    i.vPortSetupTimerInterrupt  main.o
    0x0800bc6e   0x0800bc6e   0x00000002   PAD
    0x0800bc70   0x0800bc70   0x0000005c   Code   RO         8002    i.vPortValidateInterruptPriority  port.o
    0x0800bccc   0x0800bccc   0x0000005c   Code   RO         7145    i.vQueueAddToRegistry  queue.o
    0x0800bd28   0x0800bd28   0x0000004a   Code   RO         7149    i.vQueueWaitForMessageRestricted  queue.o
    0x0800bd72   0x0800bd72   0x00000002   PAD
    0x0800bd74   0x0800bd74   0x00000050   Code   RO         7481    i.vTaskDelay        tasks.o
    0x0800bdc4   0x0800bdc4   0x00000010   Code   RO         7486    i.vTaskInternalSetTimeOutState  tasks.o
    0x0800bdd4   0x0800bdd4   0x0000000c   Code   RO         7487    i.vTaskMissedYield  tasks.o
    0x0800bde0   0x0800bde0   0x0000000c   Code   RO         7488    i.vTaskName         tasks.o
    0x0800bdec   0x0800bdec   0x00000038   Code   RO         7489    i.vTaskPlaceOnEventList  tasks.o
    0x0800be24   0x0800be24   0x00000058   Code   RO         7490    i.vTaskPlaceOnEventListRestricted  tasks.o
    0x0800be7c   0x0800be7c   0x000000c4   Code   RO         7492    i.vTaskPriorityDisinheritAfterTimeout  tasks.o
    0x0800bf40   0x0800bf40   0x0000000c   Code   RO         7498    i.vTaskStackAddr    tasks.o
    0x0800bf4c   0x0800bf4c   0x0000000c   Code   RO         7499    i.vTaskStackSize    tasks.o
    0x0800bf58   0x0800bf58   0x00000080   Code   RO         7500    i.vTaskStartScheduler  tasks.o
    0x0800bfd8   0x0800bfd8   0x00000010   Code   RO         7502    i.vTaskSuspendAll   tasks.o
    0x0800bfe8   0x0800bfe8   0x00000070   Code   RO         7503    i.vTaskSwitchContext  tasks.o
    0x0800c058   0x0800c058   0x000000d4   Code   RO         8003    i.xPortStartScheduler  port.o
    0x0800c12c   0x0800c12c   0x00000030   Code   RO         8004    i.xPortSysTickHandler  port.o
    0x0800c15c   0x0800c15c   0x00000024   Code   RO         7151    i.xQueueCreateMutex  queue.o
    0x0800c180   0x0800c180   0x00000066   Code   RO         7152    i.xQueueGenericCreate  queue.o
    0x0800c1e6   0x0800c1e6   0x00000002   PAD
    0x0800c1e8   0x0800c1e8   0x000000b4   Code   RO         7153    i.xQueueGenericReset  queue.o
    0x0800c29c   0x0800c29c   0x000001e4   Code   RO         7154    i.xQueueGenericSend  queue.o
    0x0800c480   0x0800c480   0x000000c8   Code   RO         7158    i.xQueueGiveFromISR  queue.o
    0x0800c548   0x0800c548   0x0000017c   Code   RO         7164    i.xQueueReceive     queue.o
    0x0800c6c4   0x0800c6c4   0x000000d2   Code   RO         7165    i.xQueueReceiveFromISR  queue.o
    0x0800c796   0x0800c796   0x00000002   PAD
    0x0800c798   0x0800c798   0x000001b4   Code   RO         7166    i.xQueueSemaphoreTake  queue.o
    0x0800c94c   0x0800c94c   0x00000094   Code   RO         7505    i.xTaskCheckForTimeOut  tasks.o
    0x0800c9e0   0x0800c9e0   0x000001c4   Code   RO         7506    i.xTaskCreate       tasks.o
    0x0800cba4   0x0800cba4   0x0000001c   Code   RO         7513    i.xTaskGetSchedulerState  tasks.o
    0x0800cbc0   0x0800cbc0   0x0000000c   Code   RO         7514    i.xTaskGetTickCount  tasks.o
    0x0800cbcc   0x0800cbcc   0x0000014c   Code   RO         7516    i.xTaskIncrementTick  tasks.o
    0x0800cd18   0x0800cd18   0x000000ac   Code   RO         7517    i.xTaskPriorityDisinherit  tasks.o
    0x0800cdc4   0x0800cdc4   0x000000a4   Code   RO         7518    i.xTaskPriorityInherit  tasks.o
    0x0800ce68   0x0800ce68   0x00000100   Code   RO         7519    i.xTaskRemoveFromEventList  tasks.o
    0x0800cf68   0x0800cf68   0x00000144   Code   RO         7520    i.xTaskResumeAll    tasks.o
    0x0800d0ac   0x0800d0ac   0x00000094   Code   RO         7822    i.xTimerCreateTimerTask  timers.o
    0x0800d140   0x0800d140   0x00000030   Data   RO            7    .constdata          api_utc.o
    0x0800d170   0x0800d170   0x00000004   Data   RO          617    .constdata          bsp_spi1_slave.o
    0x0800d174   0x0800d174   0x0000001e   Data   RO          618    .constdata          bsp_spi1_slave.o
    0x0800d192   0x0800d192   0x00000002   PAD
    0x0800d194   0x0800d194   0x00000280   Data   RO          705    .constdata          bsp_gpio.o
    0x0800d414   0x0800d414   0x00000006   Data   RO          958    .constdata          shell.o
    0x0800d41a   0x0800d41a   0x00000005   Data   RO          959    .constdata          shell.o
    0x0800d41f   0x0800d41f   0x0000000d   Data   RO          960    .constdata          shell.o
    0x0800d42c   0x0800d42c   0x00000003   Data   RO          961    .constdata          shell.o
    0x0800d42f   0x0800d42f   0x00000005   Data   RO          962    .constdata          shell.o
    0x0800d434   0x0800d434   0x00000006   Data   RO          963    .constdata          shell.o
    0x0800d43a   0x0800d43a   0x00000005   Data   RO          964    .constdata          shell.o
    0x0800d43f   0x0800d43f   0x00000004   Data   RO          965    .constdata          shell.o
    0x0800d443   0x0800d443   0x0000000a   Data   RO          966    .constdata          shell.o
    0x0800d44d   0x0800d44d   0x0000000a   Data   RO          967    .constdata          shell.o
    0x0800d457   0x0800d457   0x00000007   Data   RO          968    .constdata          shell.o
    0x0800d45e   0x0800d45e   0x00000006   Data   RO          969    .constdata          shell.o
    0x0800d464   0x0800d464   0x00000006   Data   RO          970    .constdata          shell.o
    0x0800d46a   0x0800d46a   0x00000005   Data   RO          971    .constdata          shell.o
    0x0800d46f   0x0800d46f   0x0000001e   Data   RO          972    .constdata          shell.o
    0x0800d48d   0x0800d48d   0x00000005   Data   RO          973    .constdata          shell.o
    0x0800d492   0x0800d492   0x0000000d   Data   RO          974    .constdata          shell.o
    0x0800d49f   0x0800d49f   0x00000006   Data   RO          975    .constdata          shell.o
    0x0800d4a5   0x0800d4a5   0x0000000e   Data   RO          976    .constdata          shell.o
    0x0800d4b3   0x0800d4b3   0x00000001   PAD
    0x0800d4b4   0x0800d4b4   0x00000018   Data   RO         1307    .constdata          gpio_shell.o
    0x0800d4cc   0x0800d4cc   0x00000005   Data   RO         1308    .constdata          gpio_shell.o
    0x0800d4d1   0x0800d4d1   0x0000000d   Data   RO         1309    .constdata          gpio_shell.o
    0x0800d4de   0x0800d4de   0x00000004   Data   RO         1369    .constdata          adc_shell.o
    0x0800d4e2   0x0800d4e2   0x0000000f   Data   RO         1370    .constdata          adc_shell.o
    0x0800d4f1   0x0800d4f1   0x00000007   Data   RO         1405    .constdata          main.o
    0x0800d4f8   0x0800d4f8   0x0000000b   Data   RO         1406    .constdata          main.o
    0x0800d503   0x0800d503   0x00000001   PAD
    0x0800d504   0x0800d504   0x000000fc   Data   RO         1736    .constdata          cm_backtrace.o
    0x0800d600   0x0800d600   0x00000003   Data   RO         1737    .constdata          cm_backtrace.o
    0x0800d603   0x0800d603   0x00000016   Data   RO         1738    .constdata          cm_backtrace.o
    0x0800d619   0x0800d619   0x00000008   Data   RO         2620    .constdata          stm32h7xx_hal_dma.o
    0x0800d621   0x0800d621   0x00000001   PAD
    0x0800d622   0x0800d622   0x00000018   Data   RO         5613    .constdata          stm32h7xx_hal_uart.o
    0x0800d63a   0x0800d63a   0x00000010   Data   RO         5975    .constdata          stm32h7xx_hal_uart_ex.o
    0x0800d64a   0x0800d64a   0x00000010   Data   RO         6958    .constdata          system_stm32h7xx.o
    0x0800d65a   0x0800d65a   0x00000081   Data   RO         8407    .constdata          mc_w.l(ctype_o.o)
    0x0800d6db   0x0800d6db   0x00000001   PAD
    0x0800d6dc   0x0800d6dc   0x00000004   Data   RO         8408    .constdata          mc_w.l(ctype_o.o)
    0x0800d6e0   0x0800d6e0   0x00000030   Data   RO            8    .conststring        api_utc.o
    0x0800d710   0x0800d710   0x00000042   Data   RO          619    .conststring        bsp_spi1_slave.o
    0x0800d752   0x0800d752   0x00000002   PAD
    0x0800d754   0x0800d754   0x000000c5   Data   RO          706    .conststring        bsp_gpio.o
    0x0800d819   0x0800d819   0x00000003   PAD
    0x0800d81c   0x0800d81c   0x00000159   Data   RO          977    .conststring        shell.o
    0x0800d975   0x0800d975   0x00000003   PAD
    0x0800d978   0x0800d978   0x0000004f   Data   RO         1310    .conststring        gpio_shell.o
    0x0800d9c7   0x0800d9c7   0x00000001   PAD
    0x0800d9c8   0x0800d9c8   0x00000109   Data   RO         1407    .conststring        main.o
    0x0800dad1   0x0800dad1   0x00000003   PAD
    0x0800dad4   0x0800dad4   0x00000879   Data   RO         1739    .conststring        cm_backtrace.o
    0x0800e34d   0x0800e34d   0x00000003   PAD
    0x0800e350   0x0800e350   0x00000030   Data   RO         8440    Region$$Table       anon$$obj.o
    0x0800e380   0x0800e380   0x00000010   Data   RO          621    shellCommand        bsp_spi1_slave.o
    0x0800e390   0x0800e390   0x000000e0   Data   RO          979    shellCommand        shell.o
    0x0800e470   0x0800e470   0x00000010   Data   RO         1311    shellCommand        gpio_shell.o
    0x0800e480   0x0800e480   0x00000010   Data   RO         1371    shellCommand        adc_shell.o
    0x0800e490   0x0800e490   0x00000010   Data   RO         1411    shellCommand        main.o
    0x0800e4a0   0x0800e4a0   0x00000010   Data   RO         1741    shellCommand        cm_backtrace.o


    Execution Region RW_IRAM1 (Exec base: 0x20000000, Load base: 0x0800e4b0, Size: 0x0001f9a0, Max: 0x00020000, ABSOLUTE, COMPRESSED[0x000000a4])

    Exec Addr    Load Addr    Size         Type   Attr      Idx    E Section Name        Object

    0x20000000   COMPRESSED   0x00000008   Data   RW          320    .data               spi_communication.o
    0x20000008   COMPRESSED   0x00000020   Data   RW          403    .data               output_wave.o
    0x20000028   COMPRESSED   0x00000008   Data   RW          467    .data               uart_monitor.o
    0x20000030   COMPRESSED   0x00000008   Data   RW          516    .data               bsp_uartcomm.o
    0x20000038   COMPRESSED   0x00000010   Data   RW          620    .data               bsp_spi1_slave.o
    0x20000048   COMPRESSED   0x00000030   Data   RW          707    .data               bsp_gpio.o
    0x20000078   COMPRESSED   0x000000c8   Data   RW          816    .data               bsp_usart2.o
    0x20000140   COMPRESSED   0x00000054   Data   RW          978    .data               shell.o
    0x20000194   COMPRESSED   0x00000004   Data   RW         1408    .data               main.o
    0x20000198   COMPRESSED   0x00000004   Data   RW         1409    .data               main.o
    0x2000019c   COMPRESSED   0x00000004   PAD
    0x200001a0   COMPRESSED   0x00000020   Data   RW         1410    .data               main.o
    0x200001c0   COMPRESSED   0x00000040   Data   RW         1740    .data               cm_backtrace.o
    0x20000200   COMPRESSED   0x0000000c   Data   RW         3386    .data               stm32h7xx_hal.o
    0x2000020c   COMPRESSED   0x00000008   Data   RW         6959    .data               system_stm32h7xx.o
    0x20000214   COMPRESSED   0x00000040   Data   RW         7523    .data               tasks.o
    0x20000254   COMPRESSED   0x00000014   Data   RW         7831    .data               timers.o
    0x20000268   COMPRESSED   0x00000020   Data   RW         7954    .data               heap_4.o
    0x20000288   COMPRESSED   0x0000000c   Data   RW         8005    .data               port.o
    0x20000294   COMPRESSED   0x00000004   Data   RW         8087    .data               mc_w.l(strtok.o)
    0x20000298   COMPRESSED   0x00000004   Data   RW         8375    .data               mc_w.l(stdout.o)
    0x2000029c   COMPRESSED   0x00000004   Data   RW         8385    .data               mc_w.l(errno.o)
    0x200002a0        -       0x00016f50   Zero   RW          319    .bss                spi_communication.o
    0x200171f0        -       0x000000b0   Zero   RW          615    .bss                bsp_spi1_slave.o
    0x200172a0        -       0x00000078   Zero   RW          616    .bss                bsp_spi1_slave.o
    0x20017318        -       0x00000140   Zero   RW          815    .bss                bsp_usart2.o
    0x20017458        -       0x00000080   Zero   RW          872    .bss                bsp_adc.o
    0x200174d8        -       0x0000001d   Zero   RW          957    .bss                shell.o
    0x200174f5   COMPRESSED   0x00000003   PAD
    0x200174f8        -       0x00000134   Zero   RW         1264    .bss                shell_port.o
    0x2001762c        -       0x0000004c   Zero   RW         1404    .bss                main.o
    0x20017678        -       0x00000078   Zero   RW         1626    .bss                stm32h7xx_hal_msp.o
    0x200176f0        -       0x0000004c   Zero   RW         1688    .bss                stm32h7xx_hal_timebase_tim.o
    0x2001773c        -       0x00000134   Zero   RW         1735    .bss                cm_backtrace.o
    0x20017870        -       0x00000040   Zero   RW         7168    .bss                queue.o
    0x200178b0        -       0x000004c4   Zero   RW         7522    .bss                tasks.o
    0x20017d74        -       0x00000028   Zero   RW         7830    .bss                timers.o
    0x20017d9c        -       0x00007800   Zero   RW         7953    .bss                heap_4.o
    0x2001f59c   COMPRESSED   0x00000004   PAD
    0x2001f5a0        -       0x00000400   Zero   RW         1830    STACK               startup_stm32h7a3xx.o


    Execution Region MY_SECTION (Exec base: 0x24000000, Load base: 0x0800e554, Size: 0x00017770, Max: 0x00100000, ABSOLUTE, COMPRESSED[0x000002f4])

    Exec Addr    Load Addr    Size         Type   Attr      Idx    E Section Name        Object

    0x24000000   COMPRESSED   0x00016f44   Data   RW          318    .MY_SECTION         spi_communication.o
    0x24016f44   COMPRESSED   0x00000800   Data   RW          814    .MY_SECTION         bsp_usart2.o
    0x24017744   COMPRESSED   0x0000001c   PAD
    0x24017760   COMPRESSED   0x00000010   Data   RW          871    .MY_SECTION         bsp_adc.o


==============================================================================

Image component sizes


      Code (inc. data)   RO Data    RW Data    ZI Data      Debug   Object Name

       112         68         35          0          0       1711   adc_shell.o
       744         92         96          0          0    1215492   api_utc.o
       256         34          0         16        128       2255   bsp_adc.o
       712        106        837         48          0       9653   bsp_gpio.o
       732        182        116         16        296      10099   bsp_spi1_slave.o
       424         20          0          8          0       8516   bsp_uartcomm.o
       376         90          0       2248        320      24912   bsp_usart2.o
      2700        670       2462         64        308      16331   cm_backtrace.o
        12          0          0          0          0        436   cmb_fault.o
         0          0          0          0          0      11948   event_groups.o
       340          0          0          0          0      15591   fifo.o
       920        510        137          0          0       4362   gpio_shell.o
       536         26          0         32      30720       4859   heap_4.o
       124          0          0          0          0       3277   list.o
       890        240        299         40         76      10263   main.o
       746         38          0         32          0       6787   output_wave.o
       758         74          0         12          0      11250   port.o
      2302         22          0          0         64      20832   queue.o
      4140        236        728         84         29      37800   shell.o
       796          8          0          0          0       5314   shell_ext.o
        68         22          0          0        308       2525   shell_port.o
       624         66          0      94028      94032      21284   spi_communication.o
        36          8        684          0       1024        824   startup_stm32h7a3xx.o
       120         26          0         12          0      22314   stm32h7xx_hal.o
      3130        164          0          0          0      77026   stm32h7xx_hal_adc.o
       164          8          0          0          0      61930   stm32h7xx_hal_adc_ex.o
       354         48          0          0          0      40627   stm32h7xx_hal_cortex.o
      5736        860          8          0          0      11795   stm32h7xx_hal_dma.o
       910         20          0          0          0       4860   stm32h7xx_hal_gpio.o
       704         84          0          0        120       4207   stm32h7xx_hal_msp.o
        16          4          0          0          0        567   stm32h7xx_hal_pwr.o
        92         10          0          0          0        825   stm32h7xx_hal_pwr_ex.o
      3164        202          0          0          0       8633   stm32h7xx_hal_rcc.o
      5772        294          0          0          0      11483   stm32h7xx_hal_rcc_ex.o
        24          0          0          0          0       2143   stm32h7xx_hal_rtc_ex.o
      1420         38          0          0          0      10177   stm32h7xx_hal_spi.o
      1012         52          0          0          0       7501   stm32h7xx_hal_tim.o
       168          8          0          0          0       1716   stm32h7xx_hal_tim_ex.o
       152         22          0          0         76       1707   stm32h7xx_hal_timebase_tim.o
      2444         84         24          0          0      32348   stm32h7xx_hal_uart.o
       298          6         16          0          0       3913   stm32h7xx_hal_uart_ex.o
       122         28          0          0          0       6274   stm32h7xx_it.o
       204         48         16          8          0       1470   system_stm32h7xx.o
      2880        220          0         64       1220      33150   tasks.o
      1012         68          0         20         40      23212   timers.o
       216         90          0          8          0       1502   uart_monitor.o

    ----------------------------------------------------------------------
     48512       4896       5526      96772     128768    1815701   Object Totals
         0          0         48          0          0          0   (incl. Generated)
        50          0         20         32          7          0   (incl. Padding)

    ----------------------------------------------------------------------

      Code (inc. data)   RO Data    RW Data    ZI Data      Debug   Library Member Name

        86          0          0          0          0          0   __dczerorl2.o
        28          0          0          0          0         68   _chval.o
       158          0          0          0          0         92   _strtoul.o
        26          0          0          0          0         80   atoi.o
         8          4        133          0          0         68   ctype_o.o
         0          0          0          0          0          0   entry.o
         0          0          0          0          0          0   entry10a.o
         0          0          0          0          0          0   entry11a.o
         4          0          0          0          0          0   entry12b.o
         8          4          0          0          0          0   entry2.o
         4          0          0          0          0          0   entry5.o
         0          0          0          0          0          0   entry7b.o
         0          0          0          0          0          0   entry8b.o
         8          4          0          0          0          0   entry9a.o
         8          4          0          4          0         68   errno.o
        30          0          0          0          0          0   handlers.o
        36          8          0          0          0         68   init.o
         0          0          0          0          0          0   iusefp.o
        30          0          0          0          0         68   llshl.o
        36          0          0          0          0         68   llsshr.o
        32          0          0          0          0         68   llushr.o
        36          0          0          0          0         68   memcpya.o
        36          0          0          0          0        108   memseta.o
      2268         96          0          0          0        616   printfa.o
         0          0          0          4          0          0   stdout.o
        28          0          0          0          0         76   strcmp.o
        14          0          0          0          0         68   strlen.o
        30          0          0          0          0         80   strncmp.o
        24          0          0          0          0         76   strncpy.o
        68          6          0          4          0         80   strtok.o
       112          0          0          0          0         88   strtol.o
        44          0          0          0          0         80   uidiv.o
        98          0          0          0          0         92   uldiv.o
        48          0          0          0          0         68   cdrcmple.o
       334          0          0          0          0        148   dadd.o
       222          0          0          0          0        100   ddiv.o
       186          0          0          0          0        176   depilogue.o
        48          0          0          0          0         68   dfixul.o
       228          0          0          0          0         96   dmul.o
        38          0          0          0          0         68   f2d.o

    ----------------------------------------------------------------------
      4372        126        134         12          0       2804   Library Totals
         8          0          1          0          0          0   (incl. Padding)

    ----------------------------------------------------------------------

      Code (inc. data)   RO Data    RW Data    ZI Data      Debug   Library Name

      3260        126        133         12          0       2080   mc_w.l
      1104          0          0          0          0        724   mf_w.l

    ----------------------------------------------------------------------
      4372        126        134         12          0       2804   Library Totals

    ----------------------------------------------------------------------

==============================================================================


      Code (inc. data)   RO Data    RW Data    ZI Data      Debug   

     52884       5022       5660      96784     128768    1791181   Grand Totals
     52884       5022       5660        920     128768    1791181   ELF Image Totals (compressed)
     52884       5022       5660        920          0          0   ROM Totals

==============================================================================

    Total RO  Size (Code + RO Data)                58544 (  57.17kB)
    Total RW  Size (RW Data + ZI Data)            225552 ( 220.27kB)
    Total ROM Size (Code + RO Data + RW Data)      59464 (  58.07kB)

==============================================================================

